                  Welcome to Q-Chem
     A Quantum Leap Into The Future Of Chemistry


 Q-Chem 4.3, Q-Chem, Inc., Pleasanton, CA (2015)

 Y. Shao,  Z. Gan,  E. Epifanovsky,  A. T. B. Gilbert,  M. Wormit,  
 J. Kussmann,  A. W. Lange,  A. Behn,  J. Deng,  X. Feng,  D. Ghosh,  
 M. Goldey,  P. R. Horn,  L. D. Jacobson,  I. Kaliman,  R. Z. Khaliullin,  
 T. Kus,  A. Landau,  J. Liu,  E. I. Proynov,  Y. M. Rhee,  R. M. Richard,  
 M. A. Rohrdanz,  R. P. Steele,  E. J. Sundstrom,  H. L. Woodcock III,  
 P. M. Zimmerman,  D. Zuev,  B. Albrecht,  E. Alguire,  B. Austin,  
 S. A. Baeppler,  G. J. O. Beran,  Y. A. Bernard,  E. Berquist,  
 K. Brandhorst,  K. B. Bravaya,  S. T. Brown,  D. Casanova,  C.-M. Chang,  
 Y. Chen,  S. H. Chien,  K. D. Closser,  D. L. Crittenden,  M. Diedenhofen,  
 R. A. DiStasio Jr.,  H. Do,  A. D. Dutoi,  R. G. Edgar,  P.-T. Fang,  
 S. Fatehi,  Q. Feng,  L. Fusti-Molnar,  A. Ghysels,  
 A. Golubeva-Zadorozhnaya,  J. Gomes,  A. Gunina,  M. W. D. Hanson-Heine,  
 P. H. P. Harbach,  A. W. Hauser,  E. G. Hohenstein,  Z. C. Holden,  K. Hui,  
 T.-C. Jagau,  H. Ji,  B. Kaduk,  K. Khistyaev,  Jaehoon Kim,  Jihan Kim,  
 R. A. King,  P. Klunzinger,  D. Kosenkov,  T. Kowalczyk,  C. M. Krauter,  
 K. U. Lao,  A. Laurent,  K. V. Lawler,  S. Lehtola,  S. V. Levchenko,  
 C. Y. Lin,  Y.-S. Lin,  F. Liu,  E. Livshits,  R. C. Lochan,  A. Luenser,  
 P. Manohar,  S. F. Manzer,  S.-P. Mao,  N. Mardirossian,  A. V. Marenich,  
 L. A. Martinez-Martinez,  S. A. Maurer,  N. J. Mayhall,  K. Nanda,  
 C. M. Oana,  R. Olivares-Amaya,  D. P. O'Neill,  J. A. Parkhill,  
 T. M. Perrine,  R. Peverati,  P. A. Pieniazek,  F. Plasser,  A. Prociuk,  
 D. R. Rehn,  E. Rosta,  N. J. Russ,  N. Sergueev,  S. M. Sharada,  
 S. Sharma,  D. W. Small,  A. Sodt,  T. Stauch,  T. Stein,  D. Stuck,  
 Y.-C. Su,  A. J. W. Thom,  T. Tsuchimochi,  L. Vogt,  O. Vydrov,  T. Wang,  
 M. A. Watson,  J. Wenzel,  A. White,  C. F. Williams,  V. Vanovschi,  
 S. Yeganeh,  S. R. Yost,  Z.-Q. You,  I. Y. Zhang,  X. Zhang,  Y. Zhao,  
 B. R. Brooks,  G. K. L. Chan,  D. M. Chipman,  C. J. Cramer,  
 W. A. Goddard III,  M. S. Gordon,  W. J. Hehre,  A. Klamt,  
 H. F. Schaefer III,  M. W. Schmidt,  C. D. Sherrill,  D. G. Truhlar,  
 A. Warshel,  X. Xu,  A. Aspuru-Guzik,  R. Baer,  A. T. Bell,  N. A. Besley,  
 J.-D. Chai,  A. Dreuw,  B. D. Dunietz,  T. R. Furlani,  S. R. Gwaltney,  
 C.-P. Hsu,  Y. Jung,  J. Kong,  D. S. Lambrecht,  W. Liang,  C. Ochsenfeld,  
 V. A. Rassolov,  L. V. Slipchenko,  J. E. Subotnik,  T. Van Voorhis,  
 J. M. Herbert,  A. I. Krylov,  P. M. W. Gill,  M. Head-Gordon

 Contributors to earlier versions of Q-Chem not listed above: 
 R. D. Adamson,  J. Baker,  E. F. C. Byrd,  A. K. Chakraborty,  C.-L. Cheng,  
 H. Dachsel,  R. J. Doerksen,  G. Hawkins,  A. Heyden,  S. Hirata,  
 G. Kedziora,  F. J. Keil,  C. Kelley,  P. P. Korambath,  W. Kurlancheek,  
 A. M. Lee,  M. S. Lee,  D. Liotard,  I. Lotan,  P. E. Maslen,  N. Nair,  
 D. Neuhauser,  R. Olson,  B. Peters,  J. Ritchie,  N. E. Schultz,  
 N. Shenvi,  A. C. Simmonett,  K. S. Thanthiriwatte,  Q. Wu,  W. Zhang

 Please cite Q-Chem as follows:
 Y. Shao et al., Mol. Phys. 113, 184-215 (2015)
 DOI: 10.1080/00268976.2014.952696

 Q-Chem 4.3.0 for Intel X86 EM64T Linux

 Parts of Q-Chem use Armadillo 5.200.1 (Boston Tea Smuggler).
 http://arma.sourceforge.net/

 Q-Chem begins on Sun Mar 26 10:47:23 2017  


Host: 0

     Scratch files written to /home/nmayhall/scratch_qchem/qchem11138//
 Dec1416 |home|nmayhall|qcSoftware|qchem|qchem.svn-casman|libmdc|qstr_RNUM -1
 Using version located at /home/nmayhall/qcSoftware/qchem/qchem.svn-casman/bin/qchem


Total Memory Limit in MB = 2000
Mega-Array Size in MB = 62

Checking the input file for inconsistencies... 	...done.

 Q-Chem warning in module /home/nmayhall/qcSoftware/qchem/qchem.svn-casman/forms1/BasisType.C, line 1452:

 You are not using the predefined 5D/6D in this basis set.

Finally everything over in PARseQInput

--------------------------------------------------------------
User input:
--------------------------------------------------------------
$rem
	exchange 		hf
	unrestricted		1
	basis			6-31g*	
	aux_basis		rimp2-vdz
	scf_guess		core	
	scf_convergence		8
	purecart		1111

	symmetry		0
	sym_ignore		1

	!correlation		sf-cas
	!cas_n_spin_flip		1
	!cas_local		1
	gui			2
$end

$development
	1sf_heis_projection	1
$end

$molecule
0 13
H         -0.73854       -0.54065        0.08576
H         -2.31340       -1.01748       -0.67017
H         -2.09582        0.65549       -0.01146
H         -2.21044       -0.75437        1.11995
H	1.47674	3.17203	0.09828
H	0.1685	3.76022	1.20546
H	0.18287	2.0348	0.65668
H	-0.21686	3.35528	-0.51743
H          3.48850       -0.87553       -0.06084
H          2.29649        0.48578       -0.00191
H          1.93960       -1.06676        0.85992
H          1.91588       -1.00965       -0.95022
He	10	10	10	
He	-10	10	10	
$end


--------------------------------------------------------------
 ----------------------------------------------------------------
             Standard Nuclear Orientation (Angstroms)
    I     Atom           X                Y                Z
 ----------------------------------------------------------------
    1      H      -0.7385400000    -0.5406500000     0.0857600000
    2      H      -2.3134000000    -1.0174800000    -0.6701700000
    3      H      -2.0958200000     0.6554900000    -0.0114600000
    4      H      -2.2104400000    -0.7543700000     1.1199500000
    5      H       1.4767400000     3.1720300000     0.0982800000
    6      H       0.1685000000     3.7602200000     1.2054600000
    7      H       0.1828700000     2.0348000000     0.6566800000
    8      H      -0.2168600000     3.3552800000    -0.5174300000
    9      H       3.4885000000    -0.8755300000    -0.0608400000
   10      H       2.2964900000     0.4857800000    -0.0019100000
   11      H       1.9396000000    -1.0667600000     0.8599200000
   12      H       1.9158800000    -1.0096500000    -0.9502200000
   13      He     10.0000000000    10.0000000000    10.0000000000
   14      He    -10.0000000000    10.0000000000    10.0000000000
 ----------------------------------------------------------------
 Nuclear Repulsion Energy =    12.9150084829 hartrees
 There are       14 alpha and        2 beta electrons
 Requested basis set is 6-31G(d)
 There are 28 shells and 28 basis functions

Total QAlloc Memory Limit   2000 MB
Mega-Array Size        61 MB
MEM_STATIC part        62 MB

finished with qalloc call

                       Distance Matrix (Angstroms)
             H (  1)   H (  2)   H (  3)   H (  4)   H (  5)   H (  6)
   H (  2)  1.810796
   H (  3)  1.811743  1.811096
   H (  4)  1.811550  1.812280  1.811334
   H (  5)  4.323380  5.701550  4.371293  5.482310
   H (  6)  4.535850  5.701248  4.030805  5.103743  1.811990
   H (  7)  2.794260  4.160325  2.746149  3.704325  1.810857  1.810646
   H (  8)  3.976715  4.851787  3.327967  4.852278  1.811342  1.811306
   H (  9)  4.242818  5.835536  5.790604  5.821242  4.522747  5.840898
   H ( 10)  3.205098  4.894635  4.395598  4.807178  2.810332  4.087547
   H ( 11)  2.836997  4.520134  4.473261  4.169896  4.331475  5.153245
   H ( 12)  2.887761  4.238549  4.443838  4.623558  4.333433  5.518329
   He( 13) 18.019814 19.668686 18.271783 18.536629 14.741479 14.592367
   He( 14) 17.180573 17.155792 15.812187 15.974636 16.624704 14.821511
             H (  7)   H (  8)   H (  9)   H ( 10)   H ( 11)   H ( 12)
   H (  8)  1.811625
   H (  9)  4.462291  5.642510
   H ( 10)  2.701961  3.849249  1.810394
   H ( 11)  3.570305  5.108997  1.812032  1.811216
   H ( 12)  3.854105  4.877346  1.811662  1.811206  1.811196
   He( 13) 15.719990 16.098226 16.183241 15.808310 16.461600 17.506362
   He( 14) 15.950952 15.826511 20.035900 18.486813 18.669984 19.573143
             He( 13)
   He( 14) 20.000000


 Q-Chem warning in module /home/nmayhall/qcSoftware/qchem/qchem.svn-casman/forms1/BasisType.C, line 1375:

 SAD: How to set up polarization functions for non-Pople basis?

 Requested basis set is rimp2-VDZ
 There are 82 shells and 186 basis functions
 Job number = 2, Threshold = 1.00E-11
Integral type ranges set in mkLRange.C for JobNum: 2  <1-7|1-7>
Symmetry turned off temporarily
 Using the largest function pair in Schwarz integrals
Total number of integrals generated =            1014
Symmetry turned back on
 A cutoff of  1.0D-11 yielded    288 shell pairs
 There are       288 function pairs
 Job number = 11, Threshold = 1.00E-11
Integral type ranges set in mkLRange.C for JobNum: 11  <1-1|8-8>

 -------------------------------------------------------
 OpenMP Integral Computing Module                       
 Release: version 1.0, May 2013, Q-Chem Inc. Pittsburgh 
 -------------------------------------------------------
 Integral Job Info:
 Integral job number is                      11
 Integral operator is                         1
 short-range coefficients                     0
 long-range coefficients              100000000
 Omega coefficients                           0
 if combine SR and LR in K                    0
 Integral screening is                        0
 Integral computing path is                   2
 max size of driver memory is            800000
 size of driver memory is                 11780
 size of scratch memory is               800000
 max col of scratch BK array                289
 max len of scratch array in speh3            1
 max len of scratch index in speh4            2
 max int batch size is                      520
 min int batch size is                       52
 fixed nKL is                               520
 max L of basis functions is                  0
 order of int derivative is                   0
 number of shells is                         28
 number of basis is                          28
 number of cartesian basis is                28
 number of contracted shell pairs           288
 number of primitive shell pairs            812
 maxK2 (contraction) of shell pair            9
 max number of K2 of shell pair               1
 max number of CS2 of shell pair            147
 max number of PS2 of shell pair            441
 mem total for path MDJ                    6780
 -------------------------------------------------------
 Smallest overlap matrix eigenvalue = 1.90E-01
 Multipole matrices computed through 2nd order

  Scale SEOQF with 1.000000e-02/1.000000e-02/1.000000e-02

 Standard Electronic Orientation quadrupole field applied
 Nucleus-field energy     =     0.0000000004 hartrees
GuessMan:  IGuess = 1
 Guess MOs from core Hamiltonian diagonalization
scfman initvdwdat 
 An unrestricted Hartree-Fock SCF calculation will be
 performed using Pulay DIIS extrapolation
 SCF converges when DIIS error is below 1.0E-08
Finding J and K together
 Job number = 22, Threshold = 1.00E-11
Integral type ranges set in mkLRange.C for JobNum: 22  <1-1|1-1>
Storing 4368.95% of integrals
Total number of integrals generated =           37592
 MakeJK  time:  CPU       0.01 s  wall       0.01 s
Fock build time:  0.01 s (CPU) 0.01 s (wall)
DIIS Errors:  Max 3.60E-01 RMS 3.06E-02

Current DIIS subspace size = 1
REM_GRID_RESTART_DIIS = 0

 ---------------------------------------
  Cycle       Energy         DIIS Error
 ---------------------------------------
    1      -9.4456143019      3.06E-02  00000
Finding J and K together
 Job number = 22, Threshold = 1.00E-11
Integral type ranges set in mkLRange.C for JobNum: 22  <1-1|1-1>
Storing 4368.95% of integrals
Reusing in-core integrals buffer for job 22
 MakeJK  time:  CPU       0.00 s  wall       0.00 s
Fock build time:  0.00 s (CPU) 0.00 s (wall)
DIIS Errors:  Max 2.54E-01 RMS 1.94E-02

Current DIIS subspace size = 2
REM_GRID_RESTART_DIIS = 0

    2     -11.3658251073      1.94E-02  00000
Finding J and K together
 Job number = 22, Threshold = 1.00E-11
Integral type ranges set in mkLRange.C for JobNum: 22  <1-1|1-1>
Storing 4368.95% of integrals
Reusing in-core integrals buffer for job 22
 MakeJK  time:  CPU       0.00 s  wall       0.00 s
Fock build time:  0.00 s (CPU) 0.00 s (wall)
DIIS Errors:  Max 1.05E-01 RMS 8.34E-03

Current DIIS subspace size = 3
REM_GRID_RESTART_DIIS = 0

    3     -11.4354987801      8.34E-03  00000
Finding J and K together
 Job number = 22, Threshold = 1.00E-11
Integral type ranges set in mkLRange.C for JobNum: 22  <1-1|1-1>
Storing 4368.95% of integrals
Reusing in-core integrals buffer for job 22
 MakeJK  time:  CPU       0.00 s  wall       0.00 s
Fock build time:  0.00 s (CPU) 0.00 s (wall)
DIIS Errors:  Max 9.57E-03 RMS 9.41E-04

Current DIIS subspace size = 4
REM_GRID_RESTART_DIIS = 0

    4     -11.4657242397      9.41E-04  00000
Finding J and K together
 Job number = 22, Threshold = 1.00E-11
Integral type ranges set in mkLRange.C for JobNum: 22  <1-1|1-1>
Storing 4368.95% of integrals
Reusing in-core integrals buffer for job 22
 MakeJK  time:  CPU       0.00 s  wall       0.00 s
Fock build time:  0.00 s (CPU) 0.00 s (wall)
DIIS Errors:  Max 1.38E-04 RMS 1.08E-05

Current DIIS subspace size = 5
REM_GRID_RESTART_DIIS = 0

    5     -11.4683862045      1.08E-05  00000
Finding J and K together
 Job number = 22, Threshold = 1.00E-11
Integral type ranges set in mkLRange.C for JobNum: 22  <1-1|1-1>
Storing 4368.95% of integrals
Reusing in-core integrals buffer for job 22
 MakeJK  time:  CPU       0.00 s  wall       0.00 s
Fock build time:  0.00 s (CPU) 0.00 s (wall)
DIIS Errors:  Max 1.26E-05 RMS 9.58E-07

Current DIIS subspace size = 6
REM_GRID_RESTART_DIIS = 0

    6     -11.4684937869      9.58E-07  00000
Finding J and K together
 Job number = 22, Threshold = 1.00E-11
Integral type ranges set in mkLRange.C for JobNum: 22  <1-1|1-1>
Storing 4368.95% of integrals
Reusing in-core integrals buffer for job 22
 MakeJK  time:  CPU       0.00 s  wall       0.00 s
Fock build time:  0.00 s (CPU) 0.00 s (wall)
DIIS Errors:  Max 9.02E-07 RMS 7.17E-08

Current DIIS subspace size = 7
REM_GRID_RESTART_DIIS = 0

    7     -11.4685100109      7.17E-08  00000
Finding J and K together
 Job number = 22, Threshold = 1.00E-11
Integral type ranges set in mkLRange.C for JobNum: 22  <1-1|1-1>
Storing 4368.95% of integrals
Reusing in-core integrals buffer for job 22
 MakeJK  time:  CPU       0.00 s  wall       0.00 s
Fock build time:  0.00 s (CPU) 0.00 s (wall)
DIIS Errors:  Max 9.93E-08 RMS 8.14E-09

Current DIIS subspace size = 8
REM_GRID_RESTART_DIIS = 0

    8     -11.4685130948      8.14E-09  00000 Convergence criterion met
 ---------------------------------------
 <S^2> = 42.0000
 SCF time:  CPU 0.04 s  wall 0.04 s
 SCF   energy in the final basis set = -11.4685130948
 Total energy in the final basis set = -11.4685130948
Symmetry turned off temporarily
 Analysis of SCF Wavefunction

 --------------------------------------------------------------

                    Orbital Energies (a.u.)
 --------------------------------------------------------------

 Alpha MOs
 -- Occupied --
 -0.914  -0.914  -0.714  -0.698  -0.698  -0.478  -0.469  -0.465
 -0.455  -0.453  -0.452  -0.442  -0.440  -0.429
 -- Virtual --
  0.812   0.854   0.867   0.901   0.926   0.928   0.973   0.989
  1.012   1.057   1.157   1.186   1.400   1.400

 Beta MOs
 -- Occupied --
 -0.914  -0.914
 -- Virtual --
 -0.056  -0.033  -0.032   0.129   0.140   0.146   0.159   0.165
  0.167   0.188   0.192   0.209   1.041   1.072   1.082   1.108
  1.129   1.130   1.171   1.186   1.207   1.259   1.353   1.379
  1.400   1.400
 --------------------------------------------------------------

          Ground-State Mulliken Net Atomic Charges

     Atom                 Charge (a.u.)    Spin (a.u.)
  --------------------------------------------------------
      1 H                     0.000051       0.999949
      2 H                     0.000047       0.999953
      3 H                    -0.000019       1.000019
      4 H                    -0.000001       1.000001
      5 H                    -0.000040       1.000040
      6 H                     0.000037       0.999963
      7 H                     0.000034       0.999966
      8 H                    -0.000051       1.000051
      9 H                     0.000072       0.999928
     10 H                     0.000047       0.999953
     11 H                    -0.000092       1.000092
     12 H                    -0.000086       1.000086
     13 He                    0.000000      -0.000000
     14 He                    0.000000      -0.000000
  --------------------------------------------------------
  Sum of atomic charges =    -0.000000
  Sum of spin   charges =    12.000000

 -----------------------------------------------------------------
                    Cartesian Multipole Moments
 -----------------------------------------------------------------
    Charge (ESU x 10^10)
                -0.0000
    Dipole Moment (Debye)
         X       0.0001      Y      -0.0005      Z       0.0004
       Tot       0.0006
    Quadrupole Moments (Debye-Ang)
        XX     -19.6817     XY       0.0200     YY     -19.6440
        XZ      -0.0013     YZ      -0.0327     ZZ     -19.5105
    Octopole Moments (Debye-Ang^2)
       XXX     -19.5555    XXY     -32.1452    XYY      -4.8699
       YYY     -99.8115    XXZ     -22.8865    XYZ      -0.0190
       YYZ     -23.8857    XZZ      -4.1046    YZZ     -32.1747
       ZZZ     -70.7111
    Hexadecapole Moments (Debye-Ang^3)
      XXXX   -1643.2633   XXXY      -8.4477   XXYY    -551.4322
      XYYY      -7.7906   YYYY   -1654.4881   XXXZ       3.4426
      XXYZ    -213.6700   XYYZ       0.0886   YYYZ    -649.0876
      XXZZ    -491.0227   XYZZ      -2.4493   YYZZ    -501.0901
      XZZZ       4.4651   YZZZ    -644.5226   ZZZZ   -1318.2336
 -----------------------------------------------------------------
 JobOver = TRUE
Archival summary:
1\1\sinatra\SP\HF\6-31G*\e212()\nmayhall\SunMar2610:47:232017SunMar2610:47:232017\0\\#,HF,6-31G*,\\0,13\H\H,1,1.81065\H,1,1.81086,2,60.0452\H,2,1.81131,1,60.0237,3,-70.5123,0\H,1,2.70196,2,128.785,3,-29.6714,0\H,5,1.81039,1,162.568,2,-125.022,0\H,5,1.81121,1,115.886,2,162.914,0\H,7,1.8112,5,60.0005,1,90.2209,0\H,1,2.74615,2,123.078,3,140.571,0\H,9,1.8111,1,130.703,2,-175.903,0\H,10,1.8108,9,60.0291,1,-16.4918,0\H,9,1.81133,1,106.947,2,119.346,0\He,2,14.5924,1,125.789,3,67.2233,0\He,2,14.8215,1,125.906,3,-178.746,0\\HF=-11.4685131\\@

 Total job time:  0.09s(wall), 0.09s(cpu) 
 Sun Mar 26 10:47:23 2017

        *************************************************************
        *                                                           *
        *  Thank you very much for using Q-Chem.  Have a nice day.  *
        *                                                           *
        *************************************************************


*** MISSION COMPLETED -- STARFLEET OUT ***

 
User input: 2 of 2 
 
                  Welcome to Q-Chem
     A Quantum Leap Into The Future Of Chemistry


 Q-Chem 4.3, Q-Chem, Inc., Pleasanton, CA (2015)

 Y. Shao,  Z. Gan,  E. Epifanovsky,  A. T. B. Gilbert,  M. Wormit,  
 J. Kussmann,  A. W. Lange,  A. Behn,  J. Deng,  X. Feng,  D. Ghosh,  
 M. Goldey,  P. R. Horn,  L. D. Jacobson,  I. Kaliman,  R. Z. Khaliullin,  
 T. Kus,  A. Landau,  J. Liu,  E. I. Proynov,  Y. M. Rhee,  R. M. Richard,  
 M. A. Rohrdanz,  R. P. Steele,  E. J. Sundstrom,  H. L. Woodcock III,  
 P. M. Zimmerman,  D. Zuev,  B. Albrecht,  E. Alguire,  B. Austin,  
 S. A. Baeppler,  G. J. O. Beran,  Y. A. Bernard,  E. Berquist,  
 K. Brandhorst,  K. B. Bravaya,  S. T. Brown,  D. Casanova,  C.-M. Chang,  
 Y. Chen,  S. H. Chien,  K. D. Closser,  D. L. Crittenden,  M. Diedenhofen,  
 R. A. DiStasio Jr.,  H. Do,  A. D. Dutoi,  R. G. Edgar,  P.-T. Fang,  
 S. Fatehi,  Q. Feng,  L. Fusti-Molnar,  A. Ghysels,  
 A. Golubeva-Zadorozhnaya,  J. Gomes,  A. Gunina,  M. W. D. Hanson-Heine,  
 P. H. P. Harbach,  A. W. Hauser,  E. G. Hohenstein,  Z. C. Holden,  K. Hui,  
 T.-C. Jagau,  H. Ji,  B. Kaduk,  K. Khistyaev,  Jaehoon Kim,  Jihan Kim,  
 R. A. King,  P. Klunzinger,  D. Kosenkov,  T. Kowalczyk,  C. M. Krauter,  
 K. U. Lao,  A. Laurent,  K. V. Lawler,  S. Lehtola,  S. V. Levchenko,  
 C. Y. Lin,  Y.-S. Lin,  F. Liu,  E. Livshits,  R. C. Lochan,  A. Luenser,  
 P. Manohar,  S. F. Manzer,  S.-P. Mao,  N. Mardirossian,  A. V. Marenich,  
 L. A. Martinez-Martinez,  S. A. Maurer,  N. J. Mayhall,  K. Nanda,  
 C. M. Oana,  R. Olivares-Amaya,  D. P. O'Neill,  J. A. Parkhill,  
 T. M. Perrine,  R. Peverati,  P. A. Pieniazek,  F. Plasser,  A. Prociuk,  
 D. R. Rehn,  E. Rosta,  N. J. Russ,  N. Sergueev,  S. M. Sharada,  
 S. Sharma,  D. W. Small,  A. Sodt,  T. Stauch,  T. Stein,  D. Stuck,  
 Y.-C. Su,  A. J. W. Thom,  T. Tsuchimochi,  L. Vogt,  O. Vydrov,  T. Wang,  
 M. A. Watson,  J. Wenzel,  A. White,  C. F. Williams,  V. Vanovschi,  
 S. Yeganeh,  S. R. Yost,  Z.-Q. You,  I. Y. Zhang,  X. Zhang,  Y. Zhao,  
 B. R. Brooks,  G. K. L. Chan,  D. M. Chipman,  C. J. Cramer,  
 W. A. Goddard III,  M. S. Gordon,  W. J. Hehre,  A. Klamt,  
 H. F. Schaefer III,  M. W. Schmidt,  C. D. Sherrill,  D. G. Truhlar,  
 A. Warshel,  X. Xu,  A. Aspuru-Guzik,  R. Baer,  A. T. Bell,  N. A. Besley,  
 J.-D. Chai,  A. Dreuw,  B. D. Dunietz,  T. R. Furlani,  S. R. Gwaltney,  
 C.-P. Hsu,  Y. Jung,  J. Kong,  D. S. Lambrecht,  W. Liang,  C. Ochsenfeld,  
 V. A. Rassolov,  L. V. Slipchenko,  J. E. Subotnik,  T. Van Voorhis,  
 J. M. Herbert,  A. I. Krylov,  P. M. W. Gill,  M. Head-Gordon

 Contributors to earlier versions of Q-Chem not listed above: 
 R. D. Adamson,  J. Baker,  E. F. C. Byrd,  A. K. Chakraborty,  C.-L. Cheng,  
 H. Dachsel,  R. J. Doerksen,  G. Hawkins,  A. Heyden,  S. Hirata,  
 G. Kedziora,  F. J. Keil,  C. Kelley,  P. P. Korambath,  W. Kurlancheek,  
 A. M. Lee,  M. S. Lee,  D. Liotard,  I. Lotan,  P. E. Maslen,  N. Nair,  
 D. Neuhauser,  R. Olson,  B. Peters,  J. Ritchie,  N. E. Schultz,  
 N. Shenvi,  A. C. Simmonett,  K. S. Thanthiriwatte,  Q. Wu,  W. Zhang

 Please cite Q-Chem as follows:
 Y. Shao et al., Mol. Phys. 113, 184-215 (2015)
 DOI: 10.1080/00268976.2014.952696

 Q-Chem 4.3.0 for Intel X86 EM64T Linux

 Parts of Q-Chem use Armadillo 5.200.1 (Boston Tea Smuggler).
 http://arma.sourceforge.net/

 Q-Chem begins on Sun Mar 26 10:47:23 2017  


Host: 0

     Scratch files written to /home/nmayhall/scratch_qchem/qchem11138//
 Dec1416 |home|nmayhall|qcSoftware|qchem|qchem.svn-casman|libmdc|qstr_RNUM -1
 Using version located at /home/nmayhall/qcSoftware/qchem/qchem.svn-casman/bin/qchem

 Turning off symmetry for CASMAN

Total Memory Limit in MB = 2000
Mega-Array Size in MB = 62

Checking the input file for inconsistencies... 	...done.

 Q-Chem warning in module /home/nmayhall/qcSoftware/qchem/qchem.svn-casman/forms1/BasisType.C, line 1452:

 You are not using the predefined 5D/6D in this basis set.

Finally everything over in PARseQInput

--------------------------------------------------------------
User input:
--------------------------------------------------------------
$rem
	exchange 		hf
	unrestricted		0
	basis			6-31g*	
	aux_basis		rimp2-vdz
	scf_guess		read	
	scf_convergence		8
	purecart		1111

	symmetry		0
	sym_ignore		1

	correlation		sf-cas
	!cas_n_spin_flip		1
	cas_local		1
	gui			2
$end

$development
	1sf_heis_projection	1
	scf_corresponding_orbs	1
	heisenberg_n_roots	1
$end

$molecule
read
$end

--------------------------------------------------------------
 ----------------------------------------------------------------
             Standard Nuclear Orientation (Angstroms)
    I     Atom           X                Y                Z
 ----------------------------------------------------------------
    1      H      -0.7385400000    -0.5406500000     0.0857600000
    2      H      -2.3134000000    -1.0174800000    -0.6701700000
    3      H      -2.0958200000     0.6554900000    -0.0114600000
    4      H      -2.2104400000    -0.7543700000     1.1199500000
    5      H       1.4767400000     3.1720300000     0.0982800000
    6      H       0.1685000000     3.7602200000     1.2054600000
    7      H       0.1828700000     2.0348000000     0.6566800000
    8      H      -0.2168600000     3.3552800000    -0.5174300000
    9      H       3.4885000000    -0.8755300000    -0.0608400000
   10      H       2.2964900000     0.4857800000    -0.0019100000
   11      H       1.9396000000    -1.0667600000     0.8599200000
   12      H       1.9158800000    -1.0096500000    -0.9502200000
   13      He     10.0000000000    10.0000000000    10.0000000000
   14      He    -10.0000000000    10.0000000000    10.0000000000
 ----------------------------------------------------------------
 Nuclear Repulsion Energy =    12.9150084829 hartrees
 There are       14 alpha and        2 beta electrons
 Requested basis set is 6-31G(d)
 There are 28 shells and 28 basis functions

Total QAlloc Memory Limit   2000 MB
Mega-Array Size        61 MB
MEM_STATIC part        62 MB

finished with qalloc call

                       Distance Matrix (Angstroms)
             H (  1)   H (  2)   H (  3)   H (  4)   H (  5)   H (  6)
   H (  2)  1.810796
   H (  3)  1.811743  1.811096
   H (  4)  1.811550  1.812280  1.811334
   H (  5)  4.323380  5.701550  4.371293  5.482310
   H (  6)  4.535850  5.701248  4.030805  5.103743  1.811990
   H (  7)  2.794260  4.160325  2.746149  3.704325  1.810857  1.810646
   H (  8)  3.976715  4.851787  3.327967  4.852278  1.811342  1.811306
   H (  9)  4.242818  5.835536  5.790604  5.821242  4.522747  5.840898
   H ( 10)  3.205098  4.894635  4.395598  4.807178  2.810332  4.087547
   H ( 11)  2.836997  4.520134  4.473261  4.169896  4.331475  5.153245
   H ( 12)  2.887761  4.238549  4.443838  4.623558  4.333433  5.518329
   He( 13) 18.019814 19.668686 18.271783 18.536629 14.741479 14.592367
   He( 14) 17.180573 17.155792 15.812187 15.974636 16.624704 14.821511
             H (  7)   H (  8)   H (  9)   H ( 10)   H ( 11)   H ( 12)
   H (  8)  1.811625
   H (  9)  4.462291  5.642510
   H ( 10)  2.701961  3.849249  1.810394
   H ( 11)  3.570305  5.108997  1.812032  1.811216
   H ( 12)  3.854105  4.877346  1.811662  1.811206  1.811196
   He( 13) 15.719990 16.098226 16.183241 15.808310 16.461600 17.506362
   He( 14) 15.950952 15.826511 20.035900 18.486813 18.669984 19.573143
             He( 13)
   He( 14) 20.000000


 Q-Chem warning in module /home/nmayhall/qcSoftware/qchem/qchem.svn-casman/forms1/BasisType.C, line 1375:

 SAD: How to set up polarization functions for non-Pople basis?

 Requested basis set is rimp2-VDZ
 There are 82 shells and 186 basis functions
 Job number = 2, Threshold = 1.00E-12
Integral type ranges set in mkLRange.C for JobNum: 2  <1-7|1-7>
Symmetry turned off temporarily
 Using the largest function pair in Schwarz integrals
Total number of integrals generated =            1015
Symmetry turned back on
 A cutoff of  1.0D-12 yielded    289 shell pairs
 There are       289 function pairs
 Job number = 11, Threshold = 1.00E-12
Integral type ranges set in mkLRange.C for JobNum: 11  <1-1|8-8>

 -------------------------------------------------------
 OpenMP Integral Computing Module                       
 Release: version 1.0, May 2013, Q-Chem Inc. Pittsburgh 
 -------------------------------------------------------
 Integral Job Info:
 Integral job number is                      11
 Integral operator is                         1
 short-range coefficients                     0
 long-range coefficients              100000000
 Omega coefficients                           0
 if combine SR and LR in K                    0
 Integral screening is                        0
 Integral computing path is                   2
 max size of driver memory is            800000
 size of driver memory is                 11780
 size of scratch memory is               800000
 max col of scratch BK array                289
 max len of scratch array in speh3            1
 max len of scratch index in speh4            2
 max int batch size is                      520
 min int batch size is                       52
 fixed nKL is                               520
 max L of basis functions is                  0
 order of int derivative is                   0
 number of shells is                         28
 number of basis is                          28
 number of cartesian basis is                28
 number of contracted shell pairs           289
 number of primitive shell pairs            819
 maxK2 (contraction) of shell pair            9
 max number of K2 of shell pair               1
 max number of CS2 of shell pair            148
 max number of PS2 of shell pair            444
 mem total for path MDJ                    6792
 -------------------------------------------------------
 Smallest overlap matrix eigenvalue = 1.90E-01
 Multipole matrices computed through 2nd order

  Scale SEOQF with 1.000000e-02/1.000000e-02/1.000000e-02

 Standard Electronic Orientation quadrupole field applied
 Nucleus-field energy     =     0.0000000004 hartrees
GuessMan:  IGuess = 1000
 Guess MOs from SCF MO coefficient file
 Reading MOs from coefficient file
 Reading MOs from coefficient file
scfman initvdwdat 
 A restricted Hartree-Fock SCF calculation will be
 performed using Geometric Direct Minimization
 SCF converges when RMS gradient is below 1.0E-08
Finding J and K together
 Job number = 22, Threshold = 1.00E-12
Integral type ranges set in mkLRange.C for JobNum: 22  <1-1|1-1>
Storing 4338.82% of integrals
Total number of integrals generated =           38713
 MakeJK  time:  CPU       0.01 s  wall       0.01 s
Fock build time:  0.01 s (CPU) 0.01 s (wall)
 ---------------------------------------
  Cycle       Energy        RMS Gradient
 ---------------------------------------
    1     -11.4685134771      2.54E-04  00000 Normal BFGS step
Finding J and K together
 Job number = 22, Threshold = 1.00E-12
Integral type ranges set in mkLRange.C for JobNum: 22  <1-1|1-1>
Storing 4338.82% of integrals
Reusing in-core integrals buffer for job 22
 MakeJK  time:  CPU       0.00 s  wall       0.00 s
Fock build time:  0.00 s (CPU) 0.00 s (wall)
    2     -11.4685135114      2.38E-09  00000 Convergence criterion met
 ---------------------------------------
 SCF time:  CPU 0.02 s  wall 0.02 s
 Obtaining Corresponding orbitals

 Forming corresponding orbitals block-by-block...
 Size of singly occupied alpha block:      12 : 12.0000
 Size of doubly occupied block:             2 : 2.0000
 Size of singly occupied beta block:        0 : 0.0000
 Size of unoccupied block:                 14 : 14.0000
 Use scf_boys =     0 (Canonical)
                    1 (Boys)
                    2 (Pipek-Mezey)
                    3 (ER)
 Build new fock matrix
 I'm here
 I'm here
 Calling AOints...
 Job number = 22, Threshold = 1.00E-12
Integral type ranges set in mkLRange.C for JobNum: 22  <1-1|1-1>
Storing 4338.82% of integrals
 done.
 E(SCF): disk=    -11.468513511419 current=    -11.468513511419 diff=  -5.329e-15
 SCF   energy in the final basis set = -11.4685135114
 Total energy in the final basis set = -11.4685135114
 DevKeyword Parameters: 
 1sf_heis_projection                   1
  heisenberg_n_roots                   1
scf_corresponding_orbs                   1


 ========================================================
                       In SF-CAS-CI                      
 ========================================================
 DevKeyword Parameters: 
 1sf_heis_projection                   1
  heisenberg_n_roots                   1
scf_corresponding_orbs                   1

 Forming orbitals for SF-CAS calculation.
NBas   : 28
NOrb   : 28
NDOcc  : 2
NSOcc  : 12
NDVir  : 14
ISpin  : 0
e_hf: -11.46851351
 Using OPT1 Orbitals: Favg | Favg | Favg 
 A/B mix in Doubly occupied F  : 0.50000000
 A/B mix in Singly occupied F  : 0.50000000
 A/B mix in Doubly unoccupied F: 0.50000000
 Max of F(beta)ds      : 2.549e-16
 Max of F(alpha)sv     : 1.909e-11
 Max of F(average)dv   : 1.371e-10
 Orbital Energies  (D):
    1    -0.91413120    -0.91413120
    2    -0.91412519    -0.91412519
 Orbital Energies  (S):
    3    -0.37121289    -0.37121289
    4    -0.35310712    -0.35310712
    5    -0.35232549    -0.35232549
    6    -0.15330298    -0.15330298
    7    -0.14418484    -0.14418484
    8    -0.13943570    -0.13943570
    9    -0.12905326    -0.12905326
   10    -0.12555790    -0.12555790
   11    -0.12462057    -0.12462057
   12    -0.11038609    -0.11038609
   13    -0.10781515    -0.10781515
   14    -0.09547916    -0.09547916
 Orbital Energies  (V):
   15     0.90504516     0.90504516
   16     0.94241988     0.94241988
   17     0.95453756     0.95453756
   18     0.98493791     0.98493791
   19     1.00887743     1.00887743
   20     1.01113768     1.01113768
   21     1.05556327     1.05556327
   22     1.07132705     1.07132705
   23     1.09405674     1.09405674
   24     1.14462168     1.14462168
   25     1.24288152     1.24288152
   26     1.27120936     1.27120936
   27     1.39985476     1.39985476
   28     1.39986077     1.39986077
 tr(Pa)     :   14.0000000000
 tr(Pb)     :    2.0000000000
 E(core) with new P : -38.91701462
 E(HF) with new P   : -11.46851351
 Difference in Ehf  :   1.7764e-15

 Number of spin flips: 6
 Use cas_local =    0 (Canonical)
                    1 (Boys)
                    2 (Pipek-Mezey)
                    3 (ER)
 Using Boys orbitals in casman
 
 
 
Calling Get_Boys in C++
 
 
 
Orbital 12 Variance 21.96069503
Orbital 8 Variance 22.05580316
Orbital 9 Variance 22.16334356
Orbital 5 Variance 22.92441596
Orbital 2 Variance 23.42560923
Orbital 3 Variance 23.45501940
Orbital 1 Variance 25.27060439
Orbital 6 Variance 27.26629757
Orbital 4 Variance 27.57412803
Orbital 10 Variance 27.57471051
Orbital 11 Variance 27.88046343
Orbital 7 Variance 29.94912084
          ***** NUMBER OF SADDLE POINTS SO FAR = 0 ******

Initially in boys_jacobi.C before sweep, get_boys, boysval = 69.508591
In BOYS_JACOBI SWEEPS for get_boys, ending in round     6  because max_diff = 5.329212e-07


---> BEGIN 2nd Der Calculation    ******  
Guessing MaxD =  20 and MinD = 10
in get_boys.C: p = 0 guessthresh  52.4157195573 numsofar 18 MinD 10
in get_boys.C: p = 1 guessthresh  51.9157195573 numsofar 18 MinD 10
in get_boys.C: p = 2 guessthresh  51.6657195573 numsofar 9 MinD 10
DimInGuess 9 mineval  51.4157195573 guessthresh  51.6657195573
round 0 sizeofsub 9 eval0 5.069728e+01 diffeval0 1.000497e+05 length_qM 9.022708e-01 thresh 1.000000e-08
round 1 sizeofsub 10 eval0 5.035200e+01 diffeval0 3.452837e-01 length_qM 1.149558e-01 thresh 1.000000e-08
round 2 sizeofsub 11 eval0 5.034586e+01 diffeval0 6.138545e-03 length_qM 4.687682e-01 thresh 1.000000e-08
round 3 sizeofsub 12 eval0 5.034246e+01 diffeval0 3.397820e-03 length_qM 1.614959e-02 thresh 1.000000e-08
round 4 sizeofsub 13 eval0 5.034242e+01 diffeval0 4.159938e-05 length_qM 5.241289e-02 thresh 1.000000e-08
round 5 sizeofsub 14 eval0 5.034236e+01 diffeval0 5.779344e-05 length_qM 3.268812e-03 thresh 1.000000e-08
round 6 sizeofsub 15 eval0 5.034236e+01 diffeval0 1.162190e-07 length_qM 1.942197e-03 thresh 1.000000e-08
round 7 sizeofsub 16 eval0 5.031045e+01 diffeval0 3.191614e-02 length_qM 2.305560e-01 thresh 1.000000e-08
round 8 sizeofsub 17 eval0 5.028822e+01 diffeval0 2.222421e-02 length_qM 3.602186e-01 thresh 1.000000e-08
round 9 sizeofsub 18 eval0 5.028580e+01 diffeval0 2.421510e-03 length_qM 3.496998e-01 thresh 1.000000e-08
round 10 sizeofsub 19 eval0 5.027396e+01 diffeval0 1.183611e-02 length_qM 7.141794e-02 thresh 1.000000e-08
round 11 sizeofsub 20 eval0 5.027283e+01 diffeval0 1.129524e-03 length_qM 2.322529e-01 thresh 1.000000e-08
round 12 sizeofsub 11 eval0 5.027203e+01 diffeval0 8.013085e-04 length_qM 1.278782e-02 thresh 1.000000e-08
round 13 sizeofsub 12 eval0 5.027203e+01 diffeval0 3.551901e-06 length_qM 5.213581e-03 thresh 1.000000e-08
round 14 sizeofsub 13 eval0 5.027203e+01 diffeval0 4.752022e-07 length_qM 1.991322e-03 thresh 1.000000e-08
round 15 sizeofsub 14 eval0 5.027203e+01 diffeval0 2.225065e-07 length_qM 2.761134e-04 thresh 1.000000e-08
round 16 sizeofsub 15 eval0 5.027203e+01 diffeval0 2.755698e-09 length_qM 1.189077e-04 thresh 1.000000e-08
round 17 sizeofsub 16 eval0 5.027203e+01 diffeval0 6.928502e-11 length_qM 3.053696e-06 thresh 1.000000e-08
round 18 sizeofsub 17 eval0 5.027203e+01 diffeval0 2.032152e-12 length_qM 3.261294e-06 thresh 1.000000e-08
round 19 sizeofsub 18 eval0 5.027203e+01 diffeval0 4.121148e-12 length_qM 3.761114e-06 thresh 1.000000e-08
round 20 sizeofsub 19 eval0 5.027203e+01 diffeval0 4.263256e-14 length_qM 2.312020e-07 thresh 1.000000e-08
Converged to smallest eigenvalue: eval0 5.027203e+01

Success!!! No Negative Eigenvalues: Ending Get Boys in C++ ...Bye Bye
Orbital 10 Variance 2.75084222
Orbital 11 Variance 2.75796107
Orbital 12 Variance 2.75813419
Orbital 6 Variance 2.76868525
Orbital 5 Variance 2.76891571
Orbital 9 Variance 2.77143580
Orbital 4 Variance 2.77234586
Orbital 3 Variance 2.77447908
Orbital 1 Variance 2.77473425
Orbital 2 Variance 2.77493018
Orbital 8 Variance 2.77562466
Orbital 7 Variance 2.77598036
EXECUTING ORTHO_FUNC DESTRUCTOR

 Dimensions of orbital sub-spaces:    
 Number Hole Orbs:Alpha:Beta:       2    2    2
 Number Active Orbs:Alpha:Beta:    12    6    6
 Number Part Orbs:Alpha:Beta:      14    0    0

 Dimensions in SF-RAS-hp calculation: 
 Number of active space determinants:  853776
 Number of hole space determinants:    2927232
 Number of part space determinants:    20490624
 Number of hole-part determinants:     82938240
 Total 1x space:                       24271632
 Total singles space:                  107209872
 REM_MEM_TOT: 2000
 Memory Used: 0
 Memory Left: 2000
 Memory Need: 5304
 Constructing 1e MO integrals
 Form (P|Q)**(-1/2)...
 Job number = 66, Threshold = 1.00E-12
Integral type ranges set in mkLRange.C for JobNum: 66  <2-7|2-7>
Symmetry turned off temporarily
Storing 4338.82% of integrals
Total number of integrals generated =           19965
Symmetry turned back on
 Forming (pq|P)...
 Forming Active-Active (aa|P) integrals...

 Entering first-index batching code with I1Strt =    3 batch size =   12
 Job number = 65, Threshold = 1.00E-12
Integral type ranges set in mkLRange.C for JobNum: 65  <1-1|2-7>
Symmetry turned off temporarily
Storing 4338.82% of integrals
Total number of integrals generated =           57222
Symmetry turned back on
 Forming Active-Active B integrals...
 Contracting B matrices to form 2e integrals. 
 Forming 2J-K over o,v with exact integrals
 Calling AOints... Job number = 22, Threshold = 1.00E-12
Integral type ranges set in mkLRange.C for JobNum: 22  <1-1|1-1>
Storing 4338.82% of integrals
Total number of integrals generated =           38713
 done.

 ROHF energy found on disk: 
 E(ROHF):         -11.46851351
-11.46851351

 Q-Chem fatal error occurred in module /home/nmayhall/qcSoftware/qchem/qchem.svn-casman/libmdc/NewQAlloc.C, line 181:

 Illegal number of elements requested in QAllocDouble

 Sun Mar 26 10:47:23 2017
