   Eigenvalues for mode    0 contraction:
   0            0.99584385 : Keep
   1            0.00101071 : Keep
   2            0.00101071 : Keep
   3            0.00101071 : Keep
   4            0.00035402 : Keep
   5            0.00035402 : Keep
   6            0.00035402 : Keep
   7            0.00005299 : Keep
   8            0.00000298 : Keep
   9            0.00000298 : Keep
   10           0.00000298 : Keep
   11           0.00000001 : Keep
   12           0.00000001 : Keep
   13           0.00000001 : Keep
   14           0.00000001 : Keep
   15           0.00000001 : Keep

 Contract A along index    1    Dimension   16
   Eigenvalues for mode    1 contraction:
   0            0.99616401 : Keep
   1            0.00102308 : Keep
   2            0.00102308 : Keep
   3            0.00102308 : Keep
   4            0.00020863 : Keep
   5            0.00020863 : Keep
   6            0.00020863 : Keep
   7            0.00008257 : Keep
   8            0.00001941 : Keep
   9            0.00001941 : Keep
   10           0.00001941 : Keep
   11           0.00000001 : Keep
   12           0.00000001 : Keep
   13           0.00000001 : Keep
   14           0.00000001 : Keep
   15           0.00000001 : Keep

 Contract A along index    2    Dimension   16
   Eigenvalues for mode    2 contraction:
   0            0.99431546 : Keep
   1            0.00125702 : Keep
   2            0.00125702 : Keep
   3            0.00125702 : Keep
   4            0.00059364 : Keep
   5            0.00059364 : Keep
   6            0.00059364 : Keep
   7            0.00010534 : Keep
   8            0.00000905 : Keep
   9            0.00000905 : Keep
   10           0.00000905 : Keep
   11           0.00000001 : Keep
   12           0.00000001 : Keep
   13           0.00000001 : Keep
   14           0.00000001 : Keep
   15           0.00000001 : Keep

 Contract A along index    3    Dimension   16
   Eigenvalues for mode    3 contraction:
   0            0.99626674 : Keep
   1            0.00103631 : Keep
   2            0.00103631 : Keep
   3            0.00103631 : Keep
   4            0.00013482 : Keep
   5            0.00013482 : Keep
   6            0.00013482 : Keep
   7            0.00006400 : Keep
   8            0.00006400 : Keep
   9            0.00006400 : Keep
   10           0.00002783 : Keep
   11           0.00000000 : Keep
   12           0.00000000 : Keep
   13           0.00000000 : Keep
   14           0.00000000 : Keep
   15           0.00000000 : Keep

 Contract A along index    4    Dimension   16
   Eigenvalues for mode    4 contraction:
   0            0.99567232 : Keep
   1            0.00100487 : Keep
   2            0.00100487 : Keep
   3            0.00100487 : Keep
   4            0.00041389 : Keep
   5            0.00041389 : Keep
   6            0.00041389 : Keep
   7            0.00005348 : Keep
   8            0.00000597 : Keep
   9            0.00000597 : Keep
   10           0.00000597 : Keep
   11           0.00000000 : Keep
   12           0.00000000 : Keep
   13           0.00000000 : Keep
   14           0.00000000 : Keep
   15           0.00000000 : Keep

 Contract A along index    5    Dimension   16
   Eigenvalues for mode    5 contraction:
   0            0.99643049 : Keep
   1            0.00099230 : Keep
   2            0.00099230 : Keep
   3            0.00099230 : Keep
   4            0.00017987 : Keep
   5            0.00017987 : Keep
   6            0.00017987 : Keep
   7            0.00003696 : Keep
   8            0.00000534 : Keep
   9            0.00000534 : Keep
   10           0.00000534 : Keep
   11           0.00000000 : Keep
   12           0.00000000 : Keep
   13           0.00000000 : Keep
   14           0.00000000 : Keep
   15           0.00000000 : Keep

 State              Energy          Relative          <S2>
     0 =   -55898.92198615        0.00000000    0.00000000
     1 =   -55745.63607599      153.28591017    0.00000000
     2 =   -55743.52233435      155.39965180    0.00000000
     3 =   -55698.77035251      200.15163364    0.00000000
     4 =   -55658.96128003      239.96070613    0.00000000
     5 =   -55629.71397737      269.20800878    0.00000000
     6 =   -55610.91930473      288.00268142    0.00000000
     7 =   -55594.81068160      304.11130456    0.00000000
     8 =   -55565.70804072      333.21394543    0.00000000
     9 =   -55543.80124786      355.12073829    0.00000000
    10 =   -55475.55896268      423.36302348    0.00000000
    11 =   -55448.14674296      450.77524319    0.00000000
  Iteration        Energy         Delta
          0  -55897.94756107              
          1  -55898.55493182      -6.1e-01
          2  -55898.77780139      -2.2e-01
          3  -55898.86563109      -8.8e-02
          4  -55898.90061095      -3.5e-02
          5  -55898.91433802      -1.4e-02
          6  -55898.91953259      -5.2e-03
          7  -55898.92135916      -1.8e-03
          8  -55898.92190153      -5.4e-04
          9  -55898.92198615      -8.5e-05

