 j12:
[[ 0.       -1.        0.        0.        0.        0.       -0.015625  0.
   0.        0.        0.        0.        0.        0.        0.        0.
   0.        0.        0.        0.        0.        0.        0.        0.      ]
 [-0.015625  0.       -0.015625  0.        0.        0.        0.       -0.015625
   0.        0.        0.        0.        0.        0.        0.        0.
   0.        0.        0.        0.        0.        0.        0.        0.      ]
 [ 0.       -1.        0.       -1.        0.        0.        0.        0.
  -0.015625  0.        0.        0.        0.        0.        0.        0.
   0.        0.        0.        0.        0.        0.        0.        0.      ]
 [ 0.        0.       -0.015625  0.       -0.015625  0.        0.        0.
   0.       -0.015625  0.        0.        0.        0.        0.        0.
   0.        0.        0.        0.        0.        0.        0.        0.      ]
 [ 0.        0.        0.       -1.        0.       -1.        0.        0.
   0.        0.       -0.015625  0.        0.        0.        0.        0.
   0.        0.        0.        0.        0.        0.        0.        0.      ]
 [ 0.        0.        0.        0.       -0.015625  0.        0.        0.
   0.        0.        0.       -0.015625  0.        0.        0.        0.
   0.        0.        0.        0.        0.        0.        0.        0.      ]
 [-0.015625  0.        0.        0.        0.        0.        0.       -1.
   0.        0.        0.        0.       -0.015625  0.        0.        0.
   0.        0.        0.        0.        0.        0.        0.        0.      ]
 [ 0.       -0.015625  0.        0.        0.        0.       -0.015625  0.
  -0.015625  0.        0.        0.        0.       -0.015625  0.        0.
   0.        0.        0.        0.        0.        0.        0.        0.      ]
 [ 0.        0.       -0.015625  0.        0.        0.        0.       -1.
   0.       -1.        0.        0.        0.        0.       -0.015625  0.
   0.        0.        0.        0.        0.        0.        0.        0.      ]
 [ 0.        0.        0.       -0.015625  0.        0.        0.        0.
  -0.015625  0.       -0.015625  0.        0.        0.        0.       -0.015625
   0.        0.        0.        0.        0.        0.        0.        0.      ]
 [ 0.        0.        0.        0.       -0.015625  0.        0.        0.
   0.       -1.        0.       -1.        0.        0.        0.        0.
  -0.015625  0.        0.        0.        0.        0.        0.        0.      ]
 [ 0.        0.        0.        0.        0.       -0.015625  0.        0.
   0.        0.       -0.015625  0.        0.        0.        0.        0.
   0.       -0.015625  0.        0.        0.        0.        0.        0.      ]
 [ 0.        0.        0.        0.        0.        0.       -0.015625  0.
   0.        0.        0.        0.        0.       -1.        0.        0.
   0.        0.       -0.015625  0.        0.        0.        0.        0.      ]
 [ 0.        0.        0.        0.        0.        0.        0.       -0.015625
   0.        0.        0.        0.       -0.015625  0.       -0.015625  0.
   0.        0.        0.       -0.015625  0.        0.        0.        0.      ]
 [ 0.        0.        0.        0.        0.        0.        0.        0.
  -0.015625  0.        0.        0.        0.       -1.        0.       -1.
   0.        0.        0.        0.       -0.015625  0.        0.        0.      ]
 [ 0.        0.        0.        0.        0.        0.        0.        0.
   0.       -0.015625  0.        0.        0.        0.       -0.015625  0.
  -0.015625  0.        0.        0.        0.       -0.015625  0.        0.      ]
 [ 0.        0.        0.        0.        0.        0.        0.        0.
   0.        0.       -0.015625  0.        0.        0.        0.       -1.
   0.       -1.        0.        0.        0.        0.       -0.015625  0.      ]
 [ 0.        0.        0.        0.        0.        0.        0.        0.
   0.        0.        0.       -0.015625  0.        0.        0.        0.
  -0.015625  0.        0.        0.        0.        0.        0.       -0.015625]
 [ 0.        0.        0.        0.        0.        0.        0.        0.
   0.        0.        0.        0.       -0.015625  0.        0.        0.
   0.        0.        0.       -1.        0.        0.        0.        0.      ]
 [ 0.        0.        0.        0.        0.        0.        0.        0.
   0.        0.        0.        0.        0.       -0.015625  0.        0.
   0.        0.       -0.015625  0.       -0.015625  0.        0.        0.      ]
 [ 0.        0.        0.        0.        0.        0.        0.        0.
   0.        0.        0.        0.        0.        0.       -0.015625  0.
   0.        0.        0.       -1.        0.       -1.        0.        0.      ]
 [ 0.        0.        0.        0.        0.        0.        0.        0.
   0.        0.        0.        0.        0.        0.        0.       -0.015625
   0.        0.        0.        0.       -0.015625  0.       -0.015625  0.      ]
 [ 0.        0.        0.        0.        0.        0.        0.        0.
   0.        0.        0.        0.        0.        0.        0.        0.
  -0.015625  0.        0.        0.        0.       -1.        0.       -1.      ]
 [ 0.        0.        0.        0.        0.        0.        0.        0.
   0.        0.        0.        0.        0.        0.        0.        0.
   0.       -0.015625  0.        0.        0.        0.       -0.015625  0.      ]]
 lattice:
[1 1 1 1 1 1 1 1 1 1 1 1 1 1 1 1 1 1 1 1 1 1 1 1]
 blocks:
[[ 0  1]
 [ 2  3]
 [ 4  5]
 [ 6  7]
 [ 8  9]
 [10 11]
 [12 13]
 [14 15]
 [16 17]
 [18 19]
 [20 21]
 [22 23]]
 n_blocks:
12
 Generate initial guess vectors
 Guess eigenstates
 -1.50000000
  0.50000000
  0.50000000
  0.50000000
 Guess eigenstates
 -1.50000000
  0.50000000
  0.50000000
  0.50000000
 Guess eigenstates
 -1.50000000
  0.50000000
  0.50000000
  0.50000000
 Guess eigenstates
 -1.50000000
  0.50000000
  0.50000000
  0.50000000
 Guess eigenstates
 -1.50000000
  0.50000000
  0.50000000
  0.50000000
 Guess eigenstates
 -1.50000000
  0.50000000
  0.50000000
  0.50000000
 Guess eigenstates
 -1.50000000
  0.50000000
  0.50000000
  0.50000000
 Guess eigenstates
 -1.50000000
  0.50000000
  0.50000000
  0.50000000
 Guess eigenstates
 -1.50000000
  0.50000000
  0.50000000
  0.50000000
 Guess eigenstates
 -1.50000000
  0.50000000
  0.50000000
  0.50000000
 Guess eigenstates
 -1.50000000
  0.50000000
  0.50000000
  0.50000000
 Guess eigenstates
 -1.50000000
  0.50000000
  0.50000000
  0.50000000

 Prepare Lattice Blocks:
[4, 4, 4, 4, 4, 4, 4, 4, 4, 4, 4, 4] [0, 0, 0, 0, 0, 0, 0, 0, 0, 0, 0, 0]
 Block 0   :    0,    1 : [4, 0, 0]
 Block 1   :    2,    3 : [4, 0, 0]
 Block 2   :    4,    5 : [4, 0, 0]
 Block 3   :    6,    7 : [4, 0, 0]
 Block 4   :    8,    9 : [4, 0, 0]
 Block 5   :   10,   11 : [4, 0, 0]
 Block 6   :   12,   13 : [4, 0, 0]
 Block 7   :   14,   15 : [4, 0, 0]
 Block 8   :   16,   17 : [4, 0, 0]
 Block 9   :   18,   19 : [4, 0, 0]
 Block 10  :   20,   21 : [4, 0, 0]
 Block 11  :   22,   23 : [4, 0, 0]

 Prepare Tucker blocks:
   0   0   0   0   0   0   0   0   0   0   0   0 ::    4   4   4   4   4   4   4   4   4   4   4   4 :: 16777216  Range=        0:16777216

 Solve for supersystem eigenvalues: Dimension =  16777216
