 j12:
[[  0.  -1.   0.   0.   0.   0. -16.   0.   0.   0.   0.   0.   0.   0.
    0.   0.   0.   0.   0.   0.   0.   0.   0.   0.]
 [-16.   0. -16.   0.   0.   0.   0. -16.   0.   0.   0.   0.   0.   0.
    0.   0.   0.   0.   0.   0.   0.   0.   0.   0.]
 [  0.  -1.   0.  -1.   0.   0.   0.   0. -16.   0.   0.   0.   0.   0.
    0.   0.   0.   0.   0.   0.   0.   0.   0.   0.]
 [  0.   0. -16.   0. -16.   0.   0.   0.   0. -16.   0.   0.   0.   0.
    0.   0.   0.   0.   0.   0.   0.   0.   0.   0.]
 [  0.   0.   0.  -1.   0.  -1.   0.   0.   0.   0. -16.   0.   0.   0.
    0.   0.   0.   0.   0.   0.   0.   0.   0.   0.]
 [  0.   0.   0.   0. -16.   0.   0.   0.   0.   0.   0. -16.   0.   0.
    0.   0.   0.   0.   0.   0.   0.   0.   0.   0.]
 [-16.   0.   0.   0.   0.   0.   0.  -1.   0.   0.   0.   0. -16.   0.
    0.   0.   0.   0.   0.   0.   0.   0.   0.   0.]
 [  0. -16.   0.   0.   0.   0. -16.   0. -16.   0.   0.   0.   0. -16.
    0.   0.   0.   0.   0.   0.   0.   0.   0.   0.]
 [  0.   0. -16.   0.   0.   0.   0.  -1.   0.  -1.   0.   0.   0.   0.
  -16.   0.   0.   0.   0.   0.   0.   0.   0.   0.]
 [  0.   0.   0. -16.   0.   0.   0.   0. -16.   0. -16.   0.   0.   0.
    0. -16.   0.   0.   0.   0.   0.   0.   0.   0.]
 [  0.   0.   0.   0. -16.   0.   0.   0.   0.  -1.   0.  -1.   0.   0.
    0.   0. -16.   0.   0.   0.   0.   0.   0.   0.]
 [  0.   0.   0.   0.   0. -16.   0.   0.   0.   0. -16.   0.   0.   0.
    0.   0.   0. -16.   0.   0.   0.   0.   0.   0.]
 [  0.   0.   0.   0.   0.   0. -16.   0.   0.   0.   0.   0.   0.  -1.
    0.   0.   0.   0. -16.   0.   0.   0.   0.   0.]
 [  0.   0.   0.   0.   0.   0.   0. -16.   0.   0.   0.   0. -16.   0.
  -16.   0.   0.   0.   0. -16.   0.   0.   0.   0.]
 [  0.   0.   0.   0.   0.   0.   0.   0. -16.   0.   0.   0.   0.  -1.
    0.  -1.   0.   0.   0.   0. -16.   0.   0.   0.]
 [  0.   0.   0.   0.   0.   0.   0.   0.   0. -16.   0.   0.   0.   0.
  -16.   0. -16.   0.   0.   0.   0. -16.   0.   0.]
 [  0.   0.   0.   0.   0.   0.   0.   0.   0.   0. -16.   0.   0.   0.
    0.  -1.   0.  -1.   0.   0.   0.   0. -16.   0.]
 [  0.   0.   0.   0.   0.   0.   0.   0.   0.   0.   0. -16.   0.   0.
    0.   0. -16.   0.   0.   0.   0.   0.   0. -16.]
 [  0.   0.   0.   0.   0.   0.   0.   0.   0.   0.   0.   0. -16.   0.
    0.   0.   0.   0.   0.  -1.   0.   0.   0.   0.]
 [  0.   0.   0.   0.   0.   0.   0.   0.   0.   0.   0.   0.   0. -16.
    0.   0.   0.   0. -16.   0. -16.   0.   0.   0.]
 [  0.   0.   0.   0.   0.   0.   0.   0.   0.   0.   0.   0.   0.   0.
  -16.   0.   0.   0.   0.  -1.   0.  -1.   0.   0.]
 [  0.   0.   0.   0.   0.   0.   0.   0.   0.   0.   0.   0.   0.   0.
    0. -16.   0.   0.   0.   0. -16.   0. -16.   0.]
 [  0.   0.   0.   0.   0.   0.   0.   0.   0.   0.   0.   0.   0.   0.
    0.   0. -16.   0.   0.   0.   0.  -1.   0.  -1.]
 [  0.   0.   0.   0.   0.   0.   0.   0.   0.   0.   0.   0.   0.   0.
    0.   0.   0. -16.   0.   0.   0.   0. -16.   0.]]
 lattice:
[1 1 1 1 1 1 1 1 1 1 1 1 1 1 1 1 1 1 1 1 1 1 1 1]
 blocks:
[[ 0  1]
 [ 2  3]
 [ 4  5]
 [ 6  7]
 [ 8  9]
 [10 11]
 [12 13]
 [14 15]
 [16 17]
 [18 19]
 [20 21]
 [22 23]]
 n_blocks:
12
 Generate initial guess vectors
 Guess eigenstates
 -1.50000000
  0.50000000
  0.50000000
  0.50000000
 Guess eigenstates
 -1.50000000
  0.50000000
  0.50000000
  0.50000000
 Guess eigenstates
 -1.50000000
  0.50000000
  0.50000000
  0.50000000
 Guess eigenstates
 -1.50000000
  0.50000000
  0.50000000
  0.50000000
 Guess eigenstates
 -1.50000000
  0.50000000
  0.50000000
  0.50000000
 Guess eigenstates
 -1.50000000
  0.50000000
  0.50000000
  0.50000000
 Guess eigenstates
 -1.50000000
  0.50000000
  0.50000000
  0.50000000
 Guess eigenstates
 -1.50000000
  0.50000000
  0.50000000
  0.50000000
 Guess eigenstates
 -1.50000000
  0.50000000
  0.50000000
  0.50000000
 Guess eigenstates
 -1.50000000
  0.50000000
  0.50000000
  0.50000000
 Guess eigenstates
 -1.50000000
  0.50000000
  0.50000000
  0.50000000
 Guess eigenstates
 -1.50000000
  0.50000000
  0.50000000
  0.50000000

 Prepare Lattice Blocks:
[4, 4, 4, 4, 4, 4, 4, 4, 4, 4, 4, 4] [0, 0, 0, 0, 0, 0, 0, 0, 0, 0, 0, 0]
 Block 0   :    0,    1 : [4, 0, 0]
 Block 1   :    2,    3 : [4, 0, 0]
 Block 2   :    4,    5 : [4, 0, 0]
 Block 3   :    6,    7 : [4, 0, 0]
 Block 4   :    8,    9 : [4, 0, 0]
 Block 5   :   10,   11 : [4, 0, 0]
 Block 6   :   12,   13 : [4, 0, 0]
 Block 7   :   14,   15 : [4, 0, 0]
 Block 8   :   16,   17 : [4, 0, 0]
 Block 9   :   18,   19 : [4, 0, 0]
 Block 10  :   20,   21 : [4, 0, 0]
 Block 11  :   22,   23 : [4, 0, 0]

 Prepare Tucker blocks:
   0   0   0   0   0   0   0   0   0   0   0   0 ::    4   4   4   4   4   4   4   4   4   4   4   4 :: 16777216  Range=        0:16777216

 Solve for supersystem eigenvalues: Dimension =  16777216
  Davidson Iter    1  |  Vecs:   2 :  |      -18.00000000  |  9.2e+01 
  Davidson Iter    2  |  Vecs:   3 :  |     -123.31068742  |  9.1e+01 
  Davidson Iter    3  |  Vecs:   4 :  |     -198.10437313  |  8.6e+01 
  Davidson Iter    4  |  Vecs:   5 :  |     -253.42874346  |  7.8e+01 
  Davidson Iter    5  |  Vecs:   6 :  |     -294.37056216  |  6.9e+01 
  Davidson Iter    6  |  Vecs:   7 :  |     -324.16184607  |  6.0e+01 
  Davidson Iter    7  |  Vecs:   8 :  |     -345.42721290  |  5.0e+01 
  Davidson Iter    8  |  Vecs:   9 :  |     -360.05473287  |  4.1e+01 
  Davidson Iter    9  |  Vecs:  10 :  |     -369.40308406  |  3.2e+01 
  Davidson Iter   10  |  Vecs:  11 :  |     -374.71814447  |  2.3e+01 
  Davidson Iter   11  |  Vecs:  12 :  |     -377.16957431  |  1.4e+01 
  Davidson Iter   12  |  Vecs:  13 :  |     -378.03860436  |  8.0e+00 
  Davidson Iter   13  |  Vecs:  14 :  |     -378.30379992  |  4.3e+00 
  Davidson Iter   14  |  Vecs:  15 :  |     -378.38264546  |  2.4e+00 
  Davidson Iter   15  |  Vecs:  16 :  |     -378.40571254  |  1.3e+00 
  Davidson Iter   16  |  Vecs:  17 :  |     -378.41240920  |  6.9e-01 
  Davidson Iter   17  |  Vecs:  18 :  |     -378.41448426  |  4.0e-01 
  Davidson Iter   18  |  Vecs:  19 :  |     -378.41521815  |  2.5e-01 
  Davidson Iter   19  |  Vecs:  20 :  |     -378.41549077  |  1.5e-01 
  Davidson Iter   20  |  Vecs:  21 :  |     -378.41558188  |  8.2e-02 
  Davidson Iter   21  |  Vecs:  22 :  |     -378.41560911  |  4.8e-02 
  Davidson Iter   22  |  Vecs:  23 :  |     -378.41561848  |  2.8e-02 
  Davidson Iter   23  |  Vecs:  24 :  |     -378.41562180  |  1.7e-02 
  Davidson Iter   24  |  Vecs:  25 :  |     -378.41562306  |  1.0e-02 
  Davidson Iter   25  |  Vecs:  26 :  |     -378.41562352  |  6.0e-03 
  Davidson Iter   26  |  Vecs:  27 :  |     -378.41562369  |  3.7e-03 
  Davidson Iter   27  |  Vecs:  28 :  |     -378.41562375  |  2.1e-03 
  Davidson Iter   28  |  Vecs:  29 :  |     -378.41562377  |  1.1e-03 
  Davidson Iter   29  |  Vecs:  30 :  |     -378.41562378  |  5.6e-04 
  Davidson Iter   30  |  Vecs:  31 :  |     -378.41562378  |  3.1e-04 
 Davidson Not Converged
  Davidson Iter   30  |  Vecs:  31 :  |     -378.41562378  |  3.1e-04 

S2 (1, 1)
 State              Energy          Relative          <S2>
     0 =     -378.41562378        0.00000000    0.00000000

 Compute Block Reduced Density Matrices (BRDM):
trace(b):   1.00000000
trace(b):   1.00000000
trace(b):   1.00000000
trace(b):   1.00000000
trace(b):   1.00000000
trace(b):   1.00000000
trace(b):   1.00000000
trace(b):   1.00000000
trace(b):   1.00000000
trace(b):   1.00000000
trace(b):   1.00000000
trace(b):   1.00000000

 Compute Eigenvalues of BRDMs:
 Dimension of Error Vector matrix:  (0,)
