 j12:
[[ 0. -1.  0.  0.  0.  0. -4.  0.  0.  0.  0.  0.  0.  0.  0.  0.  0.  0.
   0.  0.  0.  0.  0.  0.]
 [-4.  0. -4.  0.  0.  0.  0. -4.  0.  0.  0.  0.  0.  0.  0.  0.  0.  0.
   0.  0.  0.  0.  0.  0.]
 [ 0. -1.  0. -1.  0.  0.  0.  0. -4.  0.  0.  0.  0.  0.  0.  0.  0.  0.
   0.  0.  0.  0.  0.  0.]
 [ 0.  0. -4.  0. -4.  0.  0.  0.  0. -4.  0.  0.  0.  0.  0.  0.  0.  0.
   0.  0.  0.  0.  0.  0.]
 [ 0.  0.  0. -1.  0. -1.  0.  0.  0.  0. -4.  0.  0.  0.  0.  0.  0.  0.
   0.  0.  0.  0.  0.  0.]
 [ 0.  0.  0.  0. -4.  0.  0.  0.  0.  0.  0. -4.  0.  0.  0.  0.  0.  0.
   0.  0.  0.  0.  0.  0.]
 [-4.  0.  0.  0.  0.  0.  0. -1.  0.  0.  0.  0. -4.  0.  0.  0.  0.  0.
   0.  0.  0.  0.  0.  0.]
 [ 0. -4.  0.  0.  0.  0. -4.  0. -4.  0.  0.  0.  0. -4.  0.  0.  0.  0.
   0.  0.  0.  0.  0.  0.]
 [ 0.  0. -4.  0.  0.  0.  0. -1.  0. -1.  0.  0.  0.  0. -4.  0.  0.  0.
   0.  0.  0.  0.  0.  0.]
 [ 0.  0.  0. -4.  0.  0.  0.  0. -4.  0. -4.  0.  0.  0.  0. -4.  0.  0.
   0.  0.  0.  0.  0.  0.]
 [ 0.  0.  0.  0. -4.  0.  0.  0.  0. -1.  0. -1.  0.  0.  0.  0. -4.  0.
   0.  0.  0.  0.  0.  0.]
 [ 0.  0.  0.  0.  0. -4.  0.  0.  0.  0. -4.  0.  0.  0.  0.  0.  0. -4.
   0.  0.  0.  0.  0.  0.]
 [ 0.  0.  0.  0.  0.  0. -4.  0.  0.  0.  0.  0.  0. -1.  0.  0.  0.  0.
  -4.  0.  0.  0.  0.  0.]
 [ 0.  0.  0.  0.  0.  0.  0. -4.  0.  0.  0.  0. -4.  0. -4.  0.  0.  0.
   0. -4.  0.  0.  0.  0.]
 [ 0.  0.  0.  0.  0.  0.  0.  0. -4.  0.  0.  0.  0. -1.  0. -1.  0.  0.
   0.  0. -4.  0.  0.  0.]
 [ 0.  0.  0.  0.  0.  0.  0.  0.  0. -4.  0.  0.  0.  0. -4.  0. -4.  0.
   0.  0.  0. -4.  0.  0.]
 [ 0.  0.  0.  0.  0.  0.  0.  0.  0.  0. -4.  0.  0.  0.  0. -1.  0. -1.
   0.  0.  0.  0. -4.  0.]
 [ 0.  0.  0.  0.  0.  0.  0.  0.  0.  0.  0. -4.  0.  0.  0.  0. -4.  0.
   0.  0.  0.  0.  0. -4.]
 [ 0.  0.  0.  0.  0.  0.  0.  0.  0.  0.  0.  0. -4.  0.  0.  0.  0.  0.
   0. -1.  0.  0.  0.  0.]
 [ 0.  0.  0.  0.  0.  0.  0.  0.  0.  0.  0.  0.  0. -4.  0.  0.  0.  0.
  -4.  0. -4.  0.  0.  0.]
 [ 0.  0.  0.  0.  0.  0.  0.  0.  0.  0.  0.  0.  0.  0. -4.  0.  0.  0.
   0. -1.  0. -1.  0.  0.]
 [ 0.  0.  0.  0.  0.  0.  0.  0.  0.  0.  0.  0.  0.  0.  0. -4.  0.  0.
   0.  0. -4.  0. -4.  0.]
 [ 0.  0.  0.  0.  0.  0.  0.  0.  0.  0.  0.  0.  0.  0.  0.  0. -4.  0.
   0.  0.  0. -1.  0. -1.]
 [ 0.  0.  0.  0.  0.  0.  0.  0.  0.  0.  0.  0.  0.  0.  0.  0.  0. -4.
   0.  0.  0.  0. -4.  0.]]
 lattice:
[1 1 1 1 1 1 1 1 1 1 1 1 1 1 1 1 1 1 1 1 1 1 1 1]
 blocks:
[[ 0  1]
 [ 2  3]
 [ 4  5]
 [ 6  7]
 [ 8  9]
 [10 11]
 [12 13]
 [14 15]
 [16 17]
 [18 19]
 [20 21]
 [22 23]]
 n_blocks:
12
 Generate initial guess vectors
 Guess eigenstates
 -1.50000000
  0.50000000
  0.50000000
  0.50000000
 Guess eigenstates
 -1.50000000
  0.50000000
  0.50000000
  0.50000000
 Guess eigenstates
 -1.50000000
  0.50000000
  0.50000000
  0.50000000
 Guess eigenstates
 -1.50000000
  0.50000000
  0.50000000
  0.50000000
 Guess eigenstates
 -1.50000000
  0.50000000
  0.50000000
  0.50000000
 Guess eigenstates
 -1.50000000
  0.50000000
  0.50000000
  0.50000000
 Guess eigenstates
 -1.50000000
  0.50000000
  0.50000000
  0.50000000
 Guess eigenstates
 -1.50000000
  0.50000000
  0.50000000
  0.50000000
 Guess eigenstates
 -1.50000000
  0.50000000
  0.50000000
  0.50000000
 Guess eigenstates
 -1.50000000
  0.50000000
  0.50000000
  0.50000000
 Guess eigenstates
 -1.50000000
  0.50000000
  0.50000000
  0.50000000
 Guess eigenstates
 -1.50000000
  0.50000000
  0.50000000
  0.50000000

 Prepare Lattice Blocks:
[4, 4, 4, 4, 4, 4, 4, 4, 4, 4, 4, 4] [0, 0, 0, 0, 0, 0, 0, 0, 0, 0, 0, 0]
 Block 0   :    0,    1 : [4, 0, 0]
 Block 1   :    2,    3 : [4, 0, 0]
 Block 2   :    4,    5 : [4, 0, 0]
 Block 3   :    6,    7 : [4, 0, 0]
 Block 4   :    8,    9 : [4, 0, 0]
 Block 5   :   10,   11 : [4, 0, 0]
 Block 6   :   12,   13 : [4, 0, 0]
 Block 7   :   14,   15 : [4, 0, 0]
 Block 8   :   16,   17 : [4, 0, 0]
 Block 9   :   18,   19 : [4, 0, 0]
 Block 10  :   20,   21 : [4, 0, 0]
 Block 11  :   22,   23 : [4, 0, 0]

 Prepare Tucker blocks:
   0   0   0   0   0   0   0   0   0   0   0   0 ::    4   4   4   4   4   4   4   4   4   4   4   4 :: 16777216  Range=        0:16777216

 Solve for supersystem eigenvalues: Dimension =  16777216
  Davidson Iter    1  |  Vecs:   2 :  |      -18.00000000  |  2.3e+01 
  Davidson Iter    2  |  Vecs:   3 :  |      -42.67280620  |  2.2e+01 
  Davidson Iter    3  |  Vecs:   4 :  |      -59.37812665  |  2.0e+01 
  Davidson Iter    4  |  Vecs:   5 :  |      -71.28193740  |  1.8e+01 
  Davidson Iter    5  |  Vecs:   6 :  |      -79.81419982  |  1.6e+01 
  Davidson Iter    6  |  Vecs:   7 :  |      -85.77318312  |  1.3e+01 
  Davidson Iter    7  |  Vecs:   8 :  |      -89.82557745  |  1.1e+01 
  Davidson Iter    8  |  Vecs:   9 :  |      -92.47106025  |  8.7e+00 
  Davidson Iter    9  |  Vecs:  10 :  |      -94.07098060  |  6.6e+00 
  Davidson Iter   10  |  Vecs:  11 :  |      -94.93298926  |  4.6e+00 
  Davidson Iter   11  |  Vecs:  12 :  |      -95.32206453  |  2.9e+00 
  Davidson Iter   12  |  Vecs:  13 :  |      -95.46551151  |  1.7e+00 
  Davidson Iter   13  |  Vecs:  14 :  |      -95.51421291  |  9.8e-01 
  Davidson Iter   14  |  Vecs:  15 :  |      -95.53131418  |  5.9e-01 
  Davidson Iter   15  |  Vecs:  16 :  |      -95.53742780  |  3.5e-01 
  Davidson Iter   16  |  Vecs:  17 :  |      -95.53953381  |  2.1e-01 
  Davidson Iter   17  |  Vecs:  18 :  |      -95.54027876  |  1.3e-01 
  Davidson Iter   18  |  Vecs:  19 :  |      -95.54056035  |  8.0e-02 
  Davidson Iter   19  |  Vecs:  20 :  |      -95.54066788  |  4.7e-02 
  Davidson Iter   20  |  Vecs:  21 :  |      -95.54070536  |  2.7e-02 
  Davidson Iter   21  |  Vecs:  22 :  |      -95.54071780  |  1.6e-02 
  Davidson Iter   22  |  Vecs:  23 :  |      -95.54072239  |  9.6e-03 
  Davidson Iter   23  |  Vecs:  24 :  |      -95.54072403  |  5.7e-03 
  Davidson Iter   24  |  Vecs:  25 :  |      -95.54072462  |  3.3e-03 
  Davidson Iter   25  |  Vecs:  26 :  |      -95.54072482  |  1.9e-03 
  Davidson Iter   26  |  Vecs:  27 :  |      -95.54072488  |  1.0e-03 
  Davidson Iter   27  |  Vecs:  28 :  |      -95.54072489  |  5.4e-04 
  Davidson Iter   28  |  Vecs:  29 :  |      -95.54072490  |  2.6e-04 
  Davidson Iter   29  |  Vecs:  30 :  |      -95.54072490  |  1.3e-04 
  Davidson Iter   30  |  Vecs:  31 :  |      -95.54072490  |  6.6e-05 
 Davidson Not Converged
  Davidson Iter   30  |  Vecs:  31 :  |      -95.54072490  |  6.6e-05 

S2 (1, 1)
 State              Energy          Relative          <S2>
     0 =      -95.54072490        0.00000000    0.00000000

 Compute Block Reduced Density Matrices (BRDM):
trace(b):   1.00000000
trace(b):   1.00000000
trace(b):   1.00000000
trace(b):   1.00000000
trace(b):   1.00000000
trace(b):   1.00000000
trace(b):   1.00000000
trace(b):   1.00000000
trace(b):   1.00000000
trace(b):   1.00000000
trace(b):   1.00000000
trace(b):   1.00000000

 Compute Eigenvalues of BRDMs:
 Dimension of Error Vector matrix:  (0,)
