 j12:
[[ 0. -1.  0.  0.  0.  0. -2.  0.  0.  0.  0.  0.  0.  0.  0.  0.  0.  0.
   0.  0.  0.  0.  0.  0.]
 [-2.  0. -2.  0.  0.  0.  0. -2.  0.  0.  0.  0.  0.  0.  0.  0.  0.  0.
   0.  0.  0.  0.  0.  0.]
 [ 0. -1.  0. -1.  0.  0.  0.  0. -2.  0.  0.  0.  0.  0.  0.  0.  0.  0.
   0.  0.  0.  0.  0.  0.]
 [ 0.  0. -2.  0. -2.  0.  0.  0.  0. -2.  0.  0.  0.  0.  0.  0.  0.  0.
   0.  0.  0.  0.  0.  0.]
 [ 0.  0.  0. -1.  0. -1.  0.  0.  0.  0. -2.  0.  0.  0.  0.  0.  0.  0.
   0.  0.  0.  0.  0.  0.]
 [ 0.  0.  0.  0. -2.  0.  0.  0.  0.  0.  0. -2.  0.  0.  0.  0.  0.  0.
   0.  0.  0.  0.  0.  0.]
 [-2.  0.  0.  0.  0.  0.  0. -1.  0.  0.  0.  0. -2.  0.  0.  0.  0.  0.
   0.  0.  0.  0.  0.  0.]
 [ 0. -2.  0.  0.  0.  0. -2.  0. -2.  0.  0.  0.  0. -2.  0.  0.  0.  0.
   0.  0.  0.  0.  0.  0.]
 [ 0.  0. -2.  0.  0.  0.  0. -1.  0. -1.  0.  0.  0.  0. -2.  0.  0.  0.
   0.  0.  0.  0.  0.  0.]
 [ 0.  0.  0. -2.  0.  0.  0.  0. -2.  0. -2.  0.  0.  0.  0. -2.  0.  0.
   0.  0.  0.  0.  0.  0.]
 [ 0.  0.  0.  0. -2.  0.  0.  0.  0. -1.  0. -1.  0.  0.  0.  0. -2.  0.
   0.  0.  0.  0.  0.  0.]
 [ 0.  0.  0.  0.  0. -2.  0.  0.  0.  0. -2.  0.  0.  0.  0.  0.  0. -2.
   0.  0.  0.  0.  0.  0.]
 [ 0.  0.  0.  0.  0.  0. -2.  0.  0.  0.  0.  0.  0. -1.  0.  0.  0.  0.
  -2.  0.  0.  0.  0.  0.]
 [ 0.  0.  0.  0.  0.  0.  0. -2.  0.  0.  0.  0. -2.  0. -2.  0.  0.  0.
   0. -2.  0.  0.  0.  0.]
 [ 0.  0.  0.  0.  0.  0.  0.  0. -2.  0.  0.  0.  0. -1.  0. -1.  0.  0.
   0.  0. -2.  0.  0.  0.]
 [ 0.  0.  0.  0.  0.  0.  0.  0.  0. -2.  0.  0.  0.  0. -2.  0. -2.  0.
   0.  0.  0. -2.  0.  0.]
 [ 0.  0.  0.  0.  0.  0.  0.  0.  0.  0. -2.  0.  0.  0.  0. -1.  0. -1.
   0.  0.  0.  0. -2.  0.]
 [ 0.  0.  0.  0.  0.  0.  0.  0.  0.  0.  0. -2.  0.  0.  0.  0. -2.  0.
   0.  0.  0.  0.  0. -2.]
 [ 0.  0.  0.  0.  0.  0.  0.  0.  0.  0.  0.  0. -2.  0.  0.  0.  0.  0.
   0. -1.  0.  0.  0.  0.]
 [ 0.  0.  0.  0.  0.  0.  0.  0.  0.  0.  0.  0.  0. -2.  0.  0.  0.  0.
  -2.  0. -2.  0.  0.  0.]
 [ 0.  0.  0.  0.  0.  0.  0.  0.  0.  0.  0.  0.  0.  0. -2.  0.  0.  0.
   0. -1.  0. -1.  0.  0.]
 [ 0.  0.  0.  0.  0.  0.  0.  0.  0.  0.  0.  0.  0.  0.  0. -2.  0.  0.
   0.  0. -2.  0. -2.  0.]
 [ 0.  0.  0.  0.  0.  0.  0.  0.  0.  0.  0.  0.  0.  0.  0.  0. -2.  0.
   0.  0.  0. -1.  0. -1.]
 [ 0.  0.  0.  0.  0.  0.  0.  0.  0.  0.  0.  0.  0.  0.  0.  0.  0. -2.
   0.  0.  0.  0. -2.  0.]]
 lattice:
[1 1 1 1 1 1 1 1 1 1 1 1 1 1 1 1 1 1 1 1 1 1 1 1]
 blocks:
[[ 0  1]
 [ 2  3]
 [ 4  5]
 [ 6  7]
 [ 8  9]
 [10 11]
 [12 13]
 [14 15]
 [16 17]
 [18 19]
 [20 21]
 [22 23]]
 n_blocks:
12
 Generate initial guess vectors
 Guess eigenstates
 -1.50000000
  0.50000000
  0.50000000
  0.50000000
 Guess eigenstates
 -1.50000000
  0.50000000
  0.50000000
  0.50000000
 Guess eigenstates
 -1.50000000
  0.50000000
  0.50000000
  0.50000000
 Guess eigenstates
 -1.50000000
  0.50000000
  0.50000000
  0.50000000
 Guess eigenstates
 -1.50000000
  0.50000000
  0.50000000
  0.50000000
 Guess eigenstates
 -1.50000000
  0.50000000
  0.50000000
  0.50000000
 Guess eigenstates
 -1.50000000
  0.50000000
  0.50000000
  0.50000000
 Guess eigenstates
 -1.50000000
  0.50000000
  0.50000000
  0.50000000
 Guess eigenstates
 -1.50000000
  0.50000000
  0.50000000
  0.50000000
 Guess eigenstates
 -1.50000000
  0.50000000
  0.50000000
  0.50000000
 Guess eigenstates
 -1.50000000
  0.50000000
  0.50000000
  0.50000000
 Guess eigenstates
 -1.50000000
  0.50000000
  0.50000000
  0.50000000

 Prepare Lattice Blocks:
[1, 1, 1, 1, 1, 1, 1, 1, 1, 1, 1, 1] [3, 3, 3, 3, 3, 3, 3, 3, 3, 3, 3, 3]
 Block 0   :    0,    1 : [1, 3, 0]
 Block 1   :    2,    3 : [1, 3, 0]
 Block 2   :    4,    5 : [1, 3, 0]
 Block 3   :    6,    7 : [1, 3, 0]
 Block 4   :    8,    9 : [1, 3, 0]
 Block 5   :   10,   11 : [1, 3, 0]
 Block 6   :   12,   13 : [1, 3, 0]
 Block 7   :   14,   15 : [1, 3, 0]
 Block 8   :   16,   17 : [1, 3, 0]
 Block 9   :   18,   19 : [1, 3, 0]
 Block 10  :   20,   21 : [1, 3, 0]
 Block 11  :   22,   23 : [1, 3, 0]

 Prepare Tucker blocks:
   0   0   0   0   0   0   0   0   0   0   0   0 ::    1   1   1   1   1   1   1   1   1   1   1   1 ::      1  Range=        0:1       
   1   0   0   0   0   0   0   0   0   0   0   0 ::    3   1   1   1   1   1   1   1   1   1   1   1 ::      3  Range=        1:4       
   0   1   0   0   0   0   0   0   0   0   0   0 ::    1   3   1   1   1   1   1   1   1   1   1   1 ::      3  Range=        4:7       
   0   0   1   0   0   0   0   0   0   0   0   0 ::    1   1   3   1   1   1   1   1   1   1   1   1 ::      3  Range=        7:10      
   0   0   0   1   0   0   0   0   0   0   0   0 ::    1   1   1   3   1   1   1   1   1   1   1   1 ::      3  Range=       10:13      
   0   0   0   0   1   0   0   0   0   0   0   0 ::    1   1   1   1   3   1   1   1   1   1   1   1 ::      3  Range=       13:16      
   0   0   0   0   0   1   0   0   0   0   0   0 ::    1   1   1   1   1   3   1   1   1   1   1   1 ::      3  Range=       16:19      
   0   0   0   0   0   0   1   0   0   0   0   0 ::    1   1   1   1   1   1   3   1   1   1   1   1 ::      3  Range=       19:22      
   0   0   0   0   0   0   0   1   0   0   0   0 ::    1   1   1   1   1   1   1   3   1   1   1   1 ::      3  Range=       22:25      
   0   0   0   0   0   0   0   0   1   0   0   0 ::    1   1   1   1   1   1   1   1   3   1   1   1 ::      3  Range=       25:28      
   0   0   0   0   0   0   0   0   0   1   0   0 ::    1   1   1   1   1   1   1   1   1   3   1   1 ::      3  Range=       28:31      
   0   0   0   0   0   0   0   0   0   0   1   0 ::    1   1   1   1   1   1   1   1   1   1   3   1 ::      3  Range=       31:34      
   0   0   0   0   0   0   0   0   0   0   0   1 ::    1   1   1   1   1   1   1   1   1   1   1   3 ::      3  Range=       34:37      

 Build Hamiltonian:
 Diagonalize Hamiltonian: Size of H:  (37, 37)
 State              Energy          Relative          <S2>
     0 =      -20.65028154        0.00000000    2.00000000
     1 =      -20.65028154        0.00000000    2.00000000
     2 =      -20.65028154        0.00000000    2.00000000
     3 =      -19.23606798        1.41421356    2.00000000
     4 =      -19.23606798        1.41421356    2.00000000
     5 =      -19.23606798        1.41421356    2.00000000
     6 =      -18.65028154        2.00000000    2.00000000
     7 =      -18.65028154        2.00000000    2.00000000
     8 =      -18.65028154        2.00000000    2.00000000
     9 =      -18.00000000        2.65028154    0.00000000

 Compute Block Reduced Density Matrices (BRDM):
trace(b):   1.00000000
trace(b):   1.00000000
trace(b):   1.00000000
trace(b):   1.00000000
trace(b):   1.00000000
trace(b):   1.00000000
trace(b):   1.00000000
trace(b):   1.00000000
trace(b):   1.00000000
trace(b):   1.00000000
trace(b):   1.00000000
trace(b):   1.00000000

 Compute Eigenvalues of BRDMs:


   Eigenvalues of BRDM for   Block 0   :    0,    1 : [1, 3, 0]
   -----------------------------------------------------------------------------
   Local State         Occ. Number               <H>          <S2>          <Sz> 
   0                    0.96545085       -1.50000000        0.0000       -0.0000 
   1                    0.01977071        0.50000000        2.0000        0.9999 
   2                    0.01477317        0.50000000        2.0000       -0.9999 
   3                    0.00000526        0.50000000        2.0000        0.0000 


   Eigenvalues of BRDM for   Block 1   :    2,    3 : [1, 3, 0]
   -----------------------------------------------------------------------------
   Local State         Occ. Number               <H>          <S2>          <Sz> 
   0                    0.93090170       -1.50000000        0.0000       -0.0000 
   1                    0.04012236        0.50000000        2.0000        0.9994 
   2                    0.02896551        0.50000000        2.0000       -0.9994 
   3                    0.00001043        0.50000000        2.0000        0.0000 


   Eigenvalues of BRDM for   Block 2   :    4,    5 : [1, 3, 0]
   -----------------------------------------------------------------------------
   Local State         Occ. Number               <H>          <S2>          <Sz> 
   0                    0.96545085       -1.50000000        0.0000        0.0000 
   1                    0.01977071        0.50000000        2.0000        0.9999 
   2                    0.01477317        0.50000000        2.0000       -0.9999 
   3                    0.00000526        0.50000000        2.0000        0.0000 


   Eigenvalues of BRDM for   Block 3   :    6,    7 : [1, 3, 0]
   -----------------------------------------------------------------------------
   Local State         Occ. Number               <H>          <S2>          <Sz> 
   0                    0.90954915       -1.50000000        0.0000       -0.0000 
   1                    0.05298772        0.50000000        2.0000        0.9990 
   2                    0.03744955        0.50000000        2.0000       -0.9990 
   3                    0.00001358        0.50000000        2.0000        0.0000 


   Eigenvalues of BRDM for   Block 4   :    8,    9 : [1, 3, 0]
   -----------------------------------------------------------------------------
   Local State         Occ. Number               <H>          <S2>          <Sz> 
   0                    0.81909830       -1.50000000        0.0000       -0.0000 
   1                    0.10987122        0.50000000        2.0000        0.9961 
   2                    0.07100392        0.50000000        2.0000       -0.9961 
   3                    0.00002656        0.50000000        2.0000        0.0000 


   Eigenvalues of BRDM for   Block 5   :   10,   11 : [1, 3, 0]
   -----------------------------------------------------------------------------
   Local State         Occ. Number               <H>          <S2>          <Sz> 
   0                    0.90954915       -1.50000000        0.0000       -0.0000 
   1                    0.05298772        0.50000000        2.0000        0.9990 
   2                    0.03744955        0.50000000        2.0000       -0.9990 
   3                    0.00001358        0.50000000        2.0000        0.0000 


   Eigenvalues of BRDM for   Block 6   :   12,   13 : [1, 3, 0]
   -----------------------------------------------------------------------------
   Local State         Occ. Number               <H>          <S2>          <Sz> 
   0                    0.90954915       -1.50000000        0.0000       -0.0000 
   1                    0.05298772        0.50000000        2.0000        0.9990 
   2                    0.03744955        0.50000000        2.0000       -0.9990 
   3                    0.00001358        0.50000000        2.0000        0.0000 


   Eigenvalues of BRDM for   Block 7   :   14,   15 : [1, 3, 0]
   -----------------------------------------------------------------------------
   Local State         Occ. Number               <H>          <S2>          <Sz> 
   0                    0.81909830       -1.50000000        0.0000        0.0000 
   1                    0.10987122        0.50000000        2.0000        0.9961 
   2                    0.07100392        0.50000000        2.0000       -0.9961 
   3                    0.00002656        0.50000000        2.0000        0.0000 


   Eigenvalues of BRDM for   Block 8   :   16,   17 : [1, 3, 0]
   -----------------------------------------------------------------------------
   Local State         Occ. Number               <H>          <S2>          <Sz> 
   0                    0.90954915       -1.50000000        0.0000        0.0000 
   1                    0.05298772        0.50000000        2.0000        0.9990 
   2                    0.03744955        0.50000000        2.0000       -0.9990 
   3                    0.00001358        0.50000000        2.0000        0.0000 


   Eigenvalues of BRDM for   Block 9   :   18,   19 : [1, 3, 0]
   -----------------------------------------------------------------------------
   Local State         Occ. Number               <H>          <S2>          <Sz> 
   0                    0.96545085       -1.50000000        0.0000       -0.0000 
   1                    0.01977071        0.50000000        2.0000        0.9999 
   2                    0.01477317        0.50000000        2.0000       -0.9999 
   3                    0.00000526        0.50000000        2.0000        0.0000 


   Eigenvalues of BRDM for   Block 10  :   20,   21 : [1, 3, 0]
   -----------------------------------------------------------------------------
   Local State         Occ. Number               <H>          <S2>          <Sz> 
   0                    0.93090170       -1.50000000        0.0000       -0.0000 
   1                    0.04012236        0.50000000        2.0000        0.9994 
   2                    0.02896551        0.50000000        2.0000       -0.9994 
   3                    0.00001043        0.50000000        2.0000        0.0000 


   Eigenvalues of BRDM for   Block 11  :   22,   23 : [1, 3, 0]
   -----------------------------------------------------------------------------
   Local State         Occ. Number               <H>          <S2>          <Sz> 
   0                    0.96545085       -1.50000000        0.0000       -0.0000 
   1                    0.01977071        0.50000000        2.0000        0.9999 
   2                    0.01477317        0.50000000        2.0000       -0.9999 
   3                    0.00000526        0.50000000        2.0000        0.0000 
  Iteration        Energy         Delta
          0  -20.65028154              
