 j12:
[[ 0. -1.  0.  0.  0.  0. -1.  0.  0.  0.  0.  0.  0.  0.  0.  0.  0.  0.
   0.  0.  0.  0.  0.  0.]
 [-1.  0. -1.  0.  0.  0.  0. -1.  0.  0.  0.  0.  0.  0.  0.  0.  0.  0.
   0.  0.  0.  0.  0.  0.]
 [ 0. -1.  0. -1.  0.  0.  0.  0. -1.  0.  0.  0.  0.  0.  0.  0.  0.  0.
   0.  0.  0.  0.  0.  0.]
 [ 0.  0. -1.  0. -1.  0.  0.  0.  0. -1.  0.  0.  0.  0.  0.  0.  0.  0.
   0.  0.  0.  0.  0.  0.]
 [ 0.  0.  0. -1.  0. -1.  0.  0.  0.  0. -1.  0.  0.  0.  0.  0.  0.  0.
   0.  0.  0.  0.  0.  0.]
 [ 0.  0.  0.  0. -1.  0.  0.  0.  0.  0.  0. -1.  0.  0.  0.  0.  0.  0.
   0.  0.  0.  0.  0.  0.]
 [-1.  0.  0.  0.  0.  0.  0. -1.  0.  0.  0.  0. -1.  0.  0.  0.  0.  0.
   0.  0.  0.  0.  0.  0.]
 [ 0. -1.  0.  0.  0.  0. -1.  0. -1.  0.  0.  0.  0. -1.  0.  0.  0.  0.
   0.  0.  0.  0.  0.  0.]
 [ 0.  0. -1.  0.  0.  0.  0. -1.  0. -1.  0.  0.  0.  0. -1.  0.  0.  0.
   0.  0.  0.  0.  0.  0.]
 [ 0.  0.  0. -1.  0.  0.  0.  0. -1.  0. -1.  0.  0.  0.  0. -1.  0.  0.
   0.  0.  0.  0.  0.  0.]
 [ 0.  0.  0.  0. -1.  0.  0.  0.  0. -1.  0. -1.  0.  0.  0.  0. -1.  0.
   0.  0.  0.  0.  0.  0.]
 [ 0.  0.  0.  0.  0. -1.  0.  0.  0.  0. -1.  0.  0.  0.  0.  0.  0. -1.
   0.  0.  0.  0.  0.  0.]
 [ 0.  0.  0.  0.  0.  0. -1.  0.  0.  0.  0.  0.  0. -1.  0.  0.  0.  0.
  -1.  0.  0.  0.  0.  0.]
 [ 0.  0.  0.  0.  0.  0.  0. -1.  0.  0.  0.  0. -1.  0. -1.  0.  0.  0.
   0. -1.  0.  0.  0.  0.]
 [ 0.  0.  0.  0.  0.  0.  0.  0. -1.  0.  0.  0.  0. -1.  0. -1.  0.  0.
   0.  0. -1.  0.  0.  0.]
 [ 0.  0.  0.  0.  0.  0.  0.  0.  0. -1.  0.  0.  0.  0. -1.  0. -1.  0.
   0.  0.  0. -1.  0.  0.]
 [ 0.  0.  0.  0.  0.  0.  0.  0.  0.  0. -1.  0.  0.  0.  0. -1.  0. -1.
   0.  0.  0.  0. -1.  0.]
 [ 0.  0.  0.  0.  0.  0.  0.  0.  0.  0.  0. -1.  0.  0.  0.  0. -1.  0.
   0.  0.  0.  0.  0. -1.]
 [ 0.  0.  0.  0.  0.  0.  0.  0.  0.  0.  0.  0. -1.  0.  0.  0.  0.  0.
   0. -1.  0.  0.  0.  0.]
 [ 0.  0.  0.  0.  0.  0.  0.  0.  0.  0.  0.  0.  0. -1.  0.  0.  0.  0.
  -1.  0. -1.  0.  0.  0.]
 [ 0.  0.  0.  0.  0.  0.  0.  0.  0.  0.  0.  0.  0.  0. -1.  0.  0.  0.
   0. -1.  0. -1.  0.  0.]
 [ 0.  0.  0.  0.  0.  0.  0.  0.  0.  0.  0.  0.  0.  0.  0. -1.  0.  0.
   0.  0. -1.  0. -1.  0.]
 [ 0.  0.  0.  0.  0.  0.  0.  0.  0.  0.  0.  0.  0.  0.  0.  0. -1.  0.
   0.  0.  0. -1.  0. -1.]
 [ 0.  0.  0.  0.  0.  0.  0.  0.  0.  0.  0.  0.  0.  0.  0.  0.  0. -1.
   0.  0.  0.  0. -1.  0.]]
 lattice:
[1 1 1 1 1 1 1 1 1 1 1 1 1 1 1 1 1 1 1 1 1 1 1 1]
 blocks:
[[ 0  1]
 [ 2  3]
 [ 4  5]
 [ 6  7]
 [ 8  9]
 [10 11]
 [12 13]
 [14 15]
 [16 17]
 [18 19]
 [20 21]
 [22 23]]
 n_blocks:
12
 Generate initial guess vectors
 Guess eigenstates
 -1.50000000
  0.50000000
  0.50000000
  0.50000000
 Guess eigenstates
 -1.50000000
  0.50000000
  0.50000000
  0.50000000
 Guess eigenstates
 -1.50000000
  0.50000000
  0.50000000
  0.50000000
 Guess eigenstates
 -1.50000000
  0.50000000
  0.50000000
  0.50000000
 Guess eigenstates
 -1.50000000
  0.50000000
  0.50000000
  0.50000000
 Guess eigenstates
 -1.50000000
  0.50000000
  0.50000000
  0.50000000
 Guess eigenstates
 -1.50000000
  0.50000000
  0.50000000
  0.50000000
 Guess eigenstates
 -1.50000000
  0.50000000
  0.50000000
  0.50000000
 Guess eigenstates
 -1.50000000
  0.50000000
  0.50000000
  0.50000000
 Guess eigenstates
 -1.50000000
  0.50000000
  0.50000000
  0.50000000
 Guess eigenstates
 -1.50000000
  0.50000000
  0.50000000
  0.50000000
 Guess eigenstates
 -1.50000000
  0.50000000
  0.50000000
  0.50000000

 Prepare Lattice Blocks:
[4, 4, 4, 4, 4, 4, 4, 4, 4, 4, 4, 4] [0, 0, 0, 0, 0, 0, 0, 0, 0, 0, 0, 0]
 Block 0   :    0,    1 : [4, 0, 0]
 Block 1   :    2,    3 : [4, 0, 0]
 Block 2   :    4,    5 : [4, 0, 0]
 Block 3   :    6,    7 : [4, 0, 0]
 Block 4   :    8,    9 : [4, 0, 0]
 Block 5   :   10,   11 : [4, 0, 0]
 Block 6   :   12,   13 : [4, 0, 0]
 Block 7   :   14,   15 : [4, 0, 0]
 Block 8   :   16,   17 : [4, 0, 0]
 Block 9   :   18,   19 : [4, 0, 0]
 Block 10  :   20,   21 : [4, 0, 0]
 Block 11  :   22,   23 : [4, 0, 0]

 Prepare Tucker blocks:
   0   0   0   0   0   0   0   0   0   0   0   0 ::    4   4   4   4   4   4   4   4   4   4   4   4 :: 16777216  Range=        0:16777216

 Solve for supersystem eigenvalues: Dimension =  16777216
  Davidson Iter    1  |  Vecs:   2 :  |      -18.00000000  |  5.7e+00 
  Davidson Iter    2  |  Vecs:   3 :  |      -22.75631954  |  4.8e+00 
  Davidson Iter    3  |  Vecs:   4 :  |      -25.26513679  |  3.9e+00 
  Davidson Iter    4  |  Vecs:   5 :  |      -26.68752329  |  3.1e+00 
  Davidson Iter    5  |  Vecs:   6 :  |      -27.49942122  |  2.4e+00 
  Davidson Iter    6  |  Vecs:   7 :  |      -27.92571927  |  1.7e+00 
  Davidson Iter    7  |  Vecs:   8 :  |      -28.12605622  |  1.1e+00 
  Davidson Iter    8  |  Vecs:   9 :  |      -28.21133962  |  7.0e-01 
  Davidson Iter    9  |  Vecs:  10 :  |      -28.24371526  |  4.1e-01 
  Davidson Iter   10  |  Vecs:  11 :  |      -28.25417913  |  2.2e-01 
  Davidson Iter   11  |  Vecs:  12 :  |      -28.25710004  |  1.2e-01 
  Davidson Iter   12  |  Vecs:  13 :  |      -28.25789611  |  6.3e-02 
  Davidson Iter   13  |  Vecs:  14 :  |      -28.25814320  |  3.7e-02 
  Davidson Iter   14  |  Vecs:  15 :  |      -28.25823702  |  2.3e-02 
  Davidson Iter   15  |  Vecs:  16 :  |      -28.25827455  |  1.4e-02 
  Davidson Iter   16  |  Vecs:  17 :  |      -28.25828796  |  8.2e-03 
  Davidson Iter   17  |  Vecs:  18 :  |      -28.25829220  |  4.4e-03 
  Davidson Iter   18  |  Vecs:  19 :  |      -28.25829335  |  2.2e-03 
  Davidson Iter   19  |  Vecs:  20 :  |      -28.25829364  |  1.1e-03 
  Davidson Iter   20  |  Vecs:  21 :  |      -28.25829371  |  5.3e-04 
  Davidson Iter   21  |  Vecs:  22 :  |      -28.25829372  |  2.7e-04 
  Davidson Iter   22  |  Vecs:  23 :  |      -28.25829373  |  1.4e-04 
  Davidson Iter   23  |  Vecs:  24 :  |      -28.25829373  |  6.6e-05 
  Davidson Iter   24  |  Vecs:  25 :  |      -28.25829373  |  3.2e-05 
  Davidson Iter   25  |  Vecs:  26 :  |      -28.25829373  |  1.5e-05 
  Davidson Iter   26  |  Vecs:  27 :  |      -28.25829373  |  7.9e-06 
  Davidson Iter   27  |  Vecs:  28 :  |      -28.25829373  |  4.2e-06 
  Davidson Iter   28  |  Vecs:  29 :  |      -28.25829373  |  2.1e-06 
  Davidson Iter   29  |  Vecs:  30 :  |      -28.25829373  |  1.0e-06 
  Davidson Iter   30  |  Vecs:  31 :  |      -28.25829373  |  5.0e-07 
 Davidson Not Converged
  Davidson Iter   30  |  Vecs:  31 :  |      -28.25829373  |  5.0e-07 

S2 (1, 1)
 State              Energy          Relative          <S2>
     0 =      -28.25829373        0.00000000    0.00000000

 Compute Block Reduced Density Matrices (BRDM):
trace(b):   1.00000000
trace(b):   1.00000000
trace(b):   1.00000000
trace(b):   1.00000000
trace(b):   1.00000000
trace(b):   1.00000000
trace(b):   1.00000000
trace(b):   1.00000000
trace(b):   1.00000000
trace(b):   1.00000000
trace(b):   1.00000000
trace(b):   1.00000000

 Compute Eigenvalues of BRDMs:
 Dimension of Error Vector matrix:  (0,)
