 j12:
[[ 0.    -1.     0.     0.     0.     0.    -1.     0.     0.     0.     0.
   0.     0.     0.     0.     0.     0.     0.     0.     0.     0.     0.
   0.     0.   ]
 [-1.     0.    -0.125  0.     0.     0.     0.    -1.     0.     0.     0.
   0.     0.     0.     0.     0.     0.     0.     0.     0.     0.     0.
   0.     0.   ]
 [ 0.    -0.125  0.    -1.     0.     0.     0.     0.    -1.     0.     0.
   0.     0.     0.     0.     0.     0.     0.     0.     0.     0.     0.
   0.     0.   ]
 [ 0.     0.    -1.     0.    -0.125  0.     0.     0.     0.    -1.     0.
   0.     0.     0.     0.     0.     0.     0.     0.     0.     0.     0.
   0.     0.   ]
 [ 0.     0.     0.    -0.125  0.    -1.     0.     0.     0.     0.    -1.
   0.     0.     0.     0.     0.     0.     0.     0.     0.     0.     0.
   0.     0.   ]
 [ 0.     0.     0.     0.    -1.     0.     0.     0.     0.     0.     0.
  -1.     0.     0.     0.     0.     0.     0.     0.     0.     0.     0.
   0.     0.   ]
 [-1.     0.     0.     0.     0.     0.     0.    -1.     0.     0.     0.
   0.    -0.125  0.     0.     0.     0.     0.     0.     0.     0.     0.
   0.     0.   ]
 [ 0.    -1.     0.     0.     0.     0.    -1.     0.    -0.125  0.     0.
   0.     0.    -0.125  0.     0.     0.     0.     0.     0.     0.     0.
   0.     0.   ]
 [ 0.     0.    -1.     0.     0.     0.     0.    -0.125  0.    -1.     0.
   0.     0.     0.    -0.125  0.     0.     0.     0.     0.     0.     0.
   0.     0.   ]
 [ 0.     0.     0.    -1.     0.     0.     0.     0.    -1.     0.    -0.125
   0.     0.     0.     0.    -0.125  0.     0.     0.     0.     0.     0.
   0.     0.   ]
 [ 0.     0.     0.     0.    -1.     0.     0.     0.     0.    -0.125  0.
  -1.     0.     0.     0.     0.    -0.125  0.     0.     0.     0.     0.
   0.     0.   ]
 [ 0.     0.     0.     0.     0.    -1.     0.     0.     0.     0.    -1.
   0.     0.     0.     0.     0.     0.    -0.125  0.     0.     0.     0.
   0.     0.   ]
 [ 0.     0.     0.     0.     0.     0.    -0.125  0.     0.     0.     0.
   0.     0.    -1.     0.     0.     0.     0.    -1.     0.     0.     0.
   0.     0.   ]
 [ 0.     0.     0.     0.     0.     0.     0.    -0.125  0.     0.     0.
   0.    -1.     0.    -0.125  0.     0.     0.     0.    -1.     0.     0.
   0.     0.   ]
 [ 0.     0.     0.     0.     0.     0.     0.     0.    -0.125  0.     0.
   0.     0.    -0.125  0.    -1.     0.     0.     0.     0.    -1.     0.
   0.     0.   ]
 [ 0.     0.     0.     0.     0.     0.     0.     0.     0.    -0.125  0.
   0.     0.     0.    -1.     0.    -0.125  0.     0.     0.     0.    -1.
   0.     0.   ]
 [ 0.     0.     0.     0.     0.     0.     0.     0.     0.     0.    -0.125
   0.     0.     0.     0.    -0.125  0.    -1.     0.     0.     0.     0.
  -1.     0.   ]
 [ 0.     0.     0.     0.     0.     0.     0.     0.     0.     0.     0.
  -0.125  0.     0.     0.     0.    -1.     0.     0.     0.     0.     0.
   0.    -1.   ]
 [ 0.     0.     0.     0.     0.     0.     0.     0.     0.     0.     0.
   0.    -1.     0.     0.     0.     0.     0.     0.    -1.     0.     0.
   0.     0.   ]
 [ 0.     0.     0.     0.     0.     0.     0.     0.     0.     0.     0.
   0.     0.    -1.     0.     0.     0.     0.    -1.     0.    -0.125  0.
   0.     0.   ]
 [ 0.     0.     0.     0.     0.     0.     0.     0.     0.     0.     0.
   0.     0.     0.    -1.     0.     0.     0.     0.    -0.125  0.    -1.
   0.     0.   ]
 [ 0.     0.     0.     0.     0.     0.     0.     0.     0.     0.     0.
   0.     0.     0.     0.    -1.     0.     0.     0.     0.    -1.     0.
  -0.125  0.   ]
 [ 0.     0.     0.     0.     0.     0.     0.     0.     0.     0.     0.
   0.     0.     0.     0.     0.    -1.     0.     0.     0.     0.    -0.125
   0.    -1.   ]
 [ 0.     0.     0.     0.     0.     0.     0.     0.     0.     0.     0.
   0.     0.     0.     0.     0.     0.    -1.     0.     0.     0.     0.
  -1.     0.   ]]
 lattice:
[1 1 1 1 1 1 1 1 1 1 1 1 1 1 1 1 1 1 1 1 1 1 1 1]
 blocks:
[[ 0  1  6  7]
 [ 2  3  8  9]
 [ 4  5 10 11]
 [12 13 18 19]
 [14 15 20 21]
 [16 17 22 23]]
 n_blocks:
6
 Generate initial guess vectors
 Guess eigenstates
 -4.00000000
 -2.00000000
 -2.00000000
 -1.97261632
 -0.02738368
 -0.00000000
 -0.00000000
 -0.00000000
 -0.00000000
 -0.00000000
  0.00000000
  2.00000000
  2.00000000
  2.00000000
  2.00000000
  2.00000000
 Guess eigenstates
 -4.00000000
 -2.00000000
 -2.00000000
 -1.97261632
 -0.02738368
 -0.00000000
 -0.00000000
 -0.00000000
 -0.00000000
 -0.00000000
  0.00000000
  2.00000000
  2.00000000
  2.00000000
  2.00000000
  2.00000000
 Guess eigenstates
 -4.00000000
 -2.00000000
 -2.00000000
 -1.97261632
 -0.02738368
 -0.00000000
 -0.00000000
 -0.00000000
 -0.00000000
 -0.00000000
  0.00000000
  2.00000000
  2.00000000
  2.00000000
  2.00000000
  2.00000000
 Guess eigenstates
 -4.00000000
 -2.00000000
 -2.00000000
 -1.97261632
 -0.02738368
 -0.00000000
 -0.00000000
 -0.00000000
 -0.00000000
 -0.00000000
  0.00000000
  2.00000000
  2.00000000
  2.00000000
  2.00000000
  2.00000000
 Guess eigenstates
 -4.00000000
 -2.00000000
 -2.00000000
 -1.97261632
 -0.02738368
 -0.00000000
 -0.00000000
 -0.00000000
 -0.00000000
 -0.00000000
  0.00000000
  2.00000000
  2.00000000
  2.00000000
  2.00000000
  2.00000000
 Guess eigenstates
 -4.00000000
 -2.00000000
 -2.00000000
 -1.97261632
 -0.02738368
 -0.00000000
 -0.00000000
 -0.00000000
 -0.00000000
 -0.00000000
  0.00000000
  2.00000000
  2.00000000
  2.00000000
  2.00000000
  2.00000000

 Prepare Lattice Blocks:
[1, 1, 1, 1, 1, 1] [15, 15, 15, 15, 15, 15]
 Block 0   :    0,    1,    6,    7 : [1, 15, 0]
 Block 1   :    2,    3,    8,    9 : [1, 15, 0]
 Block 2   :    4,    5,   10,   11 : [1, 15, 0]
 Block 3   :   12,   13,   18,   19 : [1, 15, 0]
 Block 4   :   14,   15,   20,   21 : [1, 15, 0]
 Block 5   :   16,   17,   22,   23 : [1, 15, 0]

 Prepare Tucker blocks:

 Configurations defining the variational space
   0   0   0   0   0   0 ::    1   1   1   1   1   1 ::      1  Range=        0:1       
   1   0   0   0   0   0 ::   15   1   1   1   1   1 ::     15  Range=        1:16      
   0   1   0   0   0   0 ::    1  15   1   1   1   1 ::     15  Range=       16:31      
   0   0   1   0   0   0 ::    1   1  15   1   1   1 ::     15  Range=       31:46      
   0   0   0   1   0   0 ::    1   1   1  15   1   1 ::     15  Range=       46:61      
   0   0   0   0   1   0 ::    1   1   1   1  15   1 ::     15  Range=       61:76      
   0   0   0   0   0   1 ::    1   1   1   1   1  15 ::     15  Range=       76:91      
   1   1   0   0   0   0 ::   15  15   1   1   1   1 ::    225  Range=       91:316     
   1   0   1   0   0   0 ::   15   1  15   1   1   1 ::    225  Range=      316:541     
   1   0   0   1   0   0 ::   15   1   1  15   1   1 ::    225  Range=      541:766     
   1   0   0   0   1   0 ::   15   1   1   1  15   1 ::    225  Range=      766:991     
   1   0   0   0   0   1 ::   15   1   1   1   1  15 ::    225  Range=      991:1216    
   0   1   1   0   0   0 ::    1  15  15   1   1   1 ::    225  Range=     1216:1441    
   0   1   0   1   0   0 ::    1  15   1  15   1   1 ::    225  Range=     1441:1666    
   0   1   0   0   1   0 ::    1  15   1   1  15   1 ::    225  Range=     1666:1891    
   0   1   0   0   0   1 ::    1  15   1   1   1  15 ::    225  Range=     1891:2116    
   0   0   1   1   0   0 ::    1   1  15  15   1   1 ::    225  Range=     2116:2341    
   0   0   1   0   1   0 ::    1   1  15   1  15   1 ::    225  Range=     2341:2566    
   0   0   1   0   0   1 ::    1   1  15   1   1  15 ::    225  Range=     2566:2791    
   0   0   0   1   1   0 ::    1   1   1  15  15   1 ::    225  Range=     2791:3016    
   0   0   0   1   0   1 ::    1   1   1  15   1  15 ::    225  Range=     3016:3241    
   0   0   0   0   1   1 ::    1   1   1   1  15  15 ::    225  Range=     3241:3466    
   1   1   1   0   0   0 ::   15  15  15   1   1   1 ::   3375  Range=     3466:6841    
   1   1   0   1   0   0 ::   15  15   1  15   1   1 ::   3375  Range=     6841:10216   
   1   1   0   0   1   0 ::   15  15   1   1  15   1 ::   3375  Range=    10216:13591   
   1   1   0   0   0   1 ::   15  15   1   1   1  15 ::   3375  Range=    13591:16966   
   1   0   1   1   0   0 ::   15   1  15  15   1   1 ::   3375  Range=    16966:20341   
   1   0   1   0   1   0 ::   15   1  15   1  15   1 ::   3375  Range=    20341:23716   
   1   0   1   0   0   1 ::   15   1  15   1   1  15 ::   3375  Range=    23716:27091   
   1   0   0   1   1   0 ::   15   1   1  15  15   1 ::   3375  Range=    27091:30466   
   1   0   0   1   0   1 ::   15   1   1  15   1  15 ::   3375  Range=    30466:33841   
   1   0   0   0   1   1 ::   15   1   1   1  15  15 ::   3375  Range=    33841:37216   
   0   1   1   1   0   0 ::    1  15  15  15   1   1 ::   3375  Range=    37216:40591   
   0   1   1   0   1   0 ::    1  15  15   1  15   1 ::   3375  Range=    40591:43966   
   0   1   1   0   0   1 ::    1  15  15   1   1  15 ::   3375  Range=    43966:47341   
   0   1   0   1   1   0 ::    1  15   1  15  15   1 ::   3375  Range=    47341:50716   
   0   1   0   1   0   1 ::    1  15   1  15   1  15 ::   3375  Range=    50716:54091   
   0   1   0   0   1   1 ::    1  15   1   1  15  15 ::   3375  Range=    54091:57466   
   0   0   1   1   1   0 ::    1   1  15  15  15   1 ::   3375  Range=    57466:60841   
   0   0   1   1   0   1 ::    1   1  15  15   1  15 ::   3375  Range=    60841:64216   
   0   0   1   0   1   1 ::    1   1  15   1  15  15 ::   3375  Range=    64216:67591   
   0   0   0   1   1   1 ::    1   1   1  15  15  15 ::   3375  Range=    67591:70966   

 Solve for supersystem eigenvalues: Dimension =  70966
  Davidson Iter    1  |  Vecs:   2 :  |      -24.00000000  |  4.9e-01 
  Davidson Iter    2  |  Vecs:   3 :  |      -24.05217250  |  5.1e-02 
  Davidson Iter    3  |  Vecs:   4 :  |      -24.05258161  |  4.3e-03 
  Davidson Iter    4  |  Vecs:   5 :  |      -24.05258417  |  3.4e-04 
  Davidson Iter    5  |  Vecs:   6 :  |      -24.05258419  |  3.1e-05 
  Davidson Iter    6  |  Vecs:   7 :  |      -24.05258419  |  2.6e-06 
  Davidson Iter    7  |  Vecs:   8 :  |      -24.05258419  |  2.4e-07 
  Davidson Iter    8  |  Vecs:   9 :  |      -24.05258419  |  3.0e-08 
  Davidson Iter    9  |  Vecs:   9 :  |      -24.05258419  |  2.7e-09 
 Davidson Converged


 State              Energy          Relative          <S2>
     0 =      -24.05258419        0.00000000    0.00000000

 Compute Block Reduced Density Matrices (BRDM):

 Compute Eigenvalues of BRDMs:


   Eigenvalues of BRDM for   Block 0   :    0,    1,    6,    7 : [1, 15, 0]
   -----------------------------------------------------------------------------
   Local State         Occ. Number               <H>          <S2>          <Sz> 
   0                    0.99655895       -4.00000000        0.0000        0.0000 
   1                    0.00101028       -1.99999997        2.0000       -0.0000 
   2                    0.00101028       -1.99999997        2.0000       -1.0000 
   3                    0.00101028       -1.99999997        2.0000        1.0000 
   4                    0.00006841       -0.00000002        2.0000        1.0000 
   5                    0.00006841       -0.00000002        2.0000       -1.0000 
   6                    0.00006841       -0.00000002        2.0000       -0.0000 
   7                    0.00006808       -0.00000001        2.0000       -1.0000 
   8                    0.00006808       -0.00000001        2.0000        1.0000 
   9                    0.00006808       -0.00000001        2.0000       -0.0000 
   10                   0.00000014        2.00000000        6.0000       -0.0000 
   11                   0.00000014        2.00000000        6.0000        1.0000 
   12                   0.00000014        2.00000000        6.0000       -1.0000 
   13                   0.00000014        2.00000000        6.0000        2.0000 
   14                   0.00000014        2.00000000        6.0000       -2.0000 
   15                   0.00000005       -0.00000000        0.0000        0.0000 


   Eigenvalues of BRDM for   Block 1   :    2,    3,    8,    9 : [1, 15, 0]
   -----------------------------------------------------------------------------
   Local State         Occ. Number               <H>          <S2>          <Sz> 
   0                    0.99481526       -3.99999937        0.0000        0.0000 
   1                    0.00152171       -1.99999998        2.0000        0.0000 
   2                    0.00152171       -1.99999998        2.0000        1.0000 
   3                    0.00152171       -1.99999998        2.0000       -1.0000 
   4                    0.00012959       -0.00000000        2.0000       -1.0000 
   5                    0.00012959       -0.00000000        2.0000        1.0000 
   6                    0.00012959       -0.00000000        2.0000       -0.0000 
   7                    0.00007604       -0.00000002        2.0000       -1.0000 
   8                    0.00007604       -0.00000002        2.0000        1.0000 
   9                    0.00007604       -0.00000002        2.0000        0.0000 
   10                   0.00000051        2.00000000        6.0000        0.0000 
   11                   0.00000051        2.00000000        6.0000        1.0000 
   12                   0.00000051        2.00000000        6.0000       -1.0000 
   13                   0.00000051        2.00000000        6.0000       -2.0000 
   14                   0.00000051        2.00000000        6.0000        2.0000 
   15                   0.00000016       -0.00000063        0.0000        0.0000 


   Eigenvalues of BRDM for   Block 2   :    4,    5,   10,   11 : [1, 15, 0]
   -----------------------------------------------------------------------------
   Local State         Occ. Number               <H>          <S2>          <Sz> 
   0                    0.99655895       -4.00000000        0.0000        0.0000 
   1                    0.00101028       -1.99999997        2.0000        0.0000 
   2                    0.00101028       -1.99999997        2.0000        1.0000 
   3                    0.00101028       -1.99999997        2.0000       -1.0000 
   4                    0.00006841       -0.00000002        2.0000       -1.0000 
   5                    0.00006841       -0.00000002        2.0000        1.0000 
   6                    0.00006841       -0.00000002        2.0000        0.0000 
   7                    0.00006808       -0.00000001        2.0000        1.0000 
   8                    0.00006808       -0.00000001        2.0000       -1.0000 
   9                    0.00006808       -0.00000001        2.0000       -0.0000 
   10                   0.00000014        2.00000000        6.0000        0.0000 
   11                   0.00000014        2.00000000        6.0000       -1.0000 
   12                   0.00000014        2.00000000        6.0000        1.0000 
   13                   0.00000014        2.00000000        6.0000       -2.0000 
   14                   0.00000014        2.00000000        6.0000        2.0000 
   15                   0.00000005       -0.00000000        0.0000       -0.0000 


   Eigenvalues of BRDM for   Block 3   :   12,   13,   18,   19 : [1, 15, 0]
   -----------------------------------------------------------------------------
   Local State         Occ. Number               <H>          <S2>          <Sz> 
   0                    0.99655895       -4.00000000        0.0000        0.0000 
   1                    0.00101028       -1.99999997        2.0000        0.0000 
   2                    0.00101028       -1.99999997        2.0000        1.0000 
   3                    0.00101028       -1.99999997        2.0000       -1.0000 
   4                    0.00006841       -0.00000002        2.0000       -1.0000 
   5                    0.00006841       -0.00000002        2.0000        1.0000 
   6                    0.00006841       -0.00000002        2.0000        0.0000 
   7                    0.00006808       -0.00000001        2.0000        1.0000 
   8                    0.00006808       -0.00000001        2.0000       -1.0000 
   9                    0.00006808       -0.00000001        2.0000        0.0000 
   10                   0.00000014        2.00000000        6.0000        0.0000 
   11                   0.00000014        2.00000000        6.0000       -1.0000 
   12                   0.00000014        2.00000000        6.0000        1.0000 
   13                   0.00000014        2.00000000        6.0000       -2.0000 
   14                   0.00000014        2.00000000        6.0000        2.0000 
   15                   0.00000005       -0.00000000        0.0000       -0.0000 


   Eigenvalues of BRDM for   Block 4   :   14,   15,   20,   21 : [1, 15, 0]
   -----------------------------------------------------------------------------
   Local State         Occ. Number               <H>          <S2>          <Sz> 
   0                    0.99481526       -3.99999937        0.0000        0.0000 
   1                    0.00152171       -1.99999998        2.0000        0.0000 
   2                    0.00152171       -1.99999998        2.0000        1.0000 
   3                    0.00152171       -1.99999998        2.0000       -1.0000 
   4                    0.00012959       -0.00000000        2.0000       -1.0000 
   5                    0.00012959       -0.00000000        2.0000        1.0000 
   6                    0.00012959       -0.00000000        2.0000        0.0000 
   7                    0.00007604       -0.00000002        2.0000        1.0000 
   8                    0.00007604       -0.00000002        2.0000       -1.0000 
   9                    0.00007604       -0.00000002        2.0000        0.0000 
   10                   0.00000051        2.00000000        6.0000        0.0000 
   11                   0.00000051        2.00000000        6.0000        1.0000 
   12                   0.00000051        2.00000000        6.0000       -1.0000 
   13                   0.00000051        2.00000000        6.0000        2.0000 
   14                   0.00000051        2.00000000        6.0000       -2.0000 
   15                   0.00000016       -0.00000063        0.0000        0.0000 


   Eigenvalues of BRDM for   Block 5   :   16,   17,   22,   23 : [1, 15, 0]
   -----------------------------------------------------------------------------
   Local State         Occ. Number               <H>          <S2>          <Sz> 
   0                    0.99655895       -4.00000000        0.0000        0.0000 
   1                    0.00101028       -1.99999997        2.0000       -0.0000 
   2                    0.00101028       -1.99999997        2.0000       -1.0000 
   3                    0.00101028       -1.99999997        2.0000        1.0000 
   4                    0.00006841       -0.00000002        2.0000        1.0000 
   5                    0.00006841       -0.00000002        2.0000       -1.0000 
   6                    0.00006841       -0.00000002        2.0000       -0.0000 
   7                    0.00006808       -0.00000001        2.0000       -1.0000 
   8                    0.00006808       -0.00000001        2.0000        1.0000 
   9                    0.00006808       -0.00000001        2.0000       -0.0000 
   10                   0.00000014        2.00000000        6.0000       -0.0000 
   11                   0.00000014        2.00000000        6.0000        1.0000 
   12                   0.00000014        2.00000000        6.0000       -1.0000 
   13                   0.00000014        2.00000000        6.0000        2.0000 
   14                   0.00000014        2.00000000        6.0000       -2.0000 
   15                   0.00000005       -0.00000000        0.0000        0.0000 

 Solve for supersystem eigenvalues: Dimension =  70966
  Davidson Iter    1  |  Vecs:   2 :  |      -24.05258293  |  2.3e-03 
  Davidson Iter    2  |  Vecs:   3 :  |      -24.05258418  |  2.6e-04 
  Davidson Iter    3  |  Vecs:   4 :  |      -24.05258419  |  1.6e-05 
  Davidson Iter    4  |  Vecs:   5 :  |      -24.05258419  |  5.5e-06 
  Davidson Iter    5  |  Vecs:   6 :  |      -24.05258419  |  3.1e-07 
  Davidson Iter    6  |  Vecs:   7 :  |      -24.05258419  |  1.4e-08 
  Davidson Iter    7  |  Vecs:   7 :  |      -24.05258419  |  7.4e-10 
 Davidson Converged


 State              Energy          Relative          <S2>
     0 =      -24.05258419        0.00000000    0.00000000

 Norm of Reference state   0.99395227 

  Iteration        Energy         Delta
          0  -24.05258419              
          1  -24.05258419       7.7e-12
