 j12:
[[  0.  -1.   0.   0.   0.   0.  -1.   0.   0.   0.   0.   0.   0.   0.
    0.   0.   0.   0.   0.   0.   0.   0.   0.   0.]
 [ -1.   0. -16.   0.   0.   0.   0.  -1.   0.   0.   0.   0.   0.   0.
    0.   0.   0.   0.   0.   0.   0.   0.   0.   0.]
 [  0. -16.   0.  -1.   0.   0.   0.   0.  -1.   0.   0.   0.   0.   0.
    0.   0.   0.   0.   0.   0.   0.   0.   0.   0.]
 [  0.   0.  -1.   0. -16.   0.   0.   0.   0.  -1.   0.   0.   0.   0.
    0.   0.   0.   0.   0.   0.   0.   0.   0.   0.]
 [  0.   0.   0. -16.   0.  -1.   0.   0.   0.   0.  -1.   0.   0.   0.
    0.   0.   0.   0.   0.   0.   0.   0.   0.   0.]
 [  0.   0.   0.   0.  -1.   0.   0.   0.   0.   0.   0.  -1.   0.   0.
    0.   0.   0.   0.   0.   0.   0.   0.   0.   0.]
 [ -1.   0.   0.   0.   0.   0.   0.  -1.   0.   0.   0.   0. -16.   0.
    0.   0.   0.   0.   0.   0.   0.   0.   0.   0.]
 [  0.  -1.   0.   0.   0.   0.  -1.   0. -16.   0.   0.   0.   0. -16.
    0.   0.   0.   0.   0.   0.   0.   0.   0.   0.]
 [  0.   0.  -1.   0.   0.   0.   0. -16.   0.  -1.   0.   0.   0.   0.
  -16.   0.   0.   0.   0.   0.   0.   0.   0.   0.]
 [  0.   0.   0.  -1.   0.   0.   0.   0.  -1.   0. -16.   0.   0.   0.
    0. -16.   0.   0.   0.   0.   0.   0.   0.   0.]
 [  0.   0.   0.   0.  -1.   0.   0.   0.   0. -16.   0.  -1.   0.   0.
    0.   0. -16.   0.   0.   0.   0.   0.   0.   0.]
 [  0.   0.   0.   0.   0.  -1.   0.   0.   0.   0.  -1.   0.   0.   0.
    0.   0.   0. -16.   0.   0.   0.   0.   0.   0.]
 [  0.   0.   0.   0.   0.   0. -16.   0.   0.   0.   0.   0.   0.  -1.
    0.   0.   0.   0.  -1.   0.   0.   0.   0.   0.]
 [  0.   0.   0.   0.   0.   0.   0. -16.   0.   0.   0.   0.  -1.   0.
  -16.   0.   0.   0.   0.  -1.   0.   0.   0.   0.]
 [  0.   0.   0.   0.   0.   0.   0.   0. -16.   0.   0.   0.   0. -16.
    0.  -1.   0.   0.   0.   0.  -1.   0.   0.   0.]
 [  0.   0.   0.   0.   0.   0.   0.   0.   0. -16.   0.   0.   0.   0.
   -1.   0. -16.   0.   0.   0.   0.  -1.   0.   0.]
 [  0.   0.   0.   0.   0.   0.   0.   0.   0.   0. -16.   0.   0.   0.
    0. -16.   0.  -1.   0.   0.   0.   0.  -1.   0.]
 [  0.   0.   0.   0.   0.   0.   0.   0.   0.   0.   0. -16.   0.   0.
    0.   0.  -1.   0.   0.   0.   0.   0.   0.  -1.]
 [  0.   0.   0.   0.   0.   0.   0.   0.   0.   0.   0.   0.  -1.   0.
    0.   0.   0.   0.   0.  -1.   0.   0.   0.   0.]
 [  0.   0.   0.   0.   0.   0.   0.   0.   0.   0.   0.   0.   0.  -1.
    0.   0.   0.   0.  -1.   0. -16.   0.   0.   0.]
 [  0.   0.   0.   0.   0.   0.   0.   0.   0.   0.   0.   0.   0.   0.
   -1.   0.   0.   0.   0. -16.   0.  -1.   0.   0.]
 [  0.   0.   0.   0.   0.   0.   0.   0.   0.   0.   0.   0.   0.   0.
    0.  -1.   0.   0.   0.   0.  -1.   0. -16.   0.]
 [  0.   0.   0.   0.   0.   0.   0.   0.   0.   0.   0.   0.   0.   0.
    0.   0.  -1.   0.   0.   0.   0. -16.   0.  -1.]
 [  0.   0.   0.   0.   0.   0.   0.   0.   0.   0.   0.   0.   0.   0.
    0.   0.   0.  -1.   0.   0.   0.   0.  -1.   0.]]
 lattice:
[1 1 1 1 1 1 1 1 1 1 1 1 1 1 1 1 1 1 1 1 1 1 1 1]
 blocks:
[[ 0  1  6  7]
 [ 2  3  8  9]
 [ 4  5 10 11]
 [12 13 18 19]
 [14 15 20 21]
 [16 17 22 23]]
 n_blocks:
6
 Generate initial guess vectors
 Guess eigenstates
 -4.00000000
 -2.00000000
 -2.00000000
 -1.97261632
 -0.02738368
 -0.00000000
 -0.00000000
 -0.00000000
 -0.00000000
 -0.00000000
  0.00000000
  2.00000000
  2.00000000
  2.00000000
  2.00000000
  2.00000000
 Guess eigenstates
 -4.00000000
 -2.00000000
 -2.00000000
 -1.97261632
 -0.02738368
 -0.00000000
 -0.00000000
 -0.00000000
 -0.00000000
 -0.00000000
  0.00000000
  2.00000000
  2.00000000
  2.00000000
  2.00000000
  2.00000000
 Guess eigenstates
 -4.00000000
 -2.00000000
 -2.00000000
 -1.97261632
 -0.02738368
 -0.00000000
 -0.00000000
 -0.00000000
 -0.00000000
 -0.00000000
  0.00000000
  2.00000000
  2.00000000
  2.00000000
  2.00000000
  2.00000000
 Guess eigenstates
 -4.00000000
 -2.00000000
 -2.00000000
 -1.97261632
 -0.02738368
 -0.00000000
 -0.00000000
 -0.00000000
 -0.00000000
 -0.00000000
  0.00000000
  2.00000000
  2.00000000
  2.00000000
  2.00000000
  2.00000000
 Guess eigenstates
 -4.00000000
 -2.00000000
 -2.00000000
 -1.97261632
 -0.02738368
 -0.00000000
 -0.00000000
 -0.00000000
 -0.00000000
 -0.00000000
  0.00000000
  2.00000000
  2.00000000
  2.00000000
  2.00000000
  2.00000000
 Guess eigenstates
 -4.00000000
 -2.00000000
 -2.00000000
 -1.97261632
 -0.02738368
 -0.00000000
 -0.00000000
 -0.00000000
 -0.00000000
 -0.00000000
  0.00000000
  2.00000000
  2.00000000
  2.00000000
  2.00000000
  2.00000000

 Prepare Lattice Blocks:
[16, 16, 16, 16, 16, 16] [0, 0, 0, 0, 0, 0]
 Block 0   :    0,    1,    6,    7 : [16, 0, 0]
 Block 1   :    2,    3,    8,    9 : [16, 0, 0]
 Block 2   :    4,    5,   10,   11 : [16, 0, 0]
 Block 3   :   12,   13,   18,   19 : [16, 0, 0]
 Block 4   :   14,   15,   20,   21 : [16, 0, 0]
 Block 5   :   16,   17,   22,   23 : [16, 0, 0]

 Prepare Tucker blocks:

 Configurations defining the variational space
   0   0   0   0   0   0 ::   16  16  16  16  16  16 :: 16777216  Range=        0:16777216

 Solve for supersystem eigenvalues: Dimension =  16777216
  Davidson Iter    1  |  Vecs:   2 :  |      -24.00000000  |  6.2e+01 
  Davidson Iter    2  |  Vecs:   3 :  |      -93.97545249  |  6.4e+01 
  Davidson Iter    3  |  Vecs:   4 :  |     -148.31322829  |  5.9e+01 
  Davidson Iter    4  |  Vecs:   5 :  |     -188.51011358  |  5.3e+01 
  Davidson Iter    5  |  Vecs:   6 :  |     -217.25838223  |  4.6e+01 
  Davidson Iter    6  |  Vecs:   7 :  |     -237.63610913  |  3.9e+01 
  Davidson Iter    7  |  Vecs:   8 :  |     -251.68974567  |  3.2e+01 
  Davidson Iter    8  |  Vecs:   9 :  |     -261.04473348  |  2.6e+01 
  Davidson Iter    9  |  Vecs:  10 :  |     -266.83288982  |  2.1e+01 
  Davidson Iter   10  |  Vecs:  11 :  |     -270.01251369  |  1.6e+01 
  Davidson Iter   11  |  Vecs:  12 :  |     -271.63834773  |  1.0e+01 
  Davidson Iter   12  |  Vecs:  13 :  |     -272.34783642  |  5.3e+00 
  Davidson Iter   13  |  Vecs:  14 :  |     -272.53673810  |  2.3e+00 
  Davidson Iter   14  |  Vecs:  15 :  |     -272.56233742  |  8.9e-01 
  Davidson Iter   15  |  Vecs:  16 :  |     -272.56565729  |  1.2e-01 
  Davidson Iter   16  |  Vecs:  17 :  |     -272.56575364  |  1.1e-01 
  Davidson Iter   17  |  Vecs:  18 :  |     -272.56588512  |  7.4e-02 
  Davidson Iter   18  |  Vecs:  19 :  |     -272.56592187  |  6.9e-02 
  Davidson Iter   19  |  Vecs:  20 :  |     -272.56598115  |  7.0e-02 
  Davidson Iter   20  |  Vecs:  21 :  |     -272.56604311  |  9.2e-02 
  Davidson Iter   21  |  Vecs:  22 :  |     -272.56623394  |  1.5e-01 
  Davidson Iter   22  |  Vecs:  23 :  |     -272.56687066  |  3.0e-01 
  Davidson Iter   23  |  Vecs:  24 :  |     -272.56890072  |  5.4e-01 
  Davidson Iter   24  |  Vecs:  25 :  |     -272.57191799  |  5.5e-01 
  Davidson Iter   25  |  Vecs:  26 :  |     -272.57406238  |  2.7e-01 
  Davidson Iter   26  |  Vecs:  27 :  |     -272.57450546  |  1.2e-01 
  Davidson Iter   27  |  Vecs:  28 :  |     -272.57457204  |  6.1e-02 
  Davidson Iter   28  |  Vecs:  29 :  |     -272.57460399  |  4.4e-02 
  Davidson Iter   29  |  Vecs:  30 :  |     -272.57462586  |  2.3e-02 
  Davidson Iter   30  |  Vecs:  31 :  |     -272.57462887  |  1.2e-02 
 Davidson Not Converged


 State              Energy          Relative          <S2>
     0 =     -272.57462887        0.00000000    0.00000001

 Compute Block Reduced Density Matrices (BRDM):

 Compute Eigenvalues of BRDMs:


   Eigenvalues of BRDM for   Block 0   :    0,    1,    6,    7 : [16, 0, 0]
   -----------------------------------------------------------------------------
   Local State         Occ. Number               <H>          <S2>          <Sz> 
   0                    0.08319955       -3.99999589        0.0000       -0.0000 
   1                    0.07203749       -1.99998491        2.0000       -1.0000 
   2                    0.07203566       -1.99998490        2.0000        0.0000 
   3                    0.07203397       -1.99998489        2.0000        1.0000 
   4                    0.06395871       -0.00001414        2.0000       -1.0000 
   5                    0.06395699       -0.00001415        2.0000        0.0000 
   6                    0.06395512       -0.00001416        2.0000        1.0000 
   7                    0.06129460       -0.00000411        0.0000       -0.0000 
   8                    0.05965642       -0.00000095        2.0000       -1.0000 
   9                    0.05965518       -0.00000095        2.0000        0.0000 
   10                   0.05965392       -0.00000094        2.0000        1.0000 
   11                   0.05371529        2.00000000        6.0000       -2.0000 
   12                   0.05371389        2.00000000        6.0000       -1.0000 
   13                   0.05371249        2.00000000        6.0000        0.0000 
   14                   0.05371107        2.00000000        6.0000        1.0000 
   15                   0.05370965        2.00000000        6.0000        2.0000 


   Eigenvalues of BRDM for   Block 1   :    2,    3,    8,    9 : [16, 0, 0]
   -----------------------------------------------------------------------------
   Local State         Occ. Number               <H>          <S2>          <Sz> 
   0                    0.07393635       -3.99999932        0.0000        0.0000 
   1                    0.06790569       -1.99999988        2.0000       -0.0000 
   2                    0.06790566       -1.99999988        2.0000        1.0000 
   3                    0.06790566       -1.99999988        2.0000       -1.0000 
   4                    0.06314576       -0.00000000        2.0000        1.0000 
   5                    0.06314576       -0.00000000        2.0000       -1.0000 
   6                    0.06314572       -0.00000000        2.0000        0.0000 
   7                    0.06216865       -0.00000068        0.0000       -0.0000 
   8                    0.06139942       -0.00000012        2.0000        1.0000 
   9                    0.06139942       -0.00000012        2.0000       -1.0000 
   10                   0.06139940       -0.00000012        2.0000        0.0000 
   11                   0.05730852        2.00000000        6.0000        2.0000 
   12                   0.05730852        2.00000000        6.0000       -2.0000 
   13                   0.05730849        2.00000000        6.0000        1.0000 
   14                   0.05730849        2.00000000        6.0000       -1.0000 
   15                   0.05730848        2.00000000        6.0000        0.0000 


   Eigenvalues of BRDM for   Block 2   :    4,    5,   10,   11 : [16, 0, 0]
   -----------------------------------------------------------------------------
   Local State         Occ. Number               <H>          <S2>          <Sz> 
   0                    0.08319955       -3.99999589        0.0000       -0.0000 
   1                    0.07203749       -1.99998491        2.0000        1.0000 
   2                    0.07203566       -1.99998490        2.0000       -0.0000 
   3                    0.07203397       -1.99998489        2.0000       -1.0000 
   4                    0.06395871       -0.00001414        2.0000        1.0000 
   5                    0.06395699       -0.00001415        2.0000        0.0000 
   6                    0.06395512       -0.00001416        2.0000       -1.0000 
   7                    0.06129460       -0.00000411        0.0000       -0.0000 
   8                    0.05965642       -0.00000095        2.0000        1.0000 
   9                    0.05965518       -0.00000095        2.0000        0.0000 
   10                   0.05965392       -0.00000094        2.0000       -1.0000 
   11                   0.05371529        2.00000000        6.0000        2.0000 
   12                   0.05371389        2.00000000        6.0000        1.0000 
   13                   0.05371249        2.00000000        6.0000        0.0000 
   14                   0.05371107        2.00000000        6.0000       -1.0000 
   15                   0.05370965        2.00000000        6.0000       -2.0000 


   Eigenvalues of BRDM for   Block 3   :   12,   13,   18,   19 : [16, 0, 0]
   -----------------------------------------------------------------------------
   Local State         Occ. Number               <H>          <S2>          <Sz> 
   0                    0.08319955       -3.99999589        0.0000       -0.0000 
   1                    0.07203749       -1.99998491        2.0000        1.0000 
   2                    0.07203566       -1.99998490        2.0000       -0.0000 
   3                    0.07203397       -1.99998489        2.0000       -1.0000 
   4                    0.06395871       -0.00001414        2.0000        1.0000 
   5                    0.06395699       -0.00001415        2.0000        0.0000 
   6                    0.06395512       -0.00001416        2.0000       -1.0000 
   7                    0.06129460       -0.00000411        0.0000       -0.0000 
   8                    0.05965642       -0.00000095        2.0000        1.0000 
   9                    0.05965518       -0.00000095        2.0000        0.0000 
   10                   0.05965392       -0.00000094        2.0000       -1.0000 
   11                   0.05371529        2.00000000        6.0000        2.0000 
   12                   0.05371389        2.00000000        6.0000        1.0000 
   13                   0.05371249        2.00000000        6.0000        0.0000 
   14                   0.05371107        2.00000000        6.0000       -1.0000 
   15                   0.05370965        2.00000000        6.0000       -2.0000 


   Eigenvalues of BRDM for   Block 4   :   14,   15,   20,   21 : [16, 0, 0]
   -----------------------------------------------------------------------------
   Local State         Occ. Number               <H>          <S2>          <Sz> 
   0                    0.07393635       -3.99999932        0.0000        0.0000 
   1                    0.06790569       -1.99999988        2.0000       -0.0000 
   2                    0.06790566       -1.99999988        2.0000        1.0000 
   3                    0.06790566       -1.99999988        2.0000       -1.0000 
   4                    0.06314576       -0.00000000        2.0000       -1.0000 
   5                    0.06314576       -0.00000000        2.0000        1.0000 
   6                    0.06314572       -0.00000000        2.0000        0.0000 
   7                    0.06216865       -0.00000068        0.0000       -0.0000 
   8                    0.06139942       -0.00000012        2.0000       -1.0000 
   9                    0.06139942       -0.00000012        2.0000        1.0000 
   10                   0.06139940       -0.00000012        2.0000       -0.0000 
   11                   0.05730852        2.00000000        6.0000       -2.0000 
   12                   0.05730852        2.00000000        6.0000        2.0000 
   13                   0.05730849        2.00000000        6.0000       -1.0000 
   14                   0.05730849        2.00000000        6.0000        1.0000 
   15                   0.05730848        2.00000000        6.0000        0.0000 


   Eigenvalues of BRDM for   Block 5   :   16,   17,   22,   23 : [16, 0, 0]
   -----------------------------------------------------------------------------
   Local State         Occ. Number               <H>          <S2>          <Sz> 
   0                    0.08319955       -3.99999589        0.0000       -0.0000 
   1                    0.07203749       -1.99998491        2.0000       -1.0000 
   2                    0.07203566       -1.99998490        2.0000       -0.0000 
   3                    0.07203397       -1.99998489        2.0000        1.0000 
   4                    0.06395871       -0.00001414        2.0000       -1.0000 
   5                    0.06395699       -0.00001415        2.0000        0.0000 
   6                    0.06395512       -0.00001416        2.0000        1.0000 
   7                    0.06129460       -0.00000411        0.0000       -0.0000 
   8                    0.05965642       -0.00000095        2.0000       -1.0000 
   9                    0.05965518       -0.00000095        2.0000        0.0000 
   10                   0.05965392       -0.00000094        2.0000        1.0000 
   11                   0.05371529        2.00000000        6.0000       -2.0000 
   12                   0.05371389        2.00000000        6.0000       -1.0000 
   13                   0.05371249        2.00000000        6.0000        0.0000 
   14                   0.05371107        2.00000000        6.0000        1.0000 
   15                   0.05370965        2.00000000        6.0000        2.0000 

 Norm of Reference state   1.00000000 

  Iteration        Energy         Delta
          0  -272.57462887              
