 j12:
[[ 0.  -1.   0.   0.   0.   0.  -1.   0.   0.   0.   0.   0.   0.   0.   0.
   0.   0.   0.   0.   0.   0.   0.   0.   0. ]
 [-1.   0.  -0.5  0.   0.   0.   0.  -1.   0.   0.   0.   0.   0.   0.   0.
   0.   0.   0.   0.   0.   0.   0.   0.   0. ]
 [ 0.  -0.5  0.  -1.   0.   0.   0.   0.  -1.   0.   0.   0.   0.   0.   0.
   0.   0.   0.   0.   0.   0.   0.   0.   0. ]
 [ 0.   0.  -1.   0.  -0.5  0.   0.   0.   0.  -1.   0.   0.   0.   0.   0.
   0.   0.   0.   0.   0.   0.   0.   0.   0. ]
 [ 0.   0.   0.  -0.5  0.  -1.   0.   0.   0.   0.  -1.   0.   0.   0.   0.
   0.   0.   0.   0.   0.   0.   0.   0.   0. ]
 [ 0.   0.   0.   0.  -1.   0.   0.   0.   0.   0.   0.  -1.   0.   0.   0.
   0.   0.   0.   0.   0.   0.   0.   0.   0. ]
 [-1.   0.   0.   0.   0.   0.   0.  -1.   0.   0.   0.   0.  -0.5  0.   0.
   0.   0.   0.   0.   0.   0.   0.   0.   0. ]
 [ 0.  -1.   0.   0.   0.   0.  -1.   0.  -0.5  0.   0.   0.   0.  -0.5  0.
   0.   0.   0.   0.   0.   0.   0.   0.   0. ]
 [ 0.   0.  -1.   0.   0.   0.   0.  -0.5  0.  -1.   0.   0.   0.   0.  -0.5
   0.   0.   0.   0.   0.   0.   0.   0.   0. ]
 [ 0.   0.   0.  -1.   0.   0.   0.   0.  -1.   0.  -0.5  0.   0.   0.   0.
  -0.5  0.   0.   0.   0.   0.   0.   0.   0. ]
 [ 0.   0.   0.   0.  -1.   0.   0.   0.   0.  -0.5  0.  -1.   0.   0.   0.
   0.  -0.5  0.   0.   0.   0.   0.   0.   0. ]
 [ 0.   0.   0.   0.   0.  -1.   0.   0.   0.   0.  -1.   0.   0.   0.   0.
   0.   0.  -0.5  0.   0.   0.   0.   0.   0. ]
 [ 0.   0.   0.   0.   0.   0.  -0.5  0.   0.   0.   0.   0.   0.  -1.   0.
   0.   0.   0.  -1.   0.   0.   0.   0.   0. ]
 [ 0.   0.   0.   0.   0.   0.   0.  -0.5  0.   0.   0.   0.  -1.   0.  -0.5
   0.   0.   0.   0.  -1.   0.   0.   0.   0. ]
 [ 0.   0.   0.   0.   0.   0.   0.   0.  -0.5  0.   0.   0.   0.  -0.5  0.
  -1.   0.   0.   0.   0.  -1.   0.   0.   0. ]
 [ 0.   0.   0.   0.   0.   0.   0.   0.   0.  -0.5  0.   0.   0.   0.  -1.
   0.  -0.5  0.   0.   0.   0.  -1.   0.   0. ]
 [ 0.   0.   0.   0.   0.   0.   0.   0.   0.   0.  -0.5  0.   0.   0.   0.
  -0.5  0.  -1.   0.   0.   0.   0.  -1.   0. ]
 [ 0.   0.   0.   0.   0.   0.   0.   0.   0.   0.   0.  -0.5  0.   0.   0.
   0.  -1.   0.   0.   0.   0.   0.   0.  -1. ]
 [ 0.   0.   0.   0.   0.   0.   0.   0.   0.   0.   0.   0.  -1.   0.   0.
   0.   0.   0.   0.  -1.   0.   0.   0.   0. ]
 [ 0.   0.   0.   0.   0.   0.   0.   0.   0.   0.   0.   0.   0.  -1.   0.
   0.   0.   0.  -1.   0.  -0.5  0.   0.   0. ]
 [ 0.   0.   0.   0.   0.   0.   0.   0.   0.   0.   0.   0.   0.   0.  -1.
   0.   0.   0.   0.  -0.5  0.  -1.   0.   0. ]
 [ 0.   0.   0.   0.   0.   0.   0.   0.   0.   0.   0.   0.   0.   0.   0.
  -1.   0.   0.   0.   0.  -1.   0.  -0.5  0. ]
 [ 0.   0.   0.   0.   0.   0.   0.   0.   0.   0.   0.   0.   0.   0.   0.
   0.  -1.   0.   0.   0.   0.  -0.5  0.  -1. ]
 [ 0.   0.   0.   0.   0.   0.   0.   0.   0.   0.   0.   0.   0.   0.   0.
   0.   0.  -1.   0.   0.   0.   0.  -1.   0. ]]
 lattice:
[1 1 1 1 1 1 1 1 1 1 1 1 1 1 1 1 1 1 1 1 1 1 1 1]
 blocks:
[[ 0  1  6  7]
 [ 2  3  8  9]
 [ 4  5 10 11]
 [12 13 18 19]
 [14 15 20 21]
 [16 17 22 23]]
 n_blocks:
6
 Generate initial guess vectors
 Guess eigenstates
 -4.00000000
 -2.00000000
 -2.00000000
 -1.97261632
 -0.02738368
 -0.00000000
 -0.00000000
 -0.00000000
 -0.00000000
 -0.00000000
  0.00000000
  2.00000000
  2.00000000
  2.00000000
  2.00000000
  2.00000000
 Guess eigenstates
 -4.00000000
 -2.00000000
 -2.00000000
 -1.97261632
 -0.02738368
 -0.00000000
 -0.00000000
 -0.00000000
 -0.00000000
 -0.00000000
  0.00000000
  2.00000000
  2.00000000
  2.00000000
  2.00000000
  2.00000000
 Guess eigenstates
 -4.00000000
 -2.00000000
 -2.00000000
 -1.97261632
 -0.02738368
 -0.00000000
 -0.00000000
 -0.00000000
 -0.00000000
 -0.00000000
  0.00000000
  2.00000000
  2.00000000
  2.00000000
  2.00000000
  2.00000000
 Guess eigenstates
 -4.00000000
 -2.00000000
 -2.00000000
 -1.97261632
 -0.02738368
 -0.00000000
 -0.00000000
 -0.00000000
 -0.00000000
 -0.00000000
  0.00000000
  2.00000000
  2.00000000
  2.00000000
  2.00000000
  2.00000000
 Guess eigenstates
 -4.00000000
 -2.00000000
 -2.00000000
 -1.97261632
 -0.02738368
 -0.00000000
 -0.00000000
 -0.00000000
 -0.00000000
 -0.00000000
  0.00000000
  2.00000000
  2.00000000
  2.00000000
  2.00000000
  2.00000000
 Guess eigenstates
 -4.00000000
 -2.00000000
 -2.00000000
 -1.97261632
 -0.02738368
 -0.00000000
 -0.00000000
 -0.00000000
 -0.00000000
 -0.00000000
  0.00000000
  2.00000000
  2.00000000
  2.00000000
  2.00000000
  2.00000000

 Prepare Lattice Blocks:
[16, 16, 16, 16, 16, 16] [0, 0, 0, 0, 0, 0]
 Block 0   :    0,    1,    6,    7 : [16, 0, 0]
 Block 1   :    2,    3,    8,    9 : [16, 0, 0]
 Block 2   :    4,    5,   10,   11 : [16, 0, 0]
 Block 3   :   12,   13,   18,   19 : [16, 0, 0]
 Block 4   :   14,   15,   20,   21 : [16, 0, 0]
 Block 5   :   16,   17,   22,   23 : [16, 0, 0]

 Prepare Tucker blocks:

 Configurations defining the variational space
   0   0   0   0   0   0 ::   16  16  16  16  16  16 :: 16777216  Range=        0:16777216

 Solve for supersystem eigenvalues: Dimension =  16777216
  Davidson Iter    1  |  Vecs:   2 :  |      -24.00000000  |  1.9e+00 
  Davidson Iter    2  |  Vecs:   3 :  |      -24.79131914  |  1.0e+00 
  Davidson Iter    3  |  Vecs:   4 :  |      -24.93483590  |  4.3e-01 
  Davidson Iter    4  |  Vecs:   5 :  |      -24.95570489  |  1.5e-01 
  Davidson Iter    5  |  Vecs:   6 :  |      -24.95779293  |  4.3e-02 
  Davidson Iter    6  |  Vecs:   7 :  |      -24.95795095  |  1.2e-02 
  Davidson Iter    7  |  Vecs:   8 :  |      -24.95796269  |  3.3e-03 
  Davidson Iter    8  |  Vecs:   9 :  |      -24.95796356  |  8.5e-04 
  Davidson Iter    9  |  Vecs:  10 :  |      -24.95796361  |  2.2e-04 
  Davidson Iter   10  |  Vecs:  11 :  |      -24.95796362  |  7.4e-05 
  Davidson Iter   11  |  Vecs:  12 :  |      -24.95796362  |  3.5e-05 
  Davidson Iter   12  |  Vecs:  13 :  |      -24.95796362  |  1.7e-05 
  Davidson Iter   13  |  Vecs:  14 :  |      -24.95796362  |  7.0e-06 
  Davidson Iter   14  |  Vecs:  15 :  |      -24.95796362  |  2.6e-06 
  Davidson Iter   15  |  Vecs:  16 :  |      -24.95796362  |  9.0e-07 
  Davidson Iter   16  |  Vecs:  17 :  |      -24.95796362  |  2.9e-07 
  Davidson Iter   17  |  Vecs:  18 :  |      -24.95796362  |  7.5e-08 
  Davidson Iter   18  |  Vecs:  19 :  |      -24.95796362  |  2.0e-08 
  Davidson Iter   19  |  Vecs:  19 :  |      -24.95796362  |  5.2e-09 
 Davidson Converged


 State              Energy          Relative          <S2>
     0 =      -24.95796362        0.00000000    0.00000000

 Compute Block Reduced Density Matrices (BRDM):

 Compute Eigenvalues of BRDMs:


   Eigenvalues of BRDM for   Block 0   :    0,    1,    6,    7 : [16, 0, 0]
   -----------------------------------------------------------------------------
   Local State         Occ. Number               <H>          <S2>          <Sz> 
   0                    0.93047225       -3.99999999        0.0000        0.0000 
   1                    0.02002959       -1.99998634        2.0000       -0.0000 
   2                    0.02002959       -1.99998634        2.0000        1.0000 
   3                    0.02002959       -1.99998634        2.0000       -1.0000 
   4                    0.00154380       -0.00000777        2.0000       -1.0000 
   5                    0.00154380       -0.00000777        2.0000        0.0000 
   6                    0.00154380       -0.00000777        2.0000        1.0000 
   7                    0.00150094       -0.00000589        2.0000        1.0000 
   8                    0.00150094       -0.00000589        2.0000       -1.0000 
   9                    0.00150094       -0.00000589        2.0000       -0.0000 
   10                   0.00005643        2.00000000        6.0000        1.0000 
   11                   0.00005643        2.00000000        6.0000        2.0000 
   12                   0.00005643        2.00000000        6.0000       -0.0000 
   13                   0.00005643        2.00000000        6.0000       -1.0000 
   14                   0.00005643        2.00000000        6.0000       -2.0000 
   15                   0.00002263       -0.00000001        0.0000        0.0000 


   Eigenvalues of BRDM for   Block 1   :    2,    3,    8,    9 : [16, 0, 0]
   -----------------------------------------------------------------------------
   Local State         Occ. Number               <H>          <S2>          <Sz> 
   0                    0.89667186       -3.99998216        0.0000        0.0000 
   1                    0.02941622       -1.99999343        2.0000       -0.0000 
   2                    0.02941622       -1.99999343        2.0000       -1.0000 
   3                    0.02941622       -1.99999343        2.0000        1.0000 
   4                    0.00286126       -0.00000000        2.0000       -1.0000 
   5                    0.00286126       -0.00000000        2.0000        1.0000 
   6                    0.00286126       -0.00000000        2.0000        0.0000 
   7                    0.00175894       -0.00000657        2.0000       -1.0000 
   8                    0.00175894       -0.00000657        2.0000        1.0000 
   9                    0.00175894       -0.00000657        2.0000       -0.0000 
   10                   0.00021034        2.00000000        6.0000        0.0000 
   11                   0.00021034        2.00000000        6.0000        1.0000 
   12                   0.00021034        2.00000000        6.0000       -1.0000 
   13                   0.00021034        2.00000000        6.0000        2.0000 
   14                   0.00021034        2.00000000        6.0000       -2.0000 
   15                   0.00016716       -0.00001784        0.0000        0.0000 


   Eigenvalues of BRDM for   Block 2   :    4,    5,   10,   11 : [16, 0, 0]
   -----------------------------------------------------------------------------
   Local State         Occ. Number               <H>          <S2>          <Sz> 
   0                    0.93047225       -3.99999999        0.0000        0.0000 
   1                    0.02002959       -1.99998634        2.0000       -0.0000 
   2                    0.02002959       -1.99998634        2.0000       -1.0000 
   3                    0.02002959       -1.99998634        2.0000        1.0000 
   4                    0.00154380       -0.00000777        2.0000        1.0000 
   5                    0.00154380       -0.00000777        2.0000        0.0000 
   6                    0.00154380       -0.00000777        2.0000       -1.0000 
   7                    0.00150094       -0.00000589        2.0000       -1.0000 
   8                    0.00150094       -0.00000589        2.0000        1.0000 
   9                    0.00150094       -0.00000589        2.0000       -0.0000 
   10                   0.00005643        2.00000000        6.0000       -1.0000 
   11                   0.00005643        2.00000000        6.0000       -2.0000 
   12                   0.00005643        2.00000000        6.0000        0.0000 
   13                   0.00005643        2.00000000        6.0000        1.0000 
   14                   0.00005643        2.00000000        6.0000        2.0000 
   15                   0.00002263       -0.00000001        0.0000        0.0000 


   Eigenvalues of BRDM for   Block 3   :   12,   13,   18,   19 : [16, 0, 0]
   -----------------------------------------------------------------------------
   Local State         Occ. Number               <H>          <S2>          <Sz> 
   0                    0.93047225       -3.99999999        0.0000       -0.0000 
   1                    0.02002959       -1.99998634        2.0000        0.0000 
   2                    0.02002959       -1.99998634        2.0000       -1.0000 
   3                    0.02002959       -1.99998634        2.0000        1.0000 
   4                    0.00154380       -0.00000777        2.0000        1.0000 
   5                    0.00154380       -0.00000777        2.0000       -0.0000 
   6                    0.00154380       -0.00000777        2.0000       -1.0000 
   7                    0.00150094       -0.00000589        2.0000       -1.0000 
   8                    0.00150094       -0.00000589        2.0000        1.0000 
   9                    0.00150094       -0.00000589        2.0000       -0.0000 
   10                   0.00005643        2.00000000        6.0000       -1.0000 
   11                   0.00005643        2.00000000        6.0000       -2.0000 
   12                   0.00005643        2.00000000        6.0000        0.0000 
   13                   0.00005643        2.00000000        6.0000        1.0000 
   14                   0.00005643        2.00000000        6.0000        2.0000 
   15                   0.00002263       -0.00000001        0.0000        0.0000 


   Eigenvalues of BRDM for   Block 4   :   14,   15,   20,   21 : [16, 0, 0]
   -----------------------------------------------------------------------------
   Local State         Occ. Number               <H>          <S2>          <Sz> 
   0                    0.89667186       -3.99998216        0.0000        0.0000 
   1                    0.02941622       -1.99999343        2.0000       -0.0000 
   2                    0.02941622       -1.99999343        2.0000       -1.0000 
   3                    0.02941622       -1.99999343        2.0000        1.0000 
   4                    0.00286126       -0.00000000        2.0000       -1.0000 
   5                    0.00286126       -0.00000000        2.0000        1.0000 
   6                    0.00286126       -0.00000000        2.0000        0.0000 
   7                    0.00175894       -0.00000657        2.0000       -1.0000 
   8                    0.00175894       -0.00000657        2.0000        1.0000 
   9                    0.00175894       -0.00000657        2.0000       -0.0000 
   10                   0.00021034        2.00000000        6.0000       -0.0000 
   11                   0.00021034        2.00000000        6.0000        1.0000 
   12                   0.00021034        2.00000000        6.0000       -1.0000 
   13                   0.00021034        2.00000000        6.0000        2.0000 
   14                   0.00021034        2.00000000        6.0000       -2.0000 
   15                   0.00016716       -0.00001784        0.0000        0.0000 


   Eigenvalues of BRDM for   Block 5   :   16,   17,   22,   23 : [16, 0, 0]
   -----------------------------------------------------------------------------
   Local State         Occ. Number               <H>          <S2>          <Sz> 
   0                    0.93047225       -3.99999999        0.0000        0.0000 
   1                    0.02002959       -1.99998634        2.0000       -0.0000 
   2                    0.02002959       -1.99998634        2.0000        1.0000 
   3                    0.02002959       -1.99998634        2.0000       -1.0000 
   4                    0.00154380       -0.00000777        2.0000       -1.0000 
   5                    0.00154380       -0.00000777        2.0000       -0.0000 
   6                    0.00154380       -0.00000777        2.0000        1.0000 
   7                    0.00150094       -0.00000589        2.0000        1.0000 
   8                    0.00150094       -0.00000589        2.0000       -1.0000 
   9                    0.00150094       -0.00000589        2.0000       -0.0000 
   10                   0.00005643        2.00000000        6.0000        1.0000 
   11                   0.00005643        2.00000000        6.0000        2.0000 
   12                   0.00005643        2.00000000        6.0000        0.0000 
   13                   0.00005643        2.00000000        6.0000       -1.0000 
   14                   0.00005643        2.00000000        6.0000       -2.0000 
   15                   0.00002263       -0.00000001        0.0000        0.0000 

 Norm of Reference state   1.00000000 

  Iteration        Energy         Delta
          0  -24.95796362              
