 j12:
[[ 0.      -1.       0.       0.       0.       0.      -1.       0.       0.
   0.       0.       0.       0.       0.       0.       0.       0.       0.
   0.       0.       0.       0.       0.       0.     ]
 [-1.       0.      -0.03125  0.       0.       0.       0.      -1.       0.
   0.       0.       0.       0.       0.       0.       0.       0.       0.
   0.       0.       0.       0.       0.       0.     ]
 [ 0.      -0.03125  0.      -1.       0.       0.       0.       0.      -1.
   0.       0.       0.       0.       0.       0.       0.       0.       0.
   0.       0.       0.       0.       0.       0.     ]
 [ 0.       0.      -1.       0.      -0.03125  0.       0.       0.       0.
  -1.       0.       0.       0.       0.       0.       0.       0.       0.
   0.       0.       0.       0.       0.       0.     ]
 [ 0.       0.       0.      -0.03125  0.      -1.       0.       0.       0.
   0.      -1.       0.       0.       0.       0.       0.       0.       0.
   0.       0.       0.       0.       0.       0.     ]
 [ 0.       0.       0.       0.      -1.       0.       0.       0.       0.
   0.       0.      -1.       0.       0.       0.       0.       0.       0.
   0.       0.       0.       0.       0.       0.     ]
 [-1.       0.       0.       0.       0.       0.       0.      -1.       0.
   0.       0.       0.      -0.03125  0.       0.       0.       0.       0.
   0.       0.       0.       0.       0.       0.     ]
 [ 0.      -1.       0.       0.       0.       0.      -1.       0.
  -0.03125  0.       0.       0.       0.      -0.03125  0.       0.       0.
   0.       0.       0.       0.       0.       0.       0.     ]
 [ 0.       0.      -1.       0.       0.       0.       0.      -0.03125
   0.      -1.       0.       0.       0.       0.      -0.03125  0.       0.
   0.       0.       0.       0.       0.       0.       0.     ]
 [ 0.       0.       0.      -1.       0.       0.       0.       0.      -1.
   0.      -0.03125  0.       0.       0.       0.      -0.03125  0.       0.
   0.       0.       0.       0.       0.       0.     ]
 [ 0.       0.       0.       0.      -1.       0.       0.       0.       0.
  -0.03125  0.      -1.       0.       0.       0.       0.      -0.03125
   0.       0.       0.       0.       0.       0.       0.     ]
 [ 0.       0.       0.       0.       0.      -1.       0.       0.       0.
   0.      -1.       0.       0.       0.       0.       0.       0.
  -0.03125  0.       0.       0.       0.       0.       0.     ]
 [ 0.       0.       0.       0.       0.       0.      -0.03125  0.       0.
   0.       0.       0.       0.      -1.       0.       0.       0.       0.
  -1.       0.       0.       0.       0.       0.     ]
 [ 0.       0.       0.       0.       0.       0.       0.      -0.03125
   0.       0.       0.       0.      -1.       0.      -0.03125  0.       0.
   0.       0.      -1.       0.       0.       0.       0.     ]
 [ 0.       0.       0.       0.       0.       0.       0.       0.
  -0.03125  0.       0.       0.       0.      -0.03125  0.      -1.       0.
   0.       0.       0.      -1.       0.       0.       0.     ]
 [ 0.       0.       0.       0.       0.       0.       0.       0.       0.
  -0.03125  0.       0.       0.       0.      -1.       0.      -0.03125
   0.       0.       0.       0.      -1.       0.       0.     ]
 [ 0.       0.       0.       0.       0.       0.       0.       0.       0.
   0.      -0.03125  0.       0.       0.       0.      -0.03125  0.      -1.
   0.       0.       0.       0.      -1.       0.     ]
 [ 0.       0.       0.       0.       0.       0.       0.       0.       0.
   0.       0.      -0.03125  0.       0.       0.       0.      -1.       0.
   0.       0.       0.       0.       0.      -1.     ]
 [ 0.       0.       0.       0.       0.       0.       0.       0.       0.
   0.       0.       0.      -1.       0.       0.       0.       0.       0.
   0.      -1.       0.       0.       0.       0.     ]
 [ 0.       0.       0.       0.       0.       0.       0.       0.       0.
   0.       0.       0.       0.      -1.       0.       0.       0.       0.
  -1.       0.      -0.03125  0.       0.       0.     ]
 [ 0.       0.       0.       0.       0.       0.       0.       0.       0.
   0.       0.       0.       0.       0.      -1.       0.       0.       0.
   0.      -0.03125  0.      -1.       0.       0.     ]
 [ 0.       0.       0.       0.       0.       0.       0.       0.       0.
   0.       0.       0.       0.       0.       0.      -1.       0.       0.
   0.       0.      -1.       0.      -0.03125  0.     ]
 [ 0.       0.       0.       0.       0.       0.       0.       0.       0.
   0.       0.       0.       0.       0.       0.       0.      -1.       0.
   0.       0.       0.      -0.03125  0.      -1.     ]
 [ 0.       0.       0.       0.       0.       0.       0.       0.       0.
   0.       0.       0.       0.       0.       0.       0.       0.      -1.
   0.       0.       0.       0.      -1.       0.     ]]
 lattice:
[1 1 1 1 1 1 1 1 1 1 1 1 1 1 1 1 1 1 1 1 1 1 1 1]
 blocks:
[[ 0  1  6  7]
 [ 2  3  8  9]
 [ 4  5 10 11]
 [12 13 18 19]
 [14 15 20 21]
 [16 17 22 23]]
 n_blocks:
6
 Generate initial guess vectors
 Guess eigenstates
 -4.00000000
 -2.00000000
 -2.00000000
 -1.97261632
 -0.02738368
 -0.00000000
 -0.00000000
 -0.00000000
 -0.00000000
 -0.00000000
  0.00000000
  2.00000000
  2.00000000
  2.00000000
  2.00000000
  2.00000000
 Guess eigenstates
 -4.00000000
 -2.00000000
 -2.00000000
 -1.97261632
 -0.02738368
 -0.00000000
 -0.00000000
 -0.00000000
 -0.00000000
 -0.00000000
  0.00000000
  2.00000000
  2.00000000
  2.00000000
  2.00000000
  2.00000000
 Guess eigenstates
 -4.00000000
 -2.00000000
 -2.00000000
 -1.97261632
 -0.02738368
 -0.00000000
 -0.00000000
 -0.00000000
 -0.00000000
 -0.00000000
  0.00000000
  2.00000000
  2.00000000
  2.00000000
  2.00000000
  2.00000000
 Guess eigenstates
 -4.00000000
 -2.00000000
 -2.00000000
 -1.97261632
 -0.02738368
 -0.00000000
 -0.00000000
 -0.00000000
 -0.00000000
 -0.00000000
  0.00000000
  2.00000000
  2.00000000
  2.00000000
  2.00000000
  2.00000000
 Guess eigenstates
 -4.00000000
 -2.00000000
 -2.00000000
 -1.97261632
 -0.02738368
 -0.00000000
 -0.00000000
 -0.00000000
 -0.00000000
 -0.00000000
  0.00000000
  2.00000000
  2.00000000
  2.00000000
  2.00000000
  2.00000000
 Guess eigenstates
 -4.00000000
 -2.00000000
 -2.00000000
 -1.97261632
 -0.02738368
 -0.00000000
 -0.00000000
 -0.00000000
 -0.00000000
 -0.00000000
  0.00000000
  2.00000000
  2.00000000
  2.00000000
  2.00000000
  2.00000000

 Prepare Lattice Blocks:
[1, 1, 1, 1, 1, 1] [15, 15, 15, 15, 15, 15]
 Block 0   :    0,    1,    6,    7 : [1, 15, 0]
 Block 1   :    2,    3,    8,    9 : [1, 15, 0]
 Block 2   :    4,    5,   10,   11 : [1, 15, 0]
 Block 3   :   12,   13,   18,   19 : [1, 15, 0]
 Block 4   :   14,   15,   20,   21 : [1, 15, 0]
 Block 5   :   16,   17,   22,   23 : [1, 15, 0]

 Prepare Tucker blocks:

 Configurations defining the variational space
   0   0   0   0   0   0 ::    1   1   1   1   1   1 ::      1  Range=        0:1       
   1   0   0   0   0   0 ::   15   1   1   1   1   1 ::     15  Range=        1:16      
   0   1   0   0   0   0 ::    1  15   1   1   1   1 ::     15  Range=       16:31      
   0   0   1   0   0   0 ::    1   1  15   1   1   1 ::     15  Range=       31:46      
   0   0   0   1   0   0 ::    1   1   1  15   1   1 ::     15  Range=       46:61      
   0   0   0   0   1   0 ::    1   1   1   1  15   1 ::     15  Range=       61:76      
   0   0   0   0   0   1 ::    1   1   1   1   1  15 ::     15  Range=       76:91      
   1   1   0   0   0   0 ::   15  15   1   1   1   1 ::    225  Range=       91:316     
   1   0   1   0   0   0 ::   15   1  15   1   1   1 ::    225  Range=      316:541     
   1   0   0   1   0   0 ::   15   1   1  15   1   1 ::    225  Range=      541:766     
   1   0   0   0   1   0 ::   15   1   1   1  15   1 ::    225  Range=      766:991     
   1   0   0   0   0   1 ::   15   1   1   1   1  15 ::    225  Range=      991:1216    
   0   1   1   0   0   0 ::    1  15  15   1   1   1 ::    225  Range=     1216:1441    
   0   1   0   1   0   0 ::    1  15   1  15   1   1 ::    225  Range=     1441:1666    
   0   1   0   0   1   0 ::    1  15   1   1  15   1 ::    225  Range=     1666:1891    
   0   1   0   0   0   1 ::    1  15   1   1   1  15 ::    225  Range=     1891:2116    
   0   0   1   1   0   0 ::    1   1  15  15   1   1 ::    225  Range=     2116:2341    
   0   0   1   0   1   0 ::    1   1  15   1  15   1 ::    225  Range=     2341:2566    
   0   0   1   0   0   1 ::    1   1  15   1   1  15 ::    225  Range=     2566:2791    
   0   0   0   1   1   0 ::    1   1   1  15  15   1 ::    225  Range=     2791:3016    
   0   0   0   1   0   1 ::    1   1   1  15   1  15 ::    225  Range=     3016:3241    
   0   0   0   0   1   1 ::    1   1   1   1  15  15 ::    225  Range=     3241:3466    

 Solve for supersystem eigenvalues: Dimension =  3466
  Davidson Iter    1  |  Vecs:   2 :  |      -24.00000000  |  1.2e-01 
  Davidson Iter    2  |  Vecs:   3 :  |      -24.00320459  |  5.1e-03 
  Davidson Iter    3  |  Vecs:   4 :  |      -24.00320907  |  3.4e-04 
  Davidson Iter    4  |  Vecs:   5 :  |      -24.00320909  |  1.5e-05 
  Davidson Iter    5  |  Vecs:   6 :  |      -24.00320909  |  5.7e-07 
  Davidson Iter    6  |  Vecs:   7 :  |      -24.00320909  |  3.0e-08 
  Davidson Iter    7  |  Vecs:   7 :  |      -24.00320909  |  1.5e-09 
 Davidson Converged


 State              Energy          Relative          <S2>
     0 =      -24.00320909        0.00000000    0.00000000

 Compute Block Reduced Density Matrices (BRDM):

 Compute Eigenvalues of BRDMs:


   Eigenvalues of BRDM for   Block 0   :    0,    1,    6,    7 : [1, 15, 0]
   -----------------------------------------------------------------------------
   Local State         Occ. Number               <H>          <S2>          <Sz> 
   0                    0.99979267       -4.00000000        0.0000        0.0000 
   1                    0.00006117       -2.00000000        2.0000       -0.0000 
   2                    0.00006117       -2.00000000        2.0000       -1.0000 
   3                    0.00006117       -2.00000000        2.0000        1.0000 
   4                    0.00000397       -0.00000000        2.0000        1.0000 
   5                    0.00000397       -0.00000000        2.0000       -1.0000 
   6                    0.00000397       -0.00000000        2.0000        0.0000 
   7                    0.00000397       -0.00000000        2.0000       -1.0000 
   8                    0.00000397       -0.00000000        2.0000        1.0000 
   9                    0.00000397       -0.00000000        2.0000        0.0000 
   10                   0.00000000       -0.00000000        0.0000        0.0000 
   11                   0.00000000        2.00000000        6.0000        0.0000 
   12                   0.00000000        2.00000000        6.0000       -1.0000 
   13                   0.00000000        2.00000000        6.0000        1.0000 
   14                   0.00000000        2.00000000        6.0000       -2.0000 
   15                   0.00000000        2.00000000        6.0000        2.0000 


   Eigenvalues of BRDM for   Block 1   :    2,    3,    8,    9 : [1, 15, 0]
   -----------------------------------------------------------------------------
   Local State         Occ. Number               <H>          <S2>          <Sz> 
   0                    0.99968895       -4.00000000        0.0000        0.0000 
   1                    0.00009177       -2.00000000        2.0000        0.0000 
   2                    0.00009177       -2.00000000        2.0000        1.0000 
   3                    0.00009177       -2.00000000        2.0000       -1.0000 
   4                    0.00000751       -0.00000000        2.0000       -1.0000 
   5                    0.00000751       -0.00000000        2.0000        1.0000 
   6                    0.00000751       -0.00000000        2.0000        0.0000 
   7                    0.00000440       -0.00000000        2.0000        1.0000 
   8                    0.00000440       -0.00000000        2.0000       -1.0000 
   9                    0.00000440       -0.00000000        2.0000        0.0000 
   10                   0.00000000       -0.00000000        0.0000       -0.0000 
   11                   0.00000000        2.00000000        6.0000        1.0000 
   12                   0.00000000        2.00000000        6.0000       -1.0000 
   13                   0.00000000        2.00000000        6.0000        2.0000 
   14                   0.00000000        2.00000000        6.0000       -2.0000 
   15                   0.00000000        2.00000000        6.0000       -0.0000 


   Eigenvalues of BRDM for   Block 2   :    4,    5,   10,   11 : [1, 15, 0]
   -----------------------------------------------------------------------------
   Local State         Occ. Number               <H>          <S2>          <Sz> 
   0                    0.99979267       -4.00000000        0.0000        0.0000 
   1                    0.00006117       -2.00000000        2.0000        0.0000 
   2                    0.00006117       -2.00000000        2.0000        1.0000 
   3                    0.00006117       -2.00000000        2.0000       -1.0000 
   4                    0.00000397       -0.00000000        2.0000       -1.0000 
   5                    0.00000397       -0.00000000        2.0000        1.0000 
   6                    0.00000397       -0.00000000        2.0000        0.0000 
   7                    0.00000397       -0.00000000        2.0000        1.0000 
   8                    0.00000397       -0.00000000        2.0000       -1.0000 
   9                    0.00000397       -0.00000000        2.0000        0.0000 
   10                   0.00000000       -0.00000000        0.0000       -0.0000 
   11                   0.00000000        2.00000000        6.0000        1.0000 
   12                   0.00000000        2.00000000        6.0000       -1.0000 
   13                   0.00000000        2.00000000        6.0000        0.0000 
   14                   0.00000000        2.00000000        6.0000        2.0000 
   15                   0.00000000        2.00000000        6.0000       -2.0000 


   Eigenvalues of BRDM for   Block 3   :   12,   13,   18,   19 : [1, 15, 0]
   -----------------------------------------------------------------------------
   Local State         Occ. Number               <H>          <S2>          <Sz> 
   0                    0.99979267       -4.00000000        0.0000        0.0000 
   1                    0.00006117       -2.00000000        2.0000        0.0000 
   2                    0.00006117       -2.00000000        2.0000        1.0000 
   3                    0.00006117       -2.00000000        2.0000       -1.0000 
   4                    0.00000397       -0.00000000        2.0000       -1.0000 
   5                    0.00000397       -0.00000000        2.0000        1.0000 
   6                    0.00000397       -0.00000000        2.0000        0.0000 
   7                    0.00000397       -0.00000000        2.0000        1.0000 
   8                    0.00000397       -0.00000000        2.0000       -1.0000 
   9                    0.00000397       -0.00000000        2.0000       -0.0000 
   10                   0.00000000       -0.00000000        0.0000       -0.0000 
   11                   0.00000000        2.00000000        6.0000        0.0000 
   12                   0.00000000        2.00000000        6.0000        1.0000 
   13                   0.00000000        2.00000000        6.0000       -1.0000 
   14                   0.00000000        2.00000000        6.0000        2.0000 
   15                   0.00000000        2.00000000        6.0000       -2.0000 


   Eigenvalues of BRDM for   Block 4   :   14,   15,   20,   21 : [1, 15, 0]
   -----------------------------------------------------------------------------
   Local State         Occ. Number               <H>          <S2>          <Sz> 
   0                    0.99968895       -4.00000000        0.0000        0.0000 
   1                    0.00009177       -2.00000000        2.0000        0.0000 
   2                    0.00009177       -2.00000000        2.0000        1.0000 
   3                    0.00009177       -2.00000000        2.0000       -1.0000 
   4                    0.00000751       -0.00000000        2.0000       -1.0000 
   5                    0.00000751       -0.00000000        2.0000        1.0000 
   6                    0.00000751        0.00000000        2.0000       -0.0000 
   7                    0.00000440       -0.00000000        2.0000        1.0000 
   8                    0.00000440       -0.00000000        2.0000       -1.0000 
   9                    0.00000440       -0.00000000        2.0000       -0.0000 
   10                   0.00000000       -0.00000000        0.0000       -0.0000 
   11                   0.00000000        2.00000000        6.0000        1.0000 
   12                   0.00000000        2.00000000        6.0000       -1.0000 
   13                   0.00000000        2.00000000        6.0000        0.0000 
   14                   0.00000000        2.00000000        6.0000       -2.0000 
   15                   0.00000000        2.00000000        6.0000        2.0000 


   Eigenvalues of BRDM for   Block 5   :   16,   17,   22,   23 : [1, 15, 0]
   -----------------------------------------------------------------------------
   Local State         Occ. Number               <H>          <S2>          <Sz> 
   0                    0.99979267       -4.00000000        0.0000        0.0000 
   1                    0.00006117       -2.00000000        2.0000       -0.0000 
   2                    0.00006117       -2.00000000        2.0000       -1.0000 
   3                    0.00006117       -2.00000000        2.0000        1.0000 
   4                    0.00000397       -0.00000000        2.0000        1.0000 
   5                    0.00000397       -0.00000000        2.0000       -1.0000 
   6                    0.00000397       -0.00000000        2.0000       -0.0000 
   7                    0.00000397       -0.00000000        2.0000       -1.0000 
   8                    0.00000397       -0.00000000        2.0000        1.0000 
   9                    0.00000397       -0.00000000        2.0000       -0.0000 
   10                   0.00000000       -0.00000000        0.0000       -0.0000 
   11                   0.00000000        2.00000000        6.0000        0.0000 
   12                   0.00000000        2.00000000        6.0000       -1.0000 
   13                   0.00000000        2.00000000        6.0000        1.0000 
   14                   0.00000000        2.00000000        6.0000       -2.0000 
   15                   0.00000000        2.00000000        6.0000        2.0000 

 Solve for supersystem eigenvalues: Dimension =  3466
  Davidson Iter    1  |  Vecs:   2 :  |      -24.00320908  |  1.3e-04 
  Davidson Iter    2  |  Vecs:   3 :  |      -24.00320909  |  2.3e-06 
  Davidson Iter    3  |  Vecs:   4 :  |      -24.00320909  |  1.7e-07 
  Davidson Iter    4  |  Vecs:   4 :  |      -24.00320909  |  8.9e-09 
 Davidson Converged


 State              Energy          Relative          <S2>
     0 =      -24.00320909        0.00000000    0.00000000

 Norm of Reference state   0.99963708 

  Iteration        Energy         Delta
          0  -24.00320909              
          1  -24.00320909       8.7e-13
