 j12:
[[ 0. -1.  0.  0.  0.  0. -1.  0.  0.  0.  0.  0.  0.  0.  0.  0.  0.  0.
   0.  0.  0.  0.  0.  0.]
 [-1.  0. -8.  0.  0.  0.  0. -1.  0.  0.  0.  0.  0.  0.  0.  0.  0.  0.
   0.  0.  0.  0.  0.  0.]
 [ 0. -8.  0. -1.  0.  0.  0.  0. -1.  0.  0.  0.  0.  0.  0.  0.  0.  0.
   0.  0.  0.  0.  0.  0.]
 [ 0.  0. -1.  0. -8.  0.  0.  0.  0. -1.  0.  0.  0.  0.  0.  0.  0.  0.
   0.  0.  0.  0.  0.  0.]
 [ 0.  0.  0. -8.  0. -1.  0.  0.  0.  0. -1.  0.  0.  0.  0.  0.  0.  0.
   0.  0.  0.  0.  0.  0.]
 [ 0.  0.  0.  0. -1.  0.  0.  0.  0.  0.  0. -1.  0.  0.  0.  0.  0.  0.
   0.  0.  0.  0.  0.  0.]
 [-1.  0.  0.  0.  0.  0.  0. -1.  0.  0.  0.  0. -8.  0.  0.  0.  0.  0.
   0.  0.  0.  0.  0.  0.]
 [ 0. -1.  0.  0.  0.  0. -1.  0. -8.  0.  0.  0.  0. -8.  0.  0.  0.  0.
   0.  0.  0.  0.  0.  0.]
 [ 0.  0. -1.  0.  0.  0.  0. -8.  0. -1.  0.  0.  0.  0. -8.  0.  0.  0.
   0.  0.  0.  0.  0.  0.]
 [ 0.  0.  0. -1.  0.  0.  0.  0. -1.  0. -8.  0.  0.  0.  0. -8.  0.  0.
   0.  0.  0.  0.  0.  0.]
 [ 0.  0.  0.  0. -1.  0.  0.  0.  0. -8.  0. -1.  0.  0.  0.  0. -8.  0.
   0.  0.  0.  0.  0.  0.]
 [ 0.  0.  0.  0.  0. -1.  0.  0.  0.  0. -1.  0.  0.  0.  0.  0.  0. -8.
   0.  0.  0.  0.  0.  0.]
 [ 0.  0.  0.  0.  0.  0. -8.  0.  0.  0.  0.  0.  0. -1.  0.  0.  0.  0.
  -1.  0.  0.  0.  0.  0.]
 [ 0.  0.  0.  0.  0.  0.  0. -8.  0.  0.  0.  0. -1.  0. -8.  0.  0.  0.
   0. -1.  0.  0.  0.  0.]
 [ 0.  0.  0.  0.  0.  0.  0.  0. -8.  0.  0.  0.  0. -8.  0. -1.  0.  0.
   0.  0. -1.  0.  0.  0.]
 [ 0.  0.  0.  0.  0.  0.  0.  0.  0. -8.  0.  0.  0.  0. -1.  0. -8.  0.
   0.  0.  0. -1.  0.  0.]
 [ 0.  0.  0.  0.  0.  0.  0.  0.  0.  0. -8.  0.  0.  0.  0. -8.  0. -1.
   0.  0.  0.  0. -1.  0.]
 [ 0.  0.  0.  0.  0.  0.  0.  0.  0.  0.  0. -8.  0.  0.  0.  0. -1.  0.
   0.  0.  0.  0.  0. -1.]
 [ 0.  0.  0.  0.  0.  0.  0.  0.  0.  0.  0.  0. -1.  0.  0.  0.  0.  0.
   0. -1.  0.  0.  0.  0.]
 [ 0.  0.  0.  0.  0.  0.  0.  0.  0.  0.  0.  0.  0. -1.  0.  0.  0.  0.
  -1.  0. -8.  0.  0.  0.]
 [ 0.  0.  0.  0.  0.  0.  0.  0.  0.  0.  0.  0.  0.  0. -1.  0.  0.  0.
   0. -8.  0. -1.  0.  0.]
 [ 0.  0.  0.  0.  0.  0.  0.  0.  0.  0.  0.  0.  0.  0.  0. -1.  0.  0.
   0.  0. -1.  0. -8.  0.]
 [ 0.  0.  0.  0.  0.  0.  0.  0.  0.  0.  0.  0.  0.  0.  0.  0. -1.  0.
   0.  0.  0. -8.  0. -1.]
 [ 0.  0.  0.  0.  0.  0.  0.  0.  0.  0.  0.  0.  0.  0.  0.  0.  0. -1.
   0.  0.  0.  0. -1.  0.]]
 lattice:
[1 1 1 1 1 1 1 1 1 1 1 1 1 1 1 1 1 1 1 1 1 1 1 1]
 blocks:
[[ 0  1  6  7]
 [ 2  3  8  9]
 [ 4  5 10 11]
 [12 13 18 19]
 [14 15 20 21]
 [16 17 22 23]]
 n_blocks:
6
 Generate initial guess vectors
 Guess eigenstates
 -4.00000000
 -2.00000000
 -2.00000000
 -1.97261632
 -0.02738368
 -0.00000000
 -0.00000000
 -0.00000000
 -0.00000000
 -0.00000000
  0.00000000
  2.00000000
  2.00000000
  2.00000000
  2.00000000
  2.00000000
 Guess eigenstates
 -4.00000000
 -2.00000000
 -2.00000000
 -1.97261632
 -0.02738368
 -0.00000000
 -0.00000000
 -0.00000000
 -0.00000000
 -0.00000000
  0.00000000
  2.00000000
  2.00000000
  2.00000000
  2.00000000
  2.00000000
 Guess eigenstates
 -4.00000000
 -2.00000000
 -2.00000000
 -1.97261632
 -0.02738368
 -0.00000000
 -0.00000000
 -0.00000000
 -0.00000000
 -0.00000000
  0.00000000
  2.00000000
  2.00000000
  2.00000000
  2.00000000
  2.00000000
 Guess eigenstates
 -4.00000000
 -2.00000000
 -2.00000000
 -1.97261632
 -0.02738368
 -0.00000000
 -0.00000000
 -0.00000000
 -0.00000000
 -0.00000000
  0.00000000
  2.00000000
  2.00000000
  2.00000000
  2.00000000
  2.00000000
 Guess eigenstates
 -4.00000000
 -2.00000000
 -2.00000000
 -1.97261632
 -0.02738368
 -0.00000000
 -0.00000000
 -0.00000000
 -0.00000000
 -0.00000000
  0.00000000
  2.00000000
  2.00000000
  2.00000000
  2.00000000
  2.00000000
 Guess eigenstates
 -4.00000000
 -2.00000000
 -2.00000000
 -1.97261632
 -0.02738368
 -0.00000000
 -0.00000000
 -0.00000000
 -0.00000000
 -0.00000000
  0.00000000
  2.00000000
  2.00000000
  2.00000000
  2.00000000
  2.00000000

 Prepare Lattice Blocks:
[16, 16, 16, 16, 16, 16] [0, 0, 0, 0, 0, 0]
 Block 0   :    0,    1,    6,    7 : [16, 0, 0]
 Block 1   :    2,    3,    8,    9 : [16, 0, 0]
 Block 2   :    4,    5,   10,   11 : [16, 0, 0]
 Block 3   :   12,   13,   18,   19 : [16, 0, 0]
 Block 4   :   14,   15,   20,   21 : [16, 0, 0]
 Block 5   :   16,   17,   22,   23 : [16, 0, 0]

 Prepare Tucker blocks:

 Configurations defining the variational space
   0   0   0   0   0   0 ::   16  16  16  16  16  16 :: 16777216  Range=        0:16777216

 Solve for supersystem eigenvalues: Dimension =  16777216
  Davidson Iter    1  |  Vecs:   2 :  |      -24.00000000  |  3.1e+01 
  Davidson Iter    2  |  Vecs:   3 :  |      -57.73963151  |  3.1e+01 
  Davidson Iter    3  |  Vecs:   4 :  |      -83.06547327  |  2.9e+01 
  Davidson Iter    4  |  Vecs:   5 :  |     -101.45011114  |  2.5e+01 
  Davidson Iter    5  |  Vecs:   6 :  |     -114.22069629  |  2.2e+01 
  Davidson Iter    6  |  Vecs:   7 :  |     -122.97118547  |  1.8e+01 
  Davidson Iter    7  |  Vecs:   8 :  |     -128.81509488  |  1.5e+01 
  Davidson Iter    8  |  Vecs:   9 :  |     -132.56826857  |  1.2e+01 
  Davidson Iter    9  |  Vecs:  10 :  |     -134.82492692  |  9.4e+00 
  Davidson Iter   10  |  Vecs:  11 :  |     -136.09941192  |  6.9e+00 
  Davidson Iter   11  |  Vecs:  12 :  |     -136.79044355  |  4.5e+00 
  Davidson Iter   12  |  Vecs:  13 :  |     -137.08715233  |  2.5e+00 
  Davidson Iter   13  |  Vecs:  14 :  |     -137.16732954  |  1.2e+00 
  Davidson Iter   14  |  Vecs:  15 :  |     -137.18037957  |  4.8e-01 
  Davidson Iter   15  |  Vecs:  16 :  |     -137.18255833  |  1.2e-01 
  Davidson Iter   16  |  Vecs:  17 :  |     -137.18278563  |  1.4e-01 
  Davidson Iter   17  |  Vecs:  18 :  |     -137.18330696  |  1.4e-01 
  Davidson Iter   18  |  Vecs:  19 :  |     -137.18370008  |  1.8e-01 
  Davidson Iter   19  |  Vecs:  20 :  |     -137.18489362  |  2.3e-01 
  Davidson Iter   20  |  Vecs:  21 :  |     -137.18677764  |  3.5e-01 
  Davidson Iter   21  |  Vecs:  22 :  |     -137.19030583  |  4.1e-01 
  Davidson Iter   22  |  Vecs:  23 :  |     -137.19428275  |  4.4e-01 
  Davidson Iter   23  |  Vecs:  24 :  |     -137.19692904  |  3.0e-01 
  Davidson Iter   24  |  Vecs:  25 :  |     -137.19822966  |  1.5e-01 
  Davidson Iter   25  |  Vecs:  26 :  |     -137.19852244  |  7.0e-02 
  Davidson Iter   26  |  Vecs:  27 :  |     -137.19857423  |  3.4e-02 
  Davidson Iter   27  |  Vecs:  28 :  |     -137.19858735  |  1.7e-02 
  Davidson Iter   28  |  Vecs:  29 :  |     -137.19859285  |  1.3e-02 
  Davidson Iter   29  |  Vecs:  30 :  |     -137.19859535  |  9.3e-03 
  Davidson Iter   30  |  Vecs:  31 :  |     -137.19859623  |  3.6e-03 
 Davidson Not Converged


 State              Energy          Relative          <S2>
     0 =     -137.19859623        0.00000000    0.00000002

 Compute Block Reduced Density Matrices (BRDM):

 Compute Eigenvalues of BRDMs:


   Eigenvalues of BRDM for   Block 0   :    0,    1,    6,    7 : [16, 0, 0]
   -----------------------------------------------------------------------------
   Local State         Occ. Number               <H>          <S2>          <Sz> 
   0                    0.11074149       -3.99997774        0.0000       -0.0000 
   1                    0.08273261       -1.99992543        2.0000       -1.0000 
   2                    0.08273162       -1.99992542        2.0000        0.0000 
   3                    0.08273079       -1.99992541        2.0000        1.0000 
   4                    0.06428830       -0.00006739        2.0000       -1.0000 
   5                    0.06428745       -0.00006740        2.0000       -0.0000 
   6                    0.06428642       -0.00006741        2.0000        1.0000 
   7                    0.05753778       -0.00002226        0.0000       -0.0000 
   8                    0.05493781       -0.00000718        2.0000       -1.0000 
   9                    0.05493741       -0.00000718        2.0000       -0.0000 
   10                   0.05493697       -0.00000718        2.0000        1.0000 
   11                   0.04517140        2.00000000        6.0000       -2.0000 
   12                   0.04517085        2.00000000        6.0000       -1.0000 
   13                   0.04517029        2.00000000        6.0000       -0.0000 
   14                   0.04516970        2.00000000        6.0000        1.0000 
   15                   0.04516909        2.00000000        6.0000        2.0000 


   Eigenvalues of BRDM for   Block 1   :    2,    3,    8,    9 : [16, 0, 0]
   -----------------------------------------------------------------------------
   Local State         Occ. Number               <H>          <S2>          <Sz> 
   0                    0.08785696       -3.99999642        0.0000       -0.0000 
   1                    0.07377232       -1.99999953        2.0000        0.0000 
   2                    0.07377224       -1.99999953        2.0000        1.0000 
   3                    0.07377224       -1.99999953        2.0000       -1.0000 
   4                    0.06333911       -0.00000000        2.0000       -1.0000 
   5                    0.06333911       -0.00000000        2.0000        1.0000 
   6                    0.06333903       -0.00000000        2.0000       -0.0000 
   7                    0.06104225       -0.00000358        0.0000        0.0000 
   8                    0.05969535       -0.00000047        2.0000        0.0000 
   9                    0.05969534       -0.00000047        2.0000        1.0000 
   10                   0.05969534       -0.00000047        2.0000       -1.0000 
   11                   0.05213615        2.00000000        6.0000        2.0000 
   12                   0.05213615        2.00000000        6.0000       -2.0000 
   13                   0.05213614        2.00000000        6.0000       -1.0000 
   14                   0.05213614        2.00000000        6.0000        1.0000 
   15                   0.05213614        2.00000000        6.0000       -0.0000 


   Eigenvalues of BRDM for   Block 2   :    4,    5,   10,   11 : [16, 0, 0]
   -----------------------------------------------------------------------------
   Local State         Occ. Number               <H>          <S2>          <Sz> 
   0                    0.11074149       -3.99997774        0.0000        0.0000 
   1                    0.08273261       -1.99992543        2.0000        1.0000 
   2                    0.08273162       -1.99992542        2.0000       -0.0000 
   3                    0.08273079       -1.99992541        2.0000       -1.0000 
   4                    0.06428830       -0.00006739        2.0000        1.0000 
   5                    0.06428745       -0.00006740        2.0000       -0.0000 
   6                    0.06428642       -0.00006741        2.0000       -1.0000 
   7                    0.05753778       -0.00002226        0.0000       -0.0000 
   8                    0.05493781       -0.00000718        2.0000        1.0000 
   9                    0.05493741       -0.00000718        2.0000        0.0000 
   10                   0.05493697       -0.00000718        2.0000       -1.0000 
   11                   0.04517140        2.00000000        6.0000        2.0000 
   12                   0.04517085        2.00000000        6.0000        1.0000 
   13                   0.04517029        2.00000000        6.0000       -0.0000 
   14                   0.04516970        2.00000000        6.0000       -1.0000 
   15                   0.04516909        2.00000000        6.0000       -2.0000 


   Eigenvalues of BRDM for   Block 3   :   12,   13,   18,   19 : [16, 0, 0]
   -----------------------------------------------------------------------------
   Local State         Occ. Number               <H>          <S2>          <Sz> 
   0                    0.11074149       -3.99997774        0.0000        0.0000 
   1                    0.08273261       -1.99992543        2.0000        1.0000 
   2                    0.08273162       -1.99992542        2.0000       -0.0000 
   3                    0.08273079       -1.99992541        2.0000       -1.0000 
   4                    0.06428830       -0.00006739        2.0000        1.0000 
   5                    0.06428745       -0.00006740        2.0000       -0.0000 
   6                    0.06428642       -0.00006741        2.0000       -1.0000 
   7                    0.05753778       -0.00002226        0.0000       -0.0000 
   8                    0.05493781       -0.00000718        2.0000        1.0000 
   9                    0.05493741       -0.00000718        2.0000       -0.0000 
   10                   0.05493697       -0.00000718        2.0000       -1.0000 
   11                   0.04517140        2.00000000        6.0000        2.0000 
   12                   0.04517085        2.00000000        6.0000        1.0000 
   13                   0.04517029        2.00000000        6.0000       -0.0000 
   14                   0.04516970        2.00000000        6.0000       -1.0000 
   15                   0.04516909        2.00000000        6.0000       -2.0000 


   Eigenvalues of BRDM for   Block 4   :   14,   15,   20,   21 : [16, 0, 0]
   -----------------------------------------------------------------------------
   Local State         Occ. Number               <H>          <S2>          <Sz> 
   0                    0.08785696       -3.99999642        0.0000        0.0000 
   1                    0.07377232       -1.99999953        2.0000       -0.0000 
   2                    0.07377224       -1.99999953        2.0000        1.0000 
   3                    0.07377224       -1.99999953        2.0000       -1.0000 
   4                    0.06333911       -0.00000000        2.0000       -1.0000 
   5                    0.06333911       -0.00000000        2.0000        1.0000 
   6                    0.06333903        0.00000000        2.0000        0.0000 
   7                    0.06104225       -0.00000358        0.0000       -0.0000 
   8                    0.05969535       -0.00000047        2.0000        0.0000 
   9                    0.05969534       -0.00000047        2.0000        1.0000 
   10                   0.05969534       -0.00000047        2.0000       -1.0000 
   11                   0.05213615        2.00000000        6.0000       -2.0000 
   12                   0.05213615        2.00000000        6.0000        2.0000 
   13                   0.05213614        2.00000000        6.0000       -1.0000 
   14                   0.05213614        2.00000000        6.0000        1.0000 
   15                   0.05213614        2.00000000        6.0000       -0.0000 


   Eigenvalues of BRDM for   Block 5   :   16,   17,   22,   23 : [16, 0, 0]
   -----------------------------------------------------------------------------
   Local State         Occ. Number               <H>          <S2>          <Sz> 
   0                    0.11074149       -3.99997774        0.0000       -0.0000 
   1                    0.08273261       -1.99992543        2.0000       -1.0000 
   2                    0.08273162       -1.99992542        2.0000        0.0000 
   3                    0.08273079       -1.99992541        2.0000        1.0000 
   4                    0.06428830       -0.00006739        2.0000       -1.0000 
   5                    0.06428745       -0.00006740        2.0000        0.0000 
   6                    0.06428642       -0.00006741        2.0000        1.0000 
   7                    0.05753778       -0.00002226        0.0000       -0.0000 
   8                    0.05493781       -0.00000718        2.0000       -1.0000 
   9                    0.05493741       -0.00000718        2.0000       -0.0000 
   10                   0.05493697       -0.00000718        2.0000        1.0000 
   11                   0.04517140        2.00000000        6.0000       -2.0000 
   12                   0.04517085        2.00000000        6.0000       -1.0000 
   13                   0.04517029        2.00000000        6.0000       -0.0000 
   14                   0.04516970        2.00000000        6.0000        1.0000 
   15                   0.04516909        2.00000000        6.0000        2.0000 

 Norm of Reference state   1.00000000 

  Iteration        Energy         Delta
          0  -137.19859623              
