 j12:
[[ 0.       -1.        0.        0.        0.        0.       -1.        0.
   0.        0.        0.        0.        0.        0.        0.        0.
   0.        0.        0.        0.        0.        0.        0.        0.      ]
 [-1.        0.       -0.015625  0.        0.        0.        0.       -1.
   0.        0.        0.        0.        0.        0.        0.        0.
   0.        0.        0.        0.        0.        0.        0.        0.      ]
 [ 0.       -0.015625  0.       -1.        0.        0.        0.        0.
  -1.        0.        0.        0.        0.        0.        0.        0.
   0.        0.        0.        0.        0.        0.        0.        0.      ]
 [ 0.        0.       -1.        0.       -0.015625  0.        0.        0.
   0.       -1.        0.        0.        0.        0.        0.        0.
   0.        0.        0.        0.        0.        0.        0.        0.      ]
 [ 0.        0.        0.       -0.015625  0.       -1.        0.        0.
   0.        0.       -1.        0.        0.        0.        0.        0.
   0.        0.        0.        0.        0.        0.        0.        0.      ]
 [ 0.        0.        0.        0.       -1.        0.        0.        0.
   0.        0.        0.       -1.        0.        0.        0.        0.
   0.        0.        0.        0.        0.        0.        0.        0.      ]
 [-1.        0.        0.        0.        0.        0.        0.       -1.
   0.        0.        0.        0.       -0.015625  0.        0.        0.
   0.        0.        0.        0.        0.        0.        0.        0.      ]
 [ 0.       -1.        0.        0.        0.        0.       -1.        0.
  -0.015625  0.        0.        0.        0.       -0.015625  0.        0.
   0.        0.        0.        0.        0.        0.        0.        0.      ]
 [ 0.        0.       -1.        0.        0.        0.        0.       -0.015625
   0.       -1.        0.        0.        0.        0.       -0.015625  0.
   0.        0.        0.        0.        0.        0.        0.        0.      ]
 [ 0.        0.        0.       -1.        0.        0.        0.        0.
  -1.        0.       -0.015625  0.        0.        0.        0.       -0.015625
   0.        0.        0.        0.        0.        0.        0.        0.      ]
 [ 0.        0.        0.        0.       -1.        0.        0.        0.
   0.       -0.015625  0.       -1.        0.        0.        0.        0.
  -0.015625  0.        0.        0.        0.        0.        0.        0.      ]
 [ 0.        0.        0.        0.        0.       -1.        0.        0.
   0.        0.       -1.        0.        0.        0.        0.        0.
   0.       -0.015625  0.        0.        0.        0.        0.        0.      ]
 [ 0.        0.        0.        0.        0.        0.       -0.015625  0.
   0.        0.        0.        0.        0.       -1.        0.        0.
   0.        0.       -1.        0.        0.        0.        0.        0.      ]
 [ 0.        0.        0.        0.        0.        0.        0.       -0.015625
   0.        0.        0.        0.       -1.        0.       -0.015625  0.
   0.        0.        0.       -1.        0.        0.        0.        0.      ]
 [ 0.        0.        0.        0.        0.        0.        0.        0.
  -0.015625  0.        0.        0.        0.       -0.015625  0.       -1.
   0.        0.        0.        0.       -1.        0.        0.        0.      ]
 [ 0.        0.        0.        0.        0.        0.        0.        0.
   0.       -0.015625  0.        0.        0.        0.       -1.        0.
  -0.015625  0.        0.        0.        0.       -1.        0.        0.      ]
 [ 0.        0.        0.        0.        0.        0.        0.        0.
   0.        0.       -0.015625  0.        0.        0.        0.       -0.015625
   0.       -1.        0.        0.        0.        0.       -1.        0.      ]
 [ 0.        0.        0.        0.        0.        0.        0.        0.
   0.        0.        0.       -0.015625  0.        0.        0.        0.
  -1.        0.        0.        0.        0.        0.        0.       -1.      ]
 [ 0.        0.        0.        0.        0.        0.        0.        0.
   0.        0.        0.        0.       -1.        0.        0.        0.
   0.        0.        0.       -1.        0.        0.        0.        0.      ]
 [ 0.        0.        0.        0.        0.        0.        0.        0.
   0.        0.        0.        0.        0.       -1.        0.        0.
   0.        0.       -1.        0.       -0.015625  0.        0.        0.      ]
 [ 0.        0.        0.        0.        0.        0.        0.        0.
   0.        0.        0.        0.        0.        0.       -1.        0.
   0.        0.        0.       -0.015625  0.       -1.        0.        0.      ]
 [ 0.        0.        0.        0.        0.        0.        0.        0.
   0.        0.        0.        0.        0.        0.        0.       -1.
   0.        0.        0.        0.       -1.        0.       -0.015625  0.      ]
 [ 0.        0.        0.        0.        0.        0.        0.        0.
   0.        0.        0.        0.        0.        0.        0.        0.
  -1.        0.        0.        0.        0.       -0.015625  0.       -1.      ]
 [ 0.        0.        0.        0.        0.        0.        0.        0.
   0.        0.        0.        0.        0.        0.        0.        0.
   0.       -1.        0.        0.        0.        0.       -1.        0.      ]]
 lattice:
[1 1 1 1 1 1 1 1 1 1 1 1 1 1 1 1 1 1 1 1 1 1 1 1]
 blocks:
[[ 0  1  6  7]
 [ 2  3  8  9]
 [ 4  5 10 11]
 [12 13 18 19]
 [14 15 20 21]
 [16 17 22 23]]
 n_blocks:
6
 Generate initial guess vectors
 Guess eigenstates
 -4.00000000
 -2.00000000
 -2.00000000
 -1.97261632
 -0.02738368
 -0.00000000
 -0.00000000
 -0.00000000
 -0.00000000
 -0.00000000
  0.00000000
  2.00000000
  2.00000000
  2.00000000
  2.00000000
  2.00000000
 Guess eigenstates
 -4.00000000
 -2.00000000
 -2.00000000
 -1.97261632
 -0.02738368
 -0.00000000
 -0.00000000
 -0.00000000
 -0.00000000
 -0.00000000
  0.00000000
  2.00000000
  2.00000000
  2.00000000
  2.00000000
  2.00000000
 Guess eigenstates
 -4.00000000
 -2.00000000
 -2.00000000
 -1.97261632
 -0.02738368
 -0.00000000
 -0.00000000
 -0.00000000
 -0.00000000
 -0.00000000
  0.00000000
  2.00000000
  2.00000000
  2.00000000
  2.00000000
  2.00000000
 Guess eigenstates
 -4.00000000
 -2.00000000
 -2.00000000
 -1.97261632
 -0.02738368
 -0.00000000
 -0.00000000
 -0.00000000
 -0.00000000
 -0.00000000
  0.00000000
  2.00000000
  2.00000000
  2.00000000
  2.00000000
  2.00000000
 Guess eigenstates
 -4.00000000
 -2.00000000
 -2.00000000
 -1.97261632
 -0.02738368
 -0.00000000
 -0.00000000
 -0.00000000
 -0.00000000
 -0.00000000
  0.00000000
  2.00000000
  2.00000000
  2.00000000
  2.00000000
  2.00000000
 Guess eigenstates
 -4.00000000
 -2.00000000
 -2.00000000
 -1.97261632
 -0.02738368
 -0.00000000
 -0.00000000
 -0.00000000
 -0.00000000
 -0.00000000
  0.00000000
  2.00000000
  2.00000000
  2.00000000
  2.00000000
  2.00000000

 Prepare Lattice Blocks:
[1, 1, 1, 1, 1, 1] [15, 15, 15, 15, 15, 15]
 Block 0   :    0,    1,    6,    7 : [1, 15, 0]
 Block 1   :    2,    3,    8,    9 : [1, 15, 0]
 Block 2   :    4,    5,   10,   11 : [1, 15, 0]
 Block 3   :   12,   13,   18,   19 : [1, 15, 0]
 Block 4   :   14,   15,   20,   21 : [1, 15, 0]
 Block 5   :   16,   17,   22,   23 : [1, 15, 0]

 Prepare Tucker blocks:
   0   0   0   0   0   0 ::    1   1   1   1   1   1 ::      1  Range=        0:1       
   1   0   0   0   0   0 ::   15   1   1   1   1   1 ::     15  Range=        1:16      
   0   1   0   0   0   0 ::    1  15   1   1   1   1 ::     15  Range=       16:31      
   0   0   1   0   0   0 ::    1   1  15   1   1   1 ::     15  Range=       31:46      
   0   0   0   1   0   0 ::    1   1   1  15   1   1 ::     15  Range=       46:61      
   0   0   0   0   1   0 ::    1   1   1   1  15   1 ::     15  Range=       61:76      
   0   0   0   0   0   1 ::    1   1   1   1   1  15 ::     15  Range=       76:91      

 Build Hamiltonian:
 Diagonalize Hamiltonian: Size of H:  (91, 91)
 State              Energy          Relative          <S2>
     0 =      -24.00000000        0.00000000    0.00000000
     1 =      -22.02517491        1.97482509    2.00000000
     2 =      -22.02517491        1.97482509    2.00000000
     3 =      -22.02517491        1.97482509    2.00000000
     4 =      -22.01045720        1.98954280    2.00000000
     5 =      -22.01045720        1.98954280    2.00000000
     6 =      -22.01045720        1.98954280    2.00000000
     7 =      -22.00434179        1.99565821    2.00000000
     8 =      -22.00434179        1.99565821    2.00000000
     9 =      -22.00434179        1.99565821    2.00000000

 Compute Block Reduced Density Matrices (BRDM):
trace(b):   1.00000000
trace(b):   1.00000000
trace(b):   1.00000000
trace(b):   1.00000000
trace(b):   1.00000000
trace(b):   1.00000000

 Compute Eigenvalues of BRDMs:


   Eigenvalues of BRDM for   Block 0   :    0,    1,    6,    7 : [1, 15, 0]
   -----------------------------------------------------------------------------
   Local State         Occ. Number               <H>          <S2>          <Sz> 
   0                    1.00000000       -4.00000000        0.0000       -0.0000 
   1                    0.00000000       -0.00000000        2.0000       -0.0000 
   2                    0.00000000        2.00000000        6.0000        0.0000 
   3                    0.00000000       -0.00000000        2.0000        1.0000 
   4                    0.00000000       -0.02286189        2.0000       -0.9771 
   5                    0.00000000       -1.85380483        2.0000        0.8538 
   6                    0.00000000       -2.00000000        2.0000       -1.0000 
   7                    0.00000000        2.00000000        6.0000        1.0000 
   8                    0.00000000       -0.00000000        2.0000        1.0000 
   9                    0.00000000        2.00000000        6.0000       -1.0000 
   10                   0.00000000       -0.12333328        2.0000       -0.8767 
   11                   0.00000000        2.00000000        6.0000        2.0000 
   12                  -0.00000000        2.00000000        6.0000       -2.0000 
   13                  -0.00000000       -0.00000000        2.0000       -0.0000 
   14                  -0.00000000       -0.93493486        0.9349       -0.0000 
   15                  -0.00000000       -1.06506514        1.0651       -0.0000 


   Eigenvalues of BRDM for   Block 1   :    2,    3,    8,    9 : [1, 15, 0]
   -----------------------------------------------------------------------------
   Local State         Occ. Number               <H>          <S2>          <Sz> 
   0                    1.00000000       -4.00000000        0.0000        0.0000 
   1                    0.00000000        2.00000000        6.0000       -0.0000 
   2                    0.00000000       -0.00000000        2.0000        0.0000 
   3                    0.00000000        0.00000000        2.0000        1.0000 
   4                    0.00000000       -1.98413511        2.0000        0.9841 
   5                    0.00000000       -0.00220637        2.0000       -0.9978 
   6                    0.00000000       -0.01365852        2.0000       -0.9863 
   7                    0.00000000       -2.00000000        2.0000       -1.0000 
   8                    0.00000000        0.00000000        2.0000        1.0000 
   9                    0.00000000        2.00000000        6.0000       -1.0000 
   10                   0.00000000        2.00000000        6.0000        1.0000 
   11                  -0.00000000        2.00000000        6.0000       -2.0000 
   12                  -0.00000000        2.00000000        6.0000        2.0000 
   13                  -0.00000000       -0.01443674        0.0144       -0.0000 
   14                  -0.00000000       -0.00000000        2.0000        0.0000 
   15                  -0.00000000       -1.98556326        1.9856       -0.0000 


   Eigenvalues of BRDM for   Block 2   :    4,    5,   10,   11 : [1, 15, 0]
   -----------------------------------------------------------------------------
   Local State         Occ. Number               <H>          <S2>          <Sz> 
   0                    1.00000000       -4.00000000        0.0000        0.0000 
   1                    0.00000000        2.00000000        6.0000       -0.0000 
   2                    0.00000000       -0.00000000        2.0000       -0.0000 
   3                    0.00000000       -0.00000000        2.0000        1.0000 
   4                    0.00000000       -1.12262226        2.0000        0.1226 
   5                    0.00000000       -2.00000000        2.0000       -1.0000 
   6                    0.00000000       -0.13573116        2.0000       -0.8643 
   7                    0.00000000       -0.00000000        2.0000        1.0000 
   8                    0.00000000        2.00000000        6.0000        1.0000 
   9                    0.00000000        2.00000000        6.0000       -1.0000 
   10                   0.00000000       -0.74164658        2.0000       -0.2584 
   11                  -0.00000000        2.00000000        6.0000        2.0000 
   12                  -0.00000000        2.00000000        6.0000       -2.0000 
   13                  -0.00000000       -0.00000000        2.0000        0.0000 
   14                  -0.00000000       -1.17116701        1.1712       -0.0000 
   15                  -0.00000000       -0.82883299        0.8288        0.0000 


   Eigenvalues of BRDM for   Block 3   :   12,   13,   18,   19 : [1, 15, 0]
   -----------------------------------------------------------------------------
   Local State         Occ. Number               <H>          <S2>          <Sz> 
   0                    1.00000000       -4.00000000        0.0000        0.0000 
   1                    0.00000000        2.00000000        6.0000       -0.0000 
   2                    0.00000000       -0.00000000        2.0000        0.0000 
   3                    0.00000000       -0.00000000        2.0000        1.0000 
   4                    0.00000000       -1.16313689        2.0000        0.1631 
   5                    0.00000000       -0.58290899        2.0000       -0.4171 
   6                    0.00000000       -2.00000000        2.0000       -1.0000 
   7                    0.00000000       -0.25395411        2.0000       -0.7460 
   8                    0.00000000       -0.00000000        2.0000        1.0000 
   9                    0.00000000        2.00000000        6.0000        1.0000 
   10                   0.00000000        2.00000000        6.0000       -1.0000 
   11                   0.00000000        2.00000000        6.0000       -2.0000 
   12                  -0.00000000        2.00000000        6.0000        2.0000 
   13                  -0.00000000       -1.64748067        1.6475        0.0000 
   14                  -0.00000000       -0.00000000        2.0000        0.0000 
   15                  -0.00000000       -0.35251933        0.3525        0.0000 


   Eigenvalues of BRDM for   Block 4   :   14,   15,   20,   21 : [1, 15, 0]
   -----------------------------------------------------------------------------
   Local State         Occ. Number               <H>          <S2>          <Sz> 
   0                    1.00000000       -4.00000000        0.0000        0.0000 
   1                    0.00000000        2.00000000        6.0000       -0.0000 
   2                    0.00000000       -0.00000000        2.0000        1.0000 
   3                    0.00000000       -0.02407797        2.0000       -0.9759 
   4                    0.00000000       -0.00000000        2.0000        1.0000 
   5                    0.00000000       -0.08306877        2.0000       -0.9169 
   6                    0.00000000       -2.00000000        2.0000       -1.0000 
   7                    0.00000000       -1.89285326        2.0000        0.8929 
   8                    0.00000000        2.00000000        6.0000       -1.0000 
   9                    0.00000000        2.00000000        6.0000        1.0000 
   10                  -0.00000000        2.00000000        6.0000        2.0000 
   11                  -0.00000000        2.00000000        6.0000       -2.0000 
   12                  -0.00000000       -0.00000000        2.0000        0.0000 
   13                  -0.00000000       -0.00000000        2.0000        0.0000 
   14                  -0.00000000       -0.29185495        0.2919       -0.0000 
   15                  -0.00000000       -1.70814505        1.7081       -0.0000 


   Eigenvalues of BRDM for   Block 5   :   16,   17,   22,   23 : [1, 15, 0]
   -----------------------------------------------------------------------------
   Local State         Occ. Number               <H>          <S2>          <Sz> 
   0                    1.00000000       -4.00000000        0.0000        0.0000 
   1                    0.00000000       -0.00000000        2.0000        1.0000 
   2                    0.00000000       -0.28630234        2.0000       -0.7137 
   3                    0.00000000       -0.71852500        2.0000       -0.2815 
   4                    0.00000000       -2.00000000        2.0000       -1.0000 
   5                    0.00000000       -0.00000000        2.0000        1.0000 
   6                    0.00000000        2.00000000        6.0000        1.0000 
   7                    0.00000000        2.00000000        6.0000       -1.0000 
   8                    0.00000000       -0.99517266        2.0000       -0.0048 
   9                    0.00000000        2.00000000        6.0000        2.0000 
   10                  -0.00000000        2.00000000        6.0000       -2.0000 
   11                  -0.00000000       -0.00000000        2.0000       -0.0000 
   12                  -0.00000000       -0.07167046        0.0717       -0.0000 
   13                  -0.00000000        2.00000000        6.0000       -0.0000 
   14                  -0.00000000       -0.00000000        2.0000        0.0000 
   15                  -0.00000000       -1.92832954        1.9283       -0.0000 

 Build Hamiltonian:
 Diagonalize Hamiltonian: Size of H:  (91, 91)
 State              Energy          Relative          <S2>
     0 =      -24.00000000        0.00000000    0.00000000
     1 =      -22.02517491        1.97482509    2.00000000
     2 =      -22.02517491        1.97482509    2.00000000
     3 =      -22.02517491        1.97482509    2.00000000
     4 =      -22.01045720        1.98954280    2.00000000
     5 =      -22.01045720        1.98954280    2.00000000
     6 =      -22.01045720        1.98954280    2.00000000
     7 =      -22.00434179        1.99565821    2.00000000
     8 =      -22.00434179        1.99565821    2.00000000
     9 =      -22.00434179        1.99565821    2.00000000
  Iteration        Energy         Delta
          0  -24.00000000              
          1  -24.00000000       1.8e-14
