 j12:
[[ 0.   -1.    0.    0.    0.    0.   -1.    0.    0.    0.    0.    0.    0.
   0.    0.    0.    0.    0.    0.    0.    0.    0.    0.    0.  ]
 [-1.    0.   -0.25  0.    0.    0.    0.   -1.    0.    0.    0.    0.    0.
   0.    0.    0.    0.    0.    0.    0.    0.    0.    0.    0.  ]
 [ 0.   -0.25  0.   -1.    0.    0.    0.    0.   -1.    0.    0.    0.    0.
   0.    0.    0.    0.    0.    0.    0.    0.    0.    0.    0.  ]
 [ 0.    0.   -1.    0.   -0.25  0.    0.    0.    0.   -1.    0.    0.    0.
   0.    0.    0.    0.    0.    0.    0.    0.    0.    0.    0.  ]
 [ 0.    0.    0.   -0.25  0.   -1.    0.    0.    0.    0.   -1.    0.    0.
   0.    0.    0.    0.    0.    0.    0.    0.    0.    0.    0.  ]
 [ 0.    0.    0.    0.   -1.    0.    0.    0.    0.    0.    0.   -1.    0.
   0.    0.    0.    0.    0.    0.    0.    0.    0.    0.    0.  ]
 [-1.    0.    0.    0.    0.    0.    0.   -1.    0.    0.    0.    0.
  -0.25  0.    0.    0.    0.    0.    0.    0.    0.    0.    0.    0.  ]
 [ 0.   -1.    0.    0.    0.    0.   -1.    0.   -0.25  0.    0.    0.    0.
  -0.25  0.    0.    0.    0.    0.    0.    0.    0.    0.    0.  ]
 [ 0.    0.   -1.    0.    0.    0.    0.   -0.25  0.   -1.    0.    0.    0.
   0.   -0.25  0.    0.    0.    0.    0.    0.    0.    0.    0.  ]
 [ 0.    0.    0.   -1.    0.    0.    0.    0.   -1.    0.   -0.25  0.    0.
   0.    0.   -0.25  0.    0.    0.    0.    0.    0.    0.    0.  ]
 [ 0.    0.    0.    0.   -1.    0.    0.    0.    0.   -0.25  0.   -1.    0.
   0.    0.    0.   -0.25  0.    0.    0.    0.    0.    0.    0.  ]
 [ 0.    0.    0.    0.    0.   -1.    0.    0.    0.    0.   -1.    0.    0.
   0.    0.    0.    0.   -0.25  0.    0.    0.    0.    0.    0.  ]
 [ 0.    0.    0.    0.    0.    0.   -0.25  0.    0.    0.    0.    0.    0.
  -1.    0.    0.    0.    0.   -1.    0.    0.    0.    0.    0.  ]
 [ 0.    0.    0.    0.    0.    0.    0.   -0.25  0.    0.    0.    0.   -1.
   0.   -0.25  0.    0.    0.    0.   -1.    0.    0.    0.    0.  ]
 [ 0.    0.    0.    0.    0.    0.    0.    0.   -0.25  0.    0.    0.    0.
  -0.25  0.   -1.    0.    0.    0.    0.   -1.    0.    0.    0.  ]
 [ 0.    0.    0.    0.    0.    0.    0.    0.    0.   -0.25  0.    0.    0.
   0.   -1.    0.   -0.25  0.    0.    0.    0.   -1.    0.    0.  ]
 [ 0.    0.    0.    0.    0.    0.    0.    0.    0.    0.   -0.25  0.    0.
   0.    0.   -0.25  0.   -1.    0.    0.    0.    0.   -1.    0.  ]
 [ 0.    0.    0.    0.    0.    0.    0.    0.    0.    0.    0.   -0.25
   0.    0.    0.    0.   -1.    0.    0.    0.    0.    0.    0.   -1.  ]
 [ 0.    0.    0.    0.    0.    0.    0.    0.    0.    0.    0.    0.   -1.
   0.    0.    0.    0.    0.    0.   -1.    0.    0.    0.    0.  ]
 [ 0.    0.    0.    0.    0.    0.    0.    0.    0.    0.    0.    0.    0.
  -1.    0.    0.    0.    0.   -1.    0.   -0.25  0.    0.    0.  ]
 [ 0.    0.    0.    0.    0.    0.    0.    0.    0.    0.    0.    0.    0.
   0.   -1.    0.    0.    0.    0.   -0.25  0.   -1.    0.    0.  ]
 [ 0.    0.    0.    0.    0.    0.    0.    0.    0.    0.    0.    0.    0.
   0.    0.   -1.    0.    0.    0.    0.   -1.    0.   -0.25  0.  ]
 [ 0.    0.    0.    0.    0.    0.    0.    0.    0.    0.    0.    0.    0.
   0.    0.    0.   -1.    0.    0.    0.    0.   -0.25  0.   -1.  ]
 [ 0.    0.    0.    0.    0.    0.    0.    0.    0.    0.    0.    0.    0.
   0.    0.    0.    0.   -1.    0.    0.    0.    0.   -1.    0.  ]]
 lattice:
[1 1 1 1 1 1 1 1 1 1 1 1 1 1 1 1 1 1 1 1 1 1 1 1]
 blocks:
[[ 0  1  6  7]
 [ 2  3  8  9]
 [ 4  5 10 11]
 [12 13 18 19]
 [14 15 20 21]
 [16 17 22 23]]
 n_blocks:
6
 Generate initial guess vectors
 Guess eigenstates
 -4.00000000
 -2.00000000
 -2.00000000
 -1.97261632
 -0.02738368
 -0.00000000
 -0.00000000
 -0.00000000
 -0.00000000
 -0.00000000
  0.00000000
  2.00000000
  2.00000000
  2.00000000
  2.00000000
  2.00000000
 Guess eigenstates
 -4.00000000
 -2.00000000
 -2.00000000
 -1.97261632
 -0.02738368
 -0.00000000
 -0.00000000
 -0.00000000
 -0.00000000
 -0.00000000
  0.00000000
  2.00000000
  2.00000000
  2.00000000
  2.00000000
  2.00000000
 Guess eigenstates
 -4.00000000
 -2.00000000
 -2.00000000
 -1.97261632
 -0.02738368
 -0.00000000
 -0.00000000
 -0.00000000
 -0.00000000
 -0.00000000
  0.00000000
  2.00000000
  2.00000000
  2.00000000
  2.00000000
  2.00000000
 Guess eigenstates
 -4.00000000
 -2.00000000
 -2.00000000
 -1.97261632
 -0.02738368
 -0.00000000
 -0.00000000
 -0.00000000
 -0.00000000
 -0.00000000
  0.00000000
  2.00000000
  2.00000000
  2.00000000
  2.00000000
  2.00000000
 Guess eigenstates
 -4.00000000
 -2.00000000
 -2.00000000
 -1.97261632
 -0.02738368
 -0.00000000
 -0.00000000
 -0.00000000
 -0.00000000
 -0.00000000
  0.00000000
  2.00000000
  2.00000000
  2.00000000
  2.00000000
  2.00000000
 Guess eigenstates
 -4.00000000
 -2.00000000
 -2.00000000
 -1.97261632
 -0.02738368
 -0.00000000
 -0.00000000
 -0.00000000
 -0.00000000
 -0.00000000
  0.00000000
  2.00000000
  2.00000000
  2.00000000
  2.00000000
  2.00000000

 Prepare Lattice Blocks:
[1, 1, 1, 1, 1, 1] [15, 15, 15, 15, 15, 15]
 Block 0   :    0,    1,    6,    7 : [1, 15, 0]
 Block 1   :    2,    3,    8,    9 : [1, 15, 0]
 Block 2   :    4,    5,   10,   11 : [1, 15, 0]
 Block 3   :   12,   13,   18,   19 : [1, 15, 0]
 Block 4   :   14,   15,   20,   21 : [1, 15, 0]
 Block 5   :   16,   17,   22,   23 : [1, 15, 0]

 Prepare Tucker blocks:

 Configurations defining the variational space
   0   0   0   0   0   0 ::    1   1   1   1   1   1 ::      1  Range=        0:1       
   1   0   0   0   0   0 ::   15   1   1   1   1   1 ::     15  Range=        1:16      
   0   1   0   0   0   0 ::    1  15   1   1   1   1 ::     15  Range=       16:31      
   0   0   1   0   0   0 ::    1   1  15   1   1   1 ::     15  Range=       31:46      
   0   0   0   1   0   0 ::    1   1   1  15   1   1 ::     15  Range=       46:61      
   0   0   0   0   1   0 ::    1   1   1   1  15   1 ::     15  Range=       61:76      
   0   0   0   0   0   1 ::    1   1   1   1   1  15 ::     15  Range=       76:91      
   1   1   0   0   0   0 ::   15  15   1   1   1   1 ::    225  Range=       91:316     
   1   0   1   0   0   0 ::   15   1  15   1   1   1 ::    225  Range=      316:541     
   1   0   0   1   0   0 ::   15   1   1  15   1   1 ::    225  Range=      541:766     
   1   0   0   0   1   0 ::   15   1   1   1  15   1 ::    225  Range=      766:991     
   1   0   0   0   0   1 ::   15   1   1   1   1  15 ::    225  Range=      991:1216    
   0   1   1   0   0   0 ::    1  15  15   1   1   1 ::    225  Range=     1216:1441    
   0   1   0   1   0   0 ::    1  15   1  15   1   1 ::    225  Range=     1441:1666    
   0   1   0   0   1   0 ::    1  15   1   1  15   1 ::    225  Range=     1666:1891    
   0   1   0   0   0   1 ::    1  15   1   1   1  15 ::    225  Range=     1891:2116    
   0   0   1   1   0   0 ::    1   1  15  15   1   1 ::    225  Range=     2116:2341    
   0   0   1   0   1   0 ::    1   1  15   1  15   1 ::    225  Range=     2341:2566    
   0   0   1   0   0   1 ::    1   1  15   1   1  15 ::    225  Range=     2566:2791    
   0   0   0   1   1   0 ::    1   1   1  15  15   1 ::    225  Range=     2791:3016    
   0   0   0   1   0   1 ::    1   1   1  15   1  15 ::    225  Range=     3016:3241    
   0   0   0   0   1   1 ::    1   1   1   1  15  15 ::    225  Range=     3241:3466    
   1   1   1   0   0   0 ::   15  15  15   1   1   1 ::   3375  Range=     3466:6841    
   1   1   0   1   0   0 ::   15  15   1  15   1   1 ::   3375  Range=     6841:10216   
   1   1   0   0   1   0 ::   15  15   1   1  15   1 ::   3375  Range=    10216:13591   
   1   1   0   0   0   1 ::   15  15   1   1   1  15 ::   3375  Range=    13591:16966   
   1   0   1   1   0   0 ::   15   1  15  15   1   1 ::   3375  Range=    16966:20341   
   1   0   1   0   1   0 ::   15   1  15   1  15   1 ::   3375  Range=    20341:23716   
   1   0   1   0   0   1 ::   15   1  15   1   1  15 ::   3375  Range=    23716:27091   
   1   0   0   1   1   0 ::   15   1   1  15  15   1 ::   3375  Range=    27091:30466   
   1   0   0   1   0   1 ::   15   1   1  15   1  15 ::   3375  Range=    30466:33841   
   1   0   0   0   1   1 ::   15   1   1   1  15  15 ::   3375  Range=    33841:37216   
   0   1   1   1   0   0 ::    1  15  15  15   1   1 ::   3375  Range=    37216:40591   
   0   1   1   0   1   0 ::    1  15  15   1  15   1 ::   3375  Range=    40591:43966   
   0   1   1   0   0   1 ::    1  15  15   1   1  15 ::   3375  Range=    43966:47341   
   0   1   0   1   1   0 ::    1  15   1  15  15   1 ::   3375  Range=    47341:50716   
   0   1   0   1   0   1 ::    1  15   1  15   1  15 ::   3375  Range=    50716:54091   
   0   1   0   0   1   1 ::    1  15   1   1  15  15 ::   3375  Range=    54091:57466   
   0   0   1   1   1   0 ::    1   1  15  15  15   1 ::   3375  Range=    57466:60841   
   0   0   1   1   0   1 ::    1   1  15  15   1  15 ::   3375  Range=    60841:64216   
   0   0   1   0   1   1 ::    1   1  15   1  15  15 ::   3375  Range=    64216:67591   
   0   0   0   1   1   1 ::    1   1   1  15  15  15 ::   3375  Range=    67591:70966   

 Solve for supersystem eigenvalues: Dimension =  70966
  Davidson Iter    1  |  Vecs:   2 :  |      -24.00000000  |  9.7e-01 
  Davidson Iter    2  |  Vecs:   3 :  |      -24.20916578  |  1.9e-01 
  Davidson Iter    3  |  Vecs:   4 :  |      -24.21492148  |  2.8e-02 
  Davidson Iter    4  |  Vecs:   5 :  |      -24.21502835  |  3.3e-03 
  Davidson Iter    5  |  Vecs:   6 :  |      -24.21502979  |  4.2e-04 
  Davidson Iter    6  |  Vecs:   7 :  |      -24.21502981  |  5.0e-05 
  Davidson Iter    7  |  Vecs:   8 :  |      -24.21502981  |  9.1e-06 
  Davidson Iter    8  |  Vecs:   9 :  |      -24.21502981  |  2.2e-06 
  Davidson Iter    9  |  Vecs:  10 :  |      -24.21502981  |  4.6e-07 
  Davidson Iter   10  |  Vecs:  11 :  |      -24.21502981  |  6.6e-08 
  Davidson Iter   11  |  Vecs:  11 :  |      -24.21502981  |  6.7e-09 
 Davidson Converged


 State              Energy          Relative          <S2>
     0 =      -24.21502981        0.00000000    0.00000000

 Compute Block Reduced Density Matrices (BRDM):

 Compute Eigenvalues of BRDMs:


   Eigenvalues of BRDM for   Block 0   :    0,    1,    6,    7 : [1, 15, 0]
   -----------------------------------------------------------------------------
   Local State         Occ. Number               <H>          <S2>          <Sz> 
   0                    0.98604548       -4.00000000        0.0000        0.0000 
   1                    0.00406627       -1.99999947        2.0000       -0.0000 
   2                    0.00406627       -1.99999947        2.0000       -1.0000 
   3                    0.00406627       -1.99999947        2.0000        1.0000 
   4                    0.00029345       -0.00000030        2.0000        1.0000 
   5                    0.00029345       -0.00000030        2.0000       -1.0000 
   6                    0.00029345       -0.00000030        2.0000       -0.0000 
   7                    0.00028759       -0.00000023        2.0000       -1.0000 
   8                    0.00028759       -0.00000023        2.0000        1.0000 
   9                    0.00028759       -0.00000023        2.0000       -0.0000 
   10                   0.00000234        2.00000000        6.0000        0.0000 
   11                   0.00000234        2.00000000        6.0000        1.0000 
   12                   0.00000234        2.00000000        6.0000       -1.0000 
   13                   0.00000234        2.00000000        6.0000        2.0000 
   14                   0.00000234        2.00000000        6.0000       -2.0000 
   15                   0.00000087       -0.00000000        0.0000       -0.0000 


   Eigenvalues of BRDM for   Block 1   :    2,    3,    8,    9 : [1, 15, 0]
   -----------------------------------------------------------------------------
   Local State         Occ. Number               <H>          <S2>          <Sz> 
   0                    0.97869905       -3.99998958        0.0000        0.0000 
   1                    0.00619728       -1.99999972        2.0000        0.0000 
   2                    0.00619728       -1.99999972        2.0000        1.0000 
   3                    0.00619728       -1.99999972        2.0000       -1.0000 
   4                    0.00055655       -0.00000000        2.0000       -0.0000 
   5                    0.00055655       -0.00000000        2.0000        1.0000 
   6                    0.00055655       -0.00000000        2.0000       -1.0000 
   7                    0.00033086       -0.00000028        2.0000       -1.0000 
   8                    0.00033086       -0.00000028        2.0000        1.0000 
   9                    0.00033086       -0.00000028        2.0000        0.0000 
   10                   0.00000877        2.00000000        6.0000        0.0000 
   11                   0.00000877        2.00000000        6.0000        1.0000 
   12                   0.00000877        2.00000000        6.0000       -1.0000 
   13                   0.00000877        2.00000000        6.0000       -2.0000 
   14                   0.00000877        2.00000000        6.0000        2.0000 
   15                   0.00000302       -0.00001042        0.0000       -0.0000 


   Eigenvalues of BRDM for   Block 2   :    4,    5,   10,   11 : [1, 15, 0]
   -----------------------------------------------------------------------------
   Local State         Occ. Number               <H>          <S2>          <Sz> 
   0                    0.98604548       -4.00000000        0.0000        0.0000 
   1                    0.00406627       -1.99999947        2.0000        0.0000 
   2                    0.00406627       -1.99999947        2.0000        1.0000 
   3                    0.00406627       -1.99999947        2.0000       -1.0000 
   4                    0.00029345       -0.00000030        2.0000       -1.0000 
   5                    0.00029345       -0.00000030        2.0000        1.0000 
   6                    0.00029345       -0.00000030        2.0000        0.0000 
   7                    0.00028759       -0.00000023        2.0000        1.0000 
   8                    0.00028759       -0.00000023        2.0000       -1.0000 
   9                    0.00028759       -0.00000023        2.0000        0.0000 
   10                   0.00000234        2.00000000        6.0000       -0.0000 
   11                   0.00000234        2.00000000        6.0000       -1.0000 
   12                   0.00000234        2.00000000        6.0000        1.0000 
   13                   0.00000234        2.00000000        6.0000       -2.0000 
   14                   0.00000234        2.00000000        6.0000        2.0000 
   15                   0.00000087       -0.00000000        0.0000        0.0000 


   Eigenvalues of BRDM for   Block 3   :   12,   13,   18,   19 : [1, 15, 0]
   -----------------------------------------------------------------------------
   Local State         Occ. Number               <H>          <S2>          <Sz> 
   0                    0.98604548       -4.00000000        0.0000        0.0000 
   1                    0.00406627       -1.99999947        2.0000        0.0000 
   2                    0.00406627       -1.99999947        2.0000        1.0000 
   3                    0.00406627       -1.99999947        2.0000       -1.0000 
   4                    0.00029345       -0.00000030        2.0000       -1.0000 
   5                    0.00029345       -0.00000030        2.0000        1.0000 
   6                    0.00029345       -0.00000030        2.0000       -0.0000 
   7                    0.00028759       -0.00000023        2.0000        1.0000 
   8                    0.00028759       -0.00000023        2.0000       -1.0000 
   9                    0.00028759       -0.00000023        2.0000        0.0000 
   10                   0.00000234        2.00000000        6.0000       -0.0000 
   11                   0.00000234        2.00000000        6.0000       -1.0000 
   12                   0.00000234        2.00000000        6.0000        1.0000 
   13                   0.00000234        2.00000000        6.0000       -2.0000 
   14                   0.00000234        2.00000000        6.0000        2.0000 
   15                   0.00000087       -0.00000000        0.0000        0.0000 


   Eigenvalues of BRDM for   Block 4   :   14,   15,   20,   21 : [1, 15, 0]
   -----------------------------------------------------------------------------
   Local State         Occ. Number               <H>          <S2>          <Sz> 
   0                    0.97869905       -3.99998958        0.0000       -0.0000 
   1                    0.00619728       -1.99999972        2.0000        0.0000 
   2                    0.00619728       -1.99999972        2.0000        1.0000 
   3                    0.00619728       -1.99999972        2.0000       -1.0000 
   4                    0.00055655       -0.00000000        2.0000        0.0000 
   5                    0.00055655       -0.00000000        2.0000       -1.0000 
   6                    0.00055655       -0.00000000        2.0000        1.0000 
   7                    0.00033086       -0.00000028        2.0000        1.0000 
   8                    0.00033086       -0.00000028        2.0000       -1.0000 
   9                    0.00033086       -0.00000028        2.0000        0.0000 
   10                   0.00000877        2.00000000        6.0000        0.0000 
   11                   0.00000877        2.00000000        6.0000       -1.0000 
   12                   0.00000877        2.00000000        6.0000        1.0000 
   13                   0.00000877        2.00000000        6.0000        2.0000 
   14                   0.00000877        2.00000000        6.0000       -2.0000 
   15                   0.00000302       -0.00001042        0.0000       -0.0000 


   Eigenvalues of BRDM for   Block 5   :   16,   17,   22,   23 : [1, 15, 0]
   -----------------------------------------------------------------------------
   Local State         Occ. Number               <H>          <S2>          <Sz> 
   0                    0.98604548       -4.00000000        0.0000        0.0000 
   1                    0.00406627       -1.99999947        2.0000       -0.0000 
   2                    0.00406627       -1.99999947        2.0000       -1.0000 
   3                    0.00406627       -1.99999947        2.0000        1.0000 
   4                    0.00029345       -0.00000030        2.0000        1.0000 
   5                    0.00029345       -0.00000030        2.0000       -1.0000 
   6                    0.00029345       -0.00000030        2.0000       -0.0000 
   7                    0.00028759       -0.00000023        2.0000       -1.0000 
   8                    0.00028759       -0.00000023        2.0000        1.0000 
   9                    0.00028759       -0.00000023        2.0000       -0.0000 
   10                   0.00000234        2.00000000        6.0000        0.0000 
   11                   0.00000234        2.00000000        6.0000        1.0000 
   12                   0.00000234        2.00000000        6.0000       -1.0000 
   13                   0.00000234        2.00000000        6.0000        2.0000 
   14                   0.00000234        2.00000000        6.0000       -2.0000 
   15                   0.00000087       -0.00000000        0.0000       -0.0000 

 Solve for supersystem eigenvalues: Dimension =  70966
  Davidson Iter    1  |  Vecs:   2 :  |      -24.21500896  |  9.3e-03 
  Davidson Iter    2  |  Vecs:   3 :  |      -24.21502927  |  2.0e-03 
  Davidson Iter    3  |  Vecs:   4 :  |      -24.21502981  |  2.1e-04 
  Davidson Iter    4  |  Vecs:   5 :  |      -24.21502981  |  6.8e-05 
  Davidson Iter    5  |  Vecs:   6 :  |      -24.21502981  |  1.0e-05 
  Davidson Iter    6  |  Vecs:   7 :  |      -24.21502981  |  9.1e-07 
  Davidson Iter    7  |  Vecs:   8 :  |      -24.21502981  |  9.3e-08 
  Davidson Iter    8  |  Vecs:   9 :  |      -24.21502981  |  1.1e-08 
  Davidson Iter    9  |  Vecs:   9 :  |      -24.21502981  |  1.0e-09 
 Davidson Converged


 State              Energy          Relative          <S2>
     0 =      -24.21502981        0.00000000    0.00000000

 Norm of Reference state   0.97515657 

  Iteration        Energy         Delta
          0  -24.21502981              
          1  -24.21502981       2.3e-09
