 j12:
[[ 0. -1.  0.  0.  0.  0. -1.  0.  0.  0.  0.  0.  0.  0.  0.  0.  0.  0.
   0.  0.  0.  0.  0.  0.]
 [-1.  0. -4.  0.  0.  0.  0. -1.  0.  0.  0.  0.  0.  0.  0.  0.  0.  0.
   0.  0.  0.  0.  0.  0.]
 [ 0. -4.  0. -1.  0.  0.  0.  0. -1.  0.  0.  0.  0.  0.  0.  0.  0.  0.
   0.  0.  0.  0.  0.  0.]
 [ 0.  0. -1.  0. -4.  0.  0.  0.  0. -1.  0.  0.  0.  0.  0.  0.  0.  0.
   0.  0.  0.  0.  0.  0.]
 [ 0.  0.  0. -4.  0. -1.  0.  0.  0.  0. -1.  0.  0.  0.  0.  0.  0.  0.
   0.  0.  0.  0.  0.  0.]
 [ 0.  0.  0.  0. -1.  0.  0.  0.  0.  0.  0. -1.  0.  0.  0.  0.  0.  0.
   0.  0.  0.  0.  0.  0.]
 [-1.  0.  0.  0.  0.  0.  0. -1.  0.  0.  0.  0. -4.  0.  0.  0.  0.  0.
   0.  0.  0.  0.  0.  0.]
 [ 0. -1.  0.  0.  0.  0. -1.  0. -4.  0.  0.  0.  0. -4.  0.  0.  0.  0.
   0.  0.  0.  0.  0.  0.]
 [ 0.  0. -1.  0.  0.  0.  0. -4.  0. -1.  0.  0.  0.  0. -4.  0.  0.  0.
   0.  0.  0.  0.  0.  0.]
 [ 0.  0.  0. -1.  0.  0.  0.  0. -1.  0. -4.  0.  0.  0.  0. -4.  0.  0.
   0.  0.  0.  0.  0.  0.]
 [ 0.  0.  0.  0. -1.  0.  0.  0.  0. -4.  0. -1.  0.  0.  0.  0. -4.  0.
   0.  0.  0.  0.  0.  0.]
 [ 0.  0.  0.  0.  0. -1.  0.  0.  0.  0. -1.  0.  0.  0.  0.  0.  0. -4.
   0.  0.  0.  0.  0.  0.]
 [ 0.  0.  0.  0.  0.  0. -4.  0.  0.  0.  0.  0.  0. -1.  0.  0.  0.  0.
  -1.  0.  0.  0.  0.  0.]
 [ 0.  0.  0.  0.  0.  0.  0. -4.  0.  0.  0.  0. -1.  0. -4.  0.  0.  0.
   0. -1.  0.  0.  0.  0.]
 [ 0.  0.  0.  0.  0.  0.  0.  0. -4.  0.  0.  0.  0. -4.  0. -1.  0.  0.
   0.  0. -1.  0.  0.  0.]
 [ 0.  0.  0.  0.  0.  0.  0.  0.  0. -4.  0.  0.  0.  0. -1.  0. -4.  0.
   0.  0.  0. -1.  0.  0.]
 [ 0.  0.  0.  0.  0.  0.  0.  0.  0.  0. -4.  0.  0.  0.  0. -4.  0. -1.
   0.  0.  0.  0. -1.  0.]
 [ 0.  0.  0.  0.  0.  0.  0.  0.  0.  0.  0. -4.  0.  0.  0.  0. -1.  0.
   0.  0.  0.  0.  0. -1.]
 [ 0.  0.  0.  0.  0.  0.  0.  0.  0.  0.  0.  0. -1.  0.  0.  0.  0.  0.
   0. -1.  0.  0.  0.  0.]
 [ 0.  0.  0.  0.  0.  0.  0.  0.  0.  0.  0.  0.  0. -1.  0.  0.  0.  0.
  -1.  0. -4.  0.  0.  0.]
 [ 0.  0.  0.  0.  0.  0.  0.  0.  0.  0.  0.  0.  0.  0. -1.  0.  0.  0.
   0. -4.  0. -1.  0.  0.]
 [ 0.  0.  0.  0.  0.  0.  0.  0.  0.  0.  0.  0.  0.  0.  0. -1.  0.  0.
   0.  0. -1.  0. -4.  0.]
 [ 0.  0.  0.  0.  0.  0.  0.  0.  0.  0.  0.  0.  0.  0.  0.  0. -1.  0.
   0.  0.  0. -4.  0. -1.]
 [ 0.  0.  0.  0.  0.  0.  0.  0.  0.  0.  0.  0.  0.  0.  0.  0.  0. -1.
   0.  0.  0.  0. -1.  0.]]
 lattice:
[1 1 1 1 1 1 1 1 1 1 1 1 1 1 1 1 1 1 1 1 1 1 1 1]
 blocks:
[[ 0  1  6  7]
 [ 2  3  8  9]
 [ 4  5 10 11]
 [12 13 18 19]
 [14 15 20 21]
 [16 17 22 23]]
 n_blocks:
6
 Generate initial guess vectors
 Guess eigenstates
 -4.00000000
 -2.00000000
 -2.00000000
 -1.97261632
 -0.02738368
 -0.00000000
 -0.00000000
 -0.00000000
 -0.00000000
 -0.00000000
  0.00000000
  2.00000000
  2.00000000
  2.00000000
  2.00000000
  2.00000000
 Guess eigenstates
 -4.00000000
 -2.00000000
 -2.00000000
 -1.97261632
 -0.02738368
 -0.00000000
 -0.00000000
 -0.00000000
 -0.00000000
 -0.00000000
  0.00000000
  2.00000000
  2.00000000
  2.00000000
  2.00000000
  2.00000000
 Guess eigenstates
 -4.00000000
 -2.00000000
 -2.00000000
 -1.97261632
 -0.02738368
 -0.00000000
 -0.00000000
 -0.00000000
 -0.00000000
 -0.00000000
  0.00000000
  2.00000000
  2.00000000
  2.00000000
  2.00000000
  2.00000000
 Guess eigenstates
 -4.00000000
 -2.00000000
 -2.00000000
 -1.97261632
 -0.02738368
 -0.00000000
 -0.00000000
 -0.00000000
 -0.00000000
 -0.00000000
  0.00000000
  2.00000000
  2.00000000
  2.00000000
  2.00000000
  2.00000000
 Guess eigenstates
 -4.00000000
 -2.00000000
 -2.00000000
 -1.97261632
 -0.02738368
 -0.00000000
 -0.00000000
 -0.00000000
 -0.00000000
 -0.00000000
  0.00000000
  2.00000000
  2.00000000
  2.00000000
  2.00000000
  2.00000000
 Guess eigenstates
 -4.00000000
 -2.00000000
 -2.00000000
 -1.97261632
 -0.02738368
 -0.00000000
 -0.00000000
 -0.00000000
 -0.00000000
 -0.00000000
  0.00000000
  2.00000000
  2.00000000
  2.00000000
  2.00000000
  2.00000000

 Prepare Lattice Blocks:
[16, 16, 16, 16, 16, 16] [0, 0, 0, 0, 0, 0]
 Block 0   :    0,    1,    6,    7 : [16, 0, 0]
 Block 1   :    2,    3,    8,    9 : [16, 0, 0]
 Block 2   :    4,    5,   10,   11 : [16, 0, 0]
 Block 3   :   12,   13,   18,   19 : [16, 0, 0]
 Block 4   :   14,   15,   20,   21 : [16, 0, 0]
 Block 5   :   16,   17,   22,   23 : [16, 0, 0]

 Prepare Tucker blocks:

 Configurations defining the variational space
   0   0   0   0   0   0 ::   16  16  16  16  16  16 :: 16777216  Range=        0:16777216

 Solve for supersystem eigenvalues: Dimension =  16777216
  Davidson Iter    1  |  Vecs:   2 :  |      -24.00000000  |  1.6e+01 
  Davidson Iter    2  |  Vecs:   3 :  |      -39.68212944  |  1.5e+01 
  Davidson Iter    3  |  Vecs:   4 :  |      -50.67137457  |  1.4e+01 
  Davidson Iter    4  |  Vecs:   5 :  |      -58.29263552  |  1.2e+01 
  Davidson Iter    5  |  Vecs:   6 :  |      -63.23708276  |  9.4e+00 
  Davidson Iter    6  |  Vecs:   7 :  |      -66.33835492  |  7.5e+00 
  Davidson Iter    7  |  Vecs:   8 :  |      -68.23051757  |  5.9e+00 
  Davidson Iter    8  |  Vecs:   9 :  |      -69.33589015  |  4.6e+00 
  Davidson Iter    9  |  Vecs:  10 :  |      -69.96102086  |  3.5e+00 
  Davidson Iter   10  |  Vecs:  11 :  |      -70.31437837  |  2.5e+00 
  Davidson Iter   11  |  Vecs:  12 :  |      -70.49631697  |  1.6e+00 
  Davidson Iter   12  |  Vecs:  13 :  |      -70.56915384  |  9.1e-01 
  Davidson Iter   13  |  Vecs:  14 :  |      -70.58960083  |  5.1e-01 
  Davidson Iter   14  |  Vecs:  15 :  |      -70.59501698  |  2.4e-01 
  Davidson Iter   15  |  Vecs:  16 :  |      -70.59658840  |  1.6e-01 
  Davidson Iter   16  |  Vecs:  17 :  |      -70.59775400  |  2.4e-01 
  Davidson Iter   17  |  Vecs:  18 :  |      -70.60313062  |  3.1e-01 
  Davidson Iter   18  |  Vecs:  19 :  |      -70.60678877  |  3.3e-01 
  Davidson Iter   19  |  Vecs:  20 :  |      -70.61119007  |  2.2e-01 
  Davidson Iter   20  |  Vecs:  21 :  |      -70.61271667  |  1.9e-01 
  Davidson Iter   21  |  Vecs:  22 :  |      -70.61364509  |  1.2e-01 
  Davidson Iter   22  |  Vecs:  23 :  |      -70.61405811  |  7.6e-02 
  Davidson Iter   23  |  Vecs:  24 :  |      -70.61422274  |  4.3e-02 
  Davidson Iter   24  |  Vecs:  25 :  |      -70.61427195  |  2.5e-02 
  Davidson Iter   25  |  Vecs:  26 :  |      -70.61428507  |  1.3e-02 
  Davidson Iter   26  |  Vecs:  27 :  |      -70.61428905  |  6.3e-03 
  Davidson Iter   27  |  Vecs:  28 :  |      -70.61429005  |  4.0e-03 
  Davidson Iter   28  |  Vecs:  29 :  |      -70.61429048  |  2.6e-03 
  Davidson Iter   29  |  Vecs:  30 :  |      -70.61429072  |  1.5e-03 
  Davidson Iter   30  |  Vecs:  31 :  |      -70.61429078  |  8.1e-04 
 Davidson Not Converged


 State              Energy          Relative          <S2>
     0 =      -70.61429078        0.00000000    0.00000002

 Compute Block Reduced Density Matrices (BRDM):

 Compute Eigenvalues of BRDMs:


   Eigenvalues of BRDM for   Block 0   :    0,    1,    6,    7 : [16, 0, 0]
   -----------------------------------------------------------------------------
   Local State         Occ. Number               <H>          <S2>          <Sz> 
   0                    0.19056054       -3.99987793        0.0000        0.0000 
   1                    0.10519331       -1.99963104        2.0000       -1.0000 
   2                    0.10519232       -1.99963099        2.0000        0.0000 
   3                    0.10518970       -1.99963095        2.0000        1.0000 
   4                    0.06034746       -0.00030418        2.0000       -1.0000 
   5                    0.06034544       -0.00030422        2.0000        0.0000 
   6                    0.06034396       -0.00030427        2.0000        1.0000 
   7                    0.04303073       -0.00012207        0.0000       -0.0000 
   8                    0.04097540       -0.00006479        2.0000       -1.0000 
   9                    0.04097501       -0.00006478        2.0000        0.0000 
   10                   0.04097483       -0.00006479        2.0000        1.0000 
   11                   0.02937568        2.00000000        6.0000       -2.0000 
   12                   0.02937503        2.00000000        6.0000       -1.0000 
   13                   0.02937433        2.00000000        6.0000        0.0000 
   14                   0.02937355        2.00000000        6.0000        1.0000 
   15                   0.02937271        2.00000000        6.0000        2.0000 


   Eigenvalues of BRDM for   Block 1   :    2,    3,    8,    9 : [16, 0, 0]
   -----------------------------------------------------------------------------
   Local State         Occ. Number               <H>          <S2>          <Sz> 
   0                    0.12831522       -3.99997491        0.0000       -0.0000 
   1                    0.08767669       -1.99999885        2.0000        0.0000 
   2                    0.08767597       -1.99999885        2.0000        1.0000 
   3                    0.08767597       -1.99999885        2.0000       -1.0000 
   4                    0.06158681       -0.00000000        2.0000        1.0000 
   5                    0.06158681       -0.00000000        2.0000       -1.0000 
   6                    0.06158641       -0.00000000        2.0000        0.0000 
   7                    0.05522224       -0.00002509        0.0000        0.0000 
   8                    0.05378304       -0.00000115        2.0000        1.0000 
   9                    0.05378304       -0.00000115        2.0000       -1.0000 
   10                   0.05378301       -0.00000115        2.0000        0.0000 
   11                   0.04146500        2.00000000        6.0000       -0.0000 
   12                   0.04146498        2.00000000        6.0000        1.0000 
   13                   0.04146498        2.00000000        6.0000       -1.0000 
   14                   0.04146492        2.00000000        6.0000       -2.0000 
   15                   0.04146492        2.00000000        6.0000        2.0000 


   Eigenvalues of BRDM for   Block 2   :    4,    5,   10,   11 : [16, 0, 0]
   -----------------------------------------------------------------------------
   Local State         Occ. Number               <H>          <S2>          <Sz> 
   0                    0.19056054       -3.99987793        0.0000        0.0000 
   1                    0.10519331       -1.99963104        2.0000        1.0000 
   2                    0.10519232       -1.99963099        2.0000        0.0000 
   3                    0.10518970       -1.99963095        2.0000       -1.0000 
   4                    0.06034746       -0.00030418        2.0000        1.0000 
   5                    0.06034544       -0.00030422        2.0000        0.0000 
   6                    0.06034396       -0.00030427        2.0000       -1.0000 
   7                    0.04303073       -0.00012207        0.0000       -0.0000 
   8                    0.04097540       -0.00006479        2.0000        1.0000 
   9                    0.04097501       -0.00006478        2.0000        0.0000 
   10                   0.04097483       -0.00006479        2.0000       -1.0000 
   11                   0.02937568        2.00000000        6.0000        2.0000 
   12                   0.02937503        2.00000000        6.0000        1.0000 
   13                   0.02937433        2.00000000        6.0000       -0.0000 
   14                   0.02937355        2.00000000        6.0000       -1.0000 
   15                   0.02937271        2.00000000        6.0000       -2.0000 


   Eigenvalues of BRDM for   Block 3   :   12,   13,   18,   19 : [16, 0, 0]
   -----------------------------------------------------------------------------
   Local State         Occ. Number               <H>          <S2>          <Sz> 
   0                    0.19056054       -3.99987793        0.0000        0.0000 
   1                    0.10519331       -1.99963104        2.0000        1.0000 
   2                    0.10519232       -1.99963099        2.0000        0.0000 
   3                    0.10518970       -1.99963095        2.0000       -1.0000 
   4                    0.06034746       -0.00030418        2.0000        1.0000 
   5                    0.06034544       -0.00030422        2.0000        0.0000 
   6                    0.06034396       -0.00030427        2.0000       -1.0000 
   7                    0.04303073       -0.00012207        0.0000       -0.0000 
   8                    0.04097540       -0.00006479        2.0000        1.0000 
   9                    0.04097501       -0.00006478        2.0000        0.0000 
   10                   0.04097483       -0.00006479        2.0000       -1.0000 
   11                   0.02937568        2.00000000        6.0000        2.0000 
   12                   0.02937503        2.00000000        6.0000        1.0000 
   13                   0.02937433        2.00000000        6.0000       -0.0000 
   14                   0.02937355        2.00000000        6.0000       -1.0000 
   15                   0.02937271        2.00000000        6.0000       -2.0000 


   Eigenvalues of BRDM for   Block 4   :   14,   15,   20,   21 : [16, 0, 0]
   -----------------------------------------------------------------------------
   Local State         Occ. Number               <H>          <S2>          <Sz> 
   0                    0.12831522       -3.99997491        0.0000        0.0000 
   1                    0.08767669       -1.99999885        2.0000       -0.0000 
   2                    0.08767597       -1.99999885        2.0000        1.0000 
   3                    0.08767597       -1.99999885        2.0000       -1.0000 
   4                    0.06158681       -0.00000000        2.0000       -1.0000 
   5                    0.06158681       -0.00000000        2.0000        1.0000 
   6                    0.06158641        0.00000000        2.0000       -0.0000 
   7                    0.05522224       -0.00002509        0.0000       -0.0000 
   8                    0.05378304       -0.00000115        2.0000       -1.0000 
   9                    0.05378304       -0.00000115        2.0000        1.0000 
   10                   0.05378301       -0.00000115        2.0000        0.0000 
   11                   0.04146500        2.00000000        6.0000       -0.0000 
   12                   0.04146498        2.00000000        6.0000        1.0000 
   13                   0.04146498        2.00000000        6.0000       -1.0000 
   14                   0.04146492        2.00000000        6.0000       -2.0000 
   15                   0.04146492        2.00000000        6.0000        2.0000 


   Eigenvalues of BRDM for   Block 5   :   16,   17,   22,   23 : [16, 0, 0]
   -----------------------------------------------------------------------------
   Local State         Occ. Number               <H>          <S2>          <Sz> 
   0                    0.19056054       -3.99987793        0.0000       -0.0000 
   1                    0.10519331       -1.99963104        2.0000       -1.0000 
   2                    0.10519232       -1.99963099        2.0000        0.0000 
   3                    0.10518970       -1.99963095        2.0000        1.0000 
   4                    0.06034746       -0.00030418        2.0000       -1.0000 
   5                    0.06034544       -0.00030422        2.0000       -0.0000 
   6                    0.06034396       -0.00030427        2.0000        1.0000 
   7                    0.04303073       -0.00012207        0.0000       -0.0000 
   8                    0.04097540       -0.00006479        2.0000       -1.0000 
   9                    0.04097501       -0.00006478        2.0000       -0.0000 
   10                   0.04097483       -0.00006479        2.0000        1.0000 
   11                   0.02937568        2.00000000        6.0000       -2.0000 
   12                   0.02937503        2.00000000        6.0000       -1.0000 
   13                   0.02937433        2.00000000        6.0000       -0.0000 
   14                   0.02937355        2.00000000        6.0000        1.0000 
   15                   0.02937271        2.00000000        6.0000        2.0000 

 Norm of Reference state   1.00000000 

  Iteration        Energy         Delta
          0  -70.61429078              
