 j12:
[[ 0.   -1.    0.    0.    0.    0.   -1.    0.    0.    0.    0.    0.    0.
   0.    0.    0.    0.    0.    0.    0.    0.    0.    0.    0.  ]
 [-1.    0.   -0.25  0.    0.    0.    0.   -1.    0.    0.    0.    0.    0.
   0.    0.    0.    0.    0.    0.    0.    0.    0.    0.    0.  ]
 [ 0.   -0.25  0.   -1.    0.    0.    0.    0.   -1.    0.    0.    0.    0.
   0.    0.    0.    0.    0.    0.    0.    0.    0.    0.    0.  ]
 [ 0.    0.   -1.    0.   -0.25  0.    0.    0.    0.   -1.    0.    0.    0.
   0.    0.    0.    0.    0.    0.    0.    0.    0.    0.    0.  ]
 [ 0.    0.    0.   -0.25  0.   -1.    0.    0.    0.    0.   -1.    0.    0.
   0.    0.    0.    0.    0.    0.    0.    0.    0.    0.    0.  ]
 [ 0.    0.    0.    0.   -1.    0.    0.    0.    0.    0.    0.   -1.    0.
   0.    0.    0.    0.    0.    0.    0.    0.    0.    0.    0.  ]
 [-1.    0.    0.    0.    0.    0.    0.   -1.    0.    0.    0.    0.
  -0.25  0.    0.    0.    0.    0.    0.    0.    0.    0.    0.    0.  ]
 [ 0.   -1.    0.    0.    0.    0.   -1.    0.   -0.25  0.    0.    0.    0.
  -0.25  0.    0.    0.    0.    0.    0.    0.    0.    0.    0.  ]
 [ 0.    0.   -1.    0.    0.    0.    0.   -0.25  0.   -1.    0.    0.    0.
   0.   -0.25  0.    0.    0.    0.    0.    0.    0.    0.    0.  ]
 [ 0.    0.    0.   -1.    0.    0.    0.    0.   -1.    0.   -0.25  0.    0.
   0.    0.   -0.25  0.    0.    0.    0.    0.    0.    0.    0.  ]
 [ 0.    0.    0.    0.   -1.    0.    0.    0.    0.   -0.25  0.   -1.    0.
   0.    0.    0.   -0.25  0.    0.    0.    0.    0.    0.    0.  ]
 [ 0.    0.    0.    0.    0.   -1.    0.    0.    0.    0.   -1.    0.    0.
   0.    0.    0.    0.   -0.25  0.    0.    0.    0.    0.    0.  ]
 [ 0.    0.    0.    0.    0.    0.   -0.25  0.    0.    0.    0.    0.    0.
  -1.    0.    0.    0.    0.   -1.    0.    0.    0.    0.    0.  ]
 [ 0.    0.    0.    0.    0.    0.    0.   -0.25  0.    0.    0.    0.   -1.
   0.   -0.25  0.    0.    0.    0.   -1.    0.    0.    0.    0.  ]
 [ 0.    0.    0.    0.    0.    0.    0.    0.   -0.25  0.    0.    0.    0.
  -0.25  0.   -1.    0.    0.    0.    0.   -1.    0.    0.    0.  ]
 [ 0.    0.    0.    0.    0.    0.    0.    0.    0.   -0.25  0.    0.    0.
   0.   -1.    0.   -0.25  0.    0.    0.    0.   -1.    0.    0.  ]
 [ 0.    0.    0.    0.    0.    0.    0.    0.    0.    0.   -0.25  0.    0.
   0.    0.   -0.25  0.   -1.    0.    0.    0.    0.   -1.    0.  ]
 [ 0.    0.    0.    0.    0.    0.    0.    0.    0.    0.    0.   -0.25
   0.    0.    0.    0.   -1.    0.    0.    0.    0.    0.    0.   -1.  ]
 [ 0.    0.    0.    0.    0.    0.    0.    0.    0.    0.    0.    0.   -1.
   0.    0.    0.    0.    0.    0.   -1.    0.    0.    0.    0.  ]
 [ 0.    0.    0.    0.    0.    0.    0.    0.    0.    0.    0.    0.    0.
  -1.    0.    0.    0.    0.   -1.    0.   -0.25  0.    0.    0.  ]
 [ 0.    0.    0.    0.    0.    0.    0.    0.    0.    0.    0.    0.    0.
   0.   -1.    0.    0.    0.    0.   -0.25  0.   -1.    0.    0.  ]
 [ 0.    0.    0.    0.    0.    0.    0.    0.    0.    0.    0.    0.    0.
   0.    0.   -1.    0.    0.    0.    0.   -1.    0.   -0.25  0.  ]
 [ 0.    0.    0.    0.    0.    0.    0.    0.    0.    0.    0.    0.    0.
   0.    0.    0.   -1.    0.    0.    0.    0.   -0.25  0.   -1.  ]
 [ 0.    0.    0.    0.    0.    0.    0.    0.    0.    0.    0.    0.    0.
   0.    0.    0.    0.   -1.    0.    0.    0.    0.   -1.    0.  ]]
 lattice:
[1 1 1 1 1 1 1 1 1 1 1 1 1 1 1 1 1 1 1 1 1 1 1 1]
 blocks:
[[ 0  1  6  7]
 [ 2  3  8  9]
 [ 4  5 10 11]
 [12 13 18 19]
 [14 15 20 21]
 [16 17 22 23]]
 n_blocks:
6
 Generate initial guess vectors
 Guess eigenstates
 -4.00000000
 -2.00000000
 -2.00000000
 -1.97261632
 -0.02738368
 -0.00000000
 -0.00000000
 -0.00000000
 -0.00000000
 -0.00000000
  0.00000000
  2.00000000
  2.00000000
  2.00000000
  2.00000000
  2.00000000
 Guess eigenstates
 -4.00000000
 -2.00000000
 -2.00000000
 -1.97261632
 -0.02738368
 -0.00000000
 -0.00000000
 -0.00000000
 -0.00000000
 -0.00000000
  0.00000000
  2.00000000
  2.00000000
  2.00000000
  2.00000000
  2.00000000
 Guess eigenstates
 -4.00000000
 -2.00000000
 -2.00000000
 -1.97261632
 -0.02738368
 -0.00000000
 -0.00000000
 -0.00000000
 -0.00000000
 -0.00000000
  0.00000000
  2.00000000
  2.00000000
  2.00000000
  2.00000000
  2.00000000
 Guess eigenstates
 -4.00000000
 -2.00000000
 -2.00000000
 -1.97261632
 -0.02738368
 -0.00000000
 -0.00000000
 -0.00000000
 -0.00000000
 -0.00000000
  0.00000000
  2.00000000
  2.00000000
  2.00000000
  2.00000000
  2.00000000
 Guess eigenstates
 -4.00000000
 -2.00000000
 -2.00000000
 -1.97261632
 -0.02738368
 -0.00000000
 -0.00000000
 -0.00000000
 -0.00000000
 -0.00000000
  0.00000000
  2.00000000
  2.00000000
  2.00000000
  2.00000000
  2.00000000
 Guess eigenstates
 -4.00000000
 -2.00000000
 -2.00000000
 -1.97261632
 -0.02738368
 -0.00000000
 -0.00000000
 -0.00000000
 -0.00000000
 -0.00000000
  0.00000000
  2.00000000
  2.00000000
  2.00000000
  2.00000000
  2.00000000

 Prepare Lattice Blocks:
[1, 1, 1, 1, 1, 1] [15, 15, 15, 15, 15, 15]
 Block 0   :    0,    1,    6,    7 : [1, 15, 0]
 Block 1   :    2,    3,    8,    9 : [1, 15, 0]
 Block 2   :    4,    5,   10,   11 : [1, 15, 0]
 Block 3   :   12,   13,   18,   19 : [1, 15, 0]
 Block 4   :   14,   15,   20,   21 : [1, 15, 0]
 Block 5   :   16,   17,   22,   23 : [1, 15, 0]

 Prepare Tucker blocks:
   0   0   0   0   0   0 ::    1   1   1   1   1   1 ::      1  Range=        0:1       
   1   0   0   0   0   0 ::   15   1   1   1   1   1 ::     15  Range=        1:16      
   0   1   0   0   0   0 ::    1  15   1   1   1   1 ::     15  Range=       16:31      
   0   0   1   0   0   0 ::    1   1  15   1   1   1 ::     15  Range=       31:46      
   0   0   0   1   0   0 ::    1   1   1  15   1   1 ::     15  Range=       46:61      
   0   0   0   0   1   0 ::    1   1   1   1  15   1 ::     15  Range=       61:76      
   0   0   0   0   0   1 ::    1   1   1   1   1  15 ::     15  Range=       76:91      

 Build Hamiltonian:
 Diagonalize Hamiltonian: Size of H:  (91, 91)
 State              Energy          Relative          <S2>
     0 =      -24.00000000        0.00000000    0.00000000
     1 =      -22.40833066        1.59166934    2.00000000
     2 =      -22.40833066        1.59166934    2.00000000
     3 =      -22.40833066        1.59166934    2.00000000
     4 =      -22.17643071        1.82356929    2.00000000
     5 =      -22.17643071        1.82356929    2.00000000
     6 =      -22.17643071        1.82356929    2.00000000
     7 =      -22.07571176        1.92428824    2.00000000
     8 =      -22.07571176        1.92428824    2.00000000
     9 =      -22.07571176        1.92428824    2.00000000

 Compute Block Reduced Density Matrices (BRDM):
trace(b):   1.00000000
trace(b):   1.00000000
trace(b):   1.00000000
trace(b):   1.00000000
trace(b):   1.00000000
trace(b):   1.00000000

 Compute Eigenvalues of BRDMs:


   Eigenvalues of BRDM for   Block 0   :    0,    1,    6,    7 : [1, 15, 0]
   -----------------------------------------------------------------------------
   Local State         Occ. Number               <H>          <S2>          <Sz> 
   0                    1.00000000       -4.00000000        0.0000        0.0000 
   1                    0.00000000        2.00000000        6.0000       -0.0000 
   2                    0.00000000       -0.00192789        0.0019       -0.0000 
   3                    0.00000000       -0.00000000        2.0000        1.0000 
   4                    0.00000000       -0.71674941        2.0000       -0.2833 
   5                    0.00000000       -0.00000000        2.0000        1.0000 
   6                    0.00000000       -2.00000000        2.0000       -1.0000 
   7                    0.00000000       -0.47389582        2.0000       -0.5261 
   8                    0.00000000       -0.80935477        2.0000       -0.1906 
   9                    0.00000000        2.00000000        6.0000       -1.0000 
   10                   0.00000000        2.00000000        6.0000        1.0000 
   11                   0.00000000        2.00000000        6.0000       -2.0000 
   12                   0.00000000        2.00000000        6.0000        2.0000 
   13                  -0.00000000       -0.00000000        2.0000       -0.0000 
   14                  -0.00000000       -0.00000000        2.0000        0.0000 
   15                  -0.00000000       -1.99807211        1.9981       -0.0000 


   Eigenvalues of BRDM for   Block 1   :    2,    3,    8,    9 : [1, 15, 0]
   -----------------------------------------------------------------------------
   Local State         Occ. Number               <H>          <S2>          <Sz> 
   0                    1.00000000       -4.00000000        0.0000        0.0000 
   1                    0.00000000        2.00000000        6.0000        0.0000 
   2                    0.00000000       -0.00747475        0.0075       -0.0000 
   3                    0.00000000       -0.00000000        2.0000       -0.0000 
   4                    0.00000000       -0.00000000        2.0000        1.0000 
   5                    0.00000000       -0.77055510        2.0000       -0.2294 
   6                    0.00000000       -2.00000000        2.0000       -1.0000 
   7                    0.00000000       -0.09152537        2.0000       -0.9085 
   8                    0.00000000       -1.13791952        2.0000        0.1379 
   9                    0.00000000       -0.00000000        2.0000        1.0000 
   10                   0.00000000        2.00000000        6.0000       -1.0000 
   11                   0.00000000        2.00000000        6.0000        1.0000 
   12                   0.00000000        2.00000000        6.0000       -2.0000 
   13                  -0.00000000        2.00000000        6.0000        2.0000 
   14                  -0.00000000       -0.00000000        2.0000       -0.0000 
   15                  -0.00000000       -1.99252525        1.9925       -0.0000 


   Eigenvalues of BRDM for   Block 2   :    4,    5,   10,   11 : [1, 15, 0]
   -----------------------------------------------------------------------------
   Local State         Occ. Number               <H>          <S2>          <Sz> 
   0                    1.00000000       -4.00000000        0.0000        0.0000 
   1                    0.00000000        2.00000000        6.0000       -0.0000 
   2                    0.00000000       -0.08826565        0.0883        0.0000 
   3                    0.00000000       -0.00000000        2.0000        0.0000 
   4                    0.00000000       -0.00000000        2.0000        1.0000 
   5                    0.00000000       -0.32940228        2.0000       -0.6706 
   6                    0.00000000        2.00000000        6.0000        1.0000 
   7                    0.00000000       -1.14373167        2.0000        0.1437 
   8                    0.00000000        2.00000000        6.0000       -1.0000 
   9                    0.00000000       -0.00000000        2.0000        1.0000 
   10                   0.00000000       -0.52686605        2.0000       -0.4731 
   11                   0.00000000       -2.00000000        2.0000       -1.0000 
   12                  -0.00000000        2.00000000        6.0000        2.0000 
   13                  -0.00000000        2.00000000        6.0000       -2.0000 
   14                  -0.00000000       -0.00000000        2.0000        0.0000 
   15                  -0.00000000       -1.91173435        1.9117       -0.0000 


   Eigenvalues of BRDM for   Block 3   :   12,   13,   18,   19 : [1, 15, 0]
   -----------------------------------------------------------------------------
   Local State         Occ. Number               <H>          <S2>          <Sz> 
   0                    1.00000000       -4.00000000        0.0000        0.0000 
   1                    0.00000000        2.00000000        6.0000        0.0000 
   2                    0.00000000       -0.13018136        0.1302        0.0000 
   3                    0.00000000       -0.00000000        2.0000        1.0000 
   4                    0.00000000        2.00000000        6.0000        1.0000 
   5                    0.00000000       -1.41501382        2.0000        0.4150 
   6                    0.00000000       -0.14185742        2.0000       -0.8581 
   7                    0.00000000       -0.00000000        2.0000        1.0000 
   8                    0.00000000       -0.44312876        2.0000       -0.5569 
   9                    0.00000000        2.00000000        6.0000       -1.0000 
   10                   0.00000000       -2.00000000        2.0000       -1.0000 
   11                  -0.00000000        2.00000000        6.0000        2.0000 
   12                  -0.00000000        2.00000000        6.0000       -2.0000 
   13                  -0.00000000       -0.00000000        2.0000       -0.0000 
   14                  -0.00000000       -0.00000000        2.0000        0.0000 
   15                  -0.00000000       -1.86981864        1.8698        0.0000 


   Eigenvalues of BRDM for   Block 4   :   14,   15,   20,   21 : [1, 15, 0]
   -----------------------------------------------------------------------------
   Local State         Occ. Number               <H>          <S2>          <Sz> 
   0                    1.00000000       -4.00000000        0.0000        0.0000 
   1                    0.00000000        2.00000000        6.0000       -0.0000 
   2                    0.00000000       -0.03279923        0.0328       -0.0000 
   3                    0.00000000       -0.00000000        2.0000        0.0000 
   4                    0.00000000       -0.00000000        2.0000        1.0000 
   5                    0.00000000       -0.00000000        2.0000        1.0000 
   6                    0.00000000       -0.21841393        2.0000       -0.7816 
   7                    0.00000000       -0.44878180        2.0000       -0.5512 
   8                    0.00000000        2.00000000        6.0000        1.0000 
   9                    0.00000000       -2.00000000        2.0000       -1.0000 
   10                   0.00000000        2.00000000        6.0000       -1.0000 
   11                   0.00000000       -1.33280428        2.0000        0.3328 
   12                   0.00000000        2.00000000        6.0000       -2.0000 
   13                   0.00000000        2.00000000        6.0000        2.0000 
   14                  -0.00000000       -0.00000000        2.0000        0.0000 
   15                  -0.00000000       -1.96720077        1.9672       -0.0000 


   Eigenvalues of BRDM for   Block 5   :   16,   17,   22,   23 : [1, 15, 0]
   -----------------------------------------------------------------------------
   Local State         Occ. Number               <H>          <S2>          <Sz> 
   0                    1.00000000       -4.00000000        0.0000        0.0000 
   1                    0.00000000        2.00000000        6.0000        0.0000 
   2                    0.00000000       -0.33779266        0.3378        0.0000 
   3                    0.00000000       -0.00000000        2.0000        0.0000 
   4                    0.00000000       -0.00000000        2.0000        1.0000 
   5                    0.00000000       -1.84007603        2.0000        0.8401 
   6                    0.00000000        2.00000000        6.0000        1.0000 
   7                    0.00000000       -0.11930826        2.0000       -0.8807 
   8                    0.00000000       -2.00000000        2.0000       -1.0000 
   9                    0.00000000       -0.00000000        2.0000        1.0000 
   10                   0.00000000       -0.04061571        2.0000       -0.9594 
   11                   0.00000000        2.00000000        6.0000       -1.0000 
   12                  -0.00000000        2.00000000        6.0000        2.0000 
   13                  -0.00000000        2.00000000        6.0000       -2.0000 
   14                  -0.00000000       -0.00000000        2.0000       -0.0000 
   15                  -0.00000000       -1.66220734        1.6622       -0.0000 

 Build Hamiltonian:
 Diagonalize Hamiltonian: Size of H:  (91, 91)
 State              Energy          Relative          <S2>
     0 =      -24.00000000        0.00000000    0.00000000
     1 =      -22.40833066        1.59166934    2.00000000
     2 =      -22.40833066        1.59166934    2.00000000
     3 =      -22.40833066        1.59166934    2.00000000
     4 =      -22.17643071        1.82356929    2.00000000
     5 =      -22.17643071        1.82356929    2.00000000
     6 =      -22.17643071        1.82356929    2.00000000
     7 =      -22.07571176        1.92428824    2.00000000
     8 =      -22.07571176        1.92428824    2.00000000
     9 =      -22.07571176        1.92428824    2.00000000
  Iteration        Energy         Delta
          0  -24.00000000              
          1  -24.00000000       1.1e-14
