 j12:
[[ 0.     -1.      0.      0.      0.      0.     -1.      0.      0.      0.
   0.      0.      0.      0.      0.      0.      0.      0.      0.      0.
   0.      0.      0.      0.    ]
 [-1.      0.     -0.0625  0.      0.      0.      0.     -1.      0.      0.
   0.      0.      0.      0.      0.      0.      0.      0.      0.      0.
   0.      0.      0.      0.    ]
 [ 0.     -0.0625  0.     -1.      0.      0.      0.      0.     -1.      0.
   0.      0.      0.      0.      0.      0.      0.      0.      0.      0.
   0.      0.      0.      0.    ]
 [ 0.      0.     -1.      0.     -0.0625  0.      0.      0.      0.     -1.
   0.      0.      0.      0.      0.      0.      0.      0.      0.      0.
   0.      0.      0.      0.    ]
 [ 0.      0.      0.     -0.0625  0.     -1.      0.      0.      0.      0.
  -1.      0.      0.      0.      0.      0.      0.      0.      0.      0.
   0.      0.      0.      0.    ]
 [ 0.      0.      0.      0.     -1.      0.      0.      0.      0.      0.
   0.     -1.      0.      0.      0.      0.      0.      0.      0.      0.
   0.      0.      0.      0.    ]
 [-1.      0.      0.      0.      0.      0.      0.     -1.      0.      0.
   0.      0.     -0.0625  0.      0.      0.      0.      0.      0.      0.
   0.      0.      0.      0.    ]
 [ 0.     -1.      0.      0.      0.      0.     -1.      0.     -0.0625
   0.      0.      0.      0.     -0.0625  0.      0.      0.      0.      0.
   0.      0.      0.      0.      0.    ]
 [ 0.      0.     -1.      0.      0.      0.      0.     -0.0625  0.     -1.
   0.      0.      0.      0.     -0.0625  0.      0.      0.      0.      0.
   0.      0.      0.      0.    ]
 [ 0.      0.      0.     -1.      0.      0.      0.      0.     -1.      0.
  -0.0625  0.      0.      0.      0.     -0.0625  0.      0.      0.      0.
   0.      0.      0.      0.    ]
 [ 0.      0.      0.      0.     -1.      0.      0.      0.      0.
  -0.0625  0.     -1.      0.      0.      0.      0.     -0.0625  0.      0.
   0.      0.      0.      0.      0.    ]
 [ 0.      0.      0.      0.      0.     -1.      0.      0.      0.      0.
  -1.      0.      0.      0.      0.      0.      0.     -0.0625  0.      0.
   0.      0.      0.      0.    ]
 [ 0.      0.      0.      0.      0.      0.     -0.0625  0.      0.      0.
   0.      0.      0.     -1.      0.      0.      0.      0.     -1.      0.
   0.      0.      0.      0.    ]
 [ 0.      0.      0.      0.      0.      0.      0.     -0.0625  0.      0.
   0.      0.     -1.      0.     -0.0625  0.      0.      0.      0.     -1.
   0.      0.      0.      0.    ]
 [ 0.      0.      0.      0.      0.      0.      0.      0.     -0.0625
   0.      0.      0.      0.     -0.0625  0.     -1.      0.      0.      0.
   0.     -1.      0.      0.      0.    ]
 [ 0.      0.      0.      0.      0.      0.      0.      0.      0.
  -0.0625  0.      0.      0.      0.     -1.      0.     -0.0625  0.      0.
   0.      0.     -1.      0.      0.    ]
 [ 0.      0.      0.      0.      0.      0.      0.      0.      0.      0.
  -0.0625  0.      0.      0.      0.     -0.0625  0.     -1.      0.      0.
   0.      0.     -1.      0.    ]
 [ 0.      0.      0.      0.      0.      0.      0.      0.      0.      0.
   0.     -0.0625  0.      0.      0.      0.     -1.      0.      0.      0.
   0.      0.      0.     -1.    ]
 [ 0.      0.      0.      0.      0.      0.      0.      0.      0.      0.
   0.      0.     -1.      0.      0.      0.      0.      0.      0.     -1.
   0.      0.      0.      0.    ]
 [ 0.      0.      0.      0.      0.      0.      0.      0.      0.      0.
   0.      0.      0.     -1.      0.      0.      0.      0.     -1.      0.
  -0.0625  0.      0.      0.    ]
 [ 0.      0.      0.      0.      0.      0.      0.      0.      0.      0.
   0.      0.      0.      0.     -1.      0.      0.      0.      0.
  -0.0625  0.     -1.      0.      0.    ]
 [ 0.      0.      0.      0.      0.      0.      0.      0.      0.      0.
   0.      0.      0.      0.      0.     -1.      0.      0.      0.      0.
  -1.      0.     -0.0625  0.    ]
 [ 0.      0.      0.      0.      0.      0.      0.      0.      0.      0.
   0.      0.      0.      0.      0.      0.     -1.      0.      0.      0.
   0.     -0.0625  0.     -1.    ]
 [ 0.      0.      0.      0.      0.      0.      0.      0.      0.      0.
   0.      0.      0.      0.      0.      0.      0.     -1.      0.      0.
   0.      0.     -1.      0.    ]]
 lattice:
[1 1 1 1 1 1 1 1 1 1 1 1 1 1 1 1 1 1 1 1 1 1 1 1]
 blocks:
[[ 0  1  6  7]
 [ 2  3  8  9]
 [ 4  5 10 11]
 [12 13 18 19]
 [14 15 20 21]
 [16 17 22 23]]
 n_blocks:
6
 Generate initial guess vectors
 Guess eigenstates
 -4.00000000
 -2.00000000
 -2.00000000
 -1.97261632
 -0.02738368
 -0.00000000
 -0.00000000
 -0.00000000
 -0.00000000
 -0.00000000
  0.00000000
  2.00000000
  2.00000000
  2.00000000
  2.00000000
  2.00000000
 Guess eigenstates
 -4.00000000
 -2.00000000
 -2.00000000
 -1.97261632
 -0.02738368
 -0.00000000
 -0.00000000
 -0.00000000
 -0.00000000
 -0.00000000
  0.00000000
  2.00000000
  2.00000000
  2.00000000
  2.00000000
  2.00000000
 Guess eigenstates
 -4.00000000
 -2.00000000
 -2.00000000
 -1.97261632
 -0.02738368
 -0.00000000
 -0.00000000
 -0.00000000
 -0.00000000
 -0.00000000
  0.00000000
  2.00000000
  2.00000000
  2.00000000
  2.00000000
  2.00000000
 Guess eigenstates
 -4.00000000
 -2.00000000
 -2.00000000
 -1.97261632
 -0.02738368
 -0.00000000
 -0.00000000
 -0.00000000
 -0.00000000
 -0.00000000
  0.00000000
  2.00000000
  2.00000000
  2.00000000
  2.00000000
  2.00000000
 Guess eigenstates
 -4.00000000
 -2.00000000
 -2.00000000
 -1.97261632
 -0.02738368
 -0.00000000
 -0.00000000
 -0.00000000
 -0.00000000
 -0.00000000
  0.00000000
  2.00000000
  2.00000000
  2.00000000
  2.00000000
  2.00000000
 Guess eigenstates
 -4.00000000
 -2.00000000
 -2.00000000
 -1.97261632
 -0.02738368
 -0.00000000
 -0.00000000
 -0.00000000
 -0.00000000
 -0.00000000
  0.00000000
  2.00000000
  2.00000000
  2.00000000
  2.00000000
  2.00000000

 Prepare Lattice Blocks:
[1, 1, 1, 1, 1, 1] [15, 15, 15, 15, 15, 15]
 Block 0   :    0,    1,    6,    7 : [1, 15, 0]
 Block 1   :    2,    3,    8,    9 : [1, 15, 0]
 Block 2   :    4,    5,   10,   11 : [1, 15, 0]
 Block 3   :   12,   13,   18,   19 : [1, 15, 0]
 Block 4   :   14,   15,   20,   21 : [1, 15, 0]
 Block 5   :   16,   17,   22,   23 : [1, 15, 0]

 Prepare Tucker blocks:

 Configurations defining the variational space
   0   0   0   0   0   0 ::    1   1   1   1   1   1 ::      1  Range=        0:1       

 Solve for supersystem eigenvalues: Dimension =  1
  Davidson Iter    1  |  Vecs:   1 :  |      -24.00000000  |  0.0e+00 
 Davidson Converged


 State              Energy          Relative          <S2>
     0 =      -24.00000000        0.00000000    0.00000000

 Compute State-specific PT2 corrections: 

 State          Energy PT2          Relative          <S2>
     0 =      -24.01264691        0.00000000    0.00000000

 Compute Block Reduced Density Matrices (BRDM):

 Compute Eigenvalues of BRDMs:


   Eigenvalues of BRDM for   Block 0   :    0,    1,    6,    7 : [1, 15, 0]
   -----------------------------------------------------------------------------
   Local State         Occ. Number               <H>          <S2>          <Sz> 
   0                    1.00000000       -4.00000000        0.0000        0.0000 
   1                    0.00000000        2.00000000        6.0000        0.0000 
   2                    0.00000000       -0.49373374        0.4937       -0.0000 
   3                    0.00000000       -0.00000000        2.0000        1.0000 
   4                    0.00000000        0.00000000        2.0000        1.0000 
   5                    0.00000000       -1.80415085        2.0000        0.8042 
   6                    0.00000000       -0.05109896        2.0000       -0.9489 
   7                    0.00000000       -2.00000000        2.0000       -1.0000 
   8                    0.00000000       -0.14475019        2.0000       -0.8552 
   9                    0.00000000        2.00000000        6.0000        1.0000 
   10                   0.00000000        2.00000000        6.0000       -1.0000 
   11                  -0.00000000        2.00000000        6.0000       -2.0000 
   12                   0.00000000        2.00000000        6.0000        2.0000 
   13                  -0.00000000       -0.00000000        2.0000        0.0000 
   14                  -0.00000000       -0.00000000        2.0000        0.0000 
   15                  -0.00000000       -1.50626626        1.5063       -0.0000 


   Eigenvalues of BRDM for   Block 1   :    2,    3,    8,    9 : [1, 15, 0]
   -----------------------------------------------------------------------------
   Local State         Occ. Number               <H>          <S2>          <Sz> 
   0                    1.00000000       -4.00000000        0.0000        0.0000 
   1                    0.00000000        2.00000000        6.0000        0.0000 
   2                    0.00000000       -0.49373374        0.4937       -0.0000 
   3                    0.00000000       -0.00000000        2.0000        1.0000 
   4                    0.00000000        0.00000000        2.0000        1.0000 
   5                    0.00000000       -1.80415085        2.0000        0.8042 
   6                    0.00000000       -0.05109896        2.0000       -0.9489 
   7                    0.00000000       -2.00000000        2.0000       -1.0000 
   8                    0.00000000       -0.14475019        2.0000       -0.8552 
   9                    0.00000000        2.00000000        6.0000        1.0000 
   10                   0.00000000        2.00000000        6.0000       -1.0000 
   11                  -0.00000000        2.00000000        6.0000       -2.0000 
   12                   0.00000000        2.00000000        6.0000        2.0000 
   13                  -0.00000000       -0.00000000        2.0000        0.0000 
   14                  -0.00000000       -0.00000000        2.0000        0.0000 
   15                  -0.00000000       -1.50626626        1.5063       -0.0000 


   Eigenvalues of BRDM for   Block 2   :    4,    5,   10,   11 : [1, 15, 0]
   -----------------------------------------------------------------------------
   Local State         Occ. Number               <H>          <S2>          <Sz> 
   0                    1.00000000       -4.00000000        0.0000        0.0000 
   1                    0.00000000        2.00000000        6.0000        0.0000 
   2                    0.00000000       -0.49373374        0.4937       -0.0000 
   3                    0.00000000       -0.00000000        2.0000        1.0000 
   4                    0.00000000        0.00000000        2.0000        1.0000 
   5                    0.00000000       -1.80415085        2.0000        0.8042 
   6                    0.00000000       -0.05109896        2.0000       -0.9489 
   7                    0.00000000       -2.00000000        2.0000       -1.0000 
   8                    0.00000000       -0.14475019        2.0000       -0.8552 
   9                    0.00000000        2.00000000        6.0000        1.0000 
   10                   0.00000000        2.00000000        6.0000       -1.0000 
   11                  -0.00000000        2.00000000        6.0000       -2.0000 
   12                   0.00000000        2.00000000        6.0000        2.0000 
   13                  -0.00000000       -0.00000000        2.0000        0.0000 
   14                  -0.00000000       -0.00000000        2.0000        0.0000 
   15                  -0.00000000       -1.50626626        1.5063       -0.0000 


   Eigenvalues of BRDM for   Block 3   :   12,   13,   18,   19 : [1, 15, 0]
   -----------------------------------------------------------------------------
   Local State         Occ. Number               <H>          <S2>          <Sz> 
   0                    1.00000000       -4.00000000        0.0000        0.0000 
   1                    0.00000000        2.00000000        6.0000        0.0000 
   2                    0.00000000       -0.49373374        0.4937       -0.0000 
   3                    0.00000000       -0.00000000        2.0000        1.0000 
   4                    0.00000000        0.00000000        2.0000        1.0000 
   5                    0.00000000       -1.80415085        2.0000        0.8042 
   6                    0.00000000       -0.05109896        2.0000       -0.9489 
   7                    0.00000000       -2.00000000        2.0000       -1.0000 
   8                    0.00000000       -0.14475019        2.0000       -0.8552 
   9                    0.00000000        2.00000000        6.0000        1.0000 
   10                   0.00000000        2.00000000        6.0000       -1.0000 
   11                  -0.00000000        2.00000000        6.0000       -2.0000 
   12                   0.00000000        2.00000000        6.0000        2.0000 
   13                  -0.00000000       -0.00000000        2.0000        0.0000 
   14                  -0.00000000       -0.00000000        2.0000        0.0000 
   15                  -0.00000000       -1.50626626        1.5063       -0.0000 


   Eigenvalues of BRDM for   Block 4   :   14,   15,   20,   21 : [1, 15, 0]
   -----------------------------------------------------------------------------
   Local State         Occ. Number               <H>          <S2>          <Sz> 
   0                    1.00000000       -4.00000000        0.0000        0.0000 
   1                    0.00000000        2.00000000        6.0000        0.0000 
   2                    0.00000000       -0.49373374        0.4937       -0.0000 
   3                    0.00000000       -0.00000000        2.0000        1.0000 
   4                    0.00000000        0.00000000        2.0000        1.0000 
   5                    0.00000000       -1.80415085        2.0000        0.8042 
   6                    0.00000000       -0.05109896        2.0000       -0.9489 
   7                    0.00000000       -2.00000000        2.0000       -1.0000 
   8                    0.00000000       -0.14475019        2.0000       -0.8552 
   9                    0.00000000        2.00000000        6.0000        1.0000 
   10                   0.00000000        2.00000000        6.0000       -1.0000 
   11                  -0.00000000        2.00000000        6.0000       -2.0000 
   12                   0.00000000        2.00000000        6.0000        2.0000 
   13                  -0.00000000       -0.00000000        2.0000        0.0000 
   14                  -0.00000000       -0.00000000        2.0000        0.0000 
   15                  -0.00000000       -1.50626626        1.5063       -0.0000 


   Eigenvalues of BRDM for   Block 5   :   16,   17,   22,   23 : [1, 15, 0]
   -----------------------------------------------------------------------------
   Local State         Occ. Number               <H>          <S2>          <Sz> 
   0                    1.00000000       -4.00000000        0.0000        0.0000 
   1                    0.00000000        2.00000000        6.0000        0.0000 
   2                    0.00000000       -0.49373374        0.4937       -0.0000 
   3                    0.00000000       -0.00000000        2.0000        1.0000 
   4                    0.00000000        0.00000000        2.0000        1.0000 
   5                    0.00000000       -1.80415085        2.0000        0.8042 
   6                    0.00000000       -0.05109896        2.0000       -0.9489 
   7                    0.00000000       -2.00000000        2.0000       -1.0000 
   8                    0.00000000       -0.14475019        2.0000       -0.8552 
   9                    0.00000000        2.00000000        6.0000        1.0000 
   10                   0.00000000        2.00000000        6.0000       -1.0000 
   11                  -0.00000000        2.00000000        6.0000       -2.0000 
   12                   0.00000000        2.00000000        6.0000        2.0000 
   13                  -0.00000000       -0.00000000        2.0000        0.0000 
   14                  -0.00000000       -0.00000000        2.0000        0.0000 
   15                  -0.00000000       -1.50626626        1.5063       -0.0000 

 Solve for supersystem eigenvalues: Dimension =  1
  Davidson Iter    1  |  Vecs:   1 :  |      -24.00000000  |  0.0e+00 
 Davidson Converged


 State              Energy          Relative          <S2>
     0 =      -24.00000000        0.00000000    0.00000000

 Compute State-specific PT2 corrections: 

 State          Energy PT2          Relative          <S2>
     0 =      -24.01135507        0.00000000    0.00000000

 Norm of Reference state   1.00000000 

  Iteration        Energy         Delta
          0  -24.00000000              
          1  -24.00000000       0.0e+00
