 j12:
[[ 0. -1.  0. ...,  0.  0.  0.]
 [-1.  0. -1. ...,  0.  0.  0.]
 [ 0. -1.  0. ...,  0.  0.  0.]
 ..., 
 [ 0.  0.  0. ...,  0. -1.  0.]
 [ 0.  0.  0. ..., -1.  0. -1.]
 [ 0.  0.  0. ...,  0. -1.  0.]]
 blocks:
[[ 0  1  2  3]
 [ 4  5  6  7]
 [ 8  9 10 11]
 [12 13 14 15]
 [16 17 18 19]
 [20 21 22 23]
 [24 25 26 27]
 [28 29 30 31]
 [32 33 34 35]
 [36 37 38 39]]
 n_blocks:
10
 Generate initial guess vectors
 Guess eigenstates
   Local State                 <H>          <S2>          <Sz> 
   0                   -3.23205081        0.0000       -0.0000 
   1                   -1.91421356        2.0000        1.0000 
   2                   -1.91421356        2.0000       -1.0000 
   3                   -1.91421356        2.0000       -0.0000 
   4                   -0.50000000        2.0000        1.0000 
   5                   -0.50000000        2.0000       -0.0000 
   6                   -0.50000000        2.0000       -1.0000 
   7                    0.23205081        0.0000       -0.0000 
   8                    0.91421356        2.0000        0.0000 
   9                    0.91421356        2.0000       -1.0000 
   10                   0.91421356        2.0000        1.0000 
   11                   1.50000000        6.0000       -1.0000 
   12                   1.50000000        6.0000       -2.0000 
   13                   1.50000000        6.0000        2.0000 
   14                   1.50000000        6.0000        1.0000 
   15                   1.50000000        6.0000        0.0000 
 Guess eigenstates
   Local State                 <H>          <S2>          <Sz> 
   0                   -3.23205081        0.0000       -0.0000 
   1                   -1.91421356        2.0000        1.0000 
   2                   -1.91421356        2.0000       -1.0000 
   3                   -1.91421356        2.0000       -0.0000 
   4                   -0.50000000        2.0000        1.0000 
   5                   -0.50000000        2.0000       -0.0000 
   6                   -0.50000000        2.0000       -1.0000 
   7                    0.23205081        0.0000       -0.0000 
   8                    0.91421356        2.0000        0.0000 
   9                    0.91421356        2.0000       -1.0000 
   10                   0.91421356        2.0000        1.0000 
   11                   1.50000000        6.0000       -1.0000 
   12                   1.50000000        6.0000       -2.0000 
   13                   1.50000000        6.0000        2.0000 
   14                   1.50000000        6.0000        1.0000 
   15                   1.50000000        6.0000        0.0000 
 Guess eigenstates
   Local State                 <H>          <S2>          <Sz> 
   0                   -3.23205081        0.0000       -0.0000 
   1                   -1.91421356        2.0000        1.0000 
   2                   -1.91421356        2.0000       -1.0000 
   3                   -1.91421356        2.0000       -0.0000 
   4                   -0.50000000        2.0000        1.0000 
   5                   -0.50000000        2.0000       -0.0000 
   6                   -0.50000000        2.0000       -1.0000 
   7                    0.23205081        0.0000       -0.0000 
   8                    0.91421356        2.0000        0.0000 
   9                    0.91421356        2.0000       -1.0000 
   10                   0.91421356        2.0000        1.0000 
   11                   1.50000000        6.0000       -1.0000 
   12                   1.50000000        6.0000       -2.0000 
   13                   1.50000000        6.0000        2.0000 
   14                   1.50000000        6.0000        1.0000 
   15                   1.50000000        6.0000        0.0000 
 Guess eigenstates
   Local State                 <H>          <S2>          <Sz> 
   0                   -3.23205081        0.0000       -0.0000 
   1                   -1.91421356        2.0000        1.0000 
   2                   -1.91421356        2.0000       -1.0000 
   3                   -1.91421356        2.0000       -0.0000 
   4                   -0.50000000        2.0000        1.0000 
   5                   -0.50000000        2.0000       -0.0000 
   6                   -0.50000000        2.0000       -1.0000 
   7                    0.23205081        0.0000       -0.0000 
   8                    0.91421356        2.0000        0.0000 
   9                    0.91421356        2.0000       -1.0000 
   10                   0.91421356        2.0000        1.0000 
   11                   1.50000000        6.0000       -1.0000 
   12                   1.50000000        6.0000       -2.0000 
   13                   1.50000000        6.0000        2.0000 
   14                   1.50000000        6.0000        1.0000 
   15                   1.50000000        6.0000        0.0000 
 Guess eigenstates
   Local State                 <H>          <S2>          <Sz> 
   0                   -3.23205081        0.0000       -0.0000 
   1                   -1.91421356        2.0000        1.0000 
   2                   -1.91421356        2.0000       -1.0000 
   3                   -1.91421356        2.0000       -0.0000 
   4                   -0.50000000        2.0000        1.0000 
   5                   -0.50000000        2.0000       -0.0000 
   6                   -0.50000000        2.0000       -1.0000 
   7                    0.23205081        0.0000       -0.0000 
   8                    0.91421356        2.0000        0.0000 
   9                    0.91421356        2.0000       -1.0000 
   10                   0.91421356        2.0000        1.0000 
   11                   1.50000000        6.0000       -1.0000 
   12                   1.50000000        6.0000       -2.0000 
   13                   1.50000000        6.0000        2.0000 
   14                   1.50000000        6.0000        1.0000 
   15                   1.50000000        6.0000        0.0000 
 Guess eigenstates
   Local State                 <H>          <S2>          <Sz> 
   0                   -3.23205081        0.0000       -0.0000 
   1                   -1.91421356        2.0000        1.0000 
   2                   -1.91421356        2.0000       -1.0000 
   3                   -1.91421356        2.0000       -0.0000 
   4                   -0.50000000        2.0000        1.0000 
   5                   -0.50000000        2.0000       -0.0000 
   6                   -0.50000000        2.0000       -1.0000 
   7                    0.23205081        0.0000       -0.0000 
   8                    0.91421356        2.0000        0.0000 
   9                    0.91421356        2.0000       -1.0000 
   10                   0.91421356        2.0000        1.0000 
   11                   1.50000000        6.0000       -1.0000 
   12                   1.50000000        6.0000       -2.0000 
   13                   1.50000000        6.0000        2.0000 
   14                   1.50000000        6.0000        1.0000 
   15                   1.50000000        6.0000        0.0000 
 Guess eigenstates
   Local State                 <H>          <S2>          <Sz> 
   0                   -3.23205081        0.0000       -0.0000 
   1                   -1.91421356        2.0000        1.0000 
   2                   -1.91421356        2.0000       -1.0000 
   3                   -1.91421356        2.0000       -0.0000 
   4                   -0.50000000        2.0000        1.0000 
   5                   -0.50000000        2.0000       -0.0000 
   6                   -0.50000000        2.0000       -1.0000 
   7                    0.23205081        0.0000       -0.0000 
   8                    0.91421356        2.0000        0.0000 
   9                    0.91421356        2.0000       -1.0000 
   10                   0.91421356        2.0000        1.0000 
   11                   1.50000000        6.0000       -1.0000 
   12                   1.50000000        6.0000       -2.0000 
   13                   1.50000000        6.0000        2.0000 
   14                   1.50000000        6.0000        1.0000 
   15                   1.50000000        6.0000        0.0000 
 Guess eigenstates
   Local State                 <H>          <S2>          <Sz> 
   0                   -3.23205081        0.0000       -0.0000 
   1                   -1.91421356        2.0000        1.0000 
   2                   -1.91421356        2.0000       -1.0000 
   3                   -1.91421356        2.0000       -0.0000 
   4                   -0.50000000        2.0000        1.0000 
   5                   -0.50000000        2.0000       -0.0000 
   6                   -0.50000000        2.0000       -1.0000 
   7                    0.23205081        0.0000       -0.0000 
   8                    0.91421356        2.0000        0.0000 
   9                    0.91421356        2.0000       -1.0000 
   10                   0.91421356        2.0000        1.0000 
   11                   1.50000000        6.0000       -1.0000 
   12                   1.50000000        6.0000       -2.0000 
   13                   1.50000000        6.0000        2.0000 
   14                   1.50000000        6.0000        1.0000 
   15                   1.50000000        6.0000        0.0000 
 Guess eigenstates
   Local State                 <H>          <S2>          <Sz> 
   0                   -3.23205081        0.0000       -0.0000 
   1                   -1.91421356        2.0000        1.0000 
   2                   -1.91421356        2.0000       -1.0000 
   3                   -1.91421356        2.0000       -0.0000 
   4                   -0.50000000        2.0000        1.0000 
   5                   -0.50000000        2.0000       -0.0000 
   6                   -0.50000000        2.0000       -1.0000 
   7                    0.23205081        0.0000       -0.0000 
   8                    0.91421356        2.0000        0.0000 
   9                    0.91421356        2.0000       -1.0000 
   10                   0.91421356        2.0000        1.0000 
   11                   1.50000000        6.0000       -1.0000 
   12                   1.50000000        6.0000       -2.0000 
   13                   1.50000000        6.0000        2.0000 
   14                   1.50000000        6.0000        1.0000 
   15                   1.50000000        6.0000        0.0000 
 Guess eigenstates
   Local State                 <H>          <S2>          <Sz> 
   0                   -3.23205081        0.0000       -0.0000 
   1                   -1.91421356        2.0000        1.0000 
   2                   -1.91421356        2.0000       -1.0000 
   3                   -1.91421356        2.0000       -0.0000 
   4                   -0.50000000        2.0000        1.0000 
   5                   -0.50000000        2.0000       -0.0000 
   6                   -0.50000000        2.0000       -1.0000 
   7                    0.23205081        0.0000       -0.0000 
   8                    0.91421356        2.0000        0.0000 
   9                    0.91421356        2.0000       -1.0000 
   10                   0.91421356        2.0000        1.0000 
   11                   1.50000000        6.0000       -1.0000 
   12                   1.50000000        6.0000       -2.0000 
   13                   1.50000000        6.0000        2.0000 
   14                   1.50000000        6.0000        1.0000 
   15                   1.50000000        6.0000        0.0000 

 Prepare Lattice Blocks:
[1, 1, 1, 1, 1, 1, 1, 1, 1, 1] [15, 15, 15, 15, 15, 15, 15, 15, 15, 15]
 Block 0   :    0,    1,    2,    3 : [1, 15, 0]
 Block 1   :    4,    5,    6,    7 : [1, 15, 0]
 Block 2   :    8,    9,   10,   11 : [1, 15, 0]
 Block 3   :   12,   13,   14,   15 : [1, 15, 0]
 Block 4   :   16,   17,   18,   19 : [1, 15, 0]
 Block 5   :   20,   21,   22,   23 : [1, 15, 0]
 Block 6   :   24,   25,   26,   27 : [1, 15, 0]
 Block 7   :   28,   29,   30,   31 : [1, 15, 0]
 Block 8   :   32,   33,   34,   35 : [1, 15, 0]
 Block 9   :   36,   37,   38,   39 : [1, 15, 0]

 Prepare Tucker blocks:

 Configurations defining the variational space
   0   0   0   0   0   0   0   0   0   0 ::    1   1   1   1   1   1   1   1   1   1 ::      1  Range=        0:1       

 Configurations defining the perturbational space
   1   0   0   0   0   0   0   0   0   0 ::   15   1   1   1   1   1   1   1   1   1 ::     15  Range=        0:15       (1, 0)
   0   1   0   0   0   0   0   0   0   0 ::    1  15   1   1   1   1   1   1   1   1 ::     15  Range=       15:30       (1, 1)
   0   0   1   0   0   0   0   0   0   0 ::    1   1  15   1   1   1   1   1   1   1 ::     15  Range=       30:45       (1, 2)
   0   0   0   1   0   0   0   0   0   0 ::    1   1   1  15   1   1   1   1   1   1 ::     15  Range=       45:60       (1, 3)
   0   0   0   0   1   0   0   0   0   0 ::    1   1   1   1  15   1   1   1   1   1 ::     15  Range=       60:75       (1, 4)
   0   0   0   0   0   1   0   0   0   0 ::    1   1   1   1   1  15   1   1   1   1 ::     15  Range=       75:90       (1, 5)
   0   0   0   0   0   0   1   0   0   0 ::    1   1   1   1   1   1  15   1   1   1 ::     15  Range=       90:105      (1, 6)
   0   0   0   0   0   0   0   1   0   0 ::    1   1   1   1   1   1   1  15   1   1 ::     15  Range=      105:120      (1, 7)
   0   0   0   0   0   0   0   0   1   0 ::    1   1   1   1   1   1   1   1  15   1 ::     15  Range=      120:135      (1, 8)
   0   0   0   0   0   0   0   0   0   1 ::    1   1   1   1   1   1   1   1   1  15 ::     15  Range=      135:150      (1, 9)
   1   1   0   0   0   0   0   0   0   0 ::   15  15   1   1   1   1   1   1   1   1 ::    225  Range=      150:375      (2, 0, 1)
   1   0   1   0   0   0   0   0   0   0 ::   15   1  15   1   1   1   1   1   1   1 ::    225  Range=      375:600      (2, 0, 2)
   1   0   0   1   0   0   0   0   0   0 ::   15   1   1  15   1   1   1   1   1   1 ::    225  Range=      600:825      (2, 0, 3)
   1   0   0   0   1   0   0   0   0   0 ::   15   1   1   1  15   1   1   1   1   1 ::    225  Range=      825:1050     (2, 0, 4)
   1   0   0   0   0   1   0   0   0   0 ::   15   1   1   1   1  15   1   1   1   1 ::    225  Range=     1050:1275     (2, 0, 5)
   1   0   0   0   0   0   1   0   0   0 ::   15   1   1   1   1   1  15   1   1   1 ::    225  Range=     1275:1500     (2, 0, 6)
   1   0   0   0   0   0   0   1   0   0 ::   15   1   1   1   1   1   1  15   1   1 ::    225  Range=     1500:1725     (2, 0, 7)
   1   0   0   0   0   0   0   0   1   0 ::   15   1   1   1   1   1   1   1  15   1 ::    225  Range=     1725:1950     (2, 0, 8)
   1   0   0   0   0   0   0   0   0   1 ::   15   1   1   1   1   1   1   1   1  15 ::    225  Range=     1950:2175     (2, 0, 9)
   0   1   1   0   0   0   0   0   0   0 ::    1  15  15   1   1   1   1   1   1   1 ::    225  Range=     2175:2400     (2, 1, 2)
   0   1   0   1   0   0   0   0   0   0 ::    1  15   1  15   1   1   1   1   1   1 ::    225  Range=     2400:2625     (2, 1, 3)
   0   1   0   0   1   0   0   0   0   0 ::    1  15   1   1  15   1   1   1   1   1 ::    225  Range=     2625:2850     (2, 1, 4)
   0   1   0   0   0   1   0   0   0   0 ::    1  15   1   1   1  15   1   1   1   1 ::    225  Range=     2850:3075     (2, 1, 5)
   0   1   0   0   0   0   1   0   0   0 ::    1  15   1   1   1   1  15   1   1   1 ::    225  Range=     3075:3300     (2, 1, 6)
   0   1   0   0   0   0   0   1   0   0 ::    1  15   1   1   1   1   1  15   1   1 ::    225  Range=     3300:3525     (2, 1, 7)
   0   1   0   0   0   0   0   0   1   0 ::    1  15   1   1   1   1   1   1  15   1 ::    225  Range=     3525:3750     (2, 1, 8)
   0   1   0   0   0   0   0   0   0   1 ::    1  15   1   1   1   1   1   1   1  15 ::    225  Range=     3750:3975     (2, 1, 9)
   0   0   1   1   0   0   0   0   0   0 ::    1   1  15  15   1   1   1   1   1   1 ::    225  Range=     3975:4200     (2, 2, 3)
   0   0   1   0   1   0   0   0   0   0 ::    1   1  15   1  15   1   1   1   1   1 ::    225  Range=     4200:4425     (2, 2, 4)
   0   0   1   0   0   1   0   0   0   0 ::    1   1  15   1   1  15   1   1   1   1 ::    225  Range=     4425:4650     (2, 2, 5)
   0   0   1   0   0   0   1   0   0   0 ::    1   1  15   1   1   1  15   1   1   1 ::    225  Range=     4650:4875     (2, 2, 6)
   0   0   1   0   0   0   0   1   0   0 ::    1   1  15   1   1   1   1  15   1   1 ::    225  Range=     4875:5100     (2, 2, 7)
   0   0   1   0   0   0   0   0   1   0 ::    1   1  15   1   1   1   1   1  15   1 ::    225  Range=     5100:5325     (2, 2, 8)
   0   0   1   0   0   0   0   0   0   1 ::    1   1  15   1   1   1   1   1   1  15 ::    225  Range=     5325:5550     (2, 2, 9)
   0   0   0   1   1   0   0   0   0   0 ::    1   1   1  15  15   1   1   1   1   1 ::    225  Range=     5550:5775     (2, 3, 4)
   0   0   0   1   0   1   0   0   0   0 ::    1   1   1  15   1  15   1   1   1   1 ::    225  Range=     5775:6000     (2, 3, 5)
   0   0   0   1   0   0   1   0   0   0 ::    1   1   1  15   1   1  15   1   1   1 ::    225  Range=     6000:6225     (2, 3, 6)
   0   0   0   1   0   0   0   1   0   0 ::    1   1   1  15   1   1   1  15   1   1 ::    225  Range=     6225:6450     (2, 3, 7)
   0   0   0   1   0   0   0   0   1   0 ::    1   1   1  15   1   1   1   1  15   1 ::    225  Range=     6450:6675     (2, 3, 8)
   0   0   0   1   0   0   0   0   0   1 ::    1   1   1  15   1   1   1   1   1  15 ::    225  Range=     6675:6900     (2, 3, 9)
   0   0   0   0   1   1   0   0   0   0 ::    1   1   1   1  15  15   1   1   1   1 ::    225  Range=     6900:7125     (2, 4, 5)
   0   0   0   0   1   0   1   0   0   0 ::    1   1   1   1  15   1  15   1   1   1 ::    225  Range=     7125:7350     (2, 4, 6)
   0   0   0   0   1   0   0   1   0   0 ::    1   1   1   1  15   1   1  15   1   1 ::    225  Range=     7350:7575     (2, 4, 7)
   0   0   0   0   1   0   0   0   1   0 ::    1   1   1   1  15   1   1   1  15   1 ::    225  Range=     7575:7800     (2, 4, 8)
   0   0   0   0   1   0   0   0   0   1 ::    1   1   1   1  15   1   1   1   1  15 ::    225  Range=     7800:8025     (2, 4, 9)
   0   0   0   0   0   1   1   0   0   0 ::    1   1   1   1   1  15  15   1   1   1 ::    225  Range=     8025:8250     (2, 5, 6)
   0   0   0   0   0   1   0   1   0   0 ::    1   1   1   1   1  15   1  15   1   1 ::    225  Range=     8250:8475     (2, 5, 7)
   0   0   0   0   0   1   0   0   1   0 ::    1   1   1   1   1  15   1   1  15   1 ::    225  Range=     8475:8700     (2, 5, 8)
   0   0   0   0   0   1   0   0   0   1 ::    1   1   1   1   1  15   1   1   1  15 ::    225  Range=     8700:8925     (2, 5, 9)
   0   0   0   0   0   0   1   1   0   0 ::    1   1   1   1   1   1  15  15   1   1 ::    225  Range=     8925:9150     (2, 6, 7)
   0   0   0   0   0   0   1   0   1   0 ::    1   1   1   1   1   1  15   1  15   1 ::    225  Range=     9150:9375     (2, 6, 8)
   0   0   0   0   0   0   1   0   0   1 ::    1   1   1   1   1   1  15   1   1  15 ::    225  Range=     9375:9600     (2, 6, 9)
   0   0   0   0   0   0   0   1   1   0 ::    1   1   1   1   1   1   1  15  15   1 ::    225  Range=     9600:9825     (2, 7, 8)
   0   0   0   0   0   0   0   1   0   1 ::    1   1   1   1   1   1   1  15   1  15 ::    225  Range=     9825:10050    (2, 7, 9)
   0   0   0   0   0   0   0   0   1   1 ::    1   1   1   1   1   1   1   1  15  15 ::    225  Range=    10050:10275    (2, 8, 9)

 Solve for supersystem eigenvalues: Dimension =  1
  Davidson Iter    1  |  Vecs:   1 :  |      -32.32050808  |  0.0e+00 
 Davidson Converged

(1, 1)
(1, 1)

 State              Energy          Relative          <S2>
     0 =      -32.32050808        0.00000000    0.00000000
DMBPTinfinity Calculation
  Order        Correction            Energy 
      1        0.00000000        0.00000000 
      2       -1.99110016       -1.99110016 
      3       -0.61495042       -2.60605059 
      4       -0.25079964       -2.85685022 
      5       -0.10805696       -2.96490718 
      6       -0.05535362       -3.02026080 
      7       -0.02894471       -3.04920551 
      8       -0.01635605       -3.06556157 
      9       -0.00921156       -3.07477313 
     10       -0.00534903       -3.08012216 
     11       -0.00308550       -3.08320766 
     12       -0.00180346       -3.08501111 
     13       -0.00104911       -3.08606022 
     14       -0.00061423       -3.08667445 
     15       -0.00035861       -3.08703306 
     16       -0.00021010       -3.08724316 
     17       -0.00012290       -3.08736605 
     18       -0.00007203       -3.08743809 
     19       -0.00004218       -3.08748027 
     20       -0.00002473       -3.08750500 
     21       -0.00001450       -3.08751950 
     22       -0.00000850       -3.08752801 
     23       -0.00000499       -3.08753299 
     24       -0.00000293       -3.08753592 
     25       -0.00000172       -3.08753763 
     26       -0.00000101       -3.08753864 
     27       -0.00000059       -3.08753923 
     28       -0.00000035       -3.08753958 
     29       -0.00000020       -3.08753978 
     30       -0.00000012       -3.08753990 
     31       -0.00000007       -3.08753997 
     32       -0.00000004       -3.08754002 
     33       -0.00000002       -3.08754004 
     34       -0.00000001       -3.08754005 
     35       -0.00000001       -3.08754006 
LCC Energy
 -32.32050808 -35.40804814              
