 j12:
[[ 0. -1.  0.  0.  0.  0.  0.  0.]
 [-1.  0. -1.  0.  0.  0.  0.  0.]
 [ 0. -1.  0. -1.  0.  0.  0.  0.]
 [ 0.  0. -1.  0. -1.  0.  0.  0.]
 [ 0.  0.  0. -1.  0. -1.  0.  0.]
 [ 0.  0.  0.  0. -1.  0. -1.  0.]
 [ 0.  0.  0.  0.  0. -1.  0. -1.]
 [ 0.  0.  0.  0.  0.  0. -1.  0.]]
 blocks:
[[0 1]
 [2 3]
 [4 5]
 [6 7]]
 n_blocks:
4
 Generate initial guess vectors
 Guess eigenstates
   Local State                 <H>          <S2>          <Sz> 
   0                   -1.50000000        0.0000        0.0000 
   1                    0.50000000        2.0000        0.0000 
   2                    0.50000000        2.0000       -1.0000 
   3                    0.50000000        2.0000        1.0000 
 Guess eigenstates
   Local State                 <H>          <S2>          <Sz> 
   0                   -1.50000000        0.0000        0.0000 
   1                    0.50000000        2.0000        0.0000 
   2                    0.50000000        2.0000       -1.0000 
   3                    0.50000000        2.0000        1.0000 
 Guess eigenstates
   Local State                 <H>          <S2>          <Sz> 
   0                   -1.50000000        0.0000        0.0000 
   1                    0.50000000        2.0000        0.0000 
   2                    0.50000000        2.0000       -1.0000 
   3                    0.50000000        2.0000        1.0000 
 Guess eigenstates
   Local State                 <H>          <S2>          <Sz> 
   0                   -1.50000000        0.0000        0.0000 
   1                    0.50000000        2.0000        0.0000 
   2                    0.50000000        2.0000       -1.0000 
   3                    0.50000000        2.0000        1.0000 

 Prepare Lattice Blocks:
[1, 1, 1, 1] [3, 3, 3, 3]
 Block 0   :    0,    1 : [1, 3, 0]
 Block 1   :    2,    3 : [1, 3, 0]
 Block 2   :    4,    5 : [1, 3, 0]
 Block 3   :    6,    7 : [1, 3, 0]

 Prepare Tucker blocks:

 Configurations defining the variational space
   0   0   0   0 ::    1   1   1   1 ::      1  Range=        0:1       

 Configurations defining the perturbational space
   1   0   0   0 ::    3   1   1   1 ::      3  Range=        0:3        (1, 0)
   0   1   0   0 ::    1   3   1   1 ::      3  Range=        3:6        (1, 1)
   0   0   1   0 ::    1   1   3   1 ::      3  Range=        6:9        (1, 2)
   0   0   0   1 ::    1   1   1   3 ::      3  Range=        9:12       (1, 3)
   1   1   0   0 ::    3   3   1   1 ::      9  Range=       12:21       (2, 0, 1)
   1   0   1   0 ::    3   1   3   1 ::      9  Range=       21:30       (2, 0, 2)
   1   0   0   1 ::    3   1   1   3 ::      9  Range=       30:39       (2, 0, 3)
   0   1   1   0 ::    1   3   3   1 ::      9  Range=       39:48       (2, 1, 2)
   0   1   0   1 ::    1   3   1   3 ::      9  Range=       48:57       (2, 1, 3)
   0   0   1   1 ::    1   1   3   3 ::      9  Range=       57:66       (2, 2, 3)

 Solve for supersystem eigenvalues: Dimension =  1
  Davidson Iter    1  |  Vecs:   1 :  |       -6.00000000  |  0.0e+00 
 Davidson Converged

(1, 1)
(1, 1)

 State              Energy          Relative          <S2>
     0 =       -6.00000000        0.00000000    0.00000000
DMBPTinfinity Calculation
  Order        Correction            Energy 
      1        0.00000000        0.00000000 
      2       -0.56250000       -0.56250000 
      3       -0.14062500       -0.70312500 
      4       -0.05859375       -0.76171875 
      5       -0.02050781       -0.78222656 
      6       -0.00842285       -0.79064941 
      7       -0.00320435       -0.79385376 
      8       -0.00128746       -0.79514122 
      9       -0.00050354       -0.79564476 
     10       -0.00020072       -0.79584548 
     11       -0.00007928       -0.79592476 
     12       -0.00003152       -0.79595628 
     13       -0.00001250       -0.79596878 
     14       -0.00000496       -0.79597374 
     15       -0.00000197       -0.79597571 
     16       -0.00000078       -0.79597650 
     17       -0.00000031       -0.79597681 
     18       -0.00000012       -0.79597693 
     19       -0.00000005       -0.79597698 
     20       -0.00000002       -0.79597700 
     21       -0.00000001       -0.79597701 
LCC Energy
   -6.79597701              
