 j12:
[[ 0.  -1.   0.  ...,  0.   0.   0. ]
 [-1.   0.   0.5 ...,  0.   0.   0. ]
 [ 0.   0.5  0.  ...,  0.   0.   0. ]
 ..., 
 [ 0.   0.   0.  ...,  0.   0.5  0. ]
 [ 0.   0.   0.  ...,  0.5  0.  -1. ]
 [ 0.   0.   0.  ...,  0.  -1.   0. ]]
 blocks:
[[ 0  1  2  3]
 [ 4  5  6  7]
 [ 8  9 10 11]
 [12 13 14 15]
 [16 17 18 19]
 [20 21 22 23]
 [24 25 26 27]
 [28 29 30 31]]
 n_blocks:
8
 Generate initial guess vectors
 Guess eigenstates
   Local State                 <H>          <S2>          <Sz> 
   0                   -3.04128785        0.0000        0.0000 
   1                   -1.25000000        2.0000        1.0000 
   2                   -1.25000000        2.0000       -0.0000 
   3                   -1.25000000        2.0000       -1.0000 
   4                   -0.86803399        2.0000       -0.0000 
   5                   -0.86803399        2.0000        1.0000 
   6                   -0.86803399        2.0000       -1.0000 
   7                    0.75000000        6.0000        1.0000 
   8                    0.75000000        6.0000       -2.0000 
   9                    0.75000000        6.0000        2.0000 
   10                   0.75000000        6.0000        0.0000 
   11                   0.75000000        6.0000       -1.0000 
   12                   1.36803399        2.0000        1.0000 
   13                   1.36803399        2.0000       -1.0000 
   14                   1.36803399        2.0000        0.0000 
   15                   1.54128785        0.0000        0.0000 
 Guess eigenstates
   Local State                 <H>          <S2>          <Sz> 
   0                   -3.04128785        0.0000        0.0000 
   1                   -1.25000000        2.0000        1.0000 
   2                   -1.25000000        2.0000       -0.0000 
   3                   -1.25000000        2.0000       -1.0000 
   4                   -0.86803399        2.0000       -0.0000 
   5                   -0.86803399        2.0000        1.0000 
   6                   -0.86803399        2.0000       -1.0000 
   7                    0.75000000        6.0000        1.0000 
   8                    0.75000000        6.0000       -2.0000 
   9                    0.75000000        6.0000        2.0000 
   10                   0.75000000        6.0000        0.0000 
   11                   0.75000000        6.0000       -1.0000 
   12                   1.36803399        2.0000        1.0000 
   13                   1.36803399        2.0000       -1.0000 
   14                   1.36803399        2.0000        0.0000 
   15                   1.54128785        0.0000        0.0000 
 Guess eigenstates
   Local State                 <H>          <S2>          <Sz> 
   0                   -3.04128785        0.0000        0.0000 
   1                   -1.25000000        2.0000        1.0000 
   2                   -1.25000000        2.0000       -0.0000 
   3                   -1.25000000        2.0000       -1.0000 
   4                   -0.86803399        2.0000       -0.0000 
   5                   -0.86803399        2.0000        1.0000 
   6                   -0.86803399        2.0000       -1.0000 
   7                    0.75000000        6.0000        1.0000 
   8                    0.75000000        6.0000       -2.0000 
   9                    0.75000000        6.0000        2.0000 
   10                   0.75000000        6.0000        0.0000 
   11                   0.75000000        6.0000       -1.0000 
   12                   1.36803399        2.0000        1.0000 
   13                   1.36803399        2.0000       -1.0000 
   14                   1.36803399        2.0000        0.0000 
   15                   1.54128785        0.0000        0.0000 
 Guess eigenstates
   Local State                 <H>          <S2>          <Sz> 
   0                   -3.04128785        0.0000        0.0000 
   1                   -1.25000000        2.0000        1.0000 
   2                   -1.25000000        2.0000       -0.0000 
   3                   -1.25000000        2.0000       -1.0000 
   4                   -0.86803399        2.0000       -0.0000 
   5                   -0.86803399        2.0000        1.0000 
   6                   -0.86803399        2.0000       -1.0000 
   7                    0.75000000        6.0000        1.0000 
   8                    0.75000000        6.0000       -2.0000 
   9                    0.75000000        6.0000        2.0000 
   10                   0.75000000        6.0000        0.0000 
   11                   0.75000000        6.0000       -1.0000 
   12                   1.36803399        2.0000        1.0000 
   13                   1.36803399        2.0000       -1.0000 
   14                   1.36803399        2.0000        0.0000 
   15                   1.54128785        0.0000        0.0000 
 Guess eigenstates
   Local State                 <H>          <S2>          <Sz> 
   0                   -3.04128785        0.0000        0.0000 
   1                   -1.25000000        2.0000        1.0000 
   2                   -1.25000000        2.0000       -0.0000 
   3                   -1.25000000        2.0000       -1.0000 
   4                   -0.86803399        2.0000       -0.0000 
   5                   -0.86803399        2.0000        1.0000 
   6                   -0.86803399        2.0000       -1.0000 
   7                    0.75000000        6.0000        1.0000 
   8                    0.75000000        6.0000       -2.0000 
   9                    0.75000000        6.0000        2.0000 
   10                   0.75000000        6.0000        0.0000 
   11                   0.75000000        6.0000       -1.0000 
   12                   1.36803399        2.0000        1.0000 
   13                   1.36803399        2.0000       -1.0000 
   14                   1.36803399        2.0000        0.0000 
   15                   1.54128785        0.0000        0.0000 
 Guess eigenstates
   Local State                 <H>          <S2>          <Sz> 
   0                   -3.04128785        0.0000        0.0000 
   1                   -1.25000000        2.0000        1.0000 
   2                   -1.25000000        2.0000       -0.0000 
   3                   -1.25000000        2.0000       -1.0000 
   4                   -0.86803399        2.0000       -0.0000 
   5                   -0.86803399        2.0000        1.0000 
   6                   -0.86803399        2.0000       -1.0000 
   7                    0.75000000        6.0000        1.0000 
   8                    0.75000000        6.0000       -2.0000 
   9                    0.75000000        6.0000        2.0000 
   10                   0.75000000        6.0000        0.0000 
   11                   0.75000000        6.0000       -1.0000 
   12                   1.36803399        2.0000        1.0000 
   13                   1.36803399        2.0000       -1.0000 
   14                   1.36803399        2.0000        0.0000 
   15                   1.54128785        0.0000        0.0000 
 Guess eigenstates
   Local State                 <H>          <S2>          <Sz> 
   0                   -3.04128785        0.0000        0.0000 
   1                   -1.25000000        2.0000        1.0000 
   2                   -1.25000000        2.0000       -0.0000 
   3                   -1.25000000        2.0000       -1.0000 
   4                   -0.86803399        2.0000       -0.0000 
   5                   -0.86803399        2.0000        1.0000 
   6                   -0.86803399        2.0000       -1.0000 
   7                    0.75000000        6.0000        1.0000 
   8                    0.75000000        6.0000       -2.0000 
   9                    0.75000000        6.0000        2.0000 
   10                   0.75000000        6.0000        0.0000 
   11                   0.75000000        6.0000       -1.0000 
   12                   1.36803399        2.0000        1.0000 
   13                   1.36803399        2.0000       -1.0000 
   14                   1.36803399        2.0000        0.0000 
   15                   1.54128785        0.0000        0.0000 
 Guess eigenstates
   Local State                 <H>          <S2>          <Sz> 
   0                   -3.04128785        0.0000        0.0000 
   1                   -1.25000000        2.0000        1.0000 
   2                   -1.25000000        2.0000       -0.0000 
   3                   -1.25000000        2.0000       -1.0000 
   4                   -0.86803399        2.0000       -0.0000 
   5                   -0.86803399        2.0000        1.0000 
   6                   -0.86803399        2.0000       -1.0000 
   7                    0.75000000        6.0000        1.0000 
   8                    0.75000000        6.0000       -2.0000 
   9                    0.75000000        6.0000        2.0000 
   10                   0.75000000        6.0000        0.0000 
   11                   0.75000000        6.0000       -1.0000 
   12                   1.36803399        2.0000        1.0000 
   13                   1.36803399        2.0000       -1.0000 
   14                   1.36803399        2.0000        0.0000 
   15                   1.54128785        0.0000        0.0000 

 Prepare Lattice Blocks:
[1, 1, 1, 1, 1, 1, 1, 1] [15, 15, 15, 15, 15, 15, 15, 15]
 Block 0   :    0,    1,    2,    3 : [1, 15, 0]
 Block 1   :    4,    5,    6,    7 : [1, 15, 0]
 Block 2   :    8,    9,   10,   11 : [1, 15, 0]
 Block 3   :   12,   13,   14,   15 : [1, 15, 0]
 Block 4   :   16,   17,   18,   19 : [1, 15, 0]
 Block 5   :   20,   21,   22,   23 : [1, 15, 0]
 Block 6   :   24,   25,   26,   27 : [1, 15, 0]
 Block 7   :   28,   29,   30,   31 : [1, 15, 0]

 Prepare Tucker blocks:

 Configurations defining the variational space
   0   0   0   0   0   0   0   0 ::    1   1   1   1   1   1   1   1 ::      1  Range=        0:1       

 Configurations defining the perturbational space
   1   0   0   0   0   0   0   0 ::   15   1   1   1   1   1   1   1 ::     15  Range=        0:15       (1, 0)
   0   1   0   0   0   0   0   0 ::    1  15   1   1   1   1   1   1 ::     15  Range=       15:30       (1, 1)
   0   0   1   0   0   0   0   0 ::    1   1  15   1   1   1   1   1 ::     15  Range=       30:45       (1, 2)
   0   0   0   1   0   0   0   0 ::    1   1   1  15   1   1   1   1 ::     15  Range=       45:60       (1, 3)
   0   0   0   0   1   0   0   0 ::    1   1   1   1  15   1   1   1 ::     15  Range=       60:75       (1, 4)
   0   0   0   0   0   1   0   0 ::    1   1   1   1   1  15   1   1 ::     15  Range=       75:90       (1, 5)
   0   0   0   0   0   0   1   0 ::    1   1   1   1   1   1  15   1 ::     15  Range=       90:105      (1, 6)
   0   0   0   0   0   0   0   1 ::    1   1   1   1   1   1   1  15 ::     15  Range=      105:120      (1, 7)
   1   1   0   0   0   0   0   0 ::   15  15   1   1   1   1   1   1 ::    225  Range=      120:345      (2, 0, 1)
   1   0   1   0   0   0   0   0 ::   15   1  15   1   1   1   1   1 ::    225  Range=      345:570      (2, 0, 2)
   1   0   0   1   0   0   0   0 ::   15   1   1  15   1   1   1   1 ::    225  Range=      570:795      (2, 0, 3)
   1   0   0   0   1   0   0   0 ::   15   1   1   1  15   1   1   1 ::    225  Range=      795:1020     (2, 0, 4)
   1   0   0   0   0   1   0   0 ::   15   1   1   1   1  15   1   1 ::    225  Range=     1020:1245     (2, 0, 5)
   1   0   0   0   0   0   1   0 ::   15   1   1   1   1   1  15   1 ::    225  Range=     1245:1470     (2, 0, 6)
   1   0   0   0   0   0   0   1 ::   15   1   1   1   1   1   1  15 ::    225  Range=     1470:1695     (2, 0, 7)
   0   1   1   0   0   0   0   0 ::    1  15  15   1   1   1   1   1 ::    225  Range=     1695:1920     (2, 1, 2)
   0   1   0   1   0   0   0   0 ::    1  15   1  15   1   1   1   1 ::    225  Range=     1920:2145     (2, 1, 3)
   0   1   0   0   1   0   0   0 ::    1  15   1   1  15   1   1   1 ::    225  Range=     2145:2370     (2, 1, 4)
   0   1   0   0   0   1   0   0 ::    1  15   1   1   1  15   1   1 ::    225  Range=     2370:2595     (2, 1, 5)
   0   1   0   0   0   0   1   0 ::    1  15   1   1   1   1  15   1 ::    225  Range=     2595:2820     (2, 1, 6)
   0   1   0   0   0   0   0   1 ::    1  15   1   1   1   1   1  15 ::    225  Range=     2820:3045     (2, 1, 7)
   0   0   1   1   0   0   0   0 ::    1   1  15  15   1   1   1   1 ::    225  Range=     3045:3270     (2, 2, 3)
   0   0   1   0   1   0   0   0 ::    1   1  15   1  15   1   1   1 ::    225  Range=     3270:3495     (2, 2, 4)
   0   0   1   0   0   1   0   0 ::    1   1  15   1   1  15   1   1 ::    225  Range=     3495:3720     (2, 2, 5)
   0   0   1   0   0   0   1   0 ::    1   1  15   1   1   1  15   1 ::    225  Range=     3720:3945     (2, 2, 6)
   0   0   1   0   0   0   0   1 ::    1   1  15   1   1   1   1  15 ::    225  Range=     3945:4170     (2, 2, 7)
   0   0   0   1   1   0   0   0 ::    1   1   1  15  15   1   1   1 ::    225  Range=     4170:4395     (2, 3, 4)
   0   0   0   1   0   1   0   0 ::    1   1   1  15   1  15   1   1 ::    225  Range=     4395:4620     (2, 3, 5)
   0   0   0   1   0   0   1   0 ::    1   1   1  15   1   1  15   1 ::    225  Range=     4620:4845     (2, 3, 6)
   0   0   0   1   0   0   0   1 ::    1   1   1  15   1   1   1  15 ::    225  Range=     4845:5070     (2, 3, 7)
   0   0   0   0   1   1   0   0 ::    1   1   1   1  15  15   1   1 ::    225  Range=     5070:5295     (2, 4, 5)
   0   0   0   0   1   0   1   0 ::    1   1   1   1  15   1  15   1 ::    225  Range=     5295:5520     (2, 4, 6)
   0   0   0   0   1   0   0   1 ::    1   1   1   1  15   1   1  15 ::    225  Range=     5520:5745     (2, 4, 7)
   0   0   0   0   0   1   1   0 ::    1   1   1   1   1  15  15   1 ::    225  Range=     5745:5970     (2, 5, 6)
   0   0   0   0   0   1   0   1 ::    1   1   1   1   1  15   1  15 ::    225  Range=     5970:6195     (2, 5, 7)
   0   0   0   0   0   0   1   1 ::    1   1   1   1   1   1  15  15 ::    225  Range=     6195:6420     (2, 6, 7)

 Solve for supersystem eigenvalues: Dimension =  1
  Davidson Iter    1  |  Vecs:   1 :  |      -24.33030278  |  0.0e+00 
 Davidson Converged

(1, 1)
(1, 1)

 State              Energy          Relative          <S2>
     0 =      -24.33030278        0.00000000    0.00000000
DMBPTinfinity Calculation
  Order        Correction            Energy 
      1        0.00000000        0.00000000 
      2       -0.33460842       -0.33460842 
      3        0.04280671       -0.29180172 
      4       -0.00563340       -0.29743512 
      5        0.00074867       -0.29668645 
      6       -0.00010269       -0.29678913 
      7        0.00001436       -0.29677478 
      8       -0.00000209       -0.29677687 
      9        0.00000031       -0.29677655 
     10       -0.00000005       -0.29677660 
     11        0.00000001       -0.29677659 
LCC Energy
 -24.33030278 -24.62707938              
