 j12:
[[ 0. -1.  0.  0.  0.  0.  0.  0.]
 [-1.  0.  2.  0.  0.  0.  0.  0.]
 [ 0.  2.  0. -1.  0.  0.  0.  0.]
 [ 0.  0. -1.  0.  2.  0.  0.  0.]
 [ 0.  0.  0.  2.  0. -1.  0.  0.]
 [ 0.  0.  0.  0. -1.  0.  2.  0.]
 [ 0.  0.  0.  0.  0.  2.  0. -1.]
 [ 0.  0.  0.  0.  0.  0. -1.  0.]]
 blocks:
[[0 1 2 3]
 [4 5 6 7]]
 n_blocks:
2
 Generate initial guess vectors
 Guess eigenstates
   Local State                 <H>          <S2>          <Sz> 
   0                   -3.46410162        0.0000        0.0000 
   1                   -2.00000000        2.0000        1.0000 
   2                   -2.00000000        2.0000       -0.0000 
   3                   -2.00000000        2.0000       -1.0000 
   4                   -1.23606798        2.0000        1.0000 
   5                   -1.23606798        2.0000        0.0000 
   6                   -1.23606798        2.0000       -1.0000 
   7                    0.00000000        6.0000       -2.0000 
   8                    0.00000000        6.0000        2.0000 
   9                    0.00000000        6.0000        0.0000 
   10                   0.00000000        6.0000        1.0000 
   11                   0.00000000        6.0000       -1.0000 
   12                   3.23606798        2.0000        1.0000 
   13                   3.23606798        2.0000       -1.0000 
   14                   3.23606798        2.0000        0.0000 
   15                   3.46410162        0.0000       -0.0000 
 Guess eigenstates
   Local State                 <H>          <S2>          <Sz> 
   0                   -3.46410162        0.0000        0.0000 
   1                   -2.00000000        2.0000        1.0000 
   2                   -2.00000000        2.0000       -0.0000 
   3                   -2.00000000        2.0000       -1.0000 
   4                   -1.23606798        2.0000        1.0000 
   5                   -1.23606798        2.0000        0.0000 
   6                   -1.23606798        2.0000       -1.0000 
   7                    0.00000000        6.0000       -2.0000 
   8                    0.00000000        6.0000        2.0000 
   9                    0.00000000        6.0000        0.0000 
   10                   0.00000000        6.0000        1.0000 
   11                   0.00000000        6.0000       -1.0000 
   12                   3.23606798        2.0000        1.0000 
   13                   3.23606798        2.0000       -1.0000 
   14                   3.23606798        2.0000        0.0000 
   15                   3.46410162        0.0000       -0.0000 

 Prepare Lattice Blocks:
[1, 1] [15, 15]
 Block 0   :    0,    1,    2,    3 : [1, 15, 0]
 Block 1   :    4,    5,    6,    7 : [1, 15, 0]

 Prepare Tucker blocks:

 Configurations defining the variational space
   0   0 ::    1   1 ::      1  Range=        0:1       

 Configurations defining the perturbational space
   1   0 ::   15   1 ::     15  Range=        0:15       (1, 0)
   0   1 ::    1  15 ::     15  Range=       15:30       (1, 1)
   1   1 ::   15  15 ::    225  Range=       30:255      (2, 0, 1)

 Solve for supersystem eigenvalues: Dimension =  1
  Davidson Iter    1  |  Vecs:   1 :  |       -6.92820323  |  0.0e+00 
 Davidson Converged

(1, 1)
(1, 1)

 State              Energy          Relative          <S2>
     0 =       -6.92820323        0.00000000    0.00000000
DMBPTinfinity Calculation
  Order        Correction            Energy 
      1        0.00000000        0.00000000 
      2       -0.86231561       -0.86231561 
      3        0.50038052       -0.36193509 
      4       -0.29480955       -0.65674464 
      5        0.17473193       -0.48201271 
      6       -0.10413717       -0.58614988 
      7        0.06223303       -0.52391685 
      8       -0.03726817       -0.56118502 
      9        0.02234359       -0.53884143 
     10       -0.01340654       -0.55224797 
     11        0.00804799       -0.54419998 
     12       -0.00483281       -0.54903278 
     13        0.00290269       -0.54613010 
     14       -0.00174366       -0.54787376 
     15        0.00104752       -0.54682623 
     16       -0.00062935       -0.54745559 
     17        0.00037814       -0.54707745 
     18       -0.00022720       -0.54730466 
     19        0.00013652       -0.54716813 
     20       -0.00008203       -0.54725017 
     21        0.00004929       -0.54720087 
     22       -0.00002962       -0.54723049 
     23        0.00001780       -0.54721270 
     24       -0.00001070       -0.54722339 
     25        0.00000643       -0.54721696 
     26       -0.00000386       -0.54722083 
     27        0.00000232       -0.54721851 
     28       -0.00000139       -0.54721990 
     29        0.00000084       -0.54721906 
     30       -0.00000050       -0.54721957 
     31        0.00000030       -0.54721926 
     32       -0.00000018       -0.54721945 
     33        0.00000011       -0.54721934 
     34       -0.00000007       -0.54721940 
     35        0.00000004       -0.54721936 
     36       -0.00000002       -0.54721939 
     37        0.00000001       -0.54721937 
     38       -0.00000001       -0.54721938 
LCC Energy
  -6.92820323  -7.47542261              
