 j12:
[[ 0. -1.  0.  0.  0.  0.  0.  0.  0.  0.  0.  0.  0.  0.  0.  0.]
 [-1.  0.  2.  0.  0.  0.  0.  0.  0.  0.  0.  0.  0.  0.  0.  0.]
 [ 0.  2.  0. -1.  0.  0.  0.  0.  0.  0.  0.  0.  0.  0.  0.  0.]
 [ 0.  0. -1.  0.  2.  0.  0.  0.  0.  0.  0.  0.  0.  0.  0.  0.]
 [ 0.  0.  0.  2.  0. -1.  0.  0.  0.  0.  0.  0.  0.  0.  0.  0.]
 [ 0.  0.  0.  0. -1.  0.  2.  0.  0.  0.  0.  0.  0.  0.  0.  0.]
 [ 0.  0.  0.  0.  0.  2.  0. -1.  0.  0.  0.  0.  0.  0.  0.  0.]
 [ 0.  0.  0.  0.  0.  0. -1.  0.  2.  0.  0.  0.  0.  0.  0.  0.]
 [ 0.  0.  0.  0.  0.  0.  0.  2.  0. -1.  0.  0.  0.  0.  0.  0.]
 [ 0.  0.  0.  0.  0.  0.  0.  0. -1.  0.  2.  0.  0.  0.  0.  0.]
 [ 0.  0.  0.  0.  0.  0.  0.  0.  0.  2.  0. -1.  0.  0.  0.  0.]
 [ 0.  0.  0.  0.  0.  0.  0.  0.  0.  0. -1.  0.  2.  0.  0.  0.]
 [ 0.  0.  0.  0.  0.  0.  0.  0.  0.  0.  0.  2.  0. -1.  0.  0.]
 [ 0.  0.  0.  0.  0.  0.  0.  0.  0.  0.  0.  0. -1.  0.  2.  0.]
 [ 0.  0.  0.  0.  0.  0.  0.  0.  0.  0.  0.  0.  0.  2.  0. -1.]
 [ 0.  0.  0.  0.  0.  0.  0.  0.  0.  0.  0.  0.  0.  0. -1.  0.]]
 blocks:
[[ 0  1  2  3]
 [ 4  5  6  7]
 [ 8  9 10 11]
 [12 13 14 15]]
 n_blocks:
4
 Generate initial guess vectors
 Guess eigenstates
   Local State                 <H>          <S2>          <Sz> 
   0                   -3.46410162        0.0000        0.0000 
   1                   -2.00000000        2.0000        1.0000 
   2                   -2.00000000        2.0000       -0.0000 
   3                   -2.00000000        2.0000       -1.0000 
   4                   -1.23606798        2.0000        1.0000 
   5                   -1.23606798        2.0000        0.0000 
   6                   -1.23606798        2.0000       -1.0000 
   7                    0.00000000        6.0000       -2.0000 
   8                    0.00000000        6.0000        2.0000 
   9                    0.00000000        6.0000        0.0000 
   10                   0.00000000        6.0000        1.0000 
   11                   0.00000000        6.0000       -1.0000 
   12                   3.23606798        2.0000        1.0000 
   13                   3.23606798        2.0000       -1.0000 
   14                   3.23606798        2.0000        0.0000 
   15                   3.46410162        0.0000       -0.0000 
 Guess eigenstates
   Local State                 <H>          <S2>          <Sz> 
   0                   -3.46410162        0.0000        0.0000 
   1                   -2.00000000        2.0000        1.0000 
   2                   -2.00000000        2.0000       -0.0000 
   3                   -2.00000000        2.0000       -1.0000 
   4                   -1.23606798        2.0000        1.0000 
   5                   -1.23606798        2.0000        0.0000 
   6                   -1.23606798        2.0000       -1.0000 
   7                    0.00000000        6.0000       -2.0000 
   8                    0.00000000        6.0000        2.0000 
   9                    0.00000000        6.0000        0.0000 
   10                   0.00000000        6.0000        1.0000 
   11                   0.00000000        6.0000       -1.0000 
   12                   3.23606798        2.0000        1.0000 
   13                   3.23606798        2.0000       -1.0000 
   14                   3.23606798        2.0000        0.0000 
   15                   3.46410162        0.0000       -0.0000 
 Guess eigenstates
   Local State                 <H>          <S2>          <Sz> 
   0                   -3.46410162        0.0000        0.0000 
   1                   -2.00000000        2.0000        1.0000 
   2                   -2.00000000        2.0000       -0.0000 
   3                   -2.00000000        2.0000       -1.0000 
   4                   -1.23606798        2.0000        1.0000 
   5                   -1.23606798        2.0000        0.0000 
   6                   -1.23606798        2.0000       -1.0000 
   7                    0.00000000        6.0000       -2.0000 
   8                    0.00000000        6.0000        2.0000 
   9                    0.00000000        6.0000        0.0000 
   10                   0.00000000        6.0000        1.0000 
   11                   0.00000000        6.0000       -1.0000 
   12                   3.23606798        2.0000        1.0000 
   13                   3.23606798        2.0000       -1.0000 
   14                   3.23606798        2.0000        0.0000 
   15                   3.46410162        0.0000       -0.0000 
 Guess eigenstates
   Local State                 <H>          <S2>          <Sz> 
   0                   -3.46410162        0.0000        0.0000 
   1                   -2.00000000        2.0000        1.0000 
   2                   -2.00000000        2.0000       -0.0000 
   3                   -2.00000000        2.0000       -1.0000 
   4                   -1.23606798        2.0000        1.0000 
   5                   -1.23606798        2.0000        0.0000 
   6                   -1.23606798        2.0000       -1.0000 
   7                    0.00000000        6.0000       -2.0000 
   8                    0.00000000        6.0000        2.0000 
   9                    0.00000000        6.0000        0.0000 
   10                   0.00000000        6.0000        1.0000 
   11                   0.00000000        6.0000       -1.0000 
   12                   3.23606798        2.0000        1.0000 
   13                   3.23606798        2.0000       -1.0000 
   14                   3.23606798        2.0000        0.0000 
   15                   3.46410162        0.0000       -0.0000 

 Prepare Lattice Blocks:
[1, 1, 1, 1] [15, 15, 15, 15]
 Block 0   :    0,    1,    2,    3 : [1, 15, 0]
 Block 1   :    4,    5,    6,    7 : [1, 15, 0]
 Block 2   :    8,    9,   10,   11 : [1, 15, 0]
 Block 3   :   12,   13,   14,   15 : [1, 15, 0]

 Prepare Tucker blocks:

 Configurations defining the variational space
   0   0   0   0 ::    1   1   1   1 ::      1  Range=        0:1       

 Configurations defining the perturbational space
   1   0   0   0 ::   15   1   1   1 ::     15  Range=        0:15       (1, 0)
   0   1   0   0 ::    1  15   1   1 ::     15  Range=       15:30       (1, 1)
   0   0   1   0 ::    1   1  15   1 ::     15  Range=       30:45       (1, 2)
   0   0   0   1 ::    1   1   1  15 ::     15  Range=       45:60       (1, 3)
   1   1   0   0 ::   15  15   1   1 ::    225  Range=       60:285      (2, 0, 1)
   1   0   1   0 ::   15   1  15   1 ::    225  Range=      285:510      (2, 0, 2)
   1   0   0   1 ::   15   1   1  15 ::    225  Range=      510:735      (2, 0, 3)
   0   1   1   0 ::    1  15  15   1 ::    225  Range=      735:960      (2, 1, 2)
   0   1   0   1 ::    1  15   1  15 ::    225  Range=      960:1185     (2, 1, 3)
   0   0   1   1 ::    1   1  15  15 ::    225  Range=     1185:1410     (2, 2, 3)

 Solve for supersystem eigenvalues: Dimension =  1
  Davidson Iter    1  |  Vecs:   1 :  |      -13.85640646  |  0.0e+00 
 Davidson Converged

(1, 1)
(1, 1)

 State              Energy          Relative          <S2>
     0 =      -13.85640646        0.00000000    0.00000000
DMBPTinfinity Calculation
  Order        Correction            Energy 
      1        0.00000000        0.00000000 
      2       -2.58694682       -2.58694682 
      3        1.50114155       -1.08580527 
      4       -0.96223952       -2.04804478 
      5        0.61229536       -1.43574943 
      6       -0.41365459       -1.84940401 
      7        0.27429406       -1.57510995 
      8       -0.19028090       -1.76539085 
      9        0.12927747       -1.63611338 
     10       -0.09112733       -1.72724071 
     11        0.06293592       -1.66430479 
     12       -0.04484441       -1.70914920 
     13        0.03135330       -1.67779590 
     14       -0.02251748       -1.70031337 
     15        0.01589819       -1.68441518 
     16       -0.01148726       -1.69590244 
     17        0.00817618       -1.68772626 
     18       -0.00593589       -1.69366215 
     19        0.00425342       -1.68940873 
     20       -0.00309959       -1.69250832 
     21        0.00223347       -1.69027484 
     22       -0.00163241       -1.69190725 
     23        0.00118170       -1.69072555 
     24       -0.00086568       -1.69159124 
     25        0.00062904       -1.69096219 
     26       -0.00046165       -1.69142384 
     27        0.00033649       -1.69108736 
     28       -0.00024728       -1.69133464 
     29        0.00018069       -1.69115395 
     30       -0.00013293       -1.69128688 
     31        0.00009733       -1.69118955 
     32       -0.00007166       -1.69126121 
     33        0.00005255       -1.69120866 
     34       -0.00003872       -1.69124738 
     35        0.00002843       -1.69121895 
     36       -0.00002095       -1.69123990 
     37        0.00001540       -1.69122450 
     38       -0.00001136       -1.69123586 
     39        0.00000835       -1.69122750 
     40       -0.00000616       -1.69123367 
     41        0.00000454       -1.69122913 
     42       -0.00000335       -1.69123248 
     43        0.00000246       -1.69123001 
     44       -0.00000182       -1.69123183 
     45        0.00000134       -1.69123049 
     46       -0.00000099       -1.69123148 
     47        0.00000073       -1.69123075 
     48       -0.00000054       -1.69123129 
     49        0.00000040       -1.69123089 
     50       -0.00000029       -1.69123118 
     51        0.00000022       -1.69123097 
     52       -0.00000016       -1.69123113 
     53        0.00000012       -1.69123101 
     54       -0.00000009       -1.69123110 
     55        0.00000006       -1.69123103 
     56       -0.00000005       -1.69123108 
     57        0.00000003       -1.69123104 
     58       -0.00000003       -1.69123107 
     59        0.00000002       -1.69123105 
     60       -0.00000001       -1.69123107 
     61        0.00000001       -1.69123105 
     62       -0.00000001       -1.69123106 
LCC Energy
 -13.85640646 -15.54763752              
