 j12:
[[ 0.  -1.   0.   0.   0.   0.   0.   0.   0.   0.   0.   0.   0.   0.   0.
   0.   0.   0.   0.   0.   0.   0.   0.   0. ]
 [-1.   0.  -0.5  0.   0.   0.   0.   0.   0.   0.   0.   0.   0.   0.   0.
   0.   0.   0.   0.   0.   0.   0.   0.   0. ]
 [ 0.  -0.5  0.  -1.   0.   0.   0.   0.   0.   0.   0.   0.   0.   0.   0.
   0.   0.   0.   0.   0.   0.   0.   0.   0. ]
 [ 0.   0.  -1.   0.  -0.5  0.   0.   0.   0.   0.   0.   0.   0.   0.   0.
   0.   0.   0.   0.   0.   0.   0.   0.   0. ]
 [ 0.   0.   0.  -0.5  0.  -1.   0.   0.   0.   0.   0.   0.   0.   0.   0.
   0.   0.   0.   0.   0.   0.   0.   0.   0. ]
 [ 0.   0.   0.   0.  -1.   0.  -0.5  0.   0.   0.   0.   0.   0.   0.   0.
   0.   0.   0.   0.   0.   0.   0.   0.   0. ]
 [ 0.   0.   0.   0.   0.  -0.5  0.  -1.   0.   0.   0.   0.   0.   0.   0.
   0.   0.   0.   0.   0.   0.   0.   0.   0. ]
 [ 0.   0.   0.   0.   0.   0.  -1.   0.  -0.5  0.   0.   0.   0.   0.   0.
   0.   0.   0.   0.   0.   0.   0.   0.   0. ]
 [ 0.   0.   0.   0.   0.   0.   0.  -0.5  0.  -1.   0.   0.   0.   0.   0.
   0.   0.   0.   0.   0.   0.   0.   0.   0. ]
 [ 0.   0.   0.   0.   0.   0.   0.   0.  -1.   0.  -0.5  0.   0.   0.   0.
   0.   0.   0.   0.   0.   0.   0.   0.   0. ]
 [ 0.   0.   0.   0.   0.   0.   0.   0.   0.  -0.5  0.  -1.   0.   0.   0.
   0.   0.   0.   0.   0.   0.   0.   0.   0. ]
 [ 0.   0.   0.   0.   0.   0.   0.   0.   0.   0.  -1.   0.  -0.5  0.   0.
   0.   0.   0.   0.   0.   0.   0.   0.   0. ]
 [ 0.   0.   0.   0.   0.   0.   0.   0.   0.   0.   0.  -0.5  0.  -1.   0.
   0.   0.   0.   0.   0.   0.   0.   0.   0. ]
 [ 0.   0.   0.   0.   0.   0.   0.   0.   0.   0.   0.   0.  -1.   0.  -0.5
   0.   0.   0.   0.   0.   0.   0.   0.   0. ]
 [ 0.   0.   0.   0.   0.   0.   0.   0.   0.   0.   0.   0.   0.  -0.5  0.
  -1.   0.   0.   0.   0.   0.   0.   0.   0. ]
 [ 0.   0.   0.   0.   0.   0.   0.   0.   0.   0.   0.   0.   0.   0.  -1.
   0.  -0.5  0.   0.   0.   0.   0.   0.   0. ]
 [ 0.   0.   0.   0.   0.   0.   0.   0.   0.   0.   0.   0.   0.   0.   0.
  -0.5  0.  -1.   0.   0.   0.   0.   0.   0. ]
 [ 0.   0.   0.   0.   0.   0.   0.   0.   0.   0.   0.   0.   0.   0.   0.
   0.  -1.   0.  -0.5  0.   0.   0.   0.   0. ]
 [ 0.   0.   0.   0.   0.   0.   0.   0.   0.   0.   0.   0.   0.   0.   0.
   0.   0.  -0.5  0.  -1.   0.   0.   0.   0. ]
 [ 0.   0.   0.   0.   0.   0.   0.   0.   0.   0.   0.   0.   0.   0.   0.
   0.   0.   0.  -1.   0.  -0.5  0.   0.   0. ]
 [ 0.   0.   0.   0.   0.   0.   0.   0.   0.   0.   0.   0.   0.   0.   0.
   0.   0.   0.   0.  -0.5  0.  -1.   0.   0. ]
 [ 0.   0.   0.   0.   0.   0.   0.   0.   0.   0.   0.   0.   0.   0.   0.
   0.   0.   0.   0.   0.  -1.   0.  -0.5  0. ]
 [ 0.   0.   0.   0.   0.   0.   0.   0.   0.   0.   0.   0.   0.   0.   0.
   0.   0.   0.   0.   0.   0.  -0.5  0.  -1. ]
 [ 0.   0.   0.   0.   0.   0.   0.   0.   0.   0.   0.   0.   0.   0.   0.
   0.   0.   0.   0.   0.   0.   0.  -1.   0. ]]
 blocks:
[[ 0  1  2  3]
 [ 4  5  6  7]
 [ 8  9 10 11]
 [12 13 14 15]
 [16 17 18 19]
 [20 21 22 23]]
 n_blocks:
6
 Generate initial guess vectors
 Guess eigenstates
   Local State                 <H>          <S2>          <Sz> 
   0                   -3.05277564        0.0000       -0.0000 
   1                   -1.36803399        2.0000        1.0000 
   2                   -1.36803399        2.0000       -1.0000 
   3                   -1.36803399        2.0000       -0.0000 
   4                   -0.75000000        2.0000       -1.0000 
   5                   -0.75000000        2.0000        1.0000 
   6                   -0.75000000        2.0000       -0.0000 
   7                    0.55277564        0.0000        0.0000 
   8                    0.86803399        2.0000        0.0000 
   9                    0.86803399        2.0000        1.0000 
   10                   0.86803399        2.0000       -1.0000 
   11                   1.25000000        6.0000       -2.0000 
   12                   1.25000000        6.0000       -1.0000 
   13                   1.25000000        6.0000        2.0000 
   14                   1.25000000        6.0000        1.0000 
   15                   1.25000000        6.0000       -0.0000 
 Guess eigenstates
   Local State                 <H>          <S2>          <Sz> 
   0                   -3.05277564        0.0000       -0.0000 
   1                   -1.36803399        2.0000        1.0000 
   2                   -1.36803399        2.0000       -1.0000 
   3                   -1.36803399        2.0000       -0.0000 
   4                   -0.75000000        2.0000       -1.0000 
   5                   -0.75000000        2.0000        1.0000 
   6                   -0.75000000        2.0000       -0.0000 
   7                    0.55277564        0.0000        0.0000 
   8                    0.86803399        2.0000        0.0000 
   9                    0.86803399        2.0000        1.0000 
   10                   0.86803399        2.0000       -1.0000 
   11                   1.25000000        6.0000       -2.0000 
   12                   1.25000000        6.0000       -1.0000 
   13                   1.25000000        6.0000        2.0000 
   14                   1.25000000        6.0000        1.0000 
   15                   1.25000000        6.0000       -0.0000 
 Guess eigenstates
   Local State                 <H>          <S2>          <Sz> 
   0                   -3.05277564        0.0000       -0.0000 
   1                   -1.36803399        2.0000        1.0000 
   2                   -1.36803399        2.0000       -1.0000 
   3                   -1.36803399        2.0000       -0.0000 
   4                   -0.75000000        2.0000       -1.0000 
   5                   -0.75000000        2.0000        1.0000 
   6                   -0.75000000        2.0000       -0.0000 
   7                    0.55277564        0.0000        0.0000 
   8                    0.86803399        2.0000        0.0000 
   9                    0.86803399        2.0000        1.0000 
   10                   0.86803399        2.0000       -1.0000 
   11                   1.25000000        6.0000       -2.0000 
   12                   1.25000000        6.0000       -1.0000 
   13                   1.25000000        6.0000        2.0000 
   14                   1.25000000        6.0000        1.0000 
   15                   1.25000000        6.0000       -0.0000 
 Guess eigenstates
   Local State                 <H>          <S2>          <Sz> 
   0                   -3.05277564        0.0000       -0.0000 
   1                   -1.36803399        2.0000        1.0000 
   2                   -1.36803399        2.0000       -1.0000 
   3                   -1.36803399        2.0000       -0.0000 
   4                   -0.75000000        2.0000       -1.0000 
   5                   -0.75000000        2.0000        1.0000 
   6                   -0.75000000        2.0000       -0.0000 
   7                    0.55277564        0.0000        0.0000 
   8                    0.86803399        2.0000        0.0000 
   9                    0.86803399        2.0000        1.0000 
   10                   0.86803399        2.0000       -1.0000 
   11                   1.25000000        6.0000       -2.0000 
   12                   1.25000000        6.0000       -1.0000 
   13                   1.25000000        6.0000        2.0000 
   14                   1.25000000        6.0000        1.0000 
   15                   1.25000000        6.0000       -0.0000 
 Guess eigenstates
   Local State                 <H>          <S2>          <Sz> 
   0                   -3.05277564        0.0000       -0.0000 
   1                   -1.36803399        2.0000        1.0000 
   2                   -1.36803399        2.0000       -1.0000 
   3                   -1.36803399        2.0000       -0.0000 
   4                   -0.75000000        2.0000       -1.0000 
   5                   -0.75000000        2.0000        1.0000 
   6                   -0.75000000        2.0000       -0.0000 
   7                    0.55277564        0.0000        0.0000 
   8                    0.86803399        2.0000        0.0000 
   9                    0.86803399        2.0000        1.0000 
   10                   0.86803399        2.0000       -1.0000 
   11                   1.25000000        6.0000       -2.0000 
   12                   1.25000000        6.0000       -1.0000 
   13                   1.25000000        6.0000        2.0000 
   14                   1.25000000        6.0000        1.0000 
   15                   1.25000000        6.0000       -0.0000 
 Guess eigenstates
   Local State                 <H>          <S2>          <Sz> 
   0                   -3.05277564        0.0000       -0.0000 
   1                   -1.36803399        2.0000        1.0000 
   2                   -1.36803399        2.0000       -1.0000 
   3                   -1.36803399        2.0000       -0.0000 
   4                   -0.75000000        2.0000       -1.0000 
   5                   -0.75000000        2.0000        1.0000 
   6                   -0.75000000        2.0000       -0.0000 
   7                    0.55277564        0.0000        0.0000 
   8                    0.86803399        2.0000        0.0000 
   9                    0.86803399        2.0000        1.0000 
   10                   0.86803399        2.0000       -1.0000 
   11                   1.25000000        6.0000       -2.0000 
   12                   1.25000000        6.0000       -1.0000 
   13                   1.25000000        6.0000        2.0000 
   14                   1.25000000        6.0000        1.0000 
   15                   1.25000000        6.0000       -0.0000 

 Prepare Lattice Blocks:
[1, 1, 1, 1, 1, 1] [15, 15, 15, 15, 15, 15]
 Block 0   :    0,    1,    2,    3 : [1, 15, 0]
 Block 1   :    4,    5,    6,    7 : [1, 15, 0]
 Block 2   :    8,    9,   10,   11 : [1, 15, 0]
 Block 3   :   12,   13,   14,   15 : [1, 15, 0]
 Block 4   :   16,   17,   18,   19 : [1, 15, 0]
 Block 5   :   20,   21,   22,   23 : [1, 15, 0]

 Prepare Tucker blocks:

 Configurations defining the variational space
   0   0   0   0   0   0 ::    1   1   1   1   1   1 ::      1  Range=        0:1       

 Configurations defining the perturbational space
   1   0   0   0   0   0 ::   15   1   1   1   1   1 ::     15  Range=        0:15       (1, 0)
   0   1   0   0   0   0 ::    1  15   1   1   1   1 ::     15  Range=       15:30       (1, 1)
   0   0   1   0   0   0 ::    1   1  15   1   1   1 ::     15  Range=       30:45       (1, 2)
   0   0   0   1   0   0 ::    1   1   1  15   1   1 ::     15  Range=       45:60       (1, 3)
   0   0   0   0   1   0 ::    1   1   1   1  15   1 ::     15  Range=       60:75       (1, 4)
   0   0   0   0   0   1 ::    1   1   1   1   1  15 ::     15  Range=       75:90       (1, 5)
   1   1   0   0   0   0 ::   15  15   1   1   1   1 ::    225  Range=       90:315      (2, 0, 1)
   1   0   1   0   0   0 ::   15   1  15   1   1   1 ::    225  Range=      315:540      (2, 0, 2)
   1   0   0   1   0   0 ::   15   1   1  15   1   1 ::    225  Range=      540:765      (2, 0, 3)
   1   0   0   0   1   0 ::   15   1   1   1  15   1 ::    225  Range=      765:990      (2, 0, 4)
   1   0   0   0   0   1 ::   15   1   1   1   1  15 ::    225  Range=      990:1215     (2, 0, 5)
   0   1   1   0   0   0 ::    1  15  15   1   1   1 ::    225  Range=     1215:1440     (2, 1, 2)
   0   1   0   1   0   0 ::    1  15   1  15   1   1 ::    225  Range=     1440:1665     (2, 1, 3)
   0   1   0   0   1   0 ::    1  15   1   1  15   1 ::    225  Range=     1665:1890     (2, 1, 4)
   0   1   0   0   0   1 ::    1  15   1   1   1  15 ::    225  Range=     1890:2115     (2, 1, 5)
   0   0   1   1   0   0 ::    1   1  15  15   1   1 ::    225  Range=     2115:2340     (2, 2, 3)
   0   0   1   0   1   0 ::    1   1  15   1  15   1 ::    225  Range=     2340:2565     (2, 2, 4)
   0   0   1   0   0   1 ::    1   1  15   1   1  15 ::    225  Range=     2565:2790     (2, 2, 5)
   0   0   0   1   1   0 ::    1   1   1  15  15   1 ::    225  Range=     2790:3015     (2, 3, 4)
   0   0   0   1   0   1 ::    1   1   1  15   1  15 ::    225  Range=     3015:3240     (2, 3, 5)
   0   0   0   0   1   1 ::    1   1   1   1  15  15 ::    225  Range=     3240:3465     (2, 4, 5)

 Solve for supersystem eigenvalues: Dimension =  1
  Davidson Iter    1  |  Vecs:   1 :  |      -18.31665383  |  0.0e+00 
 Davidson Converged

(1, 1)
(1, 1)

 State              Energy          Relative          <S2>
     0 =      -18.31665383        0.00000000    0.00000000
DMBPTinfinity Calculation
  Order        Correction            Energy 
      1        0.00000000        0.00000000 
      2       -0.24244403       -0.24244403 
      3       -0.03163816       -0.27408219 
      4       -0.00439058       -0.27847277 
      5       -0.00063001       -0.27910278 
      6       -0.00009825       -0.27920103 
      7       -0.00001637       -0.27921740 
      8       -0.00000300       -0.27922040 
      9       -0.00000059       -0.27922099 
     10       -0.00000012       -0.27922111 
     11       -0.00000003       -0.27922114 
     12       -0.00000001       -0.27922115 
LCC Energy
 -18.31665383 -18.59587498              
