 j12:
[[ 0.    -1.     0.     0.     0.     0.     0.     0.     0.     0.     0.
   0.   ]
 [-1.     0.    -0.125  0.     0.     0.     0.     0.     0.     0.     0.
   0.   ]
 [ 0.    -0.125  0.    -1.     0.     0.     0.     0.     0.     0.     0.
   0.   ]
 [ 0.     0.    -1.     0.    -0.125  0.     0.     0.     0.     0.     0.
   0.   ]
 [ 0.     0.     0.    -0.125  0.    -1.     0.     0.     0.     0.     0.
   0.   ]
 [ 0.     0.     0.     0.    -1.     0.    -0.125  0.     0.     0.     0.
   0.   ]
 [ 0.     0.     0.     0.     0.    -0.125  0.    -1.     0.     0.     0.
   0.   ]
 [ 0.     0.     0.     0.     0.     0.    -1.     0.    -0.125  0.     0.
   0.   ]
 [ 0.     0.     0.     0.     0.     0.     0.    -0.125  0.    -1.     0.
   0.   ]
 [ 0.     0.     0.     0.     0.     0.     0.     0.    -1.     0.    -0.125
   0.   ]
 [ 0.     0.     0.     0.     0.     0.     0.     0.     0.    -0.125  0.
  -1.   ]
 [ 0.     0.     0.     0.     0.     0.     0.     0.     0.     0.    -1.
   0.   ]]
 blocks:
[[ 0  1]
 [ 2  3]
 [ 4  5]
 [ 6  7]
 [ 8  9]
 [10 11]]
 n_blocks:
6
 Generate initial guess vectors
 Guess eigenstates
   Local State                 <H>          <S2>          <Sz> 
   0                   -1.50000000        0.0000        0.0000 
   1                    0.50000000        2.0000        0.0000 
   2                    0.50000000        2.0000       -1.0000 
   3                    0.50000000        2.0000        1.0000 
 Guess eigenstates
   Local State                 <H>          <S2>          <Sz> 
   0                   -1.50000000        0.0000        0.0000 
   1                    0.50000000        2.0000        0.0000 
   2                    0.50000000        2.0000       -1.0000 
   3                    0.50000000        2.0000        1.0000 
 Guess eigenstates
   Local State                 <H>          <S2>          <Sz> 
   0                   -1.50000000        0.0000        0.0000 
   1                    0.50000000        2.0000        0.0000 
   2                    0.50000000        2.0000       -1.0000 
   3                    0.50000000        2.0000        1.0000 
 Guess eigenstates
   Local State                 <H>          <S2>          <Sz> 
   0                   -1.50000000        0.0000        0.0000 
   1                    0.50000000        2.0000        0.0000 
   2                    0.50000000        2.0000       -1.0000 
   3                    0.50000000        2.0000        1.0000 
 Guess eigenstates
   Local State                 <H>          <S2>          <Sz> 
   0                   -1.50000000        0.0000        0.0000 
   1                    0.50000000        2.0000        0.0000 
   2                    0.50000000        2.0000       -1.0000 
   3                    0.50000000        2.0000        1.0000 
 Guess eigenstates
   Local State                 <H>          <S2>          <Sz> 
   0                   -1.50000000        0.0000        0.0000 
   1                    0.50000000        2.0000        0.0000 
   2                    0.50000000        2.0000       -1.0000 
   3                    0.50000000        2.0000        1.0000 

 Prepare Lattice Blocks:
[1, 1, 1, 1, 1, 1] [3, 3, 3, 3, 3, 3]
 Block 0   :    0,    1 : [1, 3, 0]
 Block 1   :    2,    3 : [1, 3, 0]
 Block 2   :    4,    5 : [1, 3, 0]
 Block 3   :    6,    7 : [1, 3, 0]
 Block 4   :    8,    9 : [1, 3, 0]
 Block 5   :   10,   11 : [1, 3, 0]

 Prepare Tucker blocks:

 Configurations defining the variational space
   0   0   0   0   0   0 ::    1   1   1   1   1   1 ::      1  Range=        0:1       

 Configurations defining the perturbational space
   1   0   0   0   0   0 ::    3   1   1   1   1   1 ::      3  Range=        0:3        (1, 0)
   0   1   0   0   0   0 ::    1   3   1   1   1   1 ::      3  Range=        3:6        (1, 1)
   0   0   1   0   0   0 ::    1   1   3   1   1   1 ::      3  Range=        6:9        (1, 2)
   0   0   0   1   0   0 ::    1   1   1   3   1   1 ::      3  Range=        9:12       (1, 3)
   0   0   0   0   1   0 ::    1   1   1   1   3   1 ::      3  Range=       12:15       (1, 4)
   0   0   0   0   0   1 ::    1   1   1   1   1   3 ::      3  Range=       15:18       (1, 5)
   1   1   0   0   0   0 ::    3   3   1   1   1   1 ::      9  Range=       18:27       (2, 0, 1)
   1   0   1   0   0   0 ::    3   1   3   1   1   1 ::      9  Range=       27:36       (2, 0, 2)
   1   0   0   1   0   0 ::    3   1   1   3   1   1 ::      9  Range=       36:45       (2, 0, 3)
   1   0   0   0   1   0 ::    3   1   1   1   3   1 ::      9  Range=       45:54       (2, 0, 4)
   1   0   0   0   0   1 ::    3   1   1   1   1   3 ::      9  Range=       54:63       (2, 0, 5)
   0   1   1   0   0   0 ::    1   3   3   1   1   1 ::      9  Range=       63:72       (2, 1, 2)
   0   1   0   1   0   0 ::    1   3   1   3   1   1 ::      9  Range=       72:81       (2, 1, 3)
   0   1   0   0   1   0 ::    1   3   1   1   3   1 ::      9  Range=       81:90       (2, 1, 4)
   0   1   0   0   0   1 ::    1   3   1   1   1   3 ::      9  Range=       90:99       (2, 1, 5)
   0   0   1   1   0   0 ::    1   1   3   3   1   1 ::      9  Range=       99:108      (2, 2, 3)
   0   0   1   0   1   0 ::    1   1   3   1   3   1 ::      9  Range=      108:117      (2, 2, 4)
   0   0   1   0   0   1 ::    1   1   3   1   1   3 ::      9  Range=      117:126      (2, 2, 5)
   0   0   0   1   1   0 ::    1   1   1   3   3   1 ::      9  Range=      126:135      (2, 3, 4)
   0   0   0   1   0   1 ::    1   1   1   3   1   3 ::      9  Range=      135:144      (2, 3, 5)
   0   0   0   0   1   1 ::    1   1   1   1   3   3 ::      9  Range=      144:153      (2, 4, 5)

 Solve for supersystem eigenvalues: Dimension =  1
  Davidson Iter    1  |  Vecs:   1 :  |       -9.00000000  |  0.0e+00 
 Davidson Converged

(1, 1)
(1, 1)

 State              Energy          Relative          <S2>
     0 =       -9.00000000        0.00000000    0.00000000
DMBPTinfinity Calculation
  Order        Correction            Energy 
      1        0.00000000        0.00000000 
      2       -0.01464844       -0.01464844 
      3       -0.00045776       -0.01510620 
      4       -0.00002575       -0.01513195 
      5       -0.00000116       -0.01513311 
      6       -0.00000007       -0.01513318 
      7       -0.00000000       -0.01513318 
LCC Energy
   -9.01513318              
