 j12:
[[ 0.   -1.    0.    0.    0.    0.    0.    0.    0.    0.    0.    0.  ]
 [-1.    0.    0.25  0.    0.    0.    0.    0.    0.    0.    0.    0.  ]
 [ 0.    0.25  0.   -1.    0.    0.    0.    0.    0.    0.    0.    0.  ]
 [ 0.    0.   -1.    0.    0.25  0.    0.    0.    0.    0.    0.    0.  ]
 [ 0.    0.    0.    0.25  0.   -1.    0.    0.    0.    0.    0.    0.  ]
 [ 0.    0.    0.    0.   -1.    0.    0.25  0.    0.    0.    0.    0.  ]
 [ 0.    0.    0.    0.    0.    0.25  0.   -1.    0.    0.    0.    0.  ]
 [ 0.    0.    0.    0.    0.    0.   -1.    0.    0.25  0.    0.    0.  ]
 [ 0.    0.    0.    0.    0.    0.    0.    0.25  0.   -1.    0.    0.  ]
 [ 0.    0.    0.    0.    0.    0.    0.    0.   -1.    0.    0.25  0.  ]
 [ 0.    0.    0.    0.    0.    0.    0.    0.    0.    0.25  0.   -1.  ]
 [ 0.    0.    0.    0.    0.    0.    0.    0.    0.    0.   -1.    0.  ]]
 blocks:
[[ 0  1  2  3]
 [ 4  5  6  7]
 [ 8  9 10 11]]
 n_blocks:
3
 Generate initial guess vectors
 Guess eigenstates
   Local State                 <H>          <S2>          <Sz> 
   0                   -3.01100094        0.0000       -0.0000 
   1                   -1.12500000        2.0000       -0.0000 
   2                   -1.12500000        2.0000       -1.0000 
   3                   -1.12500000        2.0000        1.0000 
   4                   -0.90577641        2.0000        0.0000 
   5                   -0.90577641        2.0000        1.0000 
   6                   -0.90577641        2.0000       -1.0000 
   7                    0.87500000        6.0000       -1.0000 
   8                    0.87500000        6.0000       -2.0000 
   9                    0.87500000        6.0000        2.0000 
   10                   0.87500000        6.0000        0.0000 
   11                   0.87500000        6.0000        1.0000 
   12                   1.15577641        2.0000        0.0000 
   13                   1.15577641        2.0000       -1.0000 
   14                   1.15577641        2.0000        1.0000 
   15                   1.26100094        0.0000        0.0000 
 Guess eigenstates
   Local State                 <H>          <S2>          <Sz> 
   0                   -3.01100094        0.0000       -0.0000 
   1                   -1.12500000        2.0000       -0.0000 
   2                   -1.12500000        2.0000       -1.0000 
   3                   -1.12500000        2.0000        1.0000 
   4                   -0.90577641        2.0000        0.0000 
   5                   -0.90577641        2.0000        1.0000 
   6                   -0.90577641        2.0000       -1.0000 
   7                    0.87500000        6.0000       -1.0000 
   8                    0.87500000        6.0000       -2.0000 
   9                    0.87500000        6.0000        2.0000 
   10                   0.87500000        6.0000        0.0000 
   11                   0.87500000        6.0000        1.0000 
   12                   1.15577641        2.0000        0.0000 
   13                   1.15577641        2.0000       -1.0000 
   14                   1.15577641        2.0000        1.0000 
   15                   1.26100094        0.0000        0.0000 
 Guess eigenstates
   Local State                 <H>          <S2>          <Sz> 
   0                   -3.01100094        0.0000       -0.0000 
   1                   -1.12500000        2.0000       -0.0000 
   2                   -1.12500000        2.0000       -1.0000 
   3                   -1.12500000        2.0000        1.0000 
   4                   -0.90577641        2.0000        0.0000 
   5                   -0.90577641        2.0000        1.0000 
   6                   -0.90577641        2.0000       -1.0000 
   7                    0.87500000        6.0000       -1.0000 
   8                    0.87500000        6.0000       -2.0000 
   9                    0.87500000        6.0000        2.0000 
   10                   0.87500000        6.0000        0.0000 
   11                   0.87500000        6.0000        1.0000 
   12                   1.15577641        2.0000        0.0000 
   13                   1.15577641        2.0000       -1.0000 
   14                   1.15577641        2.0000        1.0000 
   15                   1.26100094        0.0000        0.0000 

 Prepare Lattice Blocks:
[1, 1, 1] [15, 15, 15]
 Block 0   :    0,    1,    2,    3 : [1, 15, 0]
 Block 1   :    4,    5,    6,    7 : [1, 15, 0]
 Block 2   :    8,    9,   10,   11 : [1, 15, 0]

 Prepare Tucker blocks:

 Configurations defining the variational space
   0   0   0 ::    1   1   1 ::      1  Range=        0:1       

 Configurations defining the perturbational space
   1   0   0 ::   15   1   1 ::     15  Range=        0:15       (1, 0)
   0   1   0 ::    1  15   1 ::     15  Range=       15:30       (1, 1)
   0   0   1 ::    1   1  15 ::     15  Range=       30:45       (1, 2)
   1   1   0 ::   15  15   1 ::    225  Range=       45:270      (2, 0, 1)
   1   0   1 ::   15   1  15 ::    225  Range=      270:495      (2, 0, 2)
   0   1   1 ::    1  15  15 ::    225  Range=      495:720      (2, 1, 2)

 Solve for supersystem eigenvalues: Dimension =  1
  Davidson Iter    1  |  Vecs:   1 :  |       -9.03300281  |  0.0e+00 
 Davidson Converged

(1, 1)
(1, 1)

 State              Energy          Relative          <S2>
     0 =       -9.03300281        0.00000000    0.00000000
DMBPTinfinity Calculation
  Order        Correction            Energy 
      1        0.00000000        0.00000000 
      2       -0.02357029       -0.02357029 
      3        0.00148324       -0.02208705 
      4       -0.00009391       -0.02218096 
      5        0.00000597       -0.02217499 
      6       -0.00000038       -0.02217538 
      7        0.00000002       -0.02217535 
      8       -0.00000000       -0.02217535 
LCC Energy
  -9.03300281  -9.05517816              
