 j12:
[[ 0. -1.  0.  0.  0.  0.  0.  0.  0.  0.  0.  0.]
 [-1.  0.  2.  0.  0.  0.  0.  0.  0.  0.  0.  0.]
 [ 0.  2.  0. -1.  0.  0.  0.  0.  0.  0.  0.  0.]
 [ 0.  0. -1.  0.  2.  0.  0.  0.  0.  0.  0.  0.]
 [ 0.  0.  0.  2.  0. -1.  0.  0.  0.  0.  0.  0.]
 [ 0.  0.  0.  0. -1.  0.  2.  0.  0.  0.  0.  0.]
 [ 0.  0.  0.  0.  0.  2.  0. -1.  0.  0.  0.  0.]
 [ 0.  0.  0.  0.  0.  0. -1.  0.  2.  0.  0.  0.]
 [ 0.  0.  0.  0.  0.  0.  0.  2.  0. -1.  0.  0.]
 [ 0.  0.  0.  0.  0.  0.  0.  0. -1.  0.  2.  0.]
 [ 0.  0.  0.  0.  0.  0.  0.  0.  0.  2.  0. -1.]
 [ 0.  0.  0.  0.  0.  0.  0.  0.  0.  0. -1.  0.]]
 blocks:
[[ 0  1  2  3]
 [ 4  5  6  7]
 [ 8  9 10 11]]
 n_blocks:
3
 Generate initial guess vectors
 Guess eigenstates
   Local State                 <H>          <S2>          <Sz> 
   0                   -3.46410162        0.0000        0.0000 
   1                   -2.00000000        2.0000        1.0000 
   2                   -2.00000000        2.0000       -0.0000 
   3                   -2.00000000        2.0000       -1.0000 
   4                   -1.23606798        2.0000        1.0000 
   5                   -1.23606798        2.0000        0.0000 
   6                   -1.23606798        2.0000       -1.0000 
   7                    0.00000000        6.0000       -2.0000 
   8                    0.00000000        6.0000        2.0000 
   9                    0.00000000        6.0000        0.0000 
   10                   0.00000000        6.0000        1.0000 
   11                   0.00000000        6.0000       -1.0000 
   12                   3.23606798        2.0000        1.0000 
   13                   3.23606798        2.0000       -1.0000 
   14                   3.23606798        2.0000        0.0000 
   15                   3.46410162        0.0000       -0.0000 
 Guess eigenstates
   Local State                 <H>          <S2>          <Sz> 
   0                   -3.46410162        0.0000        0.0000 
   1                   -2.00000000        2.0000        1.0000 
   2                   -2.00000000        2.0000       -0.0000 
   3                   -2.00000000        2.0000       -1.0000 
   4                   -1.23606798        2.0000        1.0000 
   5                   -1.23606798        2.0000        0.0000 
   6                   -1.23606798        2.0000       -1.0000 
   7                    0.00000000        6.0000       -2.0000 
   8                    0.00000000        6.0000        2.0000 
   9                    0.00000000        6.0000        0.0000 
   10                   0.00000000        6.0000        1.0000 
   11                   0.00000000        6.0000       -1.0000 
   12                   3.23606798        2.0000        1.0000 
   13                   3.23606798        2.0000       -1.0000 
   14                   3.23606798        2.0000        0.0000 
   15                   3.46410162        0.0000       -0.0000 
 Guess eigenstates
   Local State                 <H>          <S2>          <Sz> 
   0                   -3.46410162        0.0000        0.0000 
   1                   -2.00000000        2.0000        1.0000 
   2                   -2.00000000        2.0000       -0.0000 
   3                   -2.00000000        2.0000       -1.0000 
   4                   -1.23606798        2.0000        1.0000 
   5                   -1.23606798        2.0000        0.0000 
   6                   -1.23606798        2.0000       -1.0000 
   7                    0.00000000        6.0000       -2.0000 
   8                    0.00000000        6.0000        2.0000 
   9                    0.00000000        6.0000        0.0000 
   10                   0.00000000        6.0000        1.0000 
   11                   0.00000000        6.0000       -1.0000 
   12                   3.23606798        2.0000        1.0000 
   13                   3.23606798        2.0000       -1.0000 
   14                   3.23606798        2.0000        0.0000 
   15                   3.46410162        0.0000       -0.0000 

 Prepare Lattice Blocks:
[1, 1, 1] [15, 15, 15]
 Block 0   :    0,    1,    2,    3 : [1, 15, 0]
 Block 1   :    4,    5,    6,    7 : [1, 15, 0]
 Block 2   :    8,    9,   10,   11 : [1, 15, 0]

 Prepare Tucker blocks:

 Configurations defining the variational space
   0   0   0 ::    1   1   1 ::      1  Range=        0:1       

 Configurations defining the perturbational space
   1   0   0 ::   15   1   1 ::     15  Range=        0:15       (1, 0)
   0   1   0 ::    1  15   1 ::     15  Range=       15:30       (1, 1)
   0   0   1 ::    1   1  15 ::     15  Range=       30:45       (1, 2)
   1   1   0 ::   15  15   1 ::    225  Range=       45:270      (2, 0, 1)
   1   0   1 ::   15   1  15 ::    225  Range=      270:495      (2, 0, 2)
   0   1   1 ::    1  15  15 ::    225  Range=      495:720      (2, 1, 2)

 Solve for supersystem eigenvalues: Dimension =  1
  Davidson Iter    1  |  Vecs:   1 :  |      -10.39230485  |  0.0e+00 
 Davidson Converged

(1, 1)
(1, 1)

 State              Energy          Relative          <S2>
     0 =      -10.39230485        0.00000000    0.00000000
DMBPTinfinity Calculation
  Order        Correction            Energy 
      1        0.00000000        0.00000000 
      2       -1.72463121       -1.72463121 
      3        1.00076103       -0.72387018 
      4       -0.62852453       -1.35239471 
      5        0.39351364       -0.95888107 
      6       -0.25689989       -1.21578096 
      7        0.16588150       -1.04989946 
      8       -0.10991668       -1.15981614 
      9        0.07207872       -1.08773742 
     10       -0.04806246       -1.13579989 
     11        0.03178390       -1.10401599 
     12       -0.02125096       -1.12526695 
     13        0.01412135       -1.11114560 
     14       -0.00945253       -1.12059814 
     15        0.00629945       -1.11429868 
     16       -0.00421881       -1.11851750 
     17        0.00281664       -1.11570086 
     18       -0.00188676       -1.11758761 
     19        0.00126115       -1.11632646 
     20       -0.00084489       -1.11717135 
     21        0.00056519       -1.11660616 
     22       -0.00037867       -1.11698483 
     23        0.00025345       -1.11673138 
     24       -0.00016982       -1.11690120 
     25        0.00011370       -1.11678750 
     26       -0.00007619       -1.11686368 
     27        0.00005103       -1.11681266 
     28       -0.00003419       -1.11684685 
     29        0.00002290       -1.11682395 
     30       -0.00001535       -1.11683929 
     31        0.00001028       -1.11682901 
     32       -0.00000689       -1.11683590 
     33        0.00000462       -1.11683128 
     34       -0.00000309       -1.11683438 
     35        0.00000207       -1.11683230 
     36       -0.00000139       -1.11683369 
     37        0.00000093       -1.11683276 
     38       -0.00000062       -1.11683339 
     39        0.00000042       -1.11683297 
     40       -0.00000028       -1.11683325 
     41        0.00000019       -1.11683306 
     42       -0.00000013       -1.11683319 
     43        0.00000008       -1.11683310 
     44       -0.00000006       -1.11683316 
     45        0.00000004       -1.11683312 
     46       -0.00000003       -1.11683315 
     47        0.00000002       -1.11683313 
     48       -0.00000001       -1.11683314 
     49        0.00000001       -1.11683313 
LCC Energy
 -10.39230485 -11.50913798              
