 j12:
[[ 0.   -1.    0.    0.    0.    0.    0.    0.  ]
 [-1.    0.    0.25  0.    0.    0.    0.    0.  ]
 [ 0.    0.25  0.   -1.    0.    0.    0.    0.  ]
 [ 0.    0.   -1.    0.    0.25  0.    0.    0.  ]
 [ 0.    0.    0.    0.25  0.   -1.    0.    0.  ]
 [ 0.    0.    0.    0.   -1.    0.    0.25  0.  ]
 [ 0.    0.    0.    0.    0.    0.25  0.   -1.  ]
 [ 0.    0.    0.    0.    0.    0.   -1.    0.  ]]
 blocks:
[[0 1 2 3]
 [4 5 6 7]]
 n_blocks:
2
 Generate initial guess vectors
 Guess eigenstates
   Local State                 <H>          <S2>          <Sz> 
   0                   -3.01100094        0.0000       -0.0000 
   1                   -1.12500000        2.0000       -0.0000 
   2                   -1.12500000        2.0000       -1.0000 
   3                   -1.12500000        2.0000        1.0000 
   4                   -0.90577641        2.0000        0.0000 
   5                   -0.90577641        2.0000        1.0000 
   6                   -0.90577641        2.0000       -1.0000 
   7                    0.87500000        6.0000       -1.0000 
   8                    0.87500000        6.0000       -2.0000 
   9                    0.87500000        6.0000        2.0000 
   10                   0.87500000        6.0000        0.0000 
   11                   0.87500000        6.0000        1.0000 
   12                   1.15577641        2.0000        0.0000 
   13                   1.15577641        2.0000       -1.0000 
   14                   1.15577641        2.0000        1.0000 
   15                   1.26100094        0.0000        0.0000 
 Guess eigenstates
   Local State                 <H>          <S2>          <Sz> 
   0                   -3.01100094        0.0000       -0.0000 
   1                   -1.12500000        2.0000       -0.0000 
   2                   -1.12500000        2.0000       -1.0000 
   3                   -1.12500000        2.0000        1.0000 
   4                   -0.90577641        2.0000        0.0000 
   5                   -0.90577641        2.0000        1.0000 
   6                   -0.90577641        2.0000       -1.0000 
   7                    0.87500000        6.0000       -1.0000 
   8                    0.87500000        6.0000       -2.0000 
   9                    0.87500000        6.0000        2.0000 
   10                   0.87500000        6.0000        0.0000 
   11                   0.87500000        6.0000        1.0000 
   12                   1.15577641        2.0000        0.0000 
   13                   1.15577641        2.0000       -1.0000 
   14                   1.15577641        2.0000        1.0000 
   15                   1.26100094        0.0000        0.0000 

 Prepare Lattice Blocks:
[1, 1] [15, 15]
 Block 0   :    0,    1,    2,    3 : [1, 15, 0]
 Block 1   :    4,    5,    6,    7 : [1, 15, 0]

 Prepare Tucker blocks:

 Configurations defining the variational space
   0   0 ::    1   1 ::      1  Range=        0:1       

 Configurations defining the perturbational space
   1   0 ::   15   1 ::     15  Range=        0:15       (1, 0)
   0   1 ::    1  15 ::     15  Range=       15:30       (1, 1)
   1   1 ::   15  15 ::    225  Range=       30:255      (2, 0, 1)

 Solve for supersystem eigenvalues: Dimension =  1
  Davidson Iter    1  |  Vecs:   1 :  |       -6.02200187  |  0.0e+00 
 Davidson Converged

(1, 1)
(1, 1)

 State              Energy          Relative          <S2>
     0 =       -6.02200187        0.00000000    0.00000000
DMBPTinfinity Calculation
  Order        Correction            Energy 
      1        0.00000000        0.00000000 
      2       -0.01178514       -0.01178514 
      3        0.00074162       -0.01104352 
      4       -0.00004676       -0.01109029 
      5        0.00000295       -0.01108733 
      6       -0.00000019       -0.01108752 
      7        0.00000001       -0.01108751 
      8       -0.00000000       -0.01108751 
LCC Energy
  -6.02200187  -6.03308938              
