 j12:
[[ 0.   -1.    0.    0.    0.    0.    0.    0.  ]
 [-1.    0.   -0.25  0.    0.    0.    0.    0.  ]
 [ 0.   -0.25  0.   -1.    0.    0.    0.    0.  ]
 [ 0.    0.   -1.    0.   -0.25  0.    0.    0.  ]
 [ 0.    0.    0.   -0.25  0.   -1.    0.    0.  ]
 [ 0.    0.    0.    0.   -1.    0.   -0.25  0.  ]
 [ 0.    0.    0.    0.    0.   -0.25  0.   -1.  ]
 [ 0.    0.    0.    0.    0.    0.   -1.    0.  ]]
 blocks:
[[0 1]
 [2 3]
 [4 5]
 [6 7]]
 n_blocks:
4
 Generate initial guess vectors
 Guess eigenstates
   Local State                 <H>          <S2>          <Sz> 
   0                   -1.50000000        0.0000        0.0000 
   1                    0.50000000        2.0000        0.0000 
   2                    0.50000000        2.0000       -1.0000 
   3                    0.50000000        2.0000        1.0000 
 Guess eigenstates
   Local State                 <H>          <S2>          <Sz> 
   0                   -1.50000000        0.0000        0.0000 
   1                    0.50000000        2.0000        0.0000 
   2                    0.50000000        2.0000       -1.0000 
   3                    0.50000000        2.0000        1.0000 
 Guess eigenstates
   Local State                 <H>          <S2>          <Sz> 
   0                   -1.50000000        0.0000        0.0000 
   1                    0.50000000        2.0000        0.0000 
   2                    0.50000000        2.0000       -1.0000 
   3                    0.50000000        2.0000        1.0000 
 Guess eigenstates
   Local State                 <H>          <S2>          <Sz> 
   0                   -1.50000000        0.0000        0.0000 
   1                    0.50000000        2.0000        0.0000 
   2                    0.50000000        2.0000       -1.0000 
   3                    0.50000000        2.0000        1.0000 

 Prepare Lattice Blocks:
[1, 1, 1, 1] [3, 3, 3, 3]
 Block 0   :    0,    1 : [1, 3, 0]
 Block 1   :    2,    3 : [1, 3, 0]
 Block 2   :    4,    5 : [1, 3, 0]
 Block 3   :    6,    7 : [1, 3, 0]

 Prepare Tucker blocks:

 Configurations defining the variational space
   0   0   0   0 ::    1   1   1   1 ::      1  Range=        0:1       

 Configurations defining the perturbational space
   1   0   0   0 ::    3   1   1   1 ::      3  Range=        0:3        (1, 0)
   0   1   0   0 ::    1   3   1   1 ::      3  Range=        3:6        (1, 1)
   0   0   1   0 ::    1   1   3   1 ::      3  Range=        6:9        (1, 2)
   0   0   0   1 ::    1   1   1   3 ::      3  Range=        9:12       (1, 3)
   1   1   0   0 ::    3   3   1   1 ::      9  Range=       12:21       (2, 0, 1)
   1   0   1   0 ::    3   1   3   1 ::      9  Range=       21:30       (2, 0, 2)
   1   0   0   1 ::    3   1   1   3 ::      9  Range=       30:39       (2, 0, 3)
   0   1   1   0 ::    1   3   3   1 ::      9  Range=       39:48       (2, 1, 2)
   0   1   0   1 ::    1   3   1   3 ::      9  Range=       48:57       (2, 1, 3)
   0   0   1   1 ::    1   1   3   3 ::      9  Range=       57:66       (2, 2, 3)

 Solve for supersystem eigenvalues: Dimension =  1
  Davidson Iter    1  |  Vecs:   1 :  |       -6.00000000  |  0.0e+00 
 Davidson Converged

(1, 1)
(1, 1)

 State              Energy          Relative          <S2>
     0 =       -6.00000000        0.00000000    0.00000000
DMBPTinfinity Calculation
  Order        Correction            Energy 
      1        0.00000000        0.00000000 
      2       -0.03515625       -0.03515625 
      3       -0.00219727       -0.03735352 
      4       -0.00022888       -0.03758240 
      5       -0.00002003       -0.03760242 
      6       -0.00000206       -0.03760448 
      7       -0.00000020       -0.03760468 
      8       -0.00000002       -0.03760470 
      9       -0.00000000       -0.03760470 
LCC Energy
   -6.03760470              
