 j12:
[[ 0.  -1.   0.   0.   0.   0.   0.   0. ]
 [-1.   0.  -0.5  0.   0.   0.   0.   0. ]
 [ 0.  -0.5  0.  -1.   0.   0.   0.   0. ]
 [ 0.   0.  -1.   0.  -0.5  0.   0.   0. ]
 [ 0.   0.   0.  -0.5  0.  -1.   0.   0. ]
 [ 0.   0.   0.   0.  -1.   0.  -0.5  0. ]
 [ 0.   0.   0.   0.   0.  -0.5  0.  -1. ]
 [ 0.   0.   0.   0.   0.   0.  -1.   0. ]]
 blocks:
[[0 1 2 3]
 [4 5 6 7]]
 n_blocks:
2
 Generate initial guess vectors
 Guess eigenstates
   Local State                 <H>          <S2>          <Sz> 
   0                   -3.05277564        0.0000       -0.0000 
   1                   -1.36803399        2.0000        1.0000 
   2                   -1.36803399        2.0000       -1.0000 
   3                   -1.36803399        2.0000       -0.0000 
   4                   -0.75000000        2.0000       -1.0000 
   5                   -0.75000000        2.0000        1.0000 
   6                   -0.75000000        2.0000       -0.0000 
   7                    0.55277564        0.0000        0.0000 
   8                    0.86803399        2.0000        0.0000 
   9                    0.86803399        2.0000        1.0000 
   10                   0.86803399        2.0000       -1.0000 
   11                   1.25000000        6.0000       -2.0000 
   12                   1.25000000        6.0000       -1.0000 
   13                   1.25000000        6.0000        2.0000 
   14                   1.25000000        6.0000        1.0000 
   15                   1.25000000        6.0000       -0.0000 
 Guess eigenstates
   Local State                 <H>          <S2>          <Sz> 
   0                   -3.05277564        0.0000       -0.0000 
   1                   -1.36803399        2.0000        1.0000 
   2                   -1.36803399        2.0000       -1.0000 
   3                   -1.36803399        2.0000       -0.0000 
   4                   -0.75000000        2.0000       -1.0000 
   5                   -0.75000000        2.0000        1.0000 
   6                   -0.75000000        2.0000       -0.0000 
   7                    0.55277564        0.0000        0.0000 
   8                    0.86803399        2.0000        0.0000 
   9                    0.86803399        2.0000        1.0000 
   10                   0.86803399        2.0000       -1.0000 
   11                   1.25000000        6.0000       -2.0000 
   12                   1.25000000        6.0000       -1.0000 
   13                   1.25000000        6.0000        2.0000 
   14                   1.25000000        6.0000        1.0000 
   15                   1.25000000        6.0000       -0.0000 

 Prepare Lattice Blocks:
[1, 1] [15, 15]
 Block 0   :    0,    1,    2,    3 : [1, 15, 0]
 Block 1   :    4,    5,    6,    7 : [1, 15, 0]

 Prepare Tucker blocks:

 Configurations defining the variational space
   0   0 ::    1   1 ::      1  Range=        0:1       

 Configurations defining the perturbational space
   1   0 ::   15   1 ::     15  Range=        0:15       (1, 0)
   0   1 ::    1  15 ::     15  Range=       15:30       (1, 1)
   1   1 ::   15  15 ::    225  Range=       30:255      (2, 0, 1)

 Solve for supersystem eigenvalues: Dimension =  1
  Davidson Iter    1  |  Vecs:   1 :  |       -6.10555128  |  0.0e+00 
 Davidson Converged

(1, 1)
(1, 1)

 State              Energy          Relative          <S2>
     0 =       -6.10555128        0.00000000    0.00000000
DMBPTinfinity Calculation
  Order        Correction            Energy 
      1        0.00000000        0.00000000 
      2       -0.04848881       -0.04848881 
      3       -0.00632763       -0.05481644 
      4       -0.00083958       -0.05565602 
      5       -0.00011347       -0.05576949 
      6       -0.00001570       -0.05578519 
      7       -0.00000223       -0.05578742 
      8       -0.00000033       -0.05578775 
      9       -0.00000005       -0.05578780 
     10       -0.00000001       -0.05578781 
LCC Energy
  -6.10555128  -6.16133908              
