 j12:
[[ 0. -1.  0. ...,  0.  0.  0.]
 [-1.  0.  2. ...,  0.  0.  0.]
 [ 0.  2.  0. ...,  0.  0.  0.]
 ..., 
 [ 0.  0.  0. ...,  0.  2.  0.]
 [ 0.  0.  0. ...,  2.  0. -1.]
 [ 0.  0.  0. ...,  0. -1.  0.]]
 blocks:
[[ 0  1  2  3]
 [ 4  5  6  7]
 [ 8  9 10 11]
 [12 13 14 15]
 [16 17 18 19]
 [20 21 22 23]
 [24 25 26 27]
 [28 29 30 31]]
 n_blocks:
8
 Generate initial guess vectors
 Guess eigenstates
   Local State                 <H>          <S2>          <Sz> 
   0                   -3.46410162        0.0000        0.0000 
   1                   -2.00000000        2.0000        1.0000 
   2                   -2.00000000        2.0000       -0.0000 
   3                   -2.00000000        2.0000       -1.0000 
   4                   -1.23606798        2.0000        1.0000 
   5                   -1.23606798        2.0000        0.0000 
   6                   -1.23606798        2.0000       -1.0000 
   7                    0.00000000        6.0000       -2.0000 
   8                    0.00000000        6.0000        2.0000 
   9                    0.00000000        6.0000        0.0000 
   10                   0.00000000        6.0000        1.0000 
   11                   0.00000000        6.0000       -1.0000 
   12                   3.23606798        2.0000        1.0000 
   13                   3.23606798        2.0000       -1.0000 
   14                   3.23606798        2.0000        0.0000 
   15                   3.46410162        0.0000       -0.0000 
 Guess eigenstates
   Local State                 <H>          <S2>          <Sz> 
   0                   -3.46410162        0.0000        0.0000 
   1                   -2.00000000        2.0000        1.0000 
   2                   -2.00000000        2.0000       -0.0000 
   3                   -2.00000000        2.0000       -1.0000 
   4                   -1.23606798        2.0000        1.0000 
   5                   -1.23606798        2.0000        0.0000 
   6                   -1.23606798        2.0000       -1.0000 
   7                    0.00000000        6.0000       -2.0000 
   8                    0.00000000        6.0000        2.0000 
   9                    0.00000000        6.0000        0.0000 
   10                   0.00000000        6.0000        1.0000 
   11                   0.00000000        6.0000       -1.0000 
   12                   3.23606798        2.0000        1.0000 
   13                   3.23606798        2.0000       -1.0000 
   14                   3.23606798        2.0000        0.0000 
   15                   3.46410162        0.0000       -0.0000 
 Guess eigenstates
   Local State                 <H>          <S2>          <Sz> 
   0                   -3.46410162        0.0000        0.0000 
   1                   -2.00000000        2.0000        1.0000 
   2                   -2.00000000        2.0000       -0.0000 
   3                   -2.00000000        2.0000       -1.0000 
   4                   -1.23606798        2.0000        1.0000 
   5                   -1.23606798        2.0000        0.0000 
   6                   -1.23606798        2.0000       -1.0000 
   7                    0.00000000        6.0000       -2.0000 
   8                    0.00000000        6.0000        2.0000 
   9                    0.00000000        6.0000        0.0000 
   10                   0.00000000        6.0000        1.0000 
   11                   0.00000000        6.0000       -1.0000 
   12                   3.23606798        2.0000        1.0000 
   13                   3.23606798        2.0000       -1.0000 
   14                   3.23606798        2.0000        0.0000 
   15                   3.46410162        0.0000       -0.0000 
 Guess eigenstates
   Local State                 <H>          <S2>          <Sz> 
   0                   -3.46410162        0.0000        0.0000 
   1                   -2.00000000        2.0000        1.0000 
   2                   -2.00000000        2.0000       -0.0000 
   3                   -2.00000000        2.0000       -1.0000 
   4                   -1.23606798        2.0000        1.0000 
   5                   -1.23606798        2.0000        0.0000 
   6                   -1.23606798        2.0000       -1.0000 
   7                    0.00000000        6.0000       -2.0000 
   8                    0.00000000        6.0000        2.0000 
   9                    0.00000000        6.0000        0.0000 
   10                   0.00000000        6.0000        1.0000 
   11                   0.00000000        6.0000       -1.0000 
   12                   3.23606798        2.0000        1.0000 
   13                   3.23606798        2.0000       -1.0000 
   14                   3.23606798        2.0000        0.0000 
   15                   3.46410162        0.0000       -0.0000 
 Guess eigenstates
   Local State                 <H>          <S2>          <Sz> 
   0                   -3.46410162        0.0000        0.0000 
   1                   -2.00000000        2.0000        1.0000 
   2                   -2.00000000        2.0000       -0.0000 
   3                   -2.00000000        2.0000       -1.0000 
   4                   -1.23606798        2.0000        1.0000 
   5                   -1.23606798        2.0000        0.0000 
   6                   -1.23606798        2.0000       -1.0000 
   7                    0.00000000        6.0000       -2.0000 
   8                    0.00000000        6.0000        2.0000 
   9                    0.00000000        6.0000        0.0000 
   10                   0.00000000        6.0000        1.0000 
   11                   0.00000000        6.0000       -1.0000 
   12                   3.23606798        2.0000        1.0000 
   13                   3.23606798        2.0000       -1.0000 
   14                   3.23606798        2.0000        0.0000 
   15                   3.46410162        0.0000       -0.0000 
 Guess eigenstates
   Local State                 <H>          <S2>          <Sz> 
   0                   -3.46410162        0.0000        0.0000 
   1                   -2.00000000        2.0000        1.0000 
   2                   -2.00000000        2.0000       -0.0000 
   3                   -2.00000000        2.0000       -1.0000 
   4                   -1.23606798        2.0000        1.0000 
   5                   -1.23606798        2.0000        0.0000 
   6                   -1.23606798        2.0000       -1.0000 
   7                    0.00000000        6.0000       -2.0000 
   8                    0.00000000        6.0000        2.0000 
   9                    0.00000000        6.0000        0.0000 
   10                   0.00000000        6.0000        1.0000 
   11                   0.00000000        6.0000       -1.0000 
   12                   3.23606798        2.0000        1.0000 
   13                   3.23606798        2.0000       -1.0000 
   14                   3.23606798        2.0000        0.0000 
   15                   3.46410162        0.0000       -0.0000 
 Guess eigenstates
   Local State                 <H>          <S2>          <Sz> 
   0                   -3.46410162        0.0000        0.0000 
   1                   -2.00000000        2.0000        1.0000 
   2                   -2.00000000        2.0000       -0.0000 
   3                   -2.00000000        2.0000       -1.0000 
   4                   -1.23606798        2.0000        1.0000 
   5                   -1.23606798        2.0000        0.0000 
   6                   -1.23606798        2.0000       -1.0000 
   7                    0.00000000        6.0000       -2.0000 
   8                    0.00000000        6.0000        2.0000 
   9                    0.00000000        6.0000        0.0000 
   10                   0.00000000        6.0000        1.0000 
   11                   0.00000000        6.0000       -1.0000 
   12                   3.23606798        2.0000        1.0000 
   13                   3.23606798        2.0000       -1.0000 
   14                   3.23606798        2.0000        0.0000 
   15                   3.46410162        0.0000       -0.0000 
 Guess eigenstates
   Local State                 <H>          <S2>          <Sz> 
   0                   -3.46410162        0.0000        0.0000 
   1                   -2.00000000        2.0000        1.0000 
   2                   -2.00000000        2.0000       -0.0000 
   3                   -2.00000000        2.0000       -1.0000 
   4                   -1.23606798        2.0000        1.0000 
   5                   -1.23606798        2.0000        0.0000 
   6                   -1.23606798        2.0000       -1.0000 
   7                    0.00000000        6.0000       -2.0000 
   8                    0.00000000        6.0000        2.0000 
   9                    0.00000000        6.0000        0.0000 
   10                   0.00000000        6.0000        1.0000 
   11                   0.00000000        6.0000       -1.0000 
   12                   3.23606798        2.0000        1.0000 
   13                   3.23606798        2.0000       -1.0000 
   14                   3.23606798        2.0000        0.0000 
   15                   3.46410162        0.0000       -0.0000 

 Prepare Lattice Blocks:
[1, 1, 1, 1, 1, 1, 1, 1] [15, 15, 15, 15, 15, 15, 15, 15]
 Block 0   :    0,    1,    2,    3 : [1, 15, 0]
 Block 1   :    4,    5,    6,    7 : [1, 15, 0]
 Block 2   :    8,    9,   10,   11 : [1, 15, 0]
 Block 3   :   12,   13,   14,   15 : [1, 15, 0]
 Block 4   :   16,   17,   18,   19 : [1, 15, 0]
 Block 5   :   20,   21,   22,   23 : [1, 15, 0]
 Block 6   :   24,   25,   26,   27 : [1, 15, 0]
 Block 7   :   28,   29,   30,   31 : [1, 15, 0]

 Prepare Tucker blocks:

 Configurations defining the variational space
   0   0   0   0   0   0   0   0 ::    1   1   1   1   1   1   1   1 ::      1  Range=        0:1       

 Configurations defining the perturbational space
   1   0   0   0   0   0   0   0 ::   15   1   1   1   1   1   1   1 ::     15  Range=        0:15       (1, 0)
   0   1   0   0   0   0   0   0 ::    1  15   1   1   1   1   1   1 ::     15  Range=       15:30       (1, 1)
   0   0   1   0   0   0   0   0 ::    1   1  15   1   1   1   1   1 ::     15  Range=       30:45       (1, 2)
   0   0   0   1   0   0   0   0 ::    1   1   1  15   1   1   1   1 ::     15  Range=       45:60       (1, 3)
   0   0   0   0   1   0   0   0 ::    1   1   1   1  15   1   1   1 ::     15  Range=       60:75       (1, 4)
   0   0   0   0   0   1   0   0 ::    1   1   1   1   1  15   1   1 ::     15  Range=       75:90       (1, 5)
   0   0   0   0   0   0   1   0 ::    1   1   1   1   1   1  15   1 ::     15  Range=       90:105      (1, 6)
   0   0   0   0   0   0   0   1 ::    1   1   1   1   1   1   1  15 ::     15  Range=      105:120      (1, 7)
   1   1   0   0   0   0   0   0 ::   15  15   1   1   1   1   1   1 ::    225  Range=      120:345      (2, 0, 1)
   1   0   1   0   0   0   0   0 ::   15   1  15   1   1   1   1   1 ::    225  Range=      345:570      (2, 0, 2)
   1   0   0   1   0   0   0   0 ::   15   1   1  15   1   1   1   1 ::    225  Range=      570:795      (2, 0, 3)
   1   0   0   0   1   0   0   0 ::   15   1   1   1  15   1   1   1 ::    225  Range=      795:1020     (2, 0, 4)
   1   0   0   0   0   1   0   0 ::   15   1   1   1   1  15   1   1 ::    225  Range=     1020:1245     (2, 0, 5)
   1   0   0   0   0   0   1   0 ::   15   1   1   1   1   1  15   1 ::    225  Range=     1245:1470     (2, 0, 6)
   1   0   0   0   0   0   0   1 ::   15   1   1   1   1   1   1  15 ::    225  Range=     1470:1695     (2, 0, 7)
   0   1   1   0   0   0   0   0 ::    1  15  15   1   1   1   1   1 ::    225  Range=     1695:1920     (2, 1, 2)
   0   1   0   1   0   0   0   0 ::    1  15   1  15   1   1   1   1 ::    225  Range=     1920:2145     (2, 1, 3)
   0   1   0   0   1   0   0   0 ::    1  15   1   1  15   1   1   1 ::    225  Range=     2145:2370     (2, 1, 4)
   0   1   0   0   0   1   0   0 ::    1  15   1   1   1  15   1   1 ::    225  Range=     2370:2595     (2, 1, 5)
   0   1   0   0   0   0   1   0 ::    1  15   1   1   1   1  15   1 ::    225  Range=     2595:2820     (2, 1, 6)
   0   1   0   0   0   0   0   1 ::    1  15   1   1   1   1   1  15 ::    225  Range=     2820:3045     (2, 1, 7)
   0   0   1   1   0   0   0   0 ::    1   1  15  15   1   1   1   1 ::    225  Range=     3045:3270     (2, 2, 3)
   0   0   1   0   1   0   0   0 ::    1   1  15   1  15   1   1   1 ::    225  Range=     3270:3495     (2, 2, 4)
   0   0   1   0   0   1   0   0 ::    1   1  15   1   1  15   1   1 ::    225  Range=     3495:3720     (2, 2, 5)
   0   0   1   0   0   0   1   0 ::    1   1  15   1   1   1  15   1 ::    225  Range=     3720:3945     (2, 2, 6)
   0   0   1   0   0   0   0   1 ::    1   1  15   1   1   1   1  15 ::    225  Range=     3945:4170     (2, 2, 7)
   0   0   0   1   1   0   0   0 ::    1   1   1  15  15   1   1   1 ::    225  Range=     4170:4395     (2, 3, 4)
   0   0   0   1   0   1   0   0 ::    1   1   1  15   1  15   1   1 ::    225  Range=     4395:4620     (2, 3, 5)
   0   0   0   1   0   0   1   0 ::    1   1   1  15   1   1  15   1 ::    225  Range=     4620:4845     (2, 3, 6)
   0   0   0   1   0   0   0   1 ::    1   1   1  15   1   1   1  15 ::    225  Range=     4845:5070     (2, 3, 7)
   0   0   0   0   1   1   0   0 ::    1   1   1   1  15  15   1   1 ::    225  Range=     5070:5295     (2, 4, 5)
   0   0   0   0   1   0   1   0 ::    1   1   1   1  15   1  15   1 ::    225  Range=     5295:5520     (2, 4, 6)
   0   0   0   0   1   0   0   1 ::    1   1   1   1  15   1   1  15 ::    225  Range=     5520:5745     (2, 4, 7)
   0   0   0   0   0   1   1   0 ::    1   1   1   1   1  15  15   1 ::    225  Range=     5745:5970     (2, 5, 6)
   0   0   0   0   0   1   0   1 ::    1   1   1   1   1  15   1  15 ::    225  Range=     5970:6195     (2, 5, 7)
   0   0   0   0   0   0   1   1 ::    1   1   1   1   1   1  15  15 ::    225  Range=     6195:6420     (2, 6, 7)

 Solve for supersystem eigenvalues: Dimension =  1
  Davidson Iter    1  |  Vecs:   1 :  |      -27.71281292  |  0.0e+00 
 Davidson Converged

(1, 1)
(1, 1)

 State              Energy          Relative          <S2>
     0 =      -27.71281292        0.00000000    0.00000000
DMBPTinfinity Calculation
  Order        Correction            Energy 
      1        0.00000000        0.00000000 
      2       -6.03620924       -6.03620924 
      3        3.50266362       -2.53354562 
      4       -2.29709946       -4.83064508 
      5        1.48742221       -3.34322286 
      6       -1.04067337       -4.38389623 
      7        0.70794432       -3.67595191 
      8       -0.51330392       -4.18925583 
      9        0.35991003       -3.82934580 
     10       -0.26750380       -4.09684960 
     11        0.19171944       -3.90513016 
     12       -0.14532459       -4.05045475 
     13        0.10602290       -3.94443185 
     14       -0.08171041       -4.02614226 
     15        0.06052627       -3.96561599 
     16       -0.04731035       -4.01292634 
     17        0.03550814       -3.97741820 
     18       -0.02808512       -4.00550332 
     19        0.02131728       -3.98418604 
     20       -0.01702454       -4.00121059 
     21        0.01304537       -3.98816522 
     22       -0.01049890       -3.99866411 
     23        0.00810907       -3.99055504 
     24       -0.00656548       -3.99712051 
     25        0.00510452       -3.99201600 
     26       -0.00415190       -3.99616789 
     27        0.00324568       -3.99292222 
     28       -0.00264912       -3.99557134 
     29        0.00208031       -3.99349102 
     30       -0.00170232       -3.99519335 
     31        0.00134187       -3.99385147 
     32       -0.00110011       -3.99495158 
     33        0.00086994       -3.99408165 
     34       -0.00071416       -3.99479580 
     35        0.00056626       -3.99422954 
     36       -0.00046529       -3.99469483 
     37        0.00036978       -3.99432505 
     38       -0.00030403       -3.99462907 
     39        0.00024211       -3.99438697 
     40       -0.00019912       -3.99458609 
     41        0.00015885       -3.99442725 
     42       -0.00013067       -3.99455792 
     43        0.00010440       -3.99445352 
     44       -0.00008588       -3.99453940 
     45        0.00006871       -3.99447070 
     46       -0.00005652       -3.99452721 
     47        0.00004527       -3.99448194 
     48       -0.00003723       -3.99451917 
     49        0.00002985       -3.99448932 
     50       -0.00002455       -3.99451387 
     51        0.00001970       -3.99449416 
     52       -0.00001620       -3.99451036 
     53        0.00001301       -3.99449735 
     54       -0.00001069       -3.99450804 
     55        0.00000860       -3.99449945 
     56       -0.00000706       -3.99450651 
     57        0.00000568       -3.99450083 
     58       -0.00000467       -3.99450549 
     59        0.00000376       -3.99450173 
     60       -0.00000308       -3.99450482 
     61        0.00000249       -3.99450233 
     62       -0.00000204       -3.99450437 
     63        0.00000164       -3.99450273 
     64       -0.00000135       -3.99450408 
     65        0.00000109       -3.99450299 
     66       -0.00000089       -3.99450388 
     67        0.00000072       -3.99450316 
     68       -0.00000059       -3.99450375 
     69        0.00000048       -3.99450328 
     70       -0.00000039       -3.99450367 
     71        0.00000032       -3.99450335 
     72       -0.00000026       -3.99450361 
     73        0.00000021       -3.99450340 
     74       -0.00000017       -3.99450357 
     75        0.00000014       -3.99450343 
     76       -0.00000011       -3.99450355 
     77        0.00000009       -3.99450346 
     78       -0.00000007       -3.99450353 
     79        0.00000006       -3.99450347 
     80       -0.00000005       -3.99450352 
     81        0.00000004       -3.99450348 
     82       -0.00000003       -3.99450351 
     83        0.00000003       -3.99450349 
     84       -0.00000002       -3.99450351 
     85        0.00000002       -3.99450349 
     86       -0.00000001       -3.99450350 
     87        0.00000001       -3.99450349 
     88       -0.00000001       -3.99450350 
LCC Energy
 -27.71281292 -31.70731642              
