 j12:
[[ 0.    -1.     0.     0.     0.     0.     0.     0.     0.     0.     0.
   0.     0.     0.     0.     0.   ]
 [-1.     0.     0.125  0.     0.     0.     0.     0.     0.     0.     0.
   0.     0.     0.     0.     0.   ]
 [ 0.     0.125  0.    -1.     0.     0.     0.     0.     0.     0.     0.
   0.     0.     0.     0.     0.   ]
 [ 0.     0.    -1.     0.     0.125  0.     0.     0.     0.     0.     0.
   0.     0.     0.     0.     0.   ]
 [ 0.     0.     0.     0.125  0.    -1.     0.     0.     0.     0.     0.
   0.     0.     0.     0.     0.   ]
 [ 0.     0.     0.     0.    -1.     0.     0.125  0.     0.     0.     0.
   0.     0.     0.     0.     0.   ]
 [ 0.     0.     0.     0.     0.     0.125  0.    -1.     0.     0.     0.
   0.     0.     0.     0.     0.   ]
 [ 0.     0.     0.     0.     0.     0.    -1.     0.     0.125  0.     0.
   0.     0.     0.     0.     0.   ]
 [ 0.     0.     0.     0.     0.     0.     0.     0.125  0.    -1.     0.
   0.     0.     0.     0.     0.   ]
 [ 0.     0.     0.     0.     0.     0.     0.     0.    -1.     0.     0.125
   0.     0.     0.     0.     0.   ]
 [ 0.     0.     0.     0.     0.     0.     0.     0.     0.     0.125  0.
  -1.     0.     0.     0.     0.   ]
 [ 0.     0.     0.     0.     0.     0.     0.     0.     0.     0.    -1.
   0.     0.125  0.     0.     0.   ]
 [ 0.     0.     0.     0.     0.     0.     0.     0.     0.     0.     0.
   0.125  0.    -1.     0.     0.   ]
 [ 0.     0.     0.     0.     0.     0.     0.     0.     0.     0.     0.
   0.    -1.     0.     0.125  0.   ]
 [ 0.     0.     0.     0.     0.     0.     0.     0.     0.     0.     0.
   0.     0.     0.125  0.    -1.   ]
 [ 0.     0.     0.     0.     0.     0.     0.     0.     0.     0.     0.
   0.     0.     0.    -1.     0.   ]]
 blocks:
[[ 0  1  2  3]
 [ 4  5  6  7]
 [ 8  9 10 11]
 [12 13 14 15]]
 n_blocks:
4
 Generate initial guess vectors
 Guess eigenstates
   Local State                 <H>          <S2>          <Sz> 
   0                   -3.00283896        0.0000       -0.0000 
   1                   -1.06250000        2.0000       -0.0000 
   2                   -1.06250000        2.0000       -1.0000 
   3                   -1.06250000        2.0000        1.0000 
   4                   -0.94528222        2.0000       -1.0000 
   5                   -0.94528222        2.0000       -0.0000 
   6                   -0.94528222        2.0000        1.0000 
   7                    0.93750000        6.0000       -1.0000 
   8                    0.93750000        6.0000       -2.0000 
   9                    0.93750000        6.0000        2.0000 
   10                   0.93750000        6.0000        0.0000 
   11                   0.93750000        6.0000        1.0000 
   12                   1.07028222        2.0000       -1.0000 
   13                   1.07028222        2.0000        0.0000 
   14                   1.07028222        2.0000        1.0000 
   15                   1.12783896        0.0000        0.0000 
 Guess eigenstates
   Local State                 <H>          <S2>          <Sz> 
   0                   -3.00283896        0.0000       -0.0000 
   1                   -1.06250000        2.0000       -0.0000 
   2                   -1.06250000        2.0000       -1.0000 
   3                   -1.06250000        2.0000        1.0000 
   4                   -0.94528222        2.0000       -1.0000 
   5                   -0.94528222        2.0000       -0.0000 
   6                   -0.94528222        2.0000        1.0000 
   7                    0.93750000        6.0000       -1.0000 
   8                    0.93750000        6.0000       -2.0000 
   9                    0.93750000        6.0000        2.0000 
   10                   0.93750000        6.0000        0.0000 
   11                   0.93750000        6.0000        1.0000 
   12                   1.07028222        2.0000       -1.0000 
   13                   1.07028222        2.0000        0.0000 
   14                   1.07028222        2.0000        1.0000 
   15                   1.12783896        0.0000        0.0000 
 Guess eigenstates
   Local State                 <H>          <S2>          <Sz> 
   0                   -3.00283896        0.0000       -0.0000 
   1                   -1.06250000        2.0000       -0.0000 
   2                   -1.06250000        2.0000       -1.0000 
   3                   -1.06250000        2.0000        1.0000 
   4                   -0.94528222        2.0000       -1.0000 
   5                   -0.94528222        2.0000       -0.0000 
   6                   -0.94528222        2.0000        1.0000 
   7                    0.93750000        6.0000       -1.0000 
   8                    0.93750000        6.0000       -2.0000 
   9                    0.93750000        6.0000        2.0000 
   10                   0.93750000        6.0000        0.0000 
   11                   0.93750000        6.0000        1.0000 
   12                   1.07028222        2.0000       -1.0000 
   13                   1.07028222        2.0000        0.0000 
   14                   1.07028222        2.0000        1.0000 
   15                   1.12783896        0.0000        0.0000 
 Guess eigenstates
   Local State                 <H>          <S2>          <Sz> 
   0                   -3.00283896        0.0000       -0.0000 
   1                   -1.06250000        2.0000       -0.0000 
   2                   -1.06250000        2.0000       -1.0000 
   3                   -1.06250000        2.0000        1.0000 
   4                   -0.94528222        2.0000       -1.0000 
   5                   -0.94528222        2.0000       -0.0000 
   6                   -0.94528222        2.0000        1.0000 
   7                    0.93750000        6.0000       -1.0000 
   8                    0.93750000        6.0000       -2.0000 
   9                    0.93750000        6.0000        2.0000 
   10                   0.93750000        6.0000        0.0000 
   11                   0.93750000        6.0000        1.0000 
   12                   1.07028222        2.0000       -1.0000 
   13                   1.07028222        2.0000        0.0000 
   14                   1.07028222        2.0000        1.0000 
   15                   1.12783896        0.0000        0.0000 

 Prepare Lattice Blocks:
[1, 1, 1, 1] [15, 15, 15, 15]
 Block 0   :    0,    1,    2,    3 : [1, 15, 0]
 Block 1   :    4,    5,    6,    7 : [1, 15, 0]
 Block 2   :    8,    9,   10,   11 : [1, 15, 0]
 Block 3   :   12,   13,   14,   15 : [1, 15, 0]

 Prepare Tucker blocks:

 Configurations defining the variational space
   0   0   0   0 ::    1   1   1   1 ::      1  Range=        0:1       

 Configurations defining the perturbational space
   1   0   0   0 ::   15   1   1   1 ::     15  Range=        0:15       (1, 0)
   0   1   0   0 ::    1  15   1   1 ::     15  Range=       15:30       (1, 1)
   0   0   1   0 ::    1   1  15   1 ::     15  Range=       30:45       (1, 2)
   0   0   0   1 ::    1   1   1  15 ::     15  Range=       45:60       (1, 3)
   1   1   0   0 ::   15  15   1   1 ::    225  Range=       60:285      (2, 0, 1)
   1   0   1   0 ::   15   1  15   1 ::    225  Range=      285:510      (2, 0, 2)
   1   0   0   1 ::   15   1   1  15 ::    225  Range=      510:735      (2, 0, 3)
   0   1   1   0 ::    1  15  15   1 ::    225  Range=      735:960      (2, 1, 2)
   0   1   0   1 ::    1  15   1  15 ::    225  Range=      960:1185     (2, 1, 3)
   0   0   1   1 ::    1   1  15  15 ::    225  Range=     1185:1410     (2, 2, 3)

 Solve for supersystem eigenvalues: Dimension =  1
  Davidson Iter    1  |  Vecs:   1 :  |      -12.01135582  |  0.0e+00 
 Davidson Converged

(1, 1)
(1, 1)

 State              Energy          Relative          <S2>
     0 =      -12.01135582        0.00000000    0.00000000
DMBPTinfinity Calculation
  Order        Correction            Energy 
      1        0.00000000        0.00000000 
      2       -0.00880241       -0.00880241 
      3        0.00027559       -0.00852682 
      4       -0.00000865       -0.00853547 
      5        0.00000027       -0.00853519 
      6       -0.00000001       -0.00853520 
LCC Energy
 -12.01135582 -12.01989102              
