 j12:
[[ 0.  -1.   0.   0.   0.   0.   0.   0. ]
 [-1.   0.  -0.5  0.   0.   0.   0.   0. ]
 [ 0.  -0.5  0.  -1.   0.   0.   0.   0. ]
 [ 0.   0.  -1.   0.  -0.5  0.   0.   0. ]
 [ 0.   0.   0.  -0.5  0.  -1.   0.   0. ]
 [ 0.   0.   0.   0.  -1.   0.  -0.5  0. ]
 [ 0.   0.   0.   0.   0.  -0.5  0.  -1. ]
 [ 0.   0.   0.   0.   0.   0.  -1.   0. ]]
 blocks:
[[0 1]
 [2 3]
 [4 5]
 [6 7]]
 n_blocks:
4
 Generate initial guess vectors
 Guess eigenstates
   Local State                 <H>          <S2>          <Sz> 
   0                   -1.50000000        0.0000        0.0000 
   1                    0.50000000        2.0000        0.0000 
   2                    0.50000000        2.0000       -1.0000 
   3                    0.50000000        2.0000        1.0000 
 Guess eigenstates
   Local State                 <H>          <S2>          <Sz> 
   0                   -1.50000000        0.0000        0.0000 
   1                    0.50000000        2.0000        0.0000 
   2                    0.50000000        2.0000       -1.0000 
   3                    0.50000000        2.0000        1.0000 
 Guess eigenstates
   Local State                 <H>          <S2>          <Sz> 
   0                   -1.50000000        0.0000        0.0000 
   1                    0.50000000        2.0000        0.0000 
   2                    0.50000000        2.0000       -1.0000 
   3                    0.50000000        2.0000        1.0000 
 Guess eigenstates
   Local State                 <H>          <S2>          <Sz> 
   0                   -1.50000000        0.0000        0.0000 
   1                    0.50000000        2.0000        0.0000 
   2                    0.50000000        2.0000       -1.0000 
   3                    0.50000000        2.0000        1.0000 

 Prepare Lattice Blocks:
[1, 1, 1, 1] [3, 3, 3, 3]
 Block 0   :    0,    1 : [1, 3, 0]
 Block 1   :    2,    3 : [1, 3, 0]
 Block 2   :    4,    5 : [1, 3, 0]
 Block 3   :    6,    7 : [1, 3, 0]

 Prepare Tucker blocks:

 Configurations defining the variational space
   0   0   0   0 ::    1   1   1   1 ::      1  Range=        0:1       

 Configurations defining the perturbational space
   1   0   0   0 ::    3   1   1   1 ::      3  Range=        0:3        (1, 0)
   0   1   0   0 ::    1   3   1   1 ::      3  Range=        3:6        (1, 1)
   0   0   1   0 ::    1   1   3   1 ::      3  Range=        6:9        (1, 2)
   0   0   0   1 ::    1   1   1   3 ::      3  Range=        9:12       (1, 3)
   1   1   0   0 ::    3   3   1   1 ::      9  Range=       12:21       (2, 0, 1)
   1   0   1   0 ::    3   1   3   1 ::      9  Range=       21:30       (2, 0, 2)
   1   0   0   1 ::    3   1   1   3 ::      9  Range=       30:39       (2, 0, 3)
   0   1   1   0 ::    1   3   3   1 ::      9  Range=       39:48       (2, 1, 2)
   0   1   0   1 ::    1   3   1   3 ::      9  Range=       48:57       (2, 1, 3)
   0   0   1   1 ::    1   1   3   3 ::      9  Range=       57:66       (2, 2, 3)

 Solve for supersystem eigenvalues: Dimension =  1
  Davidson Iter    1  |  Vecs:   1 :  |       -6.00000000  |  0.0e+00 
 Davidson Converged

(1, 1)
(1, 1)

 State              Energy          Relative          <S2>
     0 =       -6.00000000        0.00000000    0.00000000
DMBPTinfinity Calculation
  Order        Correction            Energy 
      1        0.00000000        0.00000000 
      2       -0.14062500       -0.14062500 
      3       -0.01757812       -0.15820312 
      4       -0.00366211       -0.16186523 
      5       -0.00064087       -0.16250610 
      6       -0.00013161       -0.16263771 
      7       -0.00002503       -0.16266274 
      8       -0.00000503       -0.16266777 
      9       -0.00000098       -0.16266876 
     10       -0.00000020       -0.16266895 
     11       -0.00000004       -0.16266899 
     12       -0.00000001       -0.16266900 
LCC Energy
   -6.16266900              
