 j12:
[[ 0. -1.  0.  0.  0.  0.  0.  0.  0.  0.  0.  0.  0.  0.  0.  0.  0.  0.
   0.  0.  0.  0.  0.  0.]
 [-1.  0.  2.  0.  0.  0.  0.  0.  0.  0.  0.  0.  0.  0.  0.  0.  0.  0.
   0.  0.  0.  0.  0.  0.]
 [ 0.  2.  0. -1.  0.  0.  0.  0.  0.  0.  0.  0.  0.  0.  0.  0.  0.  0.
   0.  0.  0.  0.  0.  0.]
 [ 0.  0. -1.  0.  2.  0.  0.  0.  0.  0.  0.  0.  0.  0.  0.  0.  0.  0.
   0.  0.  0.  0.  0.  0.]
 [ 0.  0.  0.  2.  0. -1.  0.  0.  0.  0.  0.  0.  0.  0.  0.  0.  0.  0.
   0.  0.  0.  0.  0.  0.]
 [ 0.  0.  0.  0. -1.  0.  2.  0.  0.  0.  0.  0.  0.  0.  0.  0.  0.  0.
   0.  0.  0.  0.  0.  0.]
 [ 0.  0.  0.  0.  0.  2.  0. -1.  0.  0.  0.  0.  0.  0.  0.  0.  0.  0.
   0.  0.  0.  0.  0.  0.]
 [ 0.  0.  0.  0.  0.  0. -1.  0.  2.  0.  0.  0.  0.  0.  0.  0.  0.  0.
   0.  0.  0.  0.  0.  0.]
 [ 0.  0.  0.  0.  0.  0.  0.  2.  0. -1.  0.  0.  0.  0.  0.  0.  0.  0.
   0.  0.  0.  0.  0.  0.]
 [ 0.  0.  0.  0.  0.  0.  0.  0. -1.  0.  2.  0.  0.  0.  0.  0.  0.  0.
   0.  0.  0.  0.  0.  0.]
 [ 0.  0.  0.  0.  0.  0.  0.  0.  0.  2.  0. -1.  0.  0.  0.  0.  0.  0.
   0.  0.  0.  0.  0.  0.]
 [ 0.  0.  0.  0.  0.  0.  0.  0.  0.  0. -1.  0.  2.  0.  0.  0.  0.  0.
   0.  0.  0.  0.  0.  0.]
 [ 0.  0.  0.  0.  0.  0.  0.  0.  0.  0.  0.  2.  0. -1.  0.  0.  0.  0.
   0.  0.  0.  0.  0.  0.]
 [ 0.  0.  0.  0.  0.  0.  0.  0.  0.  0.  0.  0. -1.  0.  2.  0.  0.  0.
   0.  0.  0.  0.  0.  0.]
 [ 0.  0.  0.  0.  0.  0.  0.  0.  0.  0.  0.  0.  0.  2.  0. -1.  0.  0.
   0.  0.  0.  0.  0.  0.]
 [ 0.  0.  0.  0.  0.  0.  0.  0.  0.  0.  0.  0.  0.  0. -1.  0.  2.  0.
   0.  0.  0.  0.  0.  0.]
 [ 0.  0.  0.  0.  0.  0.  0.  0.  0.  0.  0.  0.  0.  0.  0.  2.  0. -1.
   0.  0.  0.  0.  0.  0.]
 [ 0.  0.  0.  0.  0.  0.  0.  0.  0.  0.  0.  0.  0.  0.  0.  0. -1.  0.
   2.  0.  0.  0.  0.  0.]
 [ 0.  0.  0.  0.  0.  0.  0.  0.  0.  0.  0.  0.  0.  0.  0.  0.  0.  2.
   0. -1.  0.  0.  0.  0.]
 [ 0.  0.  0.  0.  0.  0.  0.  0.  0.  0.  0.  0.  0.  0.  0.  0.  0.  0.
  -1.  0.  2.  0.  0.  0.]
 [ 0.  0.  0.  0.  0.  0.  0.  0.  0.  0.  0.  0.  0.  0.  0.  0.  0.  0.
   0.  2.  0. -1.  0.  0.]
 [ 0.  0.  0.  0.  0.  0.  0.  0.  0.  0.  0.  0.  0.  0.  0.  0.  0.  0.
   0.  0. -1.  0.  2.  0.]
 [ 0.  0.  0.  0.  0.  0.  0.  0.  0.  0.  0.  0.  0.  0.  0.  0.  0.  0.
   0.  0.  0.  2.  0. -1.]
 [ 0.  0.  0.  0.  0.  0.  0.  0.  0.  0.  0.  0.  0.  0.  0.  0.  0.  0.
   0.  0.  0.  0. -1.  0.]]
 blocks:
[[ 0  1  2  3]
 [ 4  5  6  7]
 [ 8  9 10 11]
 [12 13 14 15]
 [16 17 18 19]
 [20 21 22 23]]
 n_blocks:
6
 Generate initial guess vectors
 Guess eigenstates
   Local State                 <H>          <S2>          <Sz> 
   0                   -3.46410162        0.0000        0.0000 
   1                   -2.00000000        2.0000        1.0000 
   2                   -2.00000000        2.0000       -0.0000 
   3                   -2.00000000        2.0000       -1.0000 
   4                   -1.23606798        2.0000        1.0000 
   5                   -1.23606798        2.0000        0.0000 
   6                   -1.23606798        2.0000       -1.0000 
   7                    0.00000000        6.0000       -2.0000 
   8                    0.00000000        6.0000        2.0000 
   9                    0.00000000        6.0000        0.0000 
   10                   0.00000000        6.0000        1.0000 
   11                   0.00000000        6.0000       -1.0000 
   12                   3.23606798        2.0000        1.0000 
   13                   3.23606798        2.0000       -1.0000 
   14                   3.23606798        2.0000        0.0000 
   15                   3.46410162        0.0000       -0.0000 
 Guess eigenstates
   Local State                 <H>          <S2>          <Sz> 
   0                   -3.46410162        0.0000        0.0000 
   1                   -2.00000000        2.0000        1.0000 
   2                   -2.00000000        2.0000       -0.0000 
   3                   -2.00000000        2.0000       -1.0000 
   4                   -1.23606798        2.0000        1.0000 
   5                   -1.23606798        2.0000        0.0000 
   6                   -1.23606798        2.0000       -1.0000 
   7                    0.00000000        6.0000       -2.0000 
   8                    0.00000000        6.0000        2.0000 
   9                    0.00000000        6.0000        0.0000 
   10                   0.00000000        6.0000        1.0000 
   11                   0.00000000        6.0000       -1.0000 
   12                   3.23606798        2.0000        1.0000 
   13                   3.23606798        2.0000       -1.0000 
   14                   3.23606798        2.0000        0.0000 
   15                   3.46410162        0.0000       -0.0000 
 Guess eigenstates
   Local State                 <H>          <S2>          <Sz> 
   0                   -3.46410162        0.0000        0.0000 
   1                   -2.00000000        2.0000        1.0000 
   2                   -2.00000000        2.0000       -0.0000 
   3                   -2.00000000        2.0000       -1.0000 
   4                   -1.23606798        2.0000        1.0000 
   5                   -1.23606798        2.0000        0.0000 
   6                   -1.23606798        2.0000       -1.0000 
   7                    0.00000000        6.0000       -2.0000 
   8                    0.00000000        6.0000        2.0000 
   9                    0.00000000        6.0000        0.0000 
   10                   0.00000000        6.0000        1.0000 
   11                   0.00000000        6.0000       -1.0000 
   12                   3.23606798        2.0000        1.0000 
   13                   3.23606798        2.0000       -1.0000 
   14                   3.23606798        2.0000        0.0000 
   15                   3.46410162        0.0000       -0.0000 
 Guess eigenstates
   Local State                 <H>          <S2>          <Sz> 
   0                   -3.46410162        0.0000        0.0000 
   1                   -2.00000000        2.0000        1.0000 
   2                   -2.00000000        2.0000       -0.0000 
   3                   -2.00000000        2.0000       -1.0000 
   4                   -1.23606798        2.0000        1.0000 
   5                   -1.23606798        2.0000        0.0000 
   6                   -1.23606798        2.0000       -1.0000 
   7                    0.00000000        6.0000       -2.0000 
   8                    0.00000000        6.0000        2.0000 
   9                    0.00000000        6.0000        0.0000 
   10                   0.00000000        6.0000        1.0000 
   11                   0.00000000        6.0000       -1.0000 
   12                   3.23606798        2.0000        1.0000 
   13                   3.23606798        2.0000       -1.0000 
   14                   3.23606798        2.0000        0.0000 
   15                   3.46410162        0.0000       -0.0000 
 Guess eigenstates
   Local State                 <H>          <S2>          <Sz> 
   0                   -3.46410162        0.0000        0.0000 
   1                   -2.00000000        2.0000        1.0000 
   2                   -2.00000000        2.0000       -0.0000 
   3                   -2.00000000        2.0000       -1.0000 
   4                   -1.23606798        2.0000        1.0000 
   5                   -1.23606798        2.0000        0.0000 
   6                   -1.23606798        2.0000       -1.0000 
   7                    0.00000000        6.0000       -2.0000 
   8                    0.00000000        6.0000        2.0000 
   9                    0.00000000        6.0000        0.0000 
   10                   0.00000000        6.0000        1.0000 
   11                   0.00000000        6.0000       -1.0000 
   12                   3.23606798        2.0000        1.0000 
   13                   3.23606798        2.0000       -1.0000 
   14                   3.23606798        2.0000        0.0000 
   15                   3.46410162        0.0000       -0.0000 
 Guess eigenstates
   Local State                 <H>          <S2>          <Sz> 
   0                   -3.46410162        0.0000        0.0000 
   1                   -2.00000000        2.0000        1.0000 
   2                   -2.00000000        2.0000       -0.0000 
   3                   -2.00000000        2.0000       -1.0000 
   4                   -1.23606798        2.0000        1.0000 
   5                   -1.23606798        2.0000        0.0000 
   6                   -1.23606798        2.0000       -1.0000 
   7                    0.00000000        6.0000       -2.0000 
   8                    0.00000000        6.0000        2.0000 
   9                    0.00000000        6.0000        0.0000 
   10                   0.00000000        6.0000        1.0000 
   11                   0.00000000        6.0000       -1.0000 
   12                   3.23606798        2.0000        1.0000 
   13                   3.23606798        2.0000       -1.0000 
   14                   3.23606798        2.0000        0.0000 
   15                   3.46410162        0.0000       -0.0000 

 Prepare Lattice Blocks:
[1, 1, 1, 1, 1, 1] [15, 15, 15, 15, 15, 15]
 Block 0   :    0,    1,    2,    3 : [1, 15, 0]
 Block 1   :    4,    5,    6,    7 : [1, 15, 0]
 Block 2   :    8,    9,   10,   11 : [1, 15, 0]
 Block 3   :   12,   13,   14,   15 : [1, 15, 0]
 Block 4   :   16,   17,   18,   19 : [1, 15, 0]
 Block 5   :   20,   21,   22,   23 : [1, 15, 0]

 Prepare Tucker blocks:

 Configurations defining the variational space
   0   0   0   0   0   0 ::    1   1   1   1   1   1 ::      1  Range=        0:1       

 Configurations defining the perturbational space
   1   0   0   0   0   0 ::   15   1   1   1   1   1 ::     15  Range=        0:15       (1, 0)
   0   1   0   0   0   0 ::    1  15   1   1   1   1 ::     15  Range=       15:30       (1, 1)
   0   0   1   0   0   0 ::    1   1  15   1   1   1 ::     15  Range=       30:45       (1, 2)
   0   0   0   1   0   0 ::    1   1   1  15   1   1 ::     15  Range=       45:60       (1, 3)
   0   0   0   0   1   0 ::    1   1   1   1  15   1 ::     15  Range=       60:75       (1, 4)
   0   0   0   0   0   1 ::    1   1   1   1   1  15 ::     15  Range=       75:90       (1, 5)
   1   1   0   0   0   0 ::   15  15   1   1   1   1 ::    225  Range=       90:315      (2, 0, 1)
   1   0   1   0   0   0 ::   15   1  15   1   1   1 ::    225  Range=      315:540      (2, 0, 2)
   1   0   0   1   0   0 ::   15   1   1  15   1   1 ::    225  Range=      540:765      (2, 0, 3)
   1   0   0   0   1   0 ::   15   1   1   1  15   1 ::    225  Range=      765:990      (2, 0, 4)
   1   0   0   0   0   1 ::   15   1   1   1   1  15 ::    225  Range=      990:1215     (2, 0, 5)
   0   1   1   0   0   0 ::    1  15  15   1   1   1 ::    225  Range=     1215:1440     (2, 1, 2)
   0   1   0   1   0   0 ::    1  15   1  15   1   1 ::    225  Range=     1440:1665     (2, 1, 3)
   0   1   0   0   1   0 ::    1  15   1   1  15   1 ::    225  Range=     1665:1890     (2, 1, 4)
   0   1   0   0   0   1 ::    1  15   1   1   1  15 ::    225  Range=     1890:2115     (2, 1, 5)
   0   0   1   1   0   0 ::    1   1  15  15   1   1 ::    225  Range=     2115:2340     (2, 2, 3)
   0   0   1   0   1   0 ::    1   1  15   1  15   1 ::    225  Range=     2340:2565     (2, 2, 4)
   0   0   1   0   0   1 ::    1   1  15   1   1  15 ::    225  Range=     2565:2790     (2, 2, 5)
   0   0   0   1   1   0 ::    1   1   1  15  15   1 ::    225  Range=     2790:3015     (2, 3, 4)
   0   0   0   1   0   1 ::    1   1   1  15   1  15 ::    225  Range=     3015:3240     (2, 3, 5)
   0   0   0   0   1   1 ::    1   1   1   1  15  15 ::    225  Range=     3240:3465     (2, 4, 5)

 Solve for supersystem eigenvalues: Dimension =  1
  Davidson Iter    1  |  Vecs:   1 :  |      -20.78460969  |  0.0e+00 
 Davidson Converged

(1, 1)
(1, 1)

 State              Energy          Relative          <S2>
     0 =      -20.78460969        0.00000000    0.00000000
DMBPTinfinity Calculation
  Order        Correction            Energy 
      1        0.00000000        0.00000000 
      2       -4.31157803       -4.31157803 
      3        2.50190258       -1.80967544 
      4       -1.62966949       -3.43934493 
      5        1.04985878       -2.38948614 
      6       -0.72716398       -3.11665012 
      7        0.49111919       -2.62553093 
      8       -0.35179241       -2.97732334 
      9        0.24459375       -2.73272959 
     10       -0.17929779       -2.91202738 
     11        0.12730715       -2.78472023 
     12       -0.09502425       -2.87974448 
     13        0.06862558       -2.81111890 
     14       -0.05199984       -2.86311874 
     15        0.03810113       -2.82501761 
     16       -0.02923692       -2.85425453 
     17        0.02169094       -2.83256359 
     18       -0.01681779       -2.84938138 
     19        0.01261039       -2.83677099 
     20       -0.00985812       -2.84662911 
     21        0.00745805       -2.83917107 
     22       -0.00586727       -2.84503833 
     23        0.00447167       -2.84056666 
     24       -0.00353439       -2.84410106 
     25        0.00271001       -2.84139105 
     26       -0.00214916       -2.84354020 
     27        0.00165599       -2.84188421 
     28       -0.00131629       -2.84320050 
     29        0.00101830       -2.84218220 
     30       -0.00081062       -2.84299282 
     31        0.00062914       -2.84236367 
     32       -0.00050128       -2.84286495 
     33        0.00039009       -2.84247486 
     34       -0.00031095       -2.84278581 
     35        0.00024251       -2.84254329 
     36       -0.00019334       -2.84273664 
     37        0.00015106       -2.84258557 
     38       -0.00012043       -2.84270600 
     39        0.00009423       -2.84261176 
     40       -0.00007511       -2.84268687 
     41        0.00005885       -2.84262802 
     42       -0.00004689       -2.84267491 
     43        0.00003678       -2.84263813 
     44       -0.00002930       -2.84266743 
     45        0.00002300       -2.84264443 
     46       -0.00001831       -2.84266274 
     47        0.00001439       -2.84264835 
     48       -0.00001145       -2.84265981 
     49        0.00000901       -2.84265080 
     50       -0.00000716       -2.84265796 
     51        0.00000564       -2.84265233 
     52       -0.00000448       -2.84265681 
     53        0.00000353       -2.84265328 
     54       -0.00000281       -2.84265609 
     55        0.00000221       -2.84265388 
     56       -0.00000176       -2.84265563 
     57        0.00000138       -2.84265425 
     58       -0.00000110       -2.84265535 
     59        0.00000087       -2.84265448 
     60       -0.00000069       -2.84265517 
     61        0.00000054       -2.84265463 
     62       -0.00000043       -2.84265506 
     63        0.00000034       -2.84265472 
     64       -0.00000027       -2.84265499 
     65        0.00000021       -2.84265477 
     66       -0.00000017       -2.84265494 
     67        0.00000013       -2.84265481 
     68       -0.00000011       -2.84265492 
     69        0.00000008       -2.84265483 
     70       -0.00000007       -2.84265490 
     71        0.00000005       -2.84265485 
     72       -0.00000004       -2.84265489 
     73        0.00000003       -2.84265486 
     74       -0.00000003       -2.84265488 
     75        0.00000002       -2.84265486 
     76       -0.00000002       -2.84265488 
     77        0.00000001       -2.84265486 
     78       -0.00000001       -2.84265487 
     79        0.00000001       -2.84265487 
LCC Energy
 -20.78460969 -23.62726456              
