 j12:
[[ 0.   -1.    0.   ...,  0.    0.    0.  ]
 [-1.    0.    0.25 ...,  0.    0.    0.  ]
 [ 0.    0.25  0.   ...,  0.    0.    0.  ]
 ..., 
 [ 0.    0.    0.   ...,  0.    0.25  0.  ]
 [ 0.    0.    0.   ...,  0.25  0.   -1.  ]
 [ 0.    0.    0.   ...,  0.   -1.    0.  ]]
 blocks:
[[ 0  1]
 [ 2  3]
 [ 4  5]
 [ 6  7]
 [ 8  9]
 [10 11]
 [12 13]
 [14 15]
 [16 17]
 [18 19]
 [20 21]
 [22 23]
 [24 25]
 [26 27]
 [28 29]
 [30 31]]
 n_blocks:
16
 Generate initial guess vectors
 Guess eigenstates
   Local State                 <H>          <S2>          <Sz> 
   0                   -1.50000000        0.0000        0.0000 
   1                    0.50000000        2.0000        0.0000 
   2                    0.50000000        2.0000       -1.0000 
   3                    0.50000000        2.0000        1.0000 
 Guess eigenstates
   Local State                 <H>          <S2>          <Sz> 
   0                   -1.50000000        0.0000        0.0000 
   1                    0.50000000        2.0000        0.0000 
   2                    0.50000000        2.0000       -1.0000 
   3                    0.50000000        2.0000        1.0000 
 Guess eigenstates
   Local State                 <H>          <S2>          <Sz> 
   0                   -1.50000000        0.0000        0.0000 
   1                    0.50000000        2.0000        0.0000 
   2                    0.50000000        2.0000       -1.0000 
   3                    0.50000000        2.0000        1.0000 
 Guess eigenstates
   Local State                 <H>          <S2>          <Sz> 
   0                   -1.50000000        0.0000        0.0000 
   1                    0.50000000        2.0000        0.0000 
   2                    0.50000000        2.0000       -1.0000 
   3                    0.50000000        2.0000        1.0000 
 Guess eigenstates
   Local State                 <H>          <S2>          <Sz> 
   0                   -1.50000000        0.0000        0.0000 
   1                    0.50000000        2.0000        0.0000 
   2                    0.50000000        2.0000       -1.0000 
   3                    0.50000000        2.0000        1.0000 
 Guess eigenstates
   Local State                 <H>          <S2>          <Sz> 
   0                   -1.50000000        0.0000        0.0000 
   1                    0.50000000        2.0000        0.0000 
   2                    0.50000000        2.0000       -1.0000 
   3                    0.50000000        2.0000        1.0000 
 Guess eigenstates
   Local State                 <H>          <S2>          <Sz> 
   0                   -1.50000000        0.0000        0.0000 
   1                    0.50000000        2.0000        0.0000 
   2                    0.50000000        2.0000       -1.0000 
   3                    0.50000000        2.0000        1.0000 
 Guess eigenstates
   Local State                 <H>          <S2>          <Sz> 
   0                   -1.50000000        0.0000        0.0000 
   1                    0.50000000        2.0000        0.0000 
   2                    0.50000000        2.0000       -1.0000 
   3                    0.50000000        2.0000        1.0000 
 Guess eigenstates
   Local State                 <H>          <S2>          <Sz> 
   0                   -1.50000000        0.0000        0.0000 
   1                    0.50000000        2.0000        0.0000 
   2                    0.50000000        2.0000       -1.0000 
   3                    0.50000000        2.0000        1.0000 
 Guess eigenstates
   Local State                 <H>          <S2>          <Sz> 
   0                   -1.50000000        0.0000        0.0000 
   1                    0.50000000        2.0000        0.0000 
   2                    0.50000000        2.0000       -1.0000 
   3                    0.50000000        2.0000        1.0000 
 Guess eigenstates
   Local State                 <H>          <S2>          <Sz> 
   0                   -1.50000000        0.0000        0.0000 
   1                    0.50000000        2.0000        0.0000 
   2                    0.50000000        2.0000       -1.0000 
   3                    0.50000000        2.0000        1.0000 
 Guess eigenstates
   Local State                 <H>          <S2>          <Sz> 
   0                   -1.50000000        0.0000        0.0000 
   1                    0.50000000        2.0000        0.0000 
   2                    0.50000000        2.0000       -1.0000 
   3                    0.50000000        2.0000        1.0000 
 Guess eigenstates
   Local State                 <H>          <S2>          <Sz> 
   0                   -1.50000000        0.0000        0.0000 
   1                    0.50000000        2.0000        0.0000 
   2                    0.50000000        2.0000       -1.0000 
   3                    0.50000000        2.0000        1.0000 
 Guess eigenstates
   Local State                 <H>          <S2>          <Sz> 
   0                   -1.50000000        0.0000        0.0000 
   1                    0.50000000        2.0000        0.0000 
   2                    0.50000000        2.0000       -1.0000 
   3                    0.50000000        2.0000        1.0000 
 Guess eigenstates
   Local State                 <H>          <S2>          <Sz> 
   0                   -1.50000000        0.0000        0.0000 
   1                    0.50000000        2.0000        0.0000 
   2                    0.50000000        2.0000       -1.0000 
   3                    0.50000000        2.0000        1.0000 
 Guess eigenstates
   Local State                 <H>          <S2>          <Sz> 
   0                   -1.50000000        0.0000        0.0000 
   1                    0.50000000        2.0000        0.0000 
   2                    0.50000000        2.0000       -1.0000 
   3                    0.50000000        2.0000        1.0000 

 Prepare Lattice Blocks:
[1, 1, 1, 1, 1, 1, 1, 1, 1, 1, 1, 1, 1, 1, 1, 1] [3, 3, 3, 3, 3, 3, 3, 3, 3, 3, 3, 3, 3, 3, 3, 3]
 Block 0   :    0,    1 : [1, 3, 0]
 Block 1   :    2,    3 : [1, 3, 0]
 Block 2   :    4,    5 : [1, 3, 0]
 Block 3   :    6,    7 : [1, 3, 0]
 Block 4   :    8,    9 : [1, 3, 0]
 Block 5   :   10,   11 : [1, 3, 0]
 Block 6   :   12,   13 : [1, 3, 0]
 Block 7   :   14,   15 : [1, 3, 0]
 Block 8   :   16,   17 : [1, 3, 0]
 Block 9   :   18,   19 : [1, 3, 0]
 Block 10  :   20,   21 : [1, 3, 0]
 Block 11  :   22,   23 : [1, 3, 0]
 Block 12  :   24,   25 : [1, 3, 0]
 Block 13  :   26,   27 : [1, 3, 0]
 Block 14  :   28,   29 : [1, 3, 0]
 Block 15  :   30,   31 : [1, 3, 0]

 Prepare Tucker blocks:

 Configurations defining the variational space
   0   0   0   0   0   0   0   0   0   0   0   0   0   0   0   0 ::    1   1   1   1   1   1   1   1   1   1   1   1   1   1   1   1 ::      1  Range=        0:1       

 Configurations defining the perturbational space
   1   0   0   0   0   0   0   0   0   0   0   0   0   0   0   0 ::    3   1   1   1   1   1   1   1   1   1   1   1   1   1   1   1 ::      3  Range=        0:3        (1, 0)
   0   1   0   0   0   0   0   0   0   0   0   0   0   0   0   0 ::    1   3   1   1   1   1   1   1   1   1   1   1   1   1   1   1 ::      3  Range=        3:6        (1, 1)
   0   0   1   0   0   0   0   0   0   0   0   0   0   0   0   0 ::    1   1   3   1   1   1   1   1   1   1   1   1   1   1   1   1 ::      3  Range=        6:9        (1, 2)
   0   0   0   1   0   0   0   0   0   0   0   0   0   0   0   0 ::    1   1   1   3   1   1   1   1   1   1   1   1   1   1   1   1 ::      3  Range=        9:12       (1, 3)
   0   0   0   0   1   0   0   0   0   0   0   0   0   0   0   0 ::    1   1   1   1   3   1   1   1   1   1   1   1   1   1   1   1 ::      3  Range=       12:15       (1, 4)
   0   0   0   0   0   1   0   0   0   0   0   0   0   0   0   0 ::    1   1   1   1   1   3   1   1   1   1   1   1   1   1   1   1 ::      3  Range=       15:18       (1, 5)
   0   0   0   0   0   0   1   0   0   0   0   0   0   0   0   0 ::    1   1   1   1   1   1   3   1   1   1   1   1   1   1   1   1 ::      3  Range=       18:21       (1, 6)
   0   0   0   0   0   0   0   1   0   0   0   0   0   0   0   0 ::    1   1   1   1   1   1   1   3   1   1   1   1   1   1   1   1 ::      3  Range=       21:24       (1, 7)
   0   0   0   0   0   0   0   0   1   0   0   0   0   0   0   0 ::    1   1   1   1   1   1   1   1   3   1   1   1   1   1   1   1 ::      3  Range=       24:27       (1, 8)
   0   0   0   0   0   0   0   0   0   1   0   0   0   0   0   0 ::    1   1   1   1   1   1   1   1   1   3   1   1   1   1   1   1 ::      3  Range=       27:30       (1, 9)
   0   0   0   0   0   0   0   0   0   0   1   0   0   0   0   0 ::    1   1   1   1   1   1   1   1   1   1   3   1   1   1   1   1 ::      3  Range=       30:33       (1, 10)
   0   0   0   0   0   0   0   0   0   0   0   1   0   0   0   0 ::    1   1   1   1   1   1   1   1   1   1   1   3   1   1   1   1 ::      3  Range=       33:36       (1, 11)
   0   0   0   0   0   0   0   0   0   0   0   0   1   0   0   0 ::    1   1   1   1   1   1   1   1   1   1   1   1   3   1   1   1 ::      3  Range=       36:39       (1, 12)
   0   0   0   0   0   0   0   0   0   0   0   0   0   1   0   0 ::    1   1   1   1   1   1   1   1   1   1   1   1   1   3   1   1 ::      3  Range=       39:42       (1, 13)
   0   0   0   0   0   0   0   0   0   0   0   0   0   0   1   0 ::    1   1   1   1   1   1   1   1   1   1   1   1   1   1   3   1 ::      3  Range=       42:45       (1, 14)
   0   0   0   0   0   0   0   0   0   0   0   0   0   0   0   1 ::    1   1   1   1   1   1   1   1   1   1   1   1   1   1   1   3 ::      3  Range=       45:48       (1, 15)
   1   1   0   0   0   0   0   0   0   0   0   0   0   0   0   0 ::    3   3   1   1   1   1   1   1   1   1   1   1   1   1   1   1 ::      9  Range=       48:57       (2, 0, 1)
   1   0   1   0   0   0   0   0   0   0   0   0   0   0   0   0 ::    3   1   3   1   1   1   1   1   1   1   1   1   1   1   1   1 ::      9  Range=       57:66       (2, 0, 2)
   1   0   0   1   0   0   0   0   0   0   0   0   0   0   0   0 ::    3   1   1   3   1   1   1   1   1   1   1   1   1   1   1   1 ::      9  Range=       66:75       (2, 0, 3)
   1   0   0   0   1   0   0   0   0   0   0   0   0   0   0   0 ::    3   1   1   1   3   1   1   1   1   1   1   1   1   1   1   1 ::      9  Range=       75:84       (2, 0, 4)
   1   0   0   0   0   1   0   0   0   0   0   0   0   0   0   0 ::    3   1   1   1   1   3   1   1   1   1   1   1   1   1   1   1 ::      9  Range=       84:93       (2, 0, 5)
   1   0   0   0   0   0   1   0   0   0   0   0   0   0   0   0 ::    3   1   1   1   1   1   3   1   1   1   1   1   1   1   1   1 ::      9  Range=       93:102      (2, 0, 6)
   1   0   0   0   0   0   0   1   0   0   0   0   0   0   0   0 ::    3   1   1   1   1   1   1   3   1   1   1   1   1   1   1   1 ::      9  Range=      102:111      (2, 0, 7)
   1   0   0   0   0   0   0   0   1   0   0   0   0   0   0   0 ::    3   1   1   1   1   1   1   1   3   1   1   1   1   1   1   1 ::      9  Range=      111:120      (2, 0, 8)
   1   0   0   0   0   0   0   0   0   1   0   0   0   0   0   0 ::    3   1   1   1   1   1   1   1   1   3   1   1   1   1   1   1 ::      9  Range=      120:129      (2, 0, 9)
   1   0   0   0   0   0   0   0   0   0   1   0   0   0   0   0 ::    3   1   1   1   1   1   1   1   1   1   3   1   1   1   1   1 ::      9  Range=      129:138      (2, 0, 10)
   1   0   0   0   0   0   0   0   0   0   0   1   0   0   0   0 ::    3   1   1   1   1   1   1   1   1   1   1   3   1   1   1   1 ::      9  Range=      138:147      (2, 0, 11)
   1   0   0   0   0   0   0   0   0   0   0   0   1   0   0   0 ::    3   1   1   1   1   1   1   1   1   1   1   1   3   1   1   1 ::      9  Range=      147:156      (2, 0, 12)
   1   0   0   0   0   0   0   0   0   0   0   0   0   1   0   0 ::    3   1   1   1   1   1   1   1   1   1   1   1   1   3   1   1 ::      9  Range=      156:165      (2, 0, 13)
   1   0   0   0   0   0   0   0   0   0   0   0   0   0   1   0 ::    3   1   1   1   1   1   1   1   1   1   1   1   1   1   3   1 ::      9  Range=      165:174      (2, 0, 14)
   1   0   0   0   0   0   0   0   0   0   0   0   0   0   0   1 ::    3   1   1   1   1   1   1   1   1   1   1   1   1   1   1   3 ::      9  Range=      174:183      (2, 0, 15)
   0   1   1   0   0   0   0   0   0   0   0   0   0   0   0   0 ::    1   3   3   1   1   1   1   1   1   1   1   1   1   1   1   1 ::      9  Range=      183:192      (2, 1, 2)
   0   1   0   1   0   0   0   0   0   0   0   0   0   0   0   0 ::    1   3   1   3   1   1   1   1   1   1   1   1   1   1   1   1 ::      9  Range=      192:201      (2, 1, 3)
   0   1   0   0   1   0   0   0   0   0   0   0   0   0   0   0 ::    1   3   1   1   3   1   1   1   1   1   1   1   1   1   1   1 ::      9  Range=      201:210      (2, 1, 4)
   0   1   0   0   0   1   0   0   0   0   0   0   0   0   0   0 ::    1   3   1   1   1   3   1   1   1   1   1   1   1   1   1   1 ::      9  Range=      210:219      (2, 1, 5)
   0   1   0   0   0   0   1   0   0   0   0   0   0   0   0   0 ::    1   3   1   1   1   1   3   1   1   1   1   1   1   1   1   1 ::      9  Range=      219:228      (2, 1, 6)
   0   1   0   0   0   0   0   1   0   0   0   0   0   0   0   0 ::    1   3   1   1   1   1   1   3   1   1   1   1   1   1   1   1 ::      9  Range=      228:237      (2, 1, 7)
   0   1   0   0   0   0   0   0   1   0   0   0   0   0   0   0 ::    1   3   1   1   1   1   1   1   3   1   1   1   1   1   1   1 ::      9  Range=      237:246      (2, 1, 8)
   0   1   0   0   0   0   0   0   0   1   0   0   0   0   0   0 ::    1   3   1   1   1   1   1   1   1   3   1   1   1   1   1   1 ::      9  Range=      246:255      (2, 1, 9)
   0   1   0   0   0   0   0   0   0   0   1   0   0   0   0   0 ::    1   3   1   1   1   1   1   1   1   1   3   1   1   1   1   1 ::      9  Range=      255:264      (2, 1, 10)
   0   1   0   0   0   0   0   0   0   0   0   1   0   0   0   0 ::    1   3   1   1   1   1   1   1   1   1   1   3   1   1   1   1 ::      9  Range=      264:273      (2, 1, 11)
   0   1   0   0   0   0   0   0   0   0   0   0   1   0   0   0 ::    1   3   1   1   1   1   1   1   1   1   1   1   3   1   1   1 ::      9  Range=      273:282      (2, 1, 12)
   0   1   0   0   0   0   0   0   0   0   0   0   0   1   0   0 ::    1   3   1   1   1   1   1   1   1   1   1   1   1   3   1   1 ::      9  Range=      282:291      (2, 1, 13)
   0   1   0   0   0   0   0   0   0   0   0   0   0   0   1   0 ::    1   3   1   1   1   1   1   1   1   1   1   1   1   1   3   1 ::      9  Range=      291:300      (2, 1, 14)
   0   1   0   0   0   0   0   0   0   0   0   0   0   0   0   1 ::    1   3   1   1   1   1   1   1   1   1   1   1   1   1   1   3 ::      9  Range=      300:309      (2, 1, 15)
   0   0   1   1   0   0   0   0   0   0   0   0   0   0   0   0 ::    1   1   3   3   1   1   1   1   1   1   1   1   1   1   1   1 ::      9  Range=      309:318      (2, 2, 3)
   0   0   1   0   1   0   0   0   0   0   0   0   0   0   0   0 ::    1   1   3   1   3   1   1   1   1   1   1   1   1   1   1   1 ::      9  Range=      318:327      (2, 2, 4)
   0   0   1   0   0   1   0   0   0   0   0   0   0   0   0   0 ::    1   1   3   1   1   3   1   1   1   1   1   1   1   1   1   1 ::      9  Range=      327:336      (2, 2, 5)
   0   0   1   0   0   0   1   0   0   0   0   0   0   0   0   0 ::    1   1   3   1   1   1   3   1   1   1   1   1   1   1   1   1 ::      9  Range=      336:345      (2, 2, 6)
   0   0   1   0   0   0   0   1   0   0   0   0   0   0   0   0 ::    1   1   3   1   1   1   1   3   1   1   1   1   1   1   1   1 ::      9  Range=      345:354      (2, 2, 7)
   0   0   1   0   0   0   0   0   1   0   0   0   0   0   0   0 ::    1   1   3   1   1   1   1   1   3   1   1   1   1   1   1   1 ::      9  Range=      354:363      (2, 2, 8)
   0   0   1   0   0   0   0   0   0   1   0   0   0   0   0   0 ::    1   1   3   1   1   1   1   1   1   3   1   1   1   1   1   1 ::      9  Range=      363:372      (2, 2, 9)
   0   0   1   0   0   0   0   0   0   0   1   0   0   0   0   0 ::    1   1   3   1   1   1   1   1   1   1   3   1   1   1   1   1 ::      9  Range=      372:381      (2, 2, 10)
   0   0   1   0   0   0   0   0   0   0   0   1   0   0   0   0 ::    1   1   3   1   1   1   1   1   1   1   1   3   1   1   1   1 ::      9  Range=      381:390      (2, 2, 11)
   0   0   1   0   0   0   0   0   0   0   0   0   1   0   0   0 ::    1   1   3   1   1   1   1   1   1   1   1   1   3   1   1   1 ::      9  Range=      390:399      (2, 2, 12)
   0   0   1   0   0   0   0   0   0   0   0   0   0   1   0   0 ::    1   1   3   1   1   1   1   1   1   1   1   1   1   3   1   1 ::      9  Range=      399:408      (2, 2, 13)
   0   0   1   0   0   0   0   0   0   0   0   0   0   0   1   0 ::    1   1   3   1   1   1   1   1   1   1   1   1   1   1   3   1 ::      9  Range=      408:417      (2, 2, 14)
   0   0   1   0   0   0   0   0   0   0   0   0   0   0   0   1 ::    1   1   3   1   1   1   1   1   1   1   1   1   1   1   1   3 ::      9  Range=      417:426      (2, 2, 15)
   0   0   0   1   1   0   0   0   0   0   0   0   0   0   0   0 ::    1   1   1   3   3   1   1   1   1   1   1   1   1   1   1   1 ::      9  Range=      426:435      (2, 3, 4)
   0   0   0   1   0   1   0   0   0   0   0   0   0   0   0   0 ::    1   1   1   3   1   3   1   1   1   1   1   1   1   1   1   1 ::      9  Range=      435:444      (2, 3, 5)
   0   0   0   1   0   0   1   0   0   0   0   0   0   0   0   0 ::    1   1   1   3   1   1   3   1   1   1   1   1   1   1   1   1 ::      9  Range=      444:453      (2, 3, 6)
   0   0   0   1   0   0   0   1   0   0   0   0   0   0   0   0 ::    1   1   1   3   1   1   1   3   1   1   1   1   1   1   1   1 ::      9  Range=      453:462      (2, 3, 7)
   0   0   0   1   0   0   0   0   1   0   0   0   0   0   0   0 ::    1   1   1   3   1   1   1   1   3   1   1   1   1   1   1   1 ::      9  Range=      462:471      (2, 3, 8)
   0   0   0   1   0   0   0   0   0   1   0   0   0   0   0   0 ::    1   1   1   3   1   1   1   1   1   3   1   1   1   1   1   1 ::      9  Range=      471:480      (2, 3, 9)
   0   0   0   1   0   0   0   0   0   0   1   0   0   0   0   0 ::    1   1   1   3   1   1   1   1   1   1   3   1   1   1   1   1 ::      9  Range=      480:489      (2, 3, 10)
   0   0   0   1   0   0   0   0   0   0   0   1   0   0   0   0 ::    1   1   1   3   1   1   1   1   1   1   1   3   1   1   1   1 ::      9  Range=      489:498      (2, 3, 11)
   0   0   0   1   0   0   0   0   0   0   0   0   1   0   0   0 ::    1   1   1   3   1   1   1   1   1   1   1   1   3   1   1   1 ::      9  Range=      498:507      (2, 3, 12)
   0   0   0   1   0   0   0   0   0   0   0   0   0   1   0   0 ::    1   1   1   3   1   1   1   1   1   1   1   1   1   3   1   1 ::      9  Range=      507:516      (2, 3, 13)
   0   0   0   1   0   0   0   0   0   0   0   0   0   0   1   0 ::    1   1   1   3   1   1   1   1   1   1   1   1   1   1   3   1 ::      9  Range=      516:525      (2, 3, 14)
   0   0   0   1   0   0   0   0   0   0   0   0   0   0   0   1 ::    1   1   1   3   1   1   1   1   1   1   1   1   1   1   1   3 ::      9  Range=      525:534      (2, 3, 15)
   0   0   0   0   1   1   0   0   0   0   0   0   0   0   0   0 ::    1   1   1   1   3   3   1   1   1   1   1   1   1   1   1   1 ::      9  Range=      534:543      (2, 4, 5)
   0   0   0   0   1   0   1   0   0   0   0   0   0   0   0   0 ::    1   1   1   1   3   1   3   1   1   1   1   1   1   1   1   1 ::      9  Range=      543:552      (2, 4, 6)
   0   0   0   0   1   0   0   1   0   0   0   0   0   0   0   0 ::    1   1   1   1   3   1   1   3   1   1   1   1   1   1   1   1 ::      9  Range=      552:561      (2, 4, 7)
   0   0   0   0   1   0   0   0   1   0   0   0   0   0   0   0 ::    1   1   1   1   3   1   1   1   3   1   1   1   1   1   1   1 ::      9  Range=      561:570      (2, 4, 8)
   0   0   0   0   1   0   0   0   0   1   0   0   0   0   0   0 ::    1   1   1   1   3   1   1   1   1   3   1   1   1   1   1   1 ::      9  Range=      570:579      (2, 4, 9)
   0   0   0   0   1   0   0   0   0   0   1   0   0   0   0   0 ::    1   1   1   1   3   1   1   1   1   1   3   1   1   1   1   1 ::      9  Range=      579:588      (2, 4, 10)
   0   0   0   0   1   0   0   0   0   0   0   1   0   0   0   0 ::    1   1   1   1   3   1   1   1   1   1   1   3   1   1   1   1 ::      9  Range=      588:597      (2, 4, 11)
   0   0   0   0   1   0   0   0   0   0   0   0   1   0   0   0 ::    1   1   1   1   3   1   1   1   1   1   1   1   3   1   1   1 ::      9  Range=      597:606      (2, 4, 12)
   0   0   0   0   1   0   0   0   0   0   0   0   0   1   0   0 ::    1   1   1   1   3   1   1   1   1   1   1   1   1   3   1   1 ::      9  Range=      606:615      (2, 4, 13)
   0   0   0   0   1   0   0   0   0   0   0   0   0   0   1   0 ::    1   1   1   1   3   1   1   1   1   1   1   1   1   1   3   1 ::      9  Range=      615:624      (2, 4, 14)
   0   0   0   0   1   0   0   0   0   0   0   0   0   0   0   1 ::    1   1   1   1   3   1   1   1   1   1   1   1   1   1   1   3 ::      9  Range=      624:633      (2, 4, 15)
   0   0   0   0   0   1   1   0   0   0   0   0   0   0   0   0 ::    1   1   1   1   1   3   3   1   1   1   1   1   1   1   1   1 ::      9  Range=      633:642      (2, 5, 6)
   0   0   0   0   0   1   0   1   0   0   0   0   0   0   0   0 ::    1   1   1   1   1   3   1   3   1   1   1   1   1   1   1   1 ::      9  Range=      642:651      (2, 5, 7)
   0   0   0   0   0   1   0   0   1   0   0   0   0   0   0   0 ::    1   1   1   1   1   3   1   1   3   1   1   1   1   1   1   1 ::      9  Range=      651:660      (2, 5, 8)
   0   0   0   0   0   1   0   0   0   1   0   0   0   0   0   0 ::    1   1   1   1   1   3   1   1   1   3   1   1   1   1   1   1 ::      9  Range=      660:669      (2, 5, 9)
   0   0   0   0   0   1   0   0   0   0   1   0   0   0   0   0 ::    1   1   1   1   1   3   1   1   1   1   3   1   1   1   1   1 ::      9  Range=      669:678      (2, 5, 10)
   0   0   0   0   0   1   0   0   0   0   0   1   0   0   0   0 ::    1   1   1   1   1   3   1   1   1   1   1   3   1   1   1   1 ::      9  Range=      678:687      (2, 5, 11)
   0   0   0   0   0   1   0   0   0   0   0   0   1   0   0   0 ::    1   1   1   1   1   3   1   1   1   1   1   1   3   1   1   1 ::      9  Range=      687:696      (2, 5, 12)
   0   0   0   0   0   1   0   0   0   0   0   0   0   1   0   0 ::    1   1   1   1   1   3   1   1   1   1   1   1   1   3   1   1 ::      9  Range=      696:705      (2, 5, 13)
   0   0   0   0   0   1   0   0   0   0   0   0   0   0   1   0 ::    1   1   1   1   1   3   1   1   1   1   1   1   1   1   3   1 ::      9  Range=      705:714      (2, 5, 14)
   0   0   0   0   0   1   0   0   0   0   0   0   0   0   0   1 ::    1   1   1   1   1   3   1   1   1   1   1   1   1   1   1   3 ::      9  Range=      714:723      (2, 5, 15)
   0   0   0   0   0   0   1   1   0   0   0   0   0   0   0   0 ::    1   1   1   1   1   1   3   3   1   1   1   1   1   1   1   1 ::      9  Range=      723:732      (2, 6, 7)
   0   0   0   0   0   0   1   0   1   0   0   0   0   0   0   0 ::    1   1   1   1   1   1   3   1   3   1   1   1   1   1   1   1 ::      9  Range=      732:741      (2, 6, 8)
   0   0   0   0   0   0   1   0   0   1   0   0   0   0   0   0 ::    1   1   1   1   1   1   3   1   1   3   1   1   1   1   1   1 ::      9  Range=      741:750      (2, 6, 9)
   0   0   0   0   0   0   1   0   0   0   1   0   0   0   0   0 ::    1   1   1   1   1   1   3   1   1   1   3   1   1   1   1   1 ::      9  Range=      750:759      (2, 6, 10)
   0   0   0   0   0   0   1   0   0   0   0   1   0   0   0   0 ::    1   1   1   1   1   1   3   1   1   1   1   3   1   1   1   1 ::      9  Range=      759:768      (2, 6, 11)
   0   0   0   0   0   0   1   0   0   0   0   0   1   0   0   0 ::    1   1   1   1   1   1   3   1   1   1   1   1   3   1   1   1 ::      9  Range=      768:777      (2, 6, 12)
   0   0   0   0   0   0   1   0   0   0   0   0   0   1   0   0 ::    1   1   1   1   1   1   3   1   1   1   1   1   1   3   1   1 ::      9  Range=      777:786      (2, 6, 13)
   0   0   0   0   0   0   1   0   0   0   0   0   0   0   1   0 ::    1   1   1   1   1   1   3   1   1   1   1   1   1   1   3   1 ::      9  Range=      786:795      (2, 6, 14)
   0   0   0   0   0   0   1   0   0   0   0   0   0   0   0   1 ::    1   1   1   1   1   1   3   1   1   1   1   1   1   1   1   3 ::      9  Range=      795:804      (2, 6, 15)
   0   0   0   0   0   0   0   1   1   0   0   0   0   0   0   0 ::    1   1   1   1   1   1   1   3   3   1   1   1   1   1   1   1 ::      9  Range=      804:813      (2, 7, 8)
   0   0   0   0   0   0   0   1   0   1   0   0   0   0   0   0 ::    1   1   1   1   1   1   1   3   1   3   1   1   1   1   1   1 ::      9  Range=      813:822      (2, 7, 9)
   0   0   0   0   0   0   0   1   0   0   1   0   0   0   0   0 ::    1   1   1   1   1   1   1   3   1   1   3   1   1   1   1   1 ::      9  Range=      822:831      (2, 7, 10)
   0   0   0   0   0   0   0   1   0   0   0   1   0   0   0   0 ::    1   1   1   1   1   1   1   3   1   1   1   3   1   1   1   1 ::      9  Range=      831:840      (2, 7, 11)
   0   0   0   0   0   0   0   1   0   0   0   0   1   0   0   0 ::    1   1   1   1   1   1   1   3   1   1   1   1   3   1   1   1 ::      9  Range=      840:849      (2, 7, 12)
   0   0   0   0   0   0   0   1   0   0   0   0   0   1   0   0 ::    1   1   1   1   1   1   1   3   1   1   1   1   1   3   1   1 ::      9  Range=      849:858      (2, 7, 13)
   0   0   0   0   0   0   0   1   0   0   0   0   0   0   1   0 ::    1   1   1   1   1   1   1   3   1   1   1   1   1   1   3   1 ::      9  Range=      858:867      (2, 7, 14)
   0   0   0   0   0   0   0   1   0   0   0   0   0   0   0   1 ::    1   1   1   1   1   1   1   3   1   1   1   1   1   1   1   3 ::      9  Range=      867:876      (2, 7, 15)
   0   0   0   0   0   0   0   0   1   1   0   0   0   0   0   0 ::    1   1   1   1   1   1   1   1   3   3   1   1   1   1   1   1 ::      9  Range=      876:885      (2, 8, 9)
   0   0   0   0   0   0   0   0   1   0   1   0   0   0   0   0 ::    1   1   1   1   1   1   1   1   3   1   3   1   1   1   1   1 ::      9  Range=      885:894      (2, 8, 10)
   0   0   0   0   0   0   0   0   1   0   0   1   0   0   0   0 ::    1   1   1   1   1   1   1   1   3   1   1   3   1   1   1   1 ::      9  Range=      894:903      (2, 8, 11)
   0   0   0   0   0   0   0   0   1   0   0   0   1   0   0   0 ::    1   1   1   1   1   1   1   1   3   1   1   1   3   1   1   1 ::      9  Range=      903:912      (2, 8, 12)
   0   0   0   0   0   0   0   0   1   0   0   0   0   1   0   0 ::    1   1   1   1   1   1   1   1   3   1   1   1   1   3   1   1 ::      9  Range=      912:921      (2, 8, 13)
   0   0   0   0   0   0   0   0   1   0   0   0   0   0   1   0 ::    1   1   1   1   1   1   1   1   3   1   1   1   1   1   3   1 ::      9  Range=      921:930      (2, 8, 14)
   0   0   0   0   0   0   0   0   1   0   0   0   0   0   0   1 ::    1   1   1   1   1   1   1   1   3   1   1   1   1   1   1   3 ::      9  Range=      930:939      (2, 8, 15)
   0   0   0   0   0   0   0   0   0   1   1   0   0   0   0   0 ::    1   1   1   1   1   1   1   1   1   3   3   1   1   1   1   1 ::      9  Range=      939:948      (2, 9, 10)
   0   0   0   0   0   0   0   0   0   1   0   1   0   0   0   0 ::    1   1   1   1   1   1   1   1   1   3   1   3   1   1   1   1 ::      9  Range=      948:957      (2, 9, 11)
   0   0   0   0   0   0   0   0   0   1   0   0   1   0   0   0 ::    1   1   1   1   1   1   1   1   1   3   1   1   3   1   1   1 ::      9  Range=      957:966      (2, 9, 12)
   0   0   0   0   0   0   0   0   0   1   0   0   0   1   0   0 ::    1   1   1   1   1   1   1   1   1   3   1   1   1   3   1   1 ::      9  Range=      966:975      (2, 9, 13)
   0   0   0   0   0   0   0   0   0   1   0   0   0   0   1   0 ::    1   1   1   1   1   1   1   1   1   3   1   1   1   1   3   1 ::      9  Range=      975:984      (2, 9, 14)
   0   0   0   0   0   0   0   0   0   1   0   0   0   0   0   1 ::    1   1   1   1   1   1   1   1   1   3   1   1   1   1   1   3 ::      9  Range=      984:993      (2, 9, 15)
   0   0   0   0   0   0   0   0   0   0   1   1   0   0   0   0 ::    1   1   1   1   1   1   1   1   1   1   3   3   1   1   1   1 ::      9  Range=      993:1002     (2, 10, 11)
   0   0   0   0   0   0   0   0   0   0   1   0   1   0   0   0 ::    1   1   1   1   1   1   1   1   1   1   3   1   3   1   1   1 ::      9  Range=     1002:1011     (2, 10, 12)
   0   0   0   0   0   0   0   0   0   0   1   0   0   1   0   0 ::    1   1   1   1   1   1   1   1   1   1   3   1   1   3   1   1 ::      9  Range=     1011:1020     (2, 10, 13)
   0   0   0   0   0   0   0   0   0   0   1   0   0   0   1   0 ::    1   1   1   1   1   1   1   1   1   1   3   1   1   1   3   1 ::      9  Range=     1020:1029     (2, 10, 14)
   0   0   0   0   0   0   0   0   0   0   1   0   0   0   0   1 ::    1   1   1   1   1   1   1   1   1   1   3   1   1   1   1   3 ::      9  Range=     1029:1038     (2, 10, 15)
   0   0   0   0   0   0   0   0   0   0   0   1   1   0   0   0 ::    1   1   1   1   1   1   1   1   1   1   1   3   3   1   1   1 ::      9  Range=     1038:1047     (2, 11, 12)
   0   0   0   0   0   0   0   0   0   0   0   1   0   1   0   0 ::    1   1   1   1   1   1   1   1   1   1   1   3   1   3   1   1 ::      9  Range=     1047:1056     (2, 11, 13)
   0   0   0   0   0   0   0   0   0   0   0   1   0   0   1   0 ::    1   1   1   1   1   1   1   1   1   1   1   3   1   1   3   1 ::      9  Range=     1056:1065     (2, 11, 14)
   0   0   0   0   0   0   0   0   0   0   0   1   0   0   0   1 ::    1   1   1   1   1   1   1   1   1   1   1   3   1   1   1   3 ::      9  Range=     1065:1074     (2, 11, 15)
   0   0   0   0   0   0   0   0   0   0   0   0   1   1   0   0 ::    1   1   1   1   1   1   1   1   1   1   1   1   3   3   1   1 ::      9  Range=     1074:1083     (2, 12, 13)
   0   0   0   0   0   0   0   0   0   0   0   0   1   0   1   0 ::    1   1   1   1   1   1   1   1   1   1   1   1   3   1   3   1 ::      9  Range=     1083:1092     (2, 12, 14)
   0   0   0   0   0   0   0   0   0   0   0   0   1   0   0   1 ::    1   1   1   1   1   1   1   1   1   1   1   1   3   1   1   3 ::      9  Range=     1092:1101     (2, 12, 15)
   0   0   0   0   0   0   0   0   0   0   0   0   0   1   1   0 ::    1   1   1   1   1   1   1   1   1   1   1   1   1   3   3   1 ::      9  Range=     1101:1110     (2, 13, 14)
   0   0   0   0   0   0   0   0   0   0   0   0   0   1   0   1 ::    1   1   1   1   1   1   1   1   1   1   1   1   1   3   1   3 ::      9  Range=     1110:1119     (2, 13, 15)
   0   0   0   0   0   0   0   0   0   0   0   0   0   0   1   1 ::    1   1   1   1   1   1   1   1   1   1   1   1   1   1   3   3 ::      9  Range=     1119:1128     (2, 14, 15)

 Solve for supersystem eigenvalues: Dimension =  1
  Davidson Iter    1  |  Vecs:   1 :  |      -24.00000000  |  0.0e+00 
 Davidson Converged

(1, 1)
(1, 1)

 State              Energy          Relative          <S2>
     0 =      -24.00000000        0.00000000    0.00000000
DMBPTinfinity Calculation
  Order        Correction            Energy 
      1        0.00000000        0.00000000 
      2       -0.17578125       -0.17578125 
      3        0.01098633       -0.16479492 
      4       -0.00132751       -0.16612244 
      5        0.00012302       -0.16599941 
      6       -0.00001493       -0.16601434 
      7        0.00000154       -0.16601281 
      8       -0.00000019       -0.16601299 
      9        0.00000002       -0.16601297 
     10       -0.00000000       -0.16601298 
LCC Energy
  -24.16601298              
