 j12:
[[ 0. -1.  0.  0.  0.  0.  0.  0.  0.  0.  0.  0.]
 [-1.  0.  2.  0.  0.  0.  0.  0.  0.  0.  0.  0.]
 [ 0.  2.  0. -1.  0.  0.  0.  0.  0.  0.  0.  0.]
 [ 0.  0. -1.  0.  2.  0.  0.  0.  0.  0.  0.  0.]
 [ 0.  0.  0.  2.  0. -1.  0.  0.  0.  0.  0.  0.]
 [ 0.  0.  0.  0. -1.  0.  2.  0.  0.  0.  0.  0.]
 [ 0.  0.  0.  0.  0.  2.  0. -1.  0.  0.  0.  0.]
 [ 0.  0.  0.  0.  0.  0. -1.  0.  2.  0.  0.  0.]
 [ 0.  0.  0.  0.  0.  0.  0.  2.  0. -1.  0.  0.]
 [ 0.  0.  0.  0.  0.  0.  0.  0. -1.  0.  2.  0.]
 [ 0.  0.  0.  0.  0.  0.  0.  0.  0.  2.  0. -1.]
 [ 0.  0.  0.  0.  0.  0.  0.  0.  0.  0. -1.  0.]]
 blocks:
[[ 0  1]
 [ 2  3]
 [ 4  5]
 [ 6  7]
 [ 8  9]
 [10 11]]
 n_blocks:
6
 Generate initial guess vectors
 Guess eigenstates
   Local State                 <H>          <S2>          <Sz> 
   0                   -1.50000000        0.0000        0.0000 
   1                    0.50000000        2.0000        0.0000 
   2                    0.50000000        2.0000       -1.0000 
   3                    0.50000000        2.0000        1.0000 
 Guess eigenstates
   Local State                 <H>          <S2>          <Sz> 
   0                   -1.50000000        0.0000        0.0000 
   1                    0.50000000        2.0000        0.0000 
   2                    0.50000000        2.0000       -1.0000 
   3                    0.50000000        2.0000        1.0000 
 Guess eigenstates
   Local State                 <H>          <S2>          <Sz> 
   0                   -1.50000000        0.0000        0.0000 
   1                    0.50000000        2.0000        0.0000 
   2                    0.50000000        2.0000       -1.0000 
   3                    0.50000000        2.0000        1.0000 
 Guess eigenstates
   Local State                 <H>          <S2>          <Sz> 
   0                   -1.50000000        0.0000        0.0000 
   1                    0.50000000        2.0000        0.0000 
   2                    0.50000000        2.0000       -1.0000 
   3                    0.50000000        2.0000        1.0000 
 Guess eigenstates
   Local State                 <H>          <S2>          <Sz> 
   0                   -1.50000000        0.0000        0.0000 
   1                    0.50000000        2.0000        0.0000 
   2                    0.50000000        2.0000       -1.0000 
   3                    0.50000000        2.0000        1.0000 
 Guess eigenstates
   Local State                 <H>          <S2>          <Sz> 
   0                   -1.50000000        0.0000        0.0000 
   1                    0.50000000        2.0000        0.0000 
   2                    0.50000000        2.0000       -1.0000 
   3                    0.50000000        2.0000        1.0000 

 Prepare Lattice Blocks:
[1, 1, 1, 1, 1, 1] [3, 3, 3, 3, 3, 3]
 Block 0   :    0,    1 : [1, 3, 0]
 Block 1   :    2,    3 : [1, 3, 0]
 Block 2   :    4,    5 : [1, 3, 0]
 Block 3   :    6,    7 : [1, 3, 0]
 Block 4   :    8,    9 : [1, 3, 0]
 Block 5   :   10,   11 : [1, 3, 0]

 Prepare Tucker blocks:

 Configurations defining the variational space
   0   0   0   0   0   0 ::    1   1   1   1   1   1 ::      1  Range=        0:1       

 Configurations defining the perturbational space
   1   0   0   0   0   0 ::    3   1   1   1   1   1 ::      3  Range=        0:3        (1, 0)
   0   1   0   0   0   0 ::    1   3   1   1   1   1 ::      3  Range=        3:6        (1, 1)
   0   0   1   0   0   0 ::    1   1   3   1   1   1 ::      3  Range=        6:9        (1, 2)
   0   0   0   1   0   0 ::    1   1   1   3   1   1 ::      3  Range=        9:12       (1, 3)
   0   0   0   0   1   0 ::    1   1   1   1   3   1 ::      3  Range=       12:15       (1, 4)
   0   0   0   0   0   1 ::    1   1   1   1   1   3 ::      3  Range=       15:18       (1, 5)
   1   1   0   0   0   0 ::    3   3   1   1   1   1 ::      9  Range=       18:27       (2, 0, 1)
   1   0   1   0   0   0 ::    3   1   3   1   1   1 ::      9  Range=       27:36       (2, 0, 2)
   1   0   0   1   0   0 ::    3   1   1   3   1   1 ::      9  Range=       36:45       (2, 0, 3)
   1   0   0   0   1   0 ::    3   1   1   1   3   1 ::      9  Range=       45:54       (2, 0, 4)
   1   0   0   0   0   1 ::    3   1   1   1   1   3 ::      9  Range=       54:63       (2, 0, 5)
   0   1   1   0   0   0 ::    1   3   3   1   1   1 ::      9  Range=       63:72       (2, 1, 2)
   0   1   0   1   0   0 ::    1   3   1   3   1   1 ::      9  Range=       72:81       (2, 1, 3)
   0   1   0   0   1   0 ::    1   3   1   1   3   1 ::      9  Range=       81:90       (2, 1, 4)
   0   1   0   0   0   1 ::    1   3   1   1   1   3 ::      9  Range=       90:99       (2, 1, 5)
   0   0   1   1   0   0 ::    1   1   3   3   1   1 ::      9  Range=       99:108      (2, 2, 3)
   0   0   1   0   1   0 ::    1   1   3   1   3   1 ::      9  Range=      108:117      (2, 2, 4)
   0   0   1   0   0   1 ::    1   1   3   1   1   3 ::      9  Range=      117:126      (2, 2, 5)
   0   0   0   1   1   0 ::    1   1   1   3   3   1 ::      9  Range=      126:135      (2, 3, 4)
   0   0   0   1   0   1 ::    1   1   1   3   1   3 ::      9  Range=      135:144      (2, 3, 5)
   0   0   0   0   1   1 ::    1   1   1   1   3   3 ::      9  Range=      144:153      (2, 4, 5)

 Solve for supersystem eigenvalues: Dimension =  1
  Davidson Iter    1  |  Vecs:   1 :  |       -9.00000000  |  0.0e+00 
 Davidson Converged

(1, 1)
(1, 1)

 State              Energy          Relative          <S2>
     0 =       -9.00000000        0.00000000    0.00000000
DMBPTinfinity Calculation
  Order        Correction            Energy 
      1        0.00000000        0.00000000 
      2       -3.75000000       -3.75000000 
      3        1.87500000       -1.87500000 
      4       -1.68750000       -3.56250000 
      5        1.21875000       -2.34375000 
      6       -1.10156250       -3.44531250 
      7        0.87890625       -2.56640625 
      8       -0.79833984       -3.36474609 
      9        0.66796875       -2.69677734 
     10       -0.60745239       -3.30422974 
     11        0.52194214       -2.78228760 
     12       -0.47359085       -3.25587845 
     13        0.41333771       -2.84254074 
     14       -0.37385488       -3.21639562 
     15        0.32938027       -2.88701534 
     16       -0.29705038       -3.18406572 
     17        0.26322795       -2.92083777 
     18       -0.23684612       -3.15768390 
     19        0.21063220       -2.94705170 
     20       -0.18920139       -3.13625309 
     21        0.16863968       -2.96761341 
     22       -0.15129985       -3.11891325 
     23        0.13504939       -2.98386386 
     24       -0.12106268       -3.10492654 
     25        0.10815811       -2.99676843 
     26       -0.09690138       -3.09366981 
     27        0.08662275       -3.00704706 
     28       -0.07757751       -3.08462457 
     29        0.06937470       -3.01524988 
     30       -0.06211446       -3.07736433 
     31        0.05556017       -3.02180416 
     32       -0.04973706       -3.07154122 
     33        0.04449585       -3.02704537 
     34       -0.03982777       -3.06687314 
     35        0.03563445       -3.03123869 
     36       -0.03189358       -3.06313227 
     37        0.02853754       -3.03459473 
     38       -0.02554040       -3.06013513 
     39        0.02285387       -3.03728126 
     40       -0.02045297       -3.05773423 
     41        0.01830210       -3.03943213 
     42       -0.01637902       -3.05581115 
     43        0.01465685       -3.04115430 
     44       -0.01311660       -3.05427090 
     45        0.01173760       -3.04253330 
     46       -0.01050402       -3.05303732 
     47        0.00939977       -3.04363755 
     48       -0.00841184       -3.05204939 
     49        0.00752757       -3.04452182 
     50       -0.00673638       -3.05125820 
     51        0.00602826       -3.04522994 
     52       -0.00539464       -3.05062458 
     53        0.00482757       -3.04579701 
     54       -0.00432015       -3.05011715 
     55        0.00386603       -3.04625112 
     56       -0.00345967       -3.04971079 
     57        0.00309601       -3.04661478 
     58       -0.00277058       -3.04938536 
     59        0.00247936       -3.04690601 
     60       -0.00221875       -3.04912475 
     61        0.00198552       -3.04713923 
     62       -0.00177682       -3.04891605 
     63        0.00159005       -3.04732600 
     64       -0.00142292       -3.04874892 
     65        0.00127335       -3.04747556 
     66       -0.00113951       -3.04861507 
     67        0.00101973       -3.04759534 
     68       -0.00091254       -3.04850788 
     69        0.00081662       -3.04769126 
     70       -0.00073079       -3.04842205 
     71        0.00065397       -3.04776808 
     72       -0.00058523       -3.04835331 
     73        0.00052371       -3.04782959 
     74       -0.00046867       -3.04829826 
     75        0.00041940       -3.04787885 
     76       -0.00037532       -3.04825417 
     77        0.00033587       -3.04791831 
     78       -0.00030056       -3.04821887 
     79        0.00026897       -3.04794990 
     80       -0.00024070       -3.04819060 
     81        0.00021540       -3.04797520 
     82       -0.00019276       -3.04816795 
     83        0.00017250       -3.04799546 
     84       -0.00015436       -3.04814982 
     85        0.00013814       -3.04801169 
     86       -0.00012362       -3.04813530 
     87        0.00011062       -3.04802468 
     88       -0.00009900       -3.04812368 
     89        0.00008859       -3.04803509 
     90       -0.00007928       -3.04811436 
     91        0.00007095       -3.04804342 
     92       -0.00006349       -3.04810691 
     93        0.00005681       -3.04805009 
     94       -0.00005084       -3.04810093 
     95        0.00004550       -3.04805544 
     96       -0.00004072       -3.04809615 
     97        0.00003644       -3.04805972 
     98       -0.00003261       -3.04809232 
     99        0.00002918       -3.04806314 
    100       -0.00002611       -3.04808925 
    101        0.00002337       -3.04806589 
    102       -0.00002091       -3.04808680 
    103        0.00001871       -3.04806809 
    104       -0.00001675       -3.04808483 
    105        0.00001499       -3.04806985 
    106       -0.00001341       -3.04808326 
    107        0.00001200       -3.04807126 
    108       -0.00001074       -3.04808199 
    109        0.00000961       -3.04807238 
    110       -0.00000860       -3.04808098 
    111        0.00000770       -3.04807329 
    112       -0.00000689       -3.04808018 
    113        0.00000616       -3.04807401 
    114       -0.00000552       -3.04807953 
    115        0.00000494       -3.04807459 
    116       -0.00000442       -3.04807901 
    117        0.00000395       -3.04807506 
    118       -0.00000354       -3.04807859 
    119        0.00000317       -3.04807543 
    120       -0.00000283       -3.04807826 
    121        0.00000253       -3.04807573 
    122       -0.00000227       -3.04807799 
    123        0.00000203       -3.04807596 
    124       -0.00000182       -3.04807778 
    125        0.00000163       -3.04807616 
    126       -0.00000145       -3.04807761 
    127        0.00000130       -3.04807631 
    128       -0.00000117       -3.04807747 
    129        0.00000104       -3.04807643 
    130       -0.00000093       -3.04807736 
    131        0.00000083       -3.04807653 
    132       -0.00000075       -3.04807728 
    133        0.00000067       -3.04807661 
    134       -0.00000060       -3.04807721 
    135        0.00000054       -3.04807667 
    136       -0.00000048       -3.04807715 
    137        0.00000043       -3.04807672 
    138       -0.00000038       -3.04807710 
    139        0.00000034       -3.04807676 
    140       -0.00000031       -3.04807707 
    141        0.00000028       -3.04807679 
    142       -0.00000025       -3.04807704 
    143        0.00000022       -3.04807682 
    144       -0.00000020       -3.04807702 
    145        0.00000018       -3.04807684 
    146       -0.00000016       -3.04807700 
    147        0.00000014       -3.04807686 
    148       -0.00000013       -3.04807698 
    149        0.00000011       -3.04807687 
    150       -0.00000010       -3.04807697 
    151        0.00000009       -3.04807688 
    152       -0.00000008       -3.04807696 
    153        0.00000007       -3.04807689 
    154       -0.00000006       -3.04807695 
    155        0.00000006       -3.04807690 
    156       -0.00000005       -3.04807695 
    157        0.00000005       -3.04807690 
    158       -0.00000004       -3.04807694 
    159        0.00000004       -3.04807691 
    160       -0.00000003       -3.04807694 
    161        0.00000003       -3.04807691 
    162       -0.00000003       -3.04807694 
    163        0.00000002       -3.04807691 
    164       -0.00000002       -3.04807693 
    165        0.00000002       -3.04807691 
    166       -0.00000002       -3.04807693 
    167        0.00000002       -3.04807692 
    168       -0.00000001       -3.04807693 
    169        0.00000001       -3.04807692 
    170       -0.00000001       -3.04807693 
    171        0.00000001       -3.04807692 
LCC Energy
  -12.04807693              
