 j12:
[[ 0. -1.  0.  0.  0.  0.  0.  0.  0.  0.  0.  0.  0.  0.  0.  0.]
 [-1.  0.  1.  0.  0.  0.  0.  0.  0.  0.  0.  0.  0.  0.  0.  0.]
 [ 0.  1.  0. -1.  0.  0.  0.  0.  0.  0.  0.  0.  0.  0.  0.  0.]
 [ 0.  0. -1.  0.  1.  0.  0.  0.  0.  0.  0.  0.  0.  0.  0.  0.]
 [ 0.  0.  0.  1.  0. -1.  0.  0.  0.  0.  0.  0.  0.  0.  0.  0.]
 [ 0.  0.  0.  0. -1.  0.  1.  0.  0.  0.  0.  0.  0.  0.  0.  0.]
 [ 0.  0.  0.  0.  0.  1.  0. -1.  0.  0.  0.  0.  0.  0.  0.  0.]
 [ 0.  0.  0.  0.  0.  0. -1.  0.  1.  0.  0.  0.  0.  0.  0.  0.]
 [ 0.  0.  0.  0.  0.  0.  0.  1.  0. -1.  0.  0.  0.  0.  0.  0.]
 [ 0.  0.  0.  0.  0.  0.  0.  0. -1.  0.  1.  0.  0.  0.  0.  0.]
 [ 0.  0.  0.  0.  0.  0.  0.  0.  0.  1.  0. -1.  0.  0.  0.  0.]
 [ 0.  0.  0.  0.  0.  0.  0.  0.  0.  0. -1.  0.  1.  0.  0.  0.]
 [ 0.  0.  0.  0.  0.  0.  0.  0.  0.  0.  0.  1.  0. -1.  0.  0.]
 [ 0.  0.  0.  0.  0.  0.  0.  0.  0.  0.  0.  0. -1.  0.  1.  0.]
 [ 0.  0.  0.  0.  0.  0.  0.  0.  0.  0.  0.  0.  0.  1.  0. -1.]
 [ 0.  0.  0.  0.  0.  0.  0.  0.  0.  0.  0.  0.  0.  0. -1.  0.]]
 blocks:
[[ 0  1]
 [ 2  3]
 [ 4  5]
 [ 6  7]
 [ 8  9]
 [10 11]
 [12 13]
 [14 15]]
 n_blocks:
8
 Generate initial guess vectors
 Guess eigenstates
   Local State                 <H>          <S2>          <Sz> 
   0                   -1.50000000        0.0000        0.0000 
   1                    0.50000000        2.0000        0.0000 
   2                    0.50000000        2.0000       -1.0000 
   3                    0.50000000        2.0000        1.0000 
 Guess eigenstates
   Local State                 <H>          <S2>          <Sz> 
   0                   -1.50000000        0.0000        0.0000 
   1                    0.50000000        2.0000        0.0000 
   2                    0.50000000        2.0000       -1.0000 
   3                    0.50000000        2.0000        1.0000 
 Guess eigenstates
   Local State                 <H>          <S2>          <Sz> 
   0                   -1.50000000        0.0000        0.0000 
   1                    0.50000000        2.0000        0.0000 
   2                    0.50000000        2.0000       -1.0000 
   3                    0.50000000        2.0000        1.0000 
 Guess eigenstates
   Local State                 <H>          <S2>          <Sz> 
   0                   -1.50000000        0.0000        0.0000 
   1                    0.50000000        2.0000        0.0000 
   2                    0.50000000        2.0000       -1.0000 
   3                    0.50000000        2.0000        1.0000 
 Guess eigenstates
   Local State                 <H>          <S2>          <Sz> 
   0                   -1.50000000        0.0000        0.0000 
   1                    0.50000000        2.0000        0.0000 
   2                    0.50000000        2.0000       -1.0000 
   3                    0.50000000        2.0000        1.0000 
 Guess eigenstates
   Local State                 <H>          <S2>          <Sz> 
   0                   -1.50000000        0.0000        0.0000 
   1                    0.50000000        2.0000        0.0000 
   2                    0.50000000        2.0000       -1.0000 
   3                    0.50000000        2.0000        1.0000 
 Guess eigenstates
   Local State                 <H>          <S2>          <Sz> 
   0                   -1.50000000        0.0000        0.0000 
   1                    0.50000000        2.0000        0.0000 
   2                    0.50000000        2.0000       -1.0000 
   3                    0.50000000        2.0000        1.0000 
 Guess eigenstates
   Local State                 <H>          <S2>          <Sz> 
   0                   -1.50000000        0.0000        0.0000 
   1                    0.50000000        2.0000        0.0000 
   2                    0.50000000        2.0000       -1.0000 
   3                    0.50000000        2.0000        1.0000 

 Prepare Lattice Blocks:
[1, 1, 1, 1, 1, 1, 1, 1] [3, 3, 3, 3, 3, 3, 3, 3]
 Block 0   :    0,    1 : [1, 3, 0]
 Block 1   :    2,    3 : [1, 3, 0]
 Block 2   :    4,    5 : [1, 3, 0]
 Block 3   :    6,    7 : [1, 3, 0]
 Block 4   :    8,    9 : [1, 3, 0]
 Block 5   :   10,   11 : [1, 3, 0]
 Block 6   :   12,   13 : [1, 3, 0]
 Block 7   :   14,   15 : [1, 3, 0]

 Prepare Tucker blocks:

 Configurations defining the variational space
   0   0   0   0   0   0   0   0 ::    1   1   1   1   1   1   1   1 ::      1  Range=        0:1       

 Configurations defining the perturbational space
   1   0   0   0   0   0   0   0 ::    3   1   1   1   1   1   1   1 ::      3  Range=        0:3        (1, 0)
   0   1   0   0   0   0   0   0 ::    1   3   1   1   1   1   1   1 ::      3  Range=        3:6        (1, 1)
   0   0   1   0   0   0   0   0 ::    1   1   3   1   1   1   1   1 ::      3  Range=        6:9        (1, 2)
   0   0   0   1   0   0   0   0 ::    1   1   1   3   1   1   1   1 ::      3  Range=        9:12       (1, 3)
   0   0   0   0   1   0   0   0 ::    1   1   1   1   3   1   1   1 ::      3  Range=       12:15       (1, 4)
   0   0   0   0   0   1   0   0 ::    1   1   1   1   1   3   1   1 ::      3  Range=       15:18       (1, 5)
   0   0   0   0   0   0   1   0 ::    1   1   1   1   1   1   3   1 ::      3  Range=       18:21       (1, 6)
   0   0   0   0   0   0   0   1 ::    1   1   1   1   1   1   1   3 ::      3  Range=       21:24       (1, 7)
   1   1   0   0   0   0   0   0 ::    3   3   1   1   1   1   1   1 ::      9  Range=       24:33       (2, 0, 1)
   1   0   1   0   0   0   0   0 ::    3   1   3   1   1   1   1   1 ::      9  Range=       33:42       (2, 0, 2)
   1   0   0   1   0   0   0   0 ::    3   1   1   3   1   1   1   1 ::      9  Range=       42:51       (2, 0, 3)
   1   0   0   0   1   0   0   0 ::    3   1   1   1   3   1   1   1 ::      9  Range=       51:60       (2, 0, 4)
   1   0   0   0   0   1   0   0 ::    3   1   1   1   1   3   1   1 ::      9  Range=       60:69       (2, 0, 5)
   1   0   0   0   0   0   1   0 ::    3   1   1   1   1   1   3   1 ::      9  Range=       69:78       (2, 0, 6)
   1   0   0   0   0   0   0   1 ::    3   1   1   1   1   1   1   3 ::      9  Range=       78:87       (2, 0, 7)
   0   1   1   0   0   0   0   0 ::    1   3   3   1   1   1   1   1 ::      9  Range=       87:96       (2, 1, 2)
   0   1   0   1   0   0   0   0 ::    1   3   1   3   1   1   1   1 ::      9  Range=       96:105      (2, 1, 3)
   0   1   0   0   1   0   0   0 ::    1   3   1   1   3   1   1   1 ::      9  Range=      105:114      (2, 1, 4)
   0   1   0   0   0   1   0   0 ::    1   3   1   1   1   3   1   1 ::      9  Range=      114:123      (2, 1, 5)
   0   1   0   0   0   0   1   0 ::    1   3   1   1   1   1   3   1 ::      9  Range=      123:132      (2, 1, 6)
   0   1   0   0   0   0   0   1 ::    1   3   1   1   1   1   1   3 ::      9  Range=      132:141      (2, 1, 7)
   0   0   1   1   0   0   0   0 ::    1   1   3   3   1   1   1   1 ::      9  Range=      141:150      (2, 2, 3)
   0   0   1   0   1   0   0   0 ::    1   1   3   1   3   1   1   1 ::      9  Range=      150:159      (2, 2, 4)
   0   0   1   0   0   1   0   0 ::    1   1   3   1   1   3   1   1 ::      9  Range=      159:168      (2, 2, 5)
   0   0   1   0   0   0   1   0 ::    1   1   3   1   1   1   3   1 ::      9  Range=      168:177      (2, 2, 6)
   0   0   1   0   0   0   0   1 ::    1   1   3   1   1   1   1   3 ::      9  Range=      177:186      (2, 2, 7)
   0   0   0   1   1   0   0   0 ::    1   1   1   3   3   1   1   1 ::      9  Range=      186:195      (2, 3, 4)
   0   0   0   1   0   1   0   0 ::    1   1   1   3   1   3   1   1 ::      9  Range=      195:204      (2, 3, 5)
   0   0   0   1   0   0   1   0 ::    1   1   1   3   1   1   3   1 ::      9  Range=      204:213      (2, 3, 6)
   0   0   0   1   0   0   0   1 ::    1   1   1   3   1   1   1   3 ::      9  Range=      213:222      (2, 3, 7)
   0   0   0   0   1   1   0   0 ::    1   1   1   1   3   3   1   1 ::      9  Range=      222:231      (2, 4, 5)
   0   0   0   0   1   0   1   0 ::    1   1   1   1   3   1   3   1 ::      9  Range=      231:240      (2, 4, 6)
   0   0   0   0   1   0   0   1 ::    1   1   1   1   3   1   1   3 ::      9  Range=      240:249      (2, 4, 7)
   0   0   0   0   0   1   1   0 ::    1   1   1   1   1   3   3   1 ::      9  Range=      249:258      (2, 5, 6)
   0   0   0   0   0   1   0   1 ::    1   1   1   1   1   3   1   3 ::      9  Range=      258:267      (2, 5, 7)
   0   0   0   0   0   0   1   1 ::    1   1   1   1   1   1   3   3 ::      9  Range=      267:276      (2, 6, 7)

 Solve for supersystem eigenvalues: Dimension =  1
  Davidson Iter    1  |  Vecs:   1 :  |      -12.00000000  |  0.0e+00 
 Davidson Converged

(1, 1)
(1, 1)

 State              Energy          Relative          <S2>
     0 =      -12.00000000        0.00000000    0.00000000
DMBPTinfinity Calculation
  Order        Correction            Energy 
      1        0.00000000        0.00000000 
      2       -1.31250000       -1.31250000 
      3        0.32812500       -0.98437500 
      4       -0.15234375       -1.13671875 
      5        0.05566406       -1.08105469 
      6       -0.02600098       -1.10705566 
      7        0.01052856       -1.09652710 
      8       -0.00494957       -1.10147667 
      9        0.00210571       -1.09937096 
     10       -0.00099376       -1.10036471 
     11        0.00043510       -1.09992962 
     12       -0.00020574       -1.10013536 
     13        0.00009176       -1.10004360 
     14       -0.00004342       -1.10008702 
     15        0.00001961       -1.10006741 
     16       -0.00000928       -1.10007669 
     17        0.00000423       -1.10007246 
     18       -0.00000200       -1.10007446 
     19        0.00000092       -1.10007354 
     20       -0.00000043       -1.10007397 
     21        0.00000020       -1.10007377 
     22       -0.00000009       -1.10007387 
     23        0.00000004       -1.10007383 
     24       -0.00000002       -1.10007385 
     25        0.00000001       -1.10007384 
LCC Energy
  -13.10007384              
