 j12:
[[ 0. -1.  0.  0.  0.  0.  0.  0.  0.  0.  0.  0.]
 [-1.  0.  1.  0.  0.  0.  0.  0.  0.  0.  0.  0.]
 [ 0.  1.  0. -1.  0.  0.  0.  0.  0.  0.  0.  0.]
 [ 0.  0. -1.  0.  1.  0.  0.  0.  0.  0.  0.  0.]
 [ 0.  0.  0.  1.  0. -1.  0.  0.  0.  0.  0.  0.]
 [ 0.  0.  0.  0. -1.  0.  1.  0.  0.  0.  0.  0.]
 [ 0.  0.  0.  0.  0.  1.  0. -1.  0.  0.  0.  0.]
 [ 0.  0.  0.  0.  0.  0. -1.  0.  1.  0.  0.  0.]
 [ 0.  0.  0.  0.  0.  0.  0.  1.  0. -1.  0.  0.]
 [ 0.  0.  0.  0.  0.  0.  0.  0. -1.  0.  1.  0.]
 [ 0.  0.  0.  0.  0.  0.  0.  0.  0.  1.  0. -1.]
 [ 0.  0.  0.  0.  0.  0.  0.  0.  0.  0. -1.  0.]]
 blocks:
[[ 0  1  2  3]
 [ 4  5  6  7]
 [ 8  9 10 11]]
 n_blocks:
3
 Generate initial guess vectors
 Guess eigenstates
   Local State                 <H>          <S2>          <Sz> 
   0                   -3.14575131        0.0000        0.0000 
   1                   -1.50000000        2.0000        1.0000 
   2                   -1.50000000        2.0000       -0.0000 
   3                   -1.50000000        2.0000       -1.0000 
   4                   -0.91421356        2.0000        1.0000 
   5                   -0.91421356        2.0000       -1.0000 
   6                   -0.91421356        2.0000        0.0000 
   7                    0.50000000        6.0000       -2.0000 
   8                    0.50000000        6.0000        2.0000 
   9                    0.50000000        6.0000        0.0000 
   10                   0.50000000        6.0000        1.0000 
   11                   0.50000000        6.0000       -1.0000 
   12                   1.91421356        2.0000       -1.0000 
   13                   1.91421356        2.0000        0.0000 
   14                   1.91421356        2.0000        1.0000 
   15                   2.14575131        0.0000        0.0000 
 Guess eigenstates
   Local State                 <H>          <S2>          <Sz> 
   0                   -3.14575131        0.0000        0.0000 
   1                   -1.50000000        2.0000        1.0000 
   2                   -1.50000000        2.0000       -0.0000 
   3                   -1.50000000        2.0000       -1.0000 
   4                   -0.91421356        2.0000        1.0000 
   5                   -0.91421356        2.0000       -1.0000 
   6                   -0.91421356        2.0000        0.0000 
   7                    0.50000000        6.0000       -2.0000 
   8                    0.50000000        6.0000        2.0000 
   9                    0.50000000        6.0000        0.0000 
   10                   0.50000000        6.0000        1.0000 
   11                   0.50000000        6.0000       -1.0000 
   12                   1.91421356        2.0000       -1.0000 
   13                   1.91421356        2.0000        0.0000 
   14                   1.91421356        2.0000        1.0000 
   15                   2.14575131        0.0000        0.0000 
 Guess eigenstates
   Local State                 <H>          <S2>          <Sz> 
   0                   -3.14575131        0.0000        0.0000 
   1                   -1.50000000        2.0000        1.0000 
   2                   -1.50000000        2.0000       -0.0000 
   3                   -1.50000000        2.0000       -1.0000 
   4                   -0.91421356        2.0000        1.0000 
   5                   -0.91421356        2.0000       -1.0000 
   6                   -0.91421356        2.0000        0.0000 
   7                    0.50000000        6.0000       -2.0000 
   8                    0.50000000        6.0000        2.0000 
   9                    0.50000000        6.0000        0.0000 
   10                   0.50000000        6.0000        1.0000 
   11                   0.50000000        6.0000       -1.0000 
   12                   1.91421356        2.0000       -1.0000 
   13                   1.91421356        2.0000        0.0000 
   14                   1.91421356        2.0000        1.0000 
   15                   2.14575131        0.0000        0.0000 

 Prepare Lattice Blocks:
[1, 1, 1] [15, 15, 15]
 Block 0   :    0,    1,    2,    3 : [1, 15, 0]
 Block 1   :    4,    5,    6,    7 : [1, 15, 0]
 Block 2   :    8,    9,   10,   11 : [1, 15, 0]

 Prepare Tucker blocks:

 Configurations defining the variational space
   0   0   0 ::    1   1   1 ::      1  Range=        0:1       

 Configurations defining the perturbational space
   1   0   0 ::   15   1   1 ::     15  Range=        0:15       (1, 0)
   0   1   0 ::    1  15   1 ::     15  Range=       15:30       (1, 1)
   0   0   1 ::    1   1  15 ::     15  Range=       30:45       (1, 2)
   1   1   0 ::   15  15   1 ::    225  Range=       45:270      (2, 0, 1)
   1   0   1 ::   15   1  15 ::    225  Range=      270:495      (2, 0, 2)
   0   1   1 ::    1  15  15 ::    225  Range=      495:720      (2, 1, 2)

 Solve for supersystem eigenvalues: Dimension =  1
  Davidson Iter    1  |  Vecs:   1 :  |       -9.43725393  |  0.0e+00 
 Davidson Converged

(1, 1)
(1, 1)

 State              Energy          Relative          <S2>
     0 =       -9.43725393        0.00000000    0.00000000
DMBPTinfinity Calculation
  Order        Correction            Energy 
      1        0.00000000        0.00000000 
      2       -0.39773059       -0.39773059 
      3        0.10631463       -0.29141596 
      4       -0.02976236       -0.32117832 
      5        0.00841859       -0.31275973 
      6       -0.00246780       -0.31522753 
      7        0.00073087       -0.31449666 
      8       -0.00022303       -0.31471969 
      9        0.00006876       -0.31465093 
     10       -0.00002170       -0.31467263 
     11        0.00000691       -0.31466572 
     12       -0.00000224       -0.31466796 
     13        0.00000073       -0.31466723 
     14       -0.00000024       -0.31466747 
     15        0.00000008       -0.31466739 
     16       -0.00000003       -0.31466741 
     17        0.00000001       -0.31466741 
LCC Energy
  -9.43725393  -9.75192134              
