 j12:
[[ 0. -1.  0.  0.  0.  0.  0.  0.  0.  0.  0.  0.  0.  0.  0.  0.  0.  0.
   0.  0.  0.  0.  0.  0.]
 [-1.  0.  2.  0.  0.  0.  0.  0.  0.  0.  0.  0.  0.  0.  0.  0.  0.  0.
   0.  0.  0.  0.  0.  0.]
 [ 0.  2.  0. -1.  0.  0.  0.  0.  0.  0.  0.  0.  0.  0.  0.  0.  0.  0.
   0.  0.  0.  0.  0.  0.]
 [ 0.  0. -1.  0.  2.  0.  0.  0.  0.  0.  0.  0.  0.  0.  0.  0.  0.  0.
   0.  0.  0.  0.  0.  0.]
 [ 0.  0.  0.  2.  0. -1.  0.  0.  0.  0.  0.  0.  0.  0.  0.  0.  0.  0.
   0.  0.  0.  0.  0.  0.]
 [ 0.  0.  0.  0. -1.  0.  2.  0.  0.  0.  0.  0.  0.  0.  0.  0.  0.  0.
   0.  0.  0.  0.  0.  0.]
 [ 0.  0.  0.  0.  0.  2.  0. -1.  0.  0.  0.  0.  0.  0.  0.  0.  0.  0.
   0.  0.  0.  0.  0.  0.]
 [ 0.  0.  0.  0.  0.  0. -1.  0.  2.  0.  0.  0.  0.  0.  0.  0.  0.  0.
   0.  0.  0.  0.  0.  0.]
 [ 0.  0.  0.  0.  0.  0.  0.  2.  0. -1.  0.  0.  0.  0.  0.  0.  0.  0.
   0.  0.  0.  0.  0.  0.]
 [ 0.  0.  0.  0.  0.  0.  0.  0. -1.  0.  2.  0.  0.  0.  0.  0.  0.  0.
   0.  0.  0.  0.  0.  0.]
 [ 0.  0.  0.  0.  0.  0.  0.  0.  0.  2.  0. -1.  0.  0.  0.  0.  0.  0.
   0.  0.  0.  0.  0.  0.]
 [ 0.  0.  0.  0.  0.  0.  0.  0.  0.  0. -1.  0.  2.  0.  0.  0.  0.  0.
   0.  0.  0.  0.  0.  0.]
 [ 0.  0.  0.  0.  0.  0.  0.  0.  0.  0.  0.  2.  0. -1.  0.  0.  0.  0.
   0.  0.  0.  0.  0.  0.]
 [ 0.  0.  0.  0.  0.  0.  0.  0.  0.  0.  0.  0. -1.  0.  2.  0.  0.  0.
   0.  0.  0.  0.  0.  0.]
 [ 0.  0.  0.  0.  0.  0.  0.  0.  0.  0.  0.  0.  0.  2.  0. -1.  0.  0.
   0.  0.  0.  0.  0.  0.]
 [ 0.  0.  0.  0.  0.  0.  0.  0.  0.  0.  0.  0.  0.  0. -1.  0.  2.  0.
   0.  0.  0.  0.  0.  0.]
 [ 0.  0.  0.  0.  0.  0.  0.  0.  0.  0.  0.  0.  0.  0.  0.  2.  0. -1.
   0.  0.  0.  0.  0.  0.]
 [ 0.  0.  0.  0.  0.  0.  0.  0.  0.  0.  0.  0.  0.  0.  0.  0. -1.  0.
   2.  0.  0.  0.  0.  0.]
 [ 0.  0.  0.  0.  0.  0.  0.  0.  0.  0.  0.  0.  0.  0.  0.  0.  0.  2.
   0. -1.  0.  0.  0.  0.]
 [ 0.  0.  0.  0.  0.  0.  0.  0.  0.  0.  0.  0.  0.  0.  0.  0.  0.  0.
  -1.  0.  2.  0.  0.  0.]
 [ 0.  0.  0.  0.  0.  0.  0.  0.  0.  0.  0.  0.  0.  0.  0.  0.  0.  0.
   0.  2.  0. -1.  0.  0.]
 [ 0.  0.  0.  0.  0.  0.  0.  0.  0.  0.  0.  0.  0.  0.  0.  0.  0.  0.
   0.  0. -1.  0.  2.  0.]
 [ 0.  0.  0.  0.  0.  0.  0.  0.  0.  0.  0.  0.  0.  0.  0.  0.  0.  0.
   0.  0.  0.  2.  0. -1.]
 [ 0.  0.  0.  0.  0.  0.  0.  0.  0.  0.  0.  0.  0.  0.  0.  0.  0.  0.
   0.  0.  0.  0. -1.  0.]]
 blocks:
[[ 0  1]
 [ 2  3]
 [ 4  5]
 [ 6  7]
 [ 8  9]
 [10 11]
 [12 13]
 [14 15]
 [16 17]
 [18 19]
 [20 21]
 [22 23]]
 n_blocks:
12
 Generate initial guess vectors
 Guess eigenstates
   Local State                 <H>          <S2>          <Sz> 
   0                   -1.50000000        0.0000        0.0000 
   1                    0.50000000        2.0000        0.0000 
   2                    0.50000000        2.0000       -1.0000 
   3                    0.50000000        2.0000        1.0000 
 Guess eigenstates
   Local State                 <H>          <S2>          <Sz> 
   0                   -1.50000000        0.0000        0.0000 
   1                    0.50000000        2.0000        0.0000 
   2                    0.50000000        2.0000       -1.0000 
   3                    0.50000000        2.0000        1.0000 
 Guess eigenstates
   Local State                 <H>          <S2>          <Sz> 
   0                   -1.50000000        0.0000        0.0000 
   1                    0.50000000        2.0000        0.0000 
   2                    0.50000000        2.0000       -1.0000 
   3                    0.50000000        2.0000        1.0000 
 Guess eigenstates
   Local State                 <H>          <S2>          <Sz> 
   0                   -1.50000000        0.0000        0.0000 
   1                    0.50000000        2.0000        0.0000 
   2                    0.50000000        2.0000       -1.0000 
   3                    0.50000000        2.0000        1.0000 
 Guess eigenstates
   Local State                 <H>          <S2>          <Sz> 
   0                   -1.50000000        0.0000        0.0000 
   1                    0.50000000        2.0000        0.0000 
   2                    0.50000000        2.0000       -1.0000 
   3                    0.50000000        2.0000        1.0000 
 Guess eigenstates
   Local State                 <H>          <S2>          <Sz> 
   0                   -1.50000000        0.0000        0.0000 
   1                    0.50000000        2.0000        0.0000 
   2                    0.50000000        2.0000       -1.0000 
   3                    0.50000000        2.0000        1.0000 
 Guess eigenstates
   Local State                 <H>          <S2>          <Sz> 
   0                   -1.50000000        0.0000        0.0000 
   1                    0.50000000        2.0000        0.0000 
   2                    0.50000000        2.0000       -1.0000 
   3                    0.50000000        2.0000        1.0000 
 Guess eigenstates
   Local State                 <H>          <S2>          <Sz> 
   0                   -1.50000000        0.0000        0.0000 
   1                    0.50000000        2.0000        0.0000 
   2                    0.50000000        2.0000       -1.0000 
   3                    0.50000000        2.0000        1.0000 
 Guess eigenstates
   Local State                 <H>          <S2>          <Sz> 
   0                   -1.50000000        0.0000        0.0000 
   1                    0.50000000        2.0000        0.0000 
   2                    0.50000000        2.0000       -1.0000 
   3                    0.50000000        2.0000        1.0000 
 Guess eigenstates
   Local State                 <H>          <S2>          <Sz> 
   0                   -1.50000000        0.0000        0.0000 
   1                    0.50000000        2.0000        0.0000 
   2                    0.50000000        2.0000       -1.0000 
   3                    0.50000000        2.0000        1.0000 
 Guess eigenstates
   Local State                 <H>          <S2>          <Sz> 
   0                   -1.50000000        0.0000        0.0000 
   1                    0.50000000        2.0000        0.0000 
   2                    0.50000000        2.0000       -1.0000 
   3                    0.50000000        2.0000        1.0000 
 Guess eigenstates
   Local State                 <H>          <S2>          <Sz> 
   0                   -1.50000000        0.0000        0.0000 
   1                    0.50000000        2.0000        0.0000 
   2                    0.50000000        2.0000       -1.0000 
   3                    0.50000000        2.0000        1.0000 

 Prepare Lattice Blocks:
[1, 1, 1, 1, 1, 1, 1, 1, 1, 1, 1, 1] [3, 3, 3, 3, 3, 3, 3, 3, 3, 3, 3, 3]
 Block 0   :    0,    1 : [1, 3, 0]
 Block 1   :    2,    3 : [1, 3, 0]
 Block 2   :    4,    5 : [1, 3, 0]
 Block 3   :    6,    7 : [1, 3, 0]
 Block 4   :    8,    9 : [1, 3, 0]
 Block 5   :   10,   11 : [1, 3, 0]
 Block 6   :   12,   13 : [1, 3, 0]
 Block 7   :   14,   15 : [1, 3, 0]
 Block 8   :   16,   17 : [1, 3, 0]
 Block 9   :   18,   19 : [1, 3, 0]
 Block 10  :   20,   21 : [1, 3, 0]
 Block 11  :   22,   23 : [1, 3, 0]

 Prepare Tucker blocks:

 Configurations defining the variational space
   0   0   0   0   0   0   0   0   0   0   0   0 ::    1   1   1   1   1   1   1   1   1   1   1   1 ::      1  Range=        0:1       

 Configurations defining the perturbational space
   1   0   0   0   0   0   0   0   0   0   0   0 ::    3   1   1   1   1   1   1   1   1   1   1   1 ::      3  Range=        0:3        (1, 0)
   0   1   0   0   0   0   0   0   0   0   0   0 ::    1   3   1   1   1   1   1   1   1   1   1   1 ::      3  Range=        3:6        (1, 1)
   0   0   1   0   0   0   0   0   0   0   0   0 ::    1   1   3   1   1   1   1   1   1   1   1   1 ::      3  Range=        6:9        (1, 2)
   0   0   0   1   0   0   0   0   0   0   0   0 ::    1   1   1   3   1   1   1   1   1   1   1   1 ::      3  Range=        9:12       (1, 3)
   0   0   0   0   1   0   0   0   0   0   0   0 ::    1   1   1   1   3   1   1   1   1   1   1   1 ::      3  Range=       12:15       (1, 4)
   0   0   0   0   0   1   0   0   0   0   0   0 ::    1   1   1   1   1   3   1   1   1   1   1   1 ::      3  Range=       15:18       (1, 5)
   0   0   0   0   0   0   1   0   0   0   0   0 ::    1   1   1   1   1   1   3   1   1   1   1   1 ::      3  Range=       18:21       (1, 6)
   0   0   0   0   0   0   0   1   0   0   0   0 ::    1   1   1   1   1   1   1   3   1   1   1   1 ::      3  Range=       21:24       (1, 7)
   0   0   0   0   0   0   0   0   1   0   0   0 ::    1   1   1   1   1   1   1   1   3   1   1   1 ::      3  Range=       24:27       (1, 8)
   0   0   0   0   0   0   0   0   0   1   0   0 ::    1   1   1   1   1   1   1   1   1   3   1   1 ::      3  Range=       27:30       (1, 9)
   0   0   0   0   0   0   0   0   0   0   1   0 ::    1   1   1   1   1   1   1   1   1   1   3   1 ::      3  Range=       30:33       (1, 10)
   0   0   0   0   0   0   0   0   0   0   0   1 ::    1   1   1   1   1   1   1   1   1   1   1   3 ::      3  Range=       33:36       (1, 11)
   1   1   0   0   0   0   0   0   0   0   0   0 ::    3   3   1   1   1   1   1   1   1   1   1   1 ::      9  Range=       36:45       (2, 0, 1)
   1   0   1   0   0   0   0   0   0   0   0   0 ::    3   1   3   1   1   1   1   1   1   1   1   1 ::      9  Range=       45:54       (2, 0, 2)
   1   0   0   1   0   0   0   0   0   0   0   0 ::    3   1   1   3   1   1   1   1   1   1   1   1 ::      9  Range=       54:63       (2, 0, 3)
   1   0   0   0   1   0   0   0   0   0   0   0 ::    3   1   1   1   3   1   1   1   1   1   1   1 ::      9  Range=       63:72       (2, 0, 4)
   1   0   0   0   0   1   0   0   0   0   0   0 ::    3   1   1   1   1   3   1   1   1   1   1   1 ::      9  Range=       72:81       (2, 0, 5)
   1   0   0   0   0   0   1   0   0   0   0   0 ::    3   1   1   1   1   1   3   1   1   1   1   1 ::      9  Range=       81:90       (2, 0, 6)
   1   0   0   0   0   0   0   1   0   0   0   0 ::    3   1   1   1   1   1   1   3   1   1   1   1 ::      9  Range=       90:99       (2, 0, 7)
   1   0   0   0   0   0   0   0   1   0   0   0 ::    3   1   1   1   1   1   1   1   3   1   1   1 ::      9  Range=       99:108      (2, 0, 8)
   1   0   0   0   0   0   0   0   0   1   0   0 ::    3   1   1   1   1   1   1   1   1   3   1   1 ::      9  Range=      108:117      (2, 0, 9)
   1   0   0   0   0   0   0   0   0   0   1   0 ::    3   1   1   1   1   1   1   1   1   1   3   1 ::      9  Range=      117:126      (2, 0, 10)
   1   0   0   0   0   0   0   0   0   0   0   1 ::    3   1   1   1   1   1   1   1   1   1   1   3 ::      9  Range=      126:135      (2, 0, 11)
   0   1   1   0   0   0   0   0   0   0   0   0 ::    1   3   3   1   1   1   1   1   1   1   1   1 ::      9  Range=      135:144      (2, 1, 2)
   0   1   0   1   0   0   0   0   0   0   0   0 ::    1   3   1   3   1   1   1   1   1   1   1   1 ::      9  Range=      144:153      (2, 1, 3)
   0   1   0   0   1   0   0   0   0   0   0   0 ::    1   3   1   1   3   1   1   1   1   1   1   1 ::      9  Range=      153:162      (2, 1, 4)
   0   1   0   0   0   1   0   0   0   0   0   0 ::    1   3   1   1   1   3   1   1   1   1   1   1 ::      9  Range=      162:171      (2, 1, 5)
   0   1   0   0   0   0   1   0   0   0   0   0 ::    1   3   1   1   1   1   3   1   1   1   1   1 ::      9  Range=      171:180      (2, 1, 6)
   0   1   0   0   0   0   0   1   0   0   0   0 ::    1   3   1   1   1   1   1   3   1   1   1   1 ::      9  Range=      180:189      (2, 1, 7)
   0   1   0   0   0   0   0   0   1   0   0   0 ::    1   3   1   1   1   1   1   1   3   1   1   1 ::      9  Range=      189:198      (2, 1, 8)
   0   1   0   0   0   0   0   0   0   1   0   0 ::    1   3   1   1   1   1   1   1   1   3   1   1 ::      9  Range=      198:207      (2, 1, 9)
   0   1   0   0   0   0   0   0   0   0   1   0 ::    1   3   1   1   1   1   1   1   1   1   3   1 ::      9  Range=      207:216      (2, 1, 10)
   0   1   0   0   0   0   0   0   0   0   0   1 ::    1   3   1   1   1   1   1   1   1   1   1   3 ::      9  Range=      216:225      (2, 1, 11)
   0   0   1   1   0   0   0   0   0   0   0   0 ::    1   1   3   3   1   1   1   1   1   1   1   1 ::      9  Range=      225:234      (2, 2, 3)
   0   0   1   0   1   0   0   0   0   0   0   0 ::    1   1   3   1   3   1   1   1   1   1   1   1 ::      9  Range=      234:243      (2, 2, 4)
   0   0   1   0   0   1   0   0   0   0   0   0 ::    1   1   3   1   1   3   1   1   1   1   1   1 ::      9  Range=      243:252      (2, 2, 5)
   0   0   1   0   0   0   1   0   0   0   0   0 ::    1   1   3   1   1   1   3   1   1   1   1   1 ::      9  Range=      252:261      (2, 2, 6)
   0   0   1   0   0   0   0   1   0   0   0   0 ::    1   1   3   1   1   1   1   3   1   1   1   1 ::      9  Range=      261:270      (2, 2, 7)
   0   0   1   0   0   0   0   0   1   0   0   0 ::    1   1   3   1   1   1   1   1   3   1   1   1 ::      9  Range=      270:279      (2, 2, 8)
   0   0   1   0   0   0   0   0   0   1   0   0 ::    1   1   3   1   1   1   1   1   1   3   1   1 ::      9  Range=      279:288      (2, 2, 9)
   0   0   1   0   0   0   0   0   0   0   1   0 ::    1   1   3   1   1   1   1   1   1   1   3   1 ::      9  Range=      288:297      (2, 2, 10)
   0   0   1   0   0   0   0   0   0   0   0   1 ::    1   1   3   1   1   1   1   1   1   1   1   3 ::      9  Range=      297:306      (2, 2, 11)
   0   0   0   1   1   0   0   0   0   0   0   0 ::    1   1   1   3   3   1   1   1   1   1   1   1 ::      9  Range=      306:315      (2, 3, 4)
   0   0   0   1   0   1   0   0   0   0   0   0 ::    1   1   1   3   1   3   1   1   1   1   1   1 ::      9  Range=      315:324      (2, 3, 5)
   0   0   0   1   0   0   1   0   0   0   0   0 ::    1   1   1   3   1   1   3   1   1   1   1   1 ::      9  Range=      324:333      (2, 3, 6)
   0   0   0   1   0   0   0   1   0   0   0   0 ::    1   1   1   3   1   1   1   3   1   1   1   1 ::      9  Range=      333:342      (2, 3, 7)
   0   0   0   1   0   0   0   0   1   0   0   0 ::    1   1   1   3   1   1   1   1   3   1   1   1 ::      9  Range=      342:351      (2, 3, 8)
   0   0   0   1   0   0   0   0   0   1   0   0 ::    1   1   1   3   1   1   1   1   1   3   1   1 ::      9  Range=      351:360      (2, 3, 9)
   0   0   0   1   0   0   0   0   0   0   1   0 ::    1   1   1   3   1   1   1   1   1   1   3   1 ::      9  Range=      360:369      (2, 3, 10)
   0   0   0   1   0   0   0   0   0   0   0   1 ::    1   1   1   3   1   1   1   1   1   1   1   3 ::      9  Range=      369:378      (2, 3, 11)
   0   0   0   0   1   1   0   0   0   0   0   0 ::    1   1   1   1   3   3   1   1   1   1   1   1 ::      9  Range=      378:387      (2, 4, 5)
   0   0   0   0   1   0   1   0   0   0   0   0 ::    1   1   1   1   3   1   3   1   1   1   1   1 ::      9  Range=      387:396      (2, 4, 6)
   0   0   0   0   1   0   0   1   0   0   0   0 ::    1   1   1   1   3   1   1   3   1   1   1   1 ::      9  Range=      396:405      (2, 4, 7)
   0   0   0   0   1   0   0   0   1   0   0   0 ::    1   1   1   1   3   1   1   1   3   1   1   1 ::      9  Range=      405:414      (2, 4, 8)
   0   0   0   0   1   0   0   0   0   1   0   0 ::    1   1   1   1   3   1   1   1   1   3   1   1 ::      9  Range=      414:423      (2, 4, 9)
   0   0   0   0   1   0   0   0   0   0   1   0 ::    1   1   1   1   3   1   1   1   1   1   3   1 ::      9  Range=      423:432      (2, 4, 10)
   0   0   0   0   1   0   0   0   0   0   0   1 ::    1   1   1   1   3   1   1   1   1   1   1   3 ::      9  Range=      432:441      (2, 4, 11)
   0   0   0   0   0   1   1   0   0   0   0   0 ::    1   1   1   1   1   3   3   1   1   1   1   1 ::      9  Range=      441:450      (2, 5, 6)
   0   0   0   0   0   1   0   1   0   0   0   0 ::    1   1   1   1   1   3   1   3   1   1   1   1 ::      9  Range=      450:459      (2, 5, 7)
   0   0   0   0   0   1   0   0   1   0   0   0 ::    1   1   1   1   1   3   1   1   3   1   1   1 ::      9  Range=      459:468      (2, 5, 8)
   0   0   0   0   0   1   0   0   0   1   0   0 ::    1   1   1   1   1   3   1   1   1   3   1   1 ::      9  Range=      468:477      (2, 5, 9)
   0   0   0   0   0   1   0   0   0   0   1   0 ::    1   1   1   1   1   3   1   1   1   1   3   1 ::      9  Range=      477:486      (2, 5, 10)
   0   0   0   0   0   1   0   0   0   0   0   1 ::    1   1   1   1   1   3   1   1   1   1   1   3 ::      9  Range=      486:495      (2, 5, 11)
   0   0   0   0   0   0   1   1   0   0   0   0 ::    1   1   1   1   1   1   3   3   1   1   1   1 ::      9  Range=      495:504      (2, 6, 7)
   0   0   0   0   0   0   1   0   1   0   0   0 ::    1   1   1   1   1   1   3   1   3   1   1   1 ::      9  Range=      504:513      (2, 6, 8)
   0   0   0   0   0   0   1   0   0   1   0   0 ::    1   1   1   1   1   1   3   1   1   3   1   1 ::      9  Range=      513:522      (2, 6, 9)
   0   0   0   0   0   0   1   0   0   0   1   0 ::    1   1   1   1   1   1   3   1   1   1   3   1 ::      9  Range=      522:531      (2, 6, 10)
   0   0   0   0   0   0   1   0   0   0   0   1 ::    1   1   1   1   1   1   3   1   1   1   1   3 ::      9  Range=      531:540      (2, 6, 11)
   0   0   0   0   0   0   0   1   1   0   0   0 ::    1   1   1   1   1   1   1   3   3   1   1   1 ::      9  Range=      540:549      (2, 7, 8)
   0   0   0   0   0   0   0   1   0   1   0   0 ::    1   1   1   1   1   1   1   3   1   3   1   1 ::      9  Range=      549:558      (2, 7, 9)
   0   0   0   0   0   0   0   1   0   0   1   0 ::    1   1   1   1   1   1   1   3   1   1   3   1 ::      9  Range=      558:567      (2, 7, 10)
   0   0   0   0   0   0   0   1   0   0   0   1 ::    1   1   1   1   1   1   1   3   1   1   1   3 ::      9  Range=      567:576      (2, 7, 11)
   0   0   0   0   0   0   0   0   1   1   0   0 ::    1   1   1   1   1   1   1   1   3   3   1   1 ::      9  Range=      576:585      (2, 8, 9)
   0   0   0   0   0   0   0   0   1   0   1   0 ::    1   1   1   1   1   1   1   1   3   1   3   1 ::      9  Range=      585:594      (2, 8, 10)
   0   0   0   0   0   0   0   0   1   0   0   1 ::    1   1   1   1   1   1   1   1   3   1   1   3 ::      9  Range=      594:603      (2, 8, 11)
   0   0   0   0   0   0   0   0   0   1   1   0 ::    1   1   1   1   1   1   1   1   1   3   3   1 ::      9  Range=      603:612      (2, 9, 10)
   0   0   0   0   0   0   0   0   0   1   0   1 ::    1   1   1   1   1   1   1   1   1   3   1   3 ::      9  Range=      612:621      (2, 9, 11)
   0   0   0   0   0   0   0   0   0   0   1   1 ::    1   1   1   1   1   1   1   1   1   1   3   3 ::      9  Range=      621:630      (2, 10, 11)

 Solve for supersystem eigenvalues: Dimension =  1
  Davidson Iter    1  |  Vecs:   1 :  |      -18.00000000  |  0.0e+00 
 Davidson Converged

(1, 1)
(1, 1)

 State              Energy          Relative          <S2>
     0 =      -18.00000000        0.00000000    0.00000000
DMBPTinfinity Calculation
  Order        Correction            Energy 
      1        0.00000000        0.00000000 
      2       -8.25000000       -8.25000000 
      3        4.12500000       -4.12500000 
      4       -3.93750000       -8.06250000 
      5        2.90625000       -5.15625000 
      6       -2.78906250       -7.94531250 
      7        2.28515625       -5.66015625 
      8       -2.20458984       -7.86474609 
      9        1.89843750       -5.96630859 
     10       -1.83792114       -7.80422974 
     11        1.62936401       -6.17486572 
     12       -1.58101273       -7.75587845 
     13        1.42847443       -6.32740402 
     14       -1.38820553       -7.71560955 
     15        1.27112067       -6.44448888 
     16       -1.23660533       -7.68109421 
     17        1.14354569       -6.53754853 
     18       -1.11333878       -7.65088731 
     19        1.03740072       -6.61348659 
     20       -1.01054369       -7.62403028 
     21        0.94728720       -6.67674308 
     22       -0.92311074       -7.59985381 
     23        0.86953799       -6.73031582 
     24       -0.84755575       -7.57787157 
     25        0.80156264       -6.77630893 
     26       -0.78141026       -7.55771919 
     27        0.74147247       -6.81624672 
     28       -0.72287079       -7.53911751 
     29        0.68785463       -6.85126287 
     30       -0.67058628       -7.52184915 
     31        0.63962976       -6.88221939 
     32       -0.62352350       -7.50574289 
     33        0.59595875       -6.90978414 
     34       -0.58087850       -7.49066265 
     35        0.55617959       -6.93448306 
     36       -0.54201630       -7.47649936 
     37        0.51976324       -6.95673612 
     38       -0.50642876       -7.46316488 
     39        0.48628196       -6.97688292 
     40       -0.47370432       -7.45058724 
     41        0.45538617       -6.99520107 
     42       -0.44350589       -7.43870696 
     43        0.42678718       -7.01191978 
     44       -0.41555444       -7.42747422 
     45        0.40024418       -7.02723004 
     46       -0.38961654       -7.41684658 
     47        0.37555426       -7.04129232 
     48       -0.36549498       -7.40678730 
     49        0.35254478       -7.05424252 
     50       -0.34302150       -7.39726402 
     51        0.33106744       -7.06619658 
     52       -0.32205116       -7.38824775 
     53        0.31099364       -7.07725411 
     54       -0.30245800       -7.37971211 
     55        0.29221087       -7.08750123 
     56       -0.28413155       -7.37163279 
     57        0.27461987       -7.09701292 
     58       -0.26697420       -7.36398712 
     59        0.25813233       -7.10585478 
     60       -0.25089899       -7.35675377 
     61        0.24266916       -7.11408462 
     62       -0.23582794       -7.34991256 
     63        0.22815900       -7.12175355 
     64       -0.22169069       -7.34344424 
     65        0.21453715       -7.12890709 
     66       -0.20842336       -7.33733045 
     67        0.20174455       -7.13558590 
     68       -0.19596770       -7.33155360 
     69        0.18972710       -7.14182649 
     70       -0.18427033       -7.32609682 
     71        0.17843504       -7.14766178 
     72       -0.17328216       -7.32094394 
     73        0.16782239       -7.15312155 
     74       -0.16295790       -7.31607945 
     75        0.15784659       -7.15823286 
     76       -0.15325562       -7.31148848 
     77        0.14846812       -7.16302036 
     78       -0.14413641       -7.30715677 
     79        0.13965020       -7.16750656 
     80       -0.13556411       -7.30307068 
     81        0.13135855       -7.17171212 
     82       -0.12750504       -7.29921716 
     83        0.12356116       -7.17565600 
     84       -0.11992776       -7.29558376 
     85        0.11622811       -7.17935566 
     86       -0.11280292       -7.29215858 
     87        0.10933137       -7.18282721 
     88       -0.10610307       -7.28893027 
     89        0.10284473       -7.18608554 
     90       -0.09980250       -7.28588803 
     91        0.09674359       -7.18914445 
     92       -0.09387715       -7.28302159 
     93        0.09100487       -7.19201672 
     94       -0.08830445       -7.28032117 
     95        0.08560693       -7.19471425 
     96       -0.08306325       -7.27777749 
     97        0.08052943       -7.19724806 
     98       -0.07813368       -7.27538175 
     99        0.07575328       -7.19962846 
    100       -0.07349711       -7.27312557 
    101        0.07126055       -7.20186502 
    102       -0.06913604       -7.27100106 
    103        0.06703438       -7.20396668 
    104       -0.06503402       -7.26900071 
    105        0.06305891       -7.20594180 
    106       -0.06117562       -7.26711742 
    107        0.05931926       -7.20779816 
    108       -0.05754632       -7.26534448 
    109        0.05580142       -7.20954305 
    110       -0.05413248       -7.26367553 
    111        0.05249223       -7.21118331 
    112       -0.05092128       -7.26210459 
    113        0.04937929       -7.21272530 
    114       -0.04790067       -7.26062597 
    115        0.04645097       -7.21417500 
    116       -0.04505933       -7.25923433 
    117        0.04369630       -7.21553803 
    118       -0.04238658       -7.25792461 
    119        0.04110500       -7.21681961 
    120       -0.03987243       -7.25669205 
    121        0.03866736       -7.21802468 
    122       -0.03750745       -7.25553213 
    123        0.03637428       -7.21915785 
    124       -0.03528278       -7.25444063 
    125        0.03421718       -7.22022345 
    126       -0.03319009       -7.25341354 
    127        0.03218800       -7.22122554 
    128       -0.03122155       -7.25244709 
    129        0.03027915       -7.22216794 
    130       -0.02936978       -7.25153772 
    131        0.02848350       -7.22305422 
    132       -0.02762786       -7.25068208 
    133        0.02679433       -7.22388775 
    134       -0.02598926       -7.24987701 
    135        0.02520533       -7.22467168 
    136       -0.02444786       -7.24911955 
    137        0.02371056       -7.22540899 
    138       -0.02299789       -7.24840688 
    139        0.02230443       -7.22610245 
    140       -0.02163392       -7.24773637 
    141        0.02098169       -7.22675468 
    142       -0.02035085       -7.24710554 
    143        0.01973739       -7.22736815 
    144       -0.01914389       -7.24651204 
    145        0.01856687       -7.22794516 
    146       -0.01800851       -7.24595367 
    147        0.01746578       -7.22848790 
    148       -0.01694047       -7.24542837 
    149        0.01642998       -7.22899839 
    150       -0.01593578       -7.24493417 
    151        0.01545561       -7.22947856 
    152       -0.01499067       -7.24446924 
    153        0.01453902       -7.22993022 
    154       -0.01410162       -7.24403184 
    155        0.01367678       -7.23035506 
    156       -0.01326530       -7.24362036 
    157        0.01286568       -7.23075468 
    158       -0.01247858       -7.24323326 
    159        0.01210268       -7.23113058 
    160       -0.01173852       -7.24286909 
    161        0.01138493       -7.23148416 
    162       -0.01104235       -7.24252651 
    163        0.01070975       -7.23181676 
    164       -0.01038747       -7.24220422 
    165        0.01007461       -7.23212961 
    166       -0.00977142       -7.24190104 
    167        0.00947713       -7.23242391 
    168       -0.00919192       -7.24161582 
    169        0.00891509       -7.23270073 
    170       -0.00864678       -7.24134751 
    171        0.00838638       -7.23296113 
    172       -0.00813397       -7.24109511 
    173        0.00788902       -7.23320609 
    174       -0.00765158       -7.24085766 
    175        0.00742116       -7.23343650 
    176       -0.00719779       -7.24063429 
    177        0.00698104       -7.23365325 
    178       -0.00677092       -7.24042417 
    179        0.00656703       -7.23385714 
    180       -0.00636936       -7.24022650 
    181        0.00617757       -7.23404893 
    182       -0.00599162       -7.24004055 
    183        0.00581121       -7.23422935 
    184       -0.00563628       -7.23986563 
    185        0.00546657       -7.23439906 
    186       -0.00530202       -7.23970108 
    187        0.00514237       -7.23455870 
    188       -0.00498758       -7.23954628 
    189        0.00483740       -7.23470888 
    190       -0.00469178       -7.23940066 
    191        0.00455052       -7.23485015 
    192       -0.00441353       -7.23926368 
    193        0.00428065       -7.23498303 
    194       -0.00415179       -7.23913482 
    195        0.00402678       -7.23510804 
    196       -0.00390556       -7.23901360 
    197        0.00378797       -7.23522563 
    198       -0.00367394       -7.23889957 
    199        0.00356332       -7.23533625 
    200       -0.00345605       -7.23879230 
    201        0.00335200       -7.23544030 
    202       -0.00325109       -7.23869139 
    203        0.00315320       -7.23553819 
    204       -0.00305828       -7.23859646 
    205        0.00296620       -7.23563026 
    206       -0.00287691       -7.23850717 
    207        0.00279029       -7.23571688 
    208       -0.00270629       -7.23842317 
    209        0.00262481       -7.23579836 
    210       -0.00254579       -7.23834415 
    211        0.00246914       -7.23587501 
    212       -0.00239481       -7.23826982 
    213        0.00232271       -7.23594711 
    214       -0.00225278       -7.23819989 
    215        0.00218496       -7.23601493 
    216       -0.00211918       -7.23813411 
    217        0.00205538       -7.23607873 
    218       -0.00199350       -7.23807224 
    219        0.00193348       -7.23613875 
    220       -0.00187528       -7.23801403 
    221        0.00181882       -7.23619521 
    222       -0.00176406       -7.23795927 
    223        0.00171095       -7.23624832 
    224       -0.00165944       -7.23790776 
    225        0.00160948       -7.23629828 
    226       -0.00156103       -7.23785931 
    227        0.00151403       -7.23634528 
    228       -0.00146845       -7.23781373 
    229        0.00142424       -7.23638949 
    230       -0.00138136       -7.23777085 
    231        0.00133977       -7.23643108 
    232       -0.00129944       -7.23773052 
    233        0.00126032       -7.23647020 
    234       -0.00122238       -7.23769257 
    235        0.00118557       -7.23650700 
    236       -0.00114988       -7.23765688 
    237        0.00111526       -7.23654162 
    238       -0.00108169       -7.23762330 
    239        0.00104912       -7.23657418 
    240       -0.00101754       -7.23759172 
    241        0.00098690       -7.23660482 
    242       -0.00095719       -7.23756201 
    243        0.00092837       -7.23663364 
    244       -0.00090042       -7.23753406 
    245        0.00087332       -7.23666074 
    246       -0.00084702       -7.23750777 
    247        0.00082152       -7.23668624 
    248       -0.00079679       -7.23748303 
    249        0.00077280       -7.23671023 
    250       -0.00074954       -7.23745977 
    251        0.00072697       -7.23673280 
    252       -0.00070508       -7.23743788 
    253        0.00068386       -7.23675403 
    254       -0.00066327       -7.23741729 
    255        0.00064330       -7.23677399 
    256       -0.00062393       -7.23739793 
    257        0.00060515       -7.23679278 
    258       -0.00058693       -7.23737971 
    259        0.00056926       -7.23681045 
    260       -0.00055212       -7.23736257 
    261        0.00053550       -7.23682707 
    262       -0.00051938       -7.23734645 
    263        0.00050374       -7.23684271 
    264       -0.00048858       -7.23733128 
    265        0.00047387       -7.23685742 
    266       -0.00045960       -7.23731702 
    267        0.00044576       -7.23687125 
    268       -0.00043234       -7.23730360 
    269        0.00041933       -7.23688427 
    270       -0.00040670       -7.23729097 
    271        0.00039446       -7.23689651 
    272       -0.00038258       -7.23727910 
    273        0.00037107       -7.23690803 
    274       -0.00035989       -7.23726793 
    275        0.00034906       -7.23691887 
    276       -0.00033855       -7.23725742 
    277        0.00032836       -7.23692906 
    278       -0.00031847       -7.23724753 
    279        0.00030888       -7.23693865 
    280       -0.00029959       -7.23723823 
    281        0.00029057       -7.23694767 
    282       -0.00028182       -7.23722948 
    283        0.00027333       -7.23695615 
    284       -0.00026510       -7.23722126 
    285        0.00025712       -7.23696413 
    286       -0.00024938       -7.23721351 
    287        0.00024187       -7.23697164 
    288       -0.00023459       -7.23720623 
    289        0.00022753       -7.23697870 
    290       -0.00022068       -7.23719938 
    291        0.00021404       -7.23698535 
    292       -0.00020759       -7.23719294 
    293        0.00020134       -7.23699160 
    294       -0.00019528       -7.23718688 
    295        0.00018940       -7.23699748 
    296       -0.00018370       -7.23718118 
    297        0.00017817       -7.23700301 
    298       -0.00017281       -7.23717581 
    299        0.00016760       -7.23700821 
    300       -0.00016256       -7.23717077 
    301        0.00015766       -7.23701310 
    302       -0.00015292       -7.23716602 
    303        0.00014831       -7.23701771 
    304       -0.00014385       -7.23716155 
    305        0.00013952       -7.23702204 
    306       -0.00013532       -7.23715735 
    307        0.00013124       -7.23702611 
    308       -0.00012729       -7.23715340 
    309        0.00012346       -7.23702994 
    310       -0.00011974       -7.23714969 
    311        0.00011614       -7.23703355 
    312       -0.00011264       -7.23714619 
    313        0.00010925       -7.23703694 
    314       -0.00010596       -7.23714290 
    315        0.00010277       -7.23704013 
    316       -0.00009968       -7.23713981 
    317        0.00009668       -7.23704313 
    318       -0.00009377       -7.23713690 
    319        0.00009094       -7.23704595 
    320       -0.00008820       -7.23713416 
    321        0.00008555       -7.23704861 
    322       -0.00008297       -7.23713158 
    323        0.00008048       -7.23705111 
    324       -0.00007805       -7.23712916 
    325        0.00007570       -7.23705346 
    326       -0.00007342       -7.23712688 
    327        0.00007121       -7.23705567 
    328       -0.00006907       -7.23712474 
    329        0.00006699       -7.23705775 
    330       -0.00006497       -7.23712272 
    331        0.00006302       -7.23705970 
    332       -0.00006112       -7.23712082 
    333        0.00005928       -7.23706154 
    334       -0.00005749       -7.23711904 
    335        0.00005576       -7.23706327 
    336       -0.00005409       -7.23711736 
    337        0.00005246       -7.23706490 
    338       -0.00005088       -7.23711578 
    339        0.00004935       -7.23706643 
    340       -0.00004786       -7.23711429 
    341        0.00004642       -7.23706787 
    342       -0.00004502       -7.23711290 
    343        0.00004367       -7.23706923 
    344       -0.00004235       -7.23711158 
    345        0.00004108       -7.23707050 
    346       -0.00003984       -7.23711034 
    347        0.00003864       -7.23707170 
    348       -0.00003748       -7.23710918 
    349        0.00003635       -7.23707283 
    350       -0.00003525       -7.23710809 
    351        0.00003419       -7.23707389 
    352       -0.00003316       -7.23710706 
    353        0.00003217       -7.23707489 
    354       -0.00003120       -7.23710609 
    355        0.00003026       -7.23707583 
    356       -0.00002935       -7.23710518 
    357        0.00002846       -7.23707671 
    358       -0.00002761       -7.23710432 
    359        0.00002678       -7.23707755 
    360       -0.00002597       -7.23710352 
    361        0.00002519       -7.23707833 
    362       -0.00002443       -7.23710276 
    363        0.00002369       -7.23707906 
    364       -0.00002298       -7.23710204 
    365        0.00002229       -7.23707976 
    366       -0.00002162       -7.23710137 
    367        0.00002097       -7.23708041 
    368       -0.00002034       -7.23710074 
    369        0.00001972       -7.23708102 
    370       -0.00001913       -7.23710015 
    371        0.00001855       -7.23708159 
    372       -0.00001799       -7.23709959 
    373        0.00001745       -7.23708214 
    374       -0.00001693       -7.23709906 
    375        0.00001642       -7.23708265 
    376       -0.00001592       -7.23709857 
    377        0.00001544       -7.23708312 
    378       -0.00001498       -7.23709810 
    379        0.00001453       -7.23708358 
    380       -0.00001409       -7.23709767 
    381        0.00001367       -7.23708400 
    382       -0.00001326       -7.23709726 
    383        0.00001286       -7.23708440 
    384       -0.00001247       -7.23709687 
    385        0.00001209       -7.23708477 
    386       -0.00001173       -7.23709650 
    387        0.00001138       -7.23708513 
    388       -0.00001103       -7.23709616 
    389        0.00001070       -7.23708546 
    390       -0.00001038       -7.23709584 
    391        0.00001007       -7.23708577 
    392       -0.00000976       -7.23709554 
    393        0.00000947       -7.23708607 
    394       -0.00000919       -7.23709525 
    395        0.00000891       -7.23708634 
    396       -0.00000864       -7.23709498 
    397        0.00000838       -7.23708660 
    398       -0.00000813       -7.23709473 
    399        0.00000788       -7.23708685 
    400       -0.00000765       -7.23709449 
LCC Energy
  -25.23708708              
