 j12:
[[ 0. -1.  0. ...,  0.  0.  0.]
 [-1.  0. -1. ...,  0.  0.  0.]
 [ 0. -1.  0. ...,  0.  0.  0.]
 ..., 
 [ 0.  0.  0. ...,  0. -1.  0.]
 [ 0.  0.  0. ..., -1.  0. -1.]
 [ 0.  0.  0. ...,  0. -1.  0.]]
 blocks:
[[ 0  1  2  3]
 [ 4  5  6  7]
 [ 8  9 10 11]
 [12 13 14 15]
 [16 17 18 19]
 [20 21 22 23]
 [24 25 26 27]
 [28 29 30 31]]
 n_blocks:
8
 Generate initial guess vectors
 Guess eigenstates
   Local State                 <H>          <S2>          <Sz> 
   0                   -3.23205081        0.0000       -0.0000 
   1                   -1.91421356        2.0000        1.0000 
   2                   -1.91421356        2.0000       -1.0000 
   3                   -1.91421356        2.0000       -0.0000 
   4                   -0.50000000        2.0000        1.0000 
   5                   -0.50000000        2.0000       -0.0000 
   6                   -0.50000000        2.0000       -1.0000 
   7                    0.23205081        0.0000       -0.0000 
   8                    0.91421356        2.0000        0.0000 
   9                    0.91421356        2.0000       -1.0000 
   10                   0.91421356        2.0000        1.0000 
   11                   1.50000000        6.0000       -1.0000 
   12                   1.50000000        6.0000       -2.0000 
   13                   1.50000000        6.0000        2.0000 
   14                   1.50000000        6.0000        1.0000 
   15                   1.50000000        6.0000        0.0000 
 Guess eigenstates
   Local State                 <H>          <S2>          <Sz> 
   0                   -3.23205081        0.0000       -0.0000 
   1                   -1.91421356        2.0000        1.0000 
   2                   -1.91421356        2.0000       -1.0000 
   3                   -1.91421356        2.0000       -0.0000 
   4                   -0.50000000        2.0000        1.0000 
   5                   -0.50000000        2.0000       -0.0000 
   6                   -0.50000000        2.0000       -1.0000 
   7                    0.23205081        0.0000       -0.0000 
   8                    0.91421356        2.0000        0.0000 
   9                    0.91421356        2.0000       -1.0000 
   10                   0.91421356        2.0000        1.0000 
   11                   1.50000000        6.0000       -1.0000 
   12                   1.50000000        6.0000       -2.0000 
   13                   1.50000000        6.0000        2.0000 
   14                   1.50000000        6.0000        1.0000 
   15                   1.50000000        6.0000        0.0000 
 Guess eigenstates
   Local State                 <H>          <S2>          <Sz> 
   0                   -3.23205081        0.0000       -0.0000 
   1                   -1.91421356        2.0000        1.0000 
   2                   -1.91421356        2.0000       -1.0000 
   3                   -1.91421356        2.0000       -0.0000 
   4                   -0.50000000        2.0000        1.0000 
   5                   -0.50000000        2.0000       -0.0000 
   6                   -0.50000000        2.0000       -1.0000 
   7                    0.23205081        0.0000       -0.0000 
   8                    0.91421356        2.0000        0.0000 
   9                    0.91421356        2.0000       -1.0000 
   10                   0.91421356        2.0000        1.0000 
   11                   1.50000000        6.0000       -1.0000 
   12                   1.50000000        6.0000       -2.0000 
   13                   1.50000000        6.0000        2.0000 
   14                   1.50000000        6.0000        1.0000 
   15                   1.50000000        6.0000        0.0000 
 Guess eigenstates
   Local State                 <H>          <S2>          <Sz> 
   0                   -3.23205081        0.0000       -0.0000 
   1                   -1.91421356        2.0000        1.0000 
   2                   -1.91421356        2.0000       -1.0000 
   3                   -1.91421356        2.0000       -0.0000 
   4                   -0.50000000        2.0000        1.0000 
   5                   -0.50000000        2.0000       -0.0000 
   6                   -0.50000000        2.0000       -1.0000 
   7                    0.23205081        0.0000       -0.0000 
   8                    0.91421356        2.0000        0.0000 
   9                    0.91421356        2.0000       -1.0000 
   10                   0.91421356        2.0000        1.0000 
   11                   1.50000000        6.0000       -1.0000 
   12                   1.50000000        6.0000       -2.0000 
   13                   1.50000000        6.0000        2.0000 
   14                   1.50000000        6.0000        1.0000 
   15                   1.50000000        6.0000        0.0000 
 Guess eigenstates
   Local State                 <H>          <S2>          <Sz> 
   0                   -3.23205081        0.0000       -0.0000 
   1                   -1.91421356        2.0000        1.0000 
   2                   -1.91421356        2.0000       -1.0000 
   3                   -1.91421356        2.0000       -0.0000 
   4                   -0.50000000        2.0000        1.0000 
   5                   -0.50000000        2.0000       -0.0000 
   6                   -0.50000000        2.0000       -1.0000 
   7                    0.23205081        0.0000       -0.0000 
   8                    0.91421356        2.0000        0.0000 
   9                    0.91421356        2.0000       -1.0000 
   10                   0.91421356        2.0000        1.0000 
   11                   1.50000000        6.0000       -1.0000 
   12                   1.50000000        6.0000       -2.0000 
   13                   1.50000000        6.0000        2.0000 
   14                   1.50000000        6.0000        1.0000 
   15                   1.50000000        6.0000        0.0000 
 Guess eigenstates
   Local State                 <H>          <S2>          <Sz> 
   0                   -3.23205081        0.0000       -0.0000 
   1                   -1.91421356        2.0000        1.0000 
   2                   -1.91421356        2.0000       -1.0000 
   3                   -1.91421356        2.0000       -0.0000 
   4                   -0.50000000        2.0000        1.0000 
   5                   -0.50000000        2.0000       -0.0000 
   6                   -0.50000000        2.0000       -1.0000 
   7                    0.23205081        0.0000       -0.0000 
   8                    0.91421356        2.0000        0.0000 
   9                    0.91421356        2.0000       -1.0000 
   10                   0.91421356        2.0000        1.0000 
   11                   1.50000000        6.0000       -1.0000 
   12                   1.50000000        6.0000       -2.0000 
   13                   1.50000000        6.0000        2.0000 
   14                   1.50000000        6.0000        1.0000 
   15                   1.50000000        6.0000        0.0000 
 Guess eigenstates
   Local State                 <H>          <S2>          <Sz> 
   0                   -3.23205081        0.0000       -0.0000 
   1                   -1.91421356        2.0000        1.0000 
   2                   -1.91421356        2.0000       -1.0000 
   3                   -1.91421356        2.0000       -0.0000 
   4                   -0.50000000        2.0000        1.0000 
   5                   -0.50000000        2.0000       -0.0000 
   6                   -0.50000000        2.0000       -1.0000 
   7                    0.23205081        0.0000       -0.0000 
   8                    0.91421356        2.0000        0.0000 
   9                    0.91421356        2.0000       -1.0000 
   10                   0.91421356        2.0000        1.0000 
   11                   1.50000000        6.0000       -1.0000 
   12                   1.50000000        6.0000       -2.0000 
   13                   1.50000000        6.0000        2.0000 
   14                   1.50000000        6.0000        1.0000 
   15                   1.50000000        6.0000        0.0000 
 Guess eigenstates
   Local State                 <H>          <S2>          <Sz> 
   0                   -3.23205081        0.0000       -0.0000 
   1                   -1.91421356        2.0000        1.0000 
   2                   -1.91421356        2.0000       -1.0000 
   3                   -1.91421356        2.0000       -0.0000 
   4                   -0.50000000        2.0000        1.0000 
   5                   -0.50000000        2.0000       -0.0000 
   6                   -0.50000000        2.0000       -1.0000 
   7                    0.23205081        0.0000       -0.0000 
   8                    0.91421356        2.0000        0.0000 
   9                    0.91421356        2.0000       -1.0000 
   10                   0.91421356        2.0000        1.0000 
   11                   1.50000000        6.0000       -1.0000 
   12                   1.50000000        6.0000       -2.0000 
   13                   1.50000000        6.0000        2.0000 
   14                   1.50000000        6.0000        1.0000 
   15                   1.50000000        6.0000        0.0000 

 Prepare Lattice Blocks:
[1, 1, 1, 1, 1, 1, 1, 1] [15, 15, 15, 15, 15, 15, 15, 15]
 Block 0   :    0,    1,    2,    3 : [1, 15, 0]
 Block 1   :    4,    5,    6,    7 : [1, 15, 0]
 Block 2   :    8,    9,   10,   11 : [1, 15, 0]
 Block 3   :   12,   13,   14,   15 : [1, 15, 0]
 Block 4   :   16,   17,   18,   19 : [1, 15, 0]
 Block 5   :   20,   21,   22,   23 : [1, 15, 0]
 Block 6   :   24,   25,   26,   27 : [1, 15, 0]
 Block 7   :   28,   29,   30,   31 : [1, 15, 0]

 Prepare Tucker blocks:

 Configurations defining the variational space
   0   0   0   0   0   0   0   0 ::    1   1   1   1   1   1   1   1 ::      1  Range=        0:1       

 Configurations defining the perturbational space
   1   0   0   0   0   0   0   0 ::   15   1   1   1   1   1   1   1 ::     15  Range=        0:15       (1, 0)
   0   1   0   0   0   0   0   0 ::    1  15   1   1   1   1   1   1 ::     15  Range=       15:30       (1, 1)
   0   0   1   0   0   0   0   0 ::    1   1  15   1   1   1   1   1 ::     15  Range=       30:45       (1, 2)
   0   0   0   1   0   0   0   0 ::    1   1   1  15   1   1   1   1 ::     15  Range=       45:60       (1, 3)
   0   0   0   0   1   0   0   0 ::    1   1   1   1  15   1   1   1 ::     15  Range=       60:75       (1, 4)
   0   0   0   0   0   1   0   0 ::    1   1   1   1   1  15   1   1 ::     15  Range=       75:90       (1, 5)
   0   0   0   0   0   0   1   0 ::    1   1   1   1   1   1  15   1 ::     15  Range=       90:105      (1, 6)
   0   0   0   0   0   0   0   1 ::    1   1   1   1   1   1   1  15 ::     15  Range=      105:120      (1, 7)
   1   1   0   0   0   0   0   0 ::   15  15   1   1   1   1   1   1 ::    225  Range=      120:345      (2, 0, 1)
   1   0   1   0   0   0   0   0 ::   15   1  15   1   1   1   1   1 ::    225  Range=      345:570      (2, 0, 2)
   1   0   0   1   0   0   0   0 ::   15   1   1  15   1   1   1   1 ::    225  Range=      570:795      (2, 0, 3)
   1   0   0   0   1   0   0   0 ::   15   1   1   1  15   1   1   1 ::    225  Range=      795:1020     (2, 0, 4)
   1   0   0   0   0   1   0   0 ::   15   1   1   1   1  15   1   1 ::    225  Range=     1020:1245     (2, 0, 5)
   1   0   0   0   0   0   1   0 ::   15   1   1   1   1   1  15   1 ::    225  Range=     1245:1470     (2, 0, 6)
   1   0   0   0   0   0   0   1 ::   15   1   1   1   1   1   1  15 ::    225  Range=     1470:1695     (2, 0, 7)
   0   1   1   0   0   0   0   0 ::    1  15  15   1   1   1   1   1 ::    225  Range=     1695:1920     (2, 1, 2)
   0   1   0   1   0   0   0   0 ::    1  15   1  15   1   1   1   1 ::    225  Range=     1920:2145     (2, 1, 3)
   0   1   0   0   1   0   0   0 ::    1  15   1   1  15   1   1   1 ::    225  Range=     2145:2370     (2, 1, 4)
   0   1   0   0   0   1   0   0 ::    1  15   1   1   1  15   1   1 ::    225  Range=     2370:2595     (2, 1, 5)
   0   1   0   0   0   0   1   0 ::    1  15   1   1   1   1  15   1 ::    225  Range=     2595:2820     (2, 1, 6)
   0   1   0   0   0   0   0   1 ::    1  15   1   1   1   1   1  15 ::    225  Range=     2820:3045     (2, 1, 7)
   0   0   1   1   0   0   0   0 ::    1   1  15  15   1   1   1   1 ::    225  Range=     3045:3270     (2, 2, 3)
   0   0   1   0   1   0   0   0 ::    1   1  15   1  15   1   1   1 ::    225  Range=     3270:3495     (2, 2, 4)
   0   0   1   0   0   1   0   0 ::    1   1  15   1   1  15   1   1 ::    225  Range=     3495:3720     (2, 2, 5)
   0   0   1   0   0   0   1   0 ::    1   1  15   1   1   1  15   1 ::    225  Range=     3720:3945     (2, 2, 6)
   0   0   1   0   0   0   0   1 ::    1   1  15   1   1   1   1  15 ::    225  Range=     3945:4170     (2, 2, 7)
   0   0   0   1   1   0   0   0 ::    1   1   1  15  15   1   1   1 ::    225  Range=     4170:4395     (2, 3, 4)
   0   0   0   1   0   1   0   0 ::    1   1   1  15   1  15   1   1 ::    225  Range=     4395:4620     (2, 3, 5)
   0   0   0   1   0   0   1   0 ::    1   1   1  15   1   1  15   1 ::    225  Range=     4620:4845     (2, 3, 6)
   0   0   0   1   0   0   0   1 ::    1   1   1  15   1   1   1  15 ::    225  Range=     4845:5070     (2, 3, 7)
   0   0   0   0   1   1   0   0 ::    1   1   1   1  15  15   1   1 ::    225  Range=     5070:5295     (2, 4, 5)
   0   0   0   0   1   0   1   0 ::    1   1   1   1  15   1  15   1 ::    225  Range=     5295:5520     (2, 4, 6)
   0   0   0   0   1   0   0   1 ::    1   1   1   1  15   1   1  15 ::    225  Range=     5520:5745     (2, 4, 7)
   0   0   0   0   0   1   1   0 ::    1   1   1   1   1  15  15   1 ::    225  Range=     5745:5970     (2, 5, 6)
   0   0   0   0   0   1   0   1 ::    1   1   1   1   1  15   1  15 ::    225  Range=     5970:6195     (2, 5, 7)
   0   0   0   0   0   0   1   1 ::    1   1   1   1   1   1  15  15 ::    225  Range=     6195:6420     (2, 6, 7)

 Solve for supersystem eigenvalues: Dimension =  1
  Davidson Iter    1  |  Vecs:   1 :  |      -25.85640646  |  0.0e+00 
 Davidson Converged

(1, 1)
(1, 1)

 State              Energy          Relative          <S2>
     0 =      -25.85640646        0.00000000    0.00000000
DMBPTinfinity Calculation
  Order        Correction            Energy 
      1        0.00000000        0.00000000 
      2       -1.54863346       -1.54863346 
      3       -0.47829477       -2.02692823 
      4       -0.19376042       -2.22068865 
      5       -0.08303873       -2.30372738 
      6       -0.04217907       -2.34590646 
      7       -0.02192332       -2.36782978 
      8       -0.01230082       -2.38013060 
      9       -0.00689188       -2.38702248 
     10       -0.00397897       -2.39100145 
     11       -0.00228469       -2.39328614 
     12       -0.00132870       -2.39461484 
     13       -0.00076963       -2.39538447 
     14       -0.00044855       -2.39583302 
     15       -0.00026080       -2.39609382 
     16       -0.00015214       -2.39624596 
     17       -0.00008864       -2.39633460 
     18       -0.00005174       -2.39638635 
     19       -0.00003018       -2.39641653 
     20       -0.00001763       -2.39643416 
     21       -0.00001029       -2.39644445 
     22       -0.00000601       -2.39645046 
     23       -0.00000351       -2.39645397 
     24       -0.00000205       -2.39645603 
     25       -0.00000120       -2.39645723 
     26       -0.00000070       -2.39645793 
     27       -0.00000041       -2.39645834 
     28       -0.00000024       -2.39645858 
     29       -0.00000014       -2.39645872 
     30       -0.00000008       -2.39645880 
     31       -0.00000005       -2.39645885 
     32       -0.00000003       -2.39645888 
     33       -0.00000002       -2.39645890 
     34       -0.00000001       -2.39645891 
LCC Energy
 -25.85640646 -28.25286537              
